29.541: [GC 29.542: [ParNew: 391936K->37702K(440896K), 0.0721040 secs] 391936K->37702K(8339648K), 0.0722940 secs] [Times: user=1.03 sys=0.07, real=0.07 secs] 
33.548: [GC 33.548: [ParNew: 429638K->48960K(440896K), 0.7949430 secs] 429638K->98337K(8339648K), 0.7950940 secs] [Times: user=2.26 sys=0.29, real=0.79 secs] 
41.337: [GC 41.337: [ParNew: 440896K->48960K(440896K), 0.1955420 secs] 490273K->149609K(8339648K), 0.1956970 secs] [Times: user=3.01 sys=0.11, real=0.20 secs] 
45.106: [GC 45.106: [ParNew: 440896K->48960K(440896K), 0.2003840 secs] 541545K->204541K(8339648K), 0.2005430 secs] [Times: user=1.16 sys=0.16, real=0.20 secs] 
49.436: [GC 49.436: [ParNew: 440896K->41059K(440896K), 0.1167550 secs] 596477K->225908K(8339648K), 0.1169270 secs] [Times: user=0.89 sys=0.10, real=0.12 secs] 
76.513: [GC 76.513: [ParNew: 432995K->48960K(440896K), 0.1167340 secs] 617844K->266109K(8339648K), 0.1169760 secs] [Times: user=1.43 sys=0.04, real=0.12 secs] 
79.898: [GC 79.899: [ParNew: 440896K->48960K(440896K), 0.1309230 secs] 658045K->312691K(8339648K), 0.1312040 secs] [Times: user=1.44 sys=0.14, real=0.13 secs] 
82.415: [GC 82.416: [ParNew: 440896K->48960K(440896K), 0.1131470 secs] 704627K->352027K(8339648K), 0.1135210 secs] [Times: user=1.54 sys=0.06, real=0.12 secs] 
91.284: [GC 91.284: [ParNew: 438944K->32386K(440896K), 0.0372270 secs] 742012K->347495K(8339648K), 0.0375710 secs] [Times: user=0.64 sys=0.02, real=0.04 secs] 
97.016: [GC 97.016: [ParNew: 424322K->33276K(440896K), 0.0302960 secs] 739431K->348385K(8339648K), 0.0306260 secs] [Times: user=0.67 sys=0.01, real=0.03 secs] 
129.370: [GC 129.370: [ParNew: 425212K->25683K(440896K), 0.0438800 secs] 740321K->354312K(8339648K), 0.0442540 secs] [Times: user=0.60 sys=0.03, real=0.04 secs] 
152.865: [GC 152.865: [ParNew: 417619K->25291K(440896K), 0.0689730 secs] 746248K->353921K(8339648K), 0.0692860 secs] [Times: user=1.61 sys=0.00, real=0.07 secs] 
194.124: [GC 194.125: [ParNew: 417227K->33810K(440896K), 0.1231820 secs] 745857K->362440K(8339648K), 0.1235110 secs] [Times: user=2.75 sys=0.01, real=0.13 secs] 
220.084: [GC 220.084: [ParNew: 425746K->43361K(440896K), 0.3849510 secs] 754376K->374325K(8339648K), 0.3852780 secs] [Times: user=8.73 sys=0.02, real=0.39 secs] 
254.152: [GC 254.152: [ParNew: 435297K->48960K(440896K), 0.7433010 secs] 766261K->404070K(8339648K), 0.7436310 secs] [Times: user=15.77 sys=0.06, real=0.74 secs] 
265.427: [GC 265.427: [ParNew: 440896K->47003K(440896K), 0.1830210 secs] 796006K->407699K(8339648K), 0.1833620 secs] [Times: user=3.91 sys=0.03, real=0.19 secs] 
270.408: [GC 270.408: [ParNew: 438939K->42724K(440896K), 0.1386380 secs] 799635K->425843K(8339648K), 0.1389530 secs] [Times: user=1.74 sys=0.05, real=0.13 secs] 
275.951: [GC 275.951: [ParNew: 434660K->44279K(440896K), 0.4229440 secs] 817779K->427398K(8339648K), 0.4232370 secs] [Times: user=9.50 sys=0.00, real=0.42 secs] 
281.404: [GC 281.404: [ParNew: 436215K->39994K(440896K), 0.0481370 secs] 819334K->432947K(8339648K), 0.0484120 secs] [Times: user=0.71 sys=0.03, real=0.05 secs] 
289.909: [GC 289.909: [ParNew: 431930K->33660K(440896K), 0.0919660 secs] 824883K->426614K(8339648K), 0.0922110 secs] [Times: user=1.83 sys=0.00, real=0.09 secs] 
296.761: [GC 296.761: [ParNew: 425596K->36737K(440896K), 0.0943490 secs] 818550K->432136K(8339648K), 0.0946510 secs] [Times: user=1.86 sys=0.02, real=0.09 secs] 
305.236: [GC 305.237: [ParNew: 428673K->41333K(440896K), 0.1132380 secs] 824072K->443398K(8339648K), 0.1135230 secs] [Times: user=2.30 sys=0.02, real=0.12 secs] 
311.142: [GC 311.142: [ParNew: 433269K->38015K(440896K), 0.1658830 secs] 835334K->449836K(8339648K), 0.1662290 secs] [Times: user=3.24 sys=0.02, real=0.16 secs] 
316.363: [GC 316.363: [ParNew: 429951K->26768K(440896K), 0.0420290 secs] 841772K->444558K(8339648K), 0.0581110 secs] [Times: user=0.63 sys=0.01, real=0.06 secs] 
325.148: [GC 325.148: [ParNew: 418704K->29781K(440896K), 0.0676940 secs] 836494K->451511K(8339648K), 0.0679780 secs] [Times: user=1.19 sys=0.01, real=0.06 secs] 
333.895: [GC 333.895: [ParNew: 421717K->32803K(440896K), 0.0368120 secs] 843447K->459949K(8339648K), 0.0371040 secs] [Times: user=0.59 sys=0.03, real=0.04 secs] 
339.627: [GC 339.627: [ParNew: 424739K->38512K(440896K), 0.0578600 secs] 851885K->469579K(8339648K), 0.0581590 secs] [Times: user=0.97 sys=0.00, real=0.06 secs] 
344.642: [GC 344.642: [ParNew: 430448K->38996K(440896K), 0.0763180 secs] 861515K->474135K(8339648K), 0.0766250 secs] [Times: user=1.58 sys=0.01, real=0.08 secs] 
349.709: [GC 349.710: [ParNew: 430932K->38564K(440896K), 0.1052320 secs] 866071K->479288K(8339648K), 0.1055060 secs] [Times: user=1.93 sys=0.01, real=0.10 secs] 
355.697: [GC 355.697: [ParNew: 430500K->41571K(440896K), 0.0788570 secs] 871224K->489308K(8339648K), 0.0791800 secs] [Times: user=1.46 sys=0.04, real=0.08 secs] 
359.309: [GC 359.310: [ParNew: 433507K->39923K(440896K), 0.0887010 secs] 881244K->494820K(8339648K), 0.0889710 secs] [Times: user=1.60 sys=0.02, real=0.09 secs] 
363.995: [GC 363.995: [ParNew: 431859K->32602K(440896K), 0.0872800 secs] 886756K->491956K(8339648K), 0.0875460 secs] [Times: user=1.84 sys=0.00, real=0.09 secs] 
366.903: [GC 366.903: [ParNew: 424538K->35743K(440896K), 0.0749490 secs] 883892K->502112K(8339648K), 0.0752000 secs] [Times: user=1.22 sys=0.04, real=0.08 secs] 
370.948: [GC 370.948: [ParNew: 427679K->35495K(440896K), 0.0559480 secs] 894048K->508850K(8339648K), 0.0562120 secs] [Times: user=0.93 sys=0.01, real=0.05 secs] 
373.595: [GC 373.595: [ParNew: 427431K->27084K(440896K), 0.0945550 secs] 900786K->504140K(8339648K), 0.0948040 secs] [Times: user=1.98 sys=0.00, real=0.10 secs] 
376.002: [GC 376.002: [ParNew: 419020K->27567K(440896K), 0.0455160 secs] 896076K->510842K(8339648K), 0.0457520 secs] [Times: user=0.45 sys=0.04, real=0.05 secs] 
380.015: [GC 380.015: [ParNew: 419503K->22747K(440896K), 0.0503480 secs] 902778K->509908K(8339648K), 0.0505840 secs] [Times: user=0.86 sys=0.02, real=0.05 secs] 
385.785: [GC 385.785: [ParNew: 414683K->28748K(440896K), 0.0357360 secs] 901844K->520810K(8339648K), 0.0360790 secs] [Times: user=0.58 sys=0.03, real=0.04 secs] 
389.090: [GC 389.090: [ParNew: 420684K->31419K(440896K), 0.0511120 secs] 912746K->526996K(8339648K), 0.0513620 secs] [Times: user=0.82 sys=0.00, real=0.05 secs] 
393.813: [GC 393.814: [ParNew: 423355K->34987K(440896K), 0.0595480 secs] 918932K->533495K(8339648K), 0.0598190 secs] [Times: user=1.11 sys=0.00, real=0.06 secs] 
396.463: [GC 396.463: [ParNew: 426923K->34785K(440896K), 0.0669840 secs] 925431K->537827K(8339648K), 0.0672100 secs] [Times: user=1.16 sys=0.06, real=0.07 secs] 
400.795: [GC 400.795: [ParNew: 426721K->27885K(440896K), 0.1028810 secs] 929763K->539583K(8339648K), 0.1031690 secs] [Times: user=1.77 sys=0.01, real=0.11 secs] 
403.578: [GC 403.578: [ParNew: 419821K->27395K(440896K), 0.0601980 secs] 931519K->542663K(8339648K), 0.0604360 secs] [Times: user=1.22 sys=0.01, real=0.06 secs] 
406.116: [GC 406.116: [ParNew: 419331K->29253K(440896K), 0.0546660 secs] 934599K->550705K(8339648K), 0.0549300 secs] [Times: user=1.00 sys=0.02, real=0.06 secs] 
414.206: [GC 414.207: [ParNew: 421189K->28728K(440896K), 0.0501290 secs] 942641K->551254K(8339648K), 0.0504070 secs] [Times: user=1.11 sys=0.00, real=0.05 secs] 
416.633: [GC 416.633: [ParNew: 420664K->33621K(440896K), 0.0491970 secs] 943190K->562822K(8339648K), 0.0494620 secs] [Times: user=0.57 sys=0.01, real=0.05 secs] 
419.891: [GC 419.891: [ParNew: 425557K->26711K(440896K), 0.0404360 secs] 954758K->559715K(8339648K), 0.0407440 secs] [Times: user=0.48 sys=0.00, real=0.04 secs] 
424.604: [GC 424.604: [ParNew: 418647K->30707K(440896K), 0.0661180 secs] 951651K->567429K(8339648K), 0.0663810 secs] [Times: user=1.35 sys=0.02, real=0.07 secs] 
429.324: [GC 429.324: [ParNew: 422643K->31749K(440896K), 0.0576380 secs] 959365K->575434K(8339648K), 0.0579020 secs] [Times: user=0.86 sys=0.02, real=0.06 secs] 
431.824: [GC 431.824: [ParNew: 423685K->28913K(440896K), 0.0367740 secs] 967370K->576206K(8339648K), 0.0370070 secs] [Times: user=0.67 sys=0.03, real=0.04 secs] 
434.596: [GC 434.596: [ParNew: 420849K->29498K(440896K), 0.0405260 secs] 968142K->580503K(8339648K), 0.0407290 secs] [Times: user=0.65 sys=0.00, real=0.04 secs] 
438.544: [GC 438.544: [ParNew: 421434K->30170K(440896K), 0.0481340 secs] 972439K->588134K(8339648K), 0.0483990 secs] [Times: user=0.71 sys=0.00, real=0.05 secs] 
444.119: [GC 444.119: [ParNew: 422106K->30040K(440896K), 0.0469550 secs] 980070K->591840K(8339648K), 0.0472220 secs] [Times: user=0.81 sys=0.00, real=0.04 secs] 
446.581: [GC 446.581: [ParNew: 421976K->29822K(440896K), 0.0448030 secs] 983776K->595644K(8339648K), 0.0450620 secs] [Times: user=0.72 sys=0.00, real=0.04 secs] 
449.815: [GC 449.815: [ParNew: 421758K->29535K(440896K), 0.0451520 secs] 987580K->598944K(8339648K), 0.0454290 secs] [Times: user=0.80 sys=0.00, real=0.05 secs] 
456.352: [GC 456.353: [ParNew: 421471K->40342K(440896K), 0.1017790 secs] 990880K->615963K(8339648K), 0.1021140 secs] [Times: user=1.97 sys=0.00, real=0.10 secs] 
459.908: [GC 459.908: [ParNew: 432278K->42933K(440896K), 0.1272070 secs] 1007899K->623045K(8339648K), 0.1274850 secs] [Times: user=2.69 sys=0.02, real=0.12 secs] 
461.270: [GC 461.270: [ParNew: 434869K->42120K(440896K), 0.0679320 secs] 1014981K->629844K(8339648K), 0.0682460 secs] [Times: user=0.88 sys=0.00, real=0.07 secs] 
463.800: [GC 463.800: [ParNew: 434056K->34901K(440896K), 0.0646720 secs] 1021780K->632852K(8339648K), 0.0649780 secs] [Times: user=0.73 sys=0.04, real=0.06 secs] 
465.413: [GC 465.414: [ParNew: 426837K->29757K(440896K), 0.1032360 secs] 1024788K->627709K(8339648K), 0.1034480 secs] [Times: user=2.28 sys=0.00, real=0.10 secs] 
474.130: [GC 474.130: [ParNew: 421693K->32293K(440896K), 0.2052630 secs] 1019645K->643649K(8339648K), 0.2055690 secs] [Times: user=3.47 sys=0.05, real=0.20 secs] 
479.602: [GC 479.602: [ParNew: 424229K->28033K(440896K), 0.1114380 secs] 1035585K->640912K(8339648K), 0.1116880 secs] [Times: user=2.30 sys=0.01, real=0.11 secs] 
480.967: [GC 480.967: [ParNew: 419969K->33434K(440896K), 0.0411210 secs] 1032848K->650137K(8339648K), 0.0413230 secs] [Times: user=0.66 sys=0.01, real=0.05 secs] 
484.513: [GC 484.513: [ParNew: 425370K->39344K(440896K), 0.0397800 secs] 1042073K->658921K(8339648K), 0.0400280 secs] [Times: user=0.50 sys=0.01, real=0.04 secs] 
489.378: [GC 489.378: [ParNew: 431280K->41133K(440896K), 0.0464170 secs] 1050857K->668637K(8339648K), 0.0466550 secs] [Times: user=0.48 sys=0.01, real=0.04 secs] 
490.664: [GC 490.664: [ParNew: 433069K->28759K(440896K), 0.0591020 secs] 1060573K->663253K(8339648K), 0.0593460 secs] [Times: user=0.93 sys=0.04, real=0.06 secs] 
494.633: [GC 494.633: [ParNew: 420695K->28886K(440896K), 0.0632120 secs] 1055189K->666152K(8339648K), 0.0634540 secs] [Times: user=1.30 sys=0.00, real=0.06 secs] 
499.348: [GC 499.348: [ParNew: 420822K->32087K(440896K), 0.0818070 secs] 1058088K->674697K(8339648K), 0.0820520 secs] [Times: user=1.50 sys=0.00, real=0.08 secs] 
504.827: [GC 504.827: [ParNew: 424023K->32505K(440896K), 0.0540540 secs] 1066633K->683523K(8339648K), 0.0543380 secs] [Times: user=0.85 sys=0.01, real=0.05 secs] 
509.004: [GC 509.004: [ParNew: 424441K->28551K(440896K), 0.0298420 secs] 1075459K->680609K(8339648K), 0.0301030 secs] [Times: user=0.64 sys=0.01, real=0.03 secs] 
513.867: [GC 513.867: [ParNew: 420487K->35313K(440896K), 0.0418520 secs] 1072545K->691193K(8339648K), 0.0421180 secs] [Times: user=0.76 sys=0.02, real=0.05 secs] 
518.673: [GC 518.673: [ParNew: 427249K->37284K(440896K), 0.0516470 secs] 1083129K->700236K(8339648K), 0.0519080 secs] [Times: user=0.68 sys=0.02, real=0.05 secs] 
520.329: [GC 520.330: [ParNew: 429220K->35370K(440896K), 0.0433780 secs] 1092172K->704205K(8339648K), 0.0436150 secs] [Times: user=0.64 sys=0.01, real=0.04 secs] 
523.990: [GC 523.990: [ParNew: 427306K->28985K(440896K), 0.0447490 secs] 1096141K->702545K(8339648K), 0.0450340 secs] [Times: user=0.69 sys=0.02, real=0.04 secs] 
525.498: [GC 525.498: [ParNew: 420921K->28040K(440896K), 0.0384400 secs] 1094481K->707546K(8339648K), 0.0386900 secs] [Times: user=0.48 sys=0.01, real=0.03 secs] 
534.221: [GC 534.221: [ParNew: 419976K->27964K(440896K), 0.0461530 secs] 1099482K->712454K(8339648K), 0.0464490 secs] [Times: user=0.62 sys=0.04, real=0.05 secs] 
535.736: [GC 535.736: [ParNew: 419900K->30616K(440896K), 0.0332680 secs] 1104390K->718973K(8339648K), 0.0334800 secs] [Times: user=0.62 sys=0.00, real=0.04 secs] 
539.727: [GC 539.727: [ParNew: 422552K->31564K(440896K), 0.0341240 secs] 1110909K->723696K(8339648K), 0.0343730 secs] [Times: user=0.51 sys=0.00, real=0.04 secs] 
544.611: [GC 544.611: [ParNew: 423500K->34184K(440896K), 0.0346740 secs] 1115632K->729255K(8339648K), 0.0349070 secs] [Times: user=0.69 sys=0.00, real=0.03 secs] 
549.460: [GC 549.460: [ParNew: 426120K->35712K(440896K), 0.0657000 secs] 1121191K->741023K(8339648K), 0.0659620 secs] [Times: user=0.54 sys=0.02, real=0.06 secs] 
550.757: [GC 550.757: [ParNew: 427648K->26371K(440896K), 0.0408230 secs] 1132959K->733072K(8339648K), 0.0410270 secs] [Times: user=0.81 sys=0.00, real=0.05 secs] 
554.738: [GC 554.738: [ParNew: 418307K->29220K(440896K), 0.0355620 secs] 1125008K->739769K(8339648K), 0.0357720 secs] [Times: user=0.41 sys=0.02, real=0.03 secs] 
559.452: [GC 559.453: [ParNew: 421156K->31773K(440896K), 0.0436040 secs] 1131705K->749345K(8339648K), 0.0438660 secs] [Times: user=0.36 sys=0.04, real=0.04 secs] 
564.880: [GC 564.881: [ParNew: 423709K->29940K(440896K), 0.0450930 secs] 1141281K->753615K(8339648K), 0.0453780 secs] [Times: user=0.59 sys=0.02, real=0.04 secs] 
569.168: [GC 569.169: [ParNew: 421876K->33144K(440896K), 0.0414350 secs] 1145551K->757938K(8339648K), 0.0416790 secs] [Times: user=0.74 sys=0.00, real=0.04 secs] 
570.606: [GC 570.607: [ParNew: 425080K->32736K(440896K), 0.0346470 secs] 1149874K->761291K(8339648K), 0.0348750 secs] [Times: user=0.64 sys=0.01, real=0.04 secs] 
578.764: [GC 578.764: [ParNew: 424672K->35876K(440896K), 0.0485410 secs] 1153227K->771604K(8339648K), 0.0488100 secs] [Times: user=0.67 sys=0.01, real=0.05 secs] 
580.287: [GC 580.287: [ParNew: 427812K->35402K(440896K), 0.0380280 secs] 1163540K->777262K(8339648K), 0.0382460 secs] [Times: user=0.54 sys=0.00, real=0.04 secs] 
584.080: [GC 584.080: [ParNew: 427338K->27020K(440896K), 0.0326110 secs] 1169198K->773257K(8339648K), 0.0328670 secs] [Times: user=0.45 sys=0.01, real=0.03 secs] 
588.888: [GC 588.888: [ParNew: 418956K->31874K(440896K), 0.0464620 secs] 1165193K->780838K(8339648K), 0.0467150 secs] [Times: user=0.90 sys=0.00, real=0.04 secs] 
594.435: [GC 594.435: [ParNew: 423810K->35750K(440896K), 0.0575940 secs] 1172774K->792748K(8339648K), 0.0578700 secs] [Times: user=0.70 sys=0.02, real=0.06 secs] 
595.729: [GC 595.729: [ParNew: 427686K->33091K(440896K), 0.0313490 secs] 1184684K->793737K(8339648K), 0.0315820 secs] [Times: user=0.36 sys=0.01, real=0.03 secs] 
599.933: [GC 599.933: [ParNew: 425027K->32039K(440896K), 0.0330130 secs] 1185673K->796330K(8339648K), 0.0332570 secs] [Times: user=0.57 sys=0.00, real=0.03 secs] 
604.201: [GC 604.201: [ParNew: 423975K->31409K(440896K), 0.0467600 secs] 1188266K->801914K(8339648K), 0.0470390 secs] [Times: user=0.63 sys=0.00, real=0.05 secs] 
609.671: [GC 609.671: [ParNew: 423345K->29619K(440896K), 0.0411130 secs] 1193850K->807358K(8339648K), 0.0413660 secs] [Times: user=0.50 sys=0.01, real=0.04 secs] 
610.947: [GC 610.947: [ParNew: 421555K->30898K(440896K), 0.0292050 secs] 1199294K->810198K(8339648K), 0.0293930 secs] [Times: user=0.46 sys=0.01, real=0.03 secs] 
614.914: [GC 614.914: [ParNew: 422834K->31117K(440896K), 0.0292810 secs] 1202134K->814315K(8339648K), 0.0295150 secs] [Times: user=0.42 sys=0.01, real=0.03 secs] 
623.730: [GC 623.730: [ParNew: 423053K->34033K(440896K), 0.0492660 secs] 1206251K->824204K(8339648K), 0.0495540 secs] [Times: user=0.60 sys=0.03, real=0.05 secs] 
625.332: [GC 625.332: [ParNew: 425969K->33926K(440896K), 0.0435100 secs] 1216140K->830467K(8339648K), 0.0437860 secs] [Times: user=0.53 sys=0.02, real=0.04 secs] 
629.417: [GC 629.417: [ParNew: 425862K->33348K(440896K), 0.0291400 secs] 1222403K->831134K(8339648K), 0.0293720 secs] [Times: user=0.62 sys=0.00, real=0.03 secs] 
630.667: [GC 630.667: [ParNew: 425284K->33489K(440896K), 0.0305540 secs] 1223070K->834915K(8339648K), 0.0307650 secs] [Times: user=0.54 sys=0.00, real=0.04 secs] 
639.143: [GC 639.143: [ParNew: 425425K->32578K(440896K), 0.0827540 secs] 1226851K->845138K(8339648K), 0.0830350 secs] [Times: user=0.70 sys=0.03, real=0.08 secs] 
640.719: [GC 640.719: [ParNew: 424514K->26494K(440896K), 0.0346560 secs] 1237074K->843177K(8339648K), 0.0348780 secs] [Times: user=0.44 sys=0.00, real=0.03 secs] 
644.525: [GC 644.525: [ParNew: 418430K->28252K(440896K), 0.0368560 secs] 1235113K->848399K(8339648K), 0.0370680 secs] [Times: user=0.69 sys=0.02, real=0.04 secs] 
649.221: [GC 649.221: [ParNew: 420188K->33454K(440896K), 0.0335310 secs] 1240335K->856413K(8339648K), 0.0337880 secs] [Times: user=0.49 sys=0.01, real=0.03 secs] 
654.681: [GC 654.681: [ParNew: 425390K->36683K(440896K), 0.0506810 secs] 1248349K->867259K(8339648K), 0.0509580 secs] [Times: user=0.61 sys=0.03, real=0.05 secs] 
658.810: [GC 658.810: [ParNew: 428619K->38266K(440896K), 0.0507530 secs] 1259195K->872647K(8339648K), 0.0510330 secs] [Times: user=0.89 sys=0.02, real=0.05 secs] 
669.119: [GC 669.119: [ParNew: 430202K->45383K(440896K), 0.0414130 secs] 1264583K->883328K(8339648K), 0.0417010 secs] [Times: user=0.68 sys=0.00, real=0.04 secs] 
670.471: [GC 670.471: [ParNew: 437319K->42847K(440896K), 0.0908720 secs] 1275264K->896397K(8339648K), 0.0911340 secs] [Times: user=0.74 sys=0.07, real=0.09 secs] 
671.653: [GC 671.653: [ParNew: 434783K->30337K(440896K), 0.0263180 secs] 1288333K->883887K(8339648K), 0.0265240 secs] [Times: user=0.47 sys=0.00, real=0.03 secs] 
674.378: [GC 674.379: [ParNew: 422273K->33348K(440896K), 0.0486520 secs] 1275823K->891703K(8339648K), 0.0489160 secs] [Times: user=0.72 sys=0.03, real=0.05 secs] 
675.525: [GC 675.525: [ParNew: 425284K->27969K(440896K), 0.0645910 secs] 1283639K->897205K(8339648K), 0.0648330 secs] [Times: user=0.87 sys=0.00, real=0.07 secs] 
684.080: [GC 684.080: [ParNew: 419905K->23664K(440896K), 0.0393540 secs] 1289141K->896811K(8339648K), 0.0396350 secs] [Times: user=0.63 sys=0.02, real=0.04 secs] 
685.431: [GC 685.431: [ParNew: 415600K->27896K(440896K), 0.0242580 secs] 1288747K->901490K(8339648K), 0.0244900 secs] [Times: user=0.46 sys=0.00, real=0.02 secs] 
689.649: [GC 689.649: [ParNew: 419832K->31538K(440896K), 0.0379330 secs] 1293426K->909918K(8339648K), 0.0381890 secs] [Times: user=0.47 sys=0.02, real=0.03 secs] 
693.944: [GC 693.944: [ParNew: 423474K->36696K(440896K), 0.0393490 secs] 1301854K->918148K(8339648K), 0.0396220 secs] [Times: user=0.68 sys=0.01, real=0.04 secs] 
694.893: [GC 694.893: [ParNew: 428632K->48960K(440896K), 0.6315480 secs] 1310084K->1006951K(8339648K), 0.6318500 secs] [Times: user=2.69 sys=0.22, real=0.63 secs] 
699.301: [GC 699.301: [ParNew: 440896K->48960K(440896K), 0.5191650 secs] 1398887K->1099678K(8339648K), 0.5194520 secs] [Times: user=9.79 sys=0.16, real=0.52 secs] 
701.290: [GC 701.290: [ParNew: 440896K->37189K(440896K), 0.1740810 secs] 1491614K->1132841K(8339648K), 0.1743610 secs] [Times: user=3.16 sys=0.07, real=0.17 secs] 
705.050: [GC 705.050: [ParNew: 429125K->11830K(440896K), 0.0188890 secs] 1524777K->1107482K(8339648K), 0.0190730 secs] [Times: user=0.24 sys=0.00, real=0.02 secs] 
709.581: [GC 709.582: [ParNew: 403766K->15518K(440896K), 0.0182460 secs] 1499418K->1111170K(8339648K), 0.0184630 secs] [Times: user=0.23 sys=0.00, real=0.02 secs] 
715.145: [GC 715.145: [ParNew: 407454K->25603K(440896K), 0.0264780 secs] 1503106K->1121254K(8339648K), 0.0267170 secs] [Times: user=0.52 sys=0.00, real=0.03 secs] 
719.172: [GC 719.172: [ParNew: 417539K->31445K(440896K), 0.0294310 secs] 1513190K->1128439K(8339648K), 0.0297630 secs] [Times: user=0.46 sys=0.00, real=0.03 secs] 
720.710: [GC 720.710: [ParNew: 423381K->34513K(440896K), 0.0279710 secs] 1520375K->1135233K(8339648K), 0.0282130 secs] [Times: user=0.41 sys=0.01, real=0.03 secs] 
728.962: [GC 728.962: [ParNew: 426449K->34547K(440896K), 0.0416030 secs] 1527169K->1142123K(8339648K), 0.0418770 secs] [Times: user=0.70 sys=0.00, real=0.04 secs] 
730.579: [GC 730.579: [ParNew: 426483K->32177K(440896K), 0.0456410 secs] 1534059K->1146666K(8339648K), 0.0458790 secs] [Times: user=0.54 sys=0.02, real=0.04 secs] 
734.400: [GC 734.400: [ParNew: 424113K->25660K(440896K), 0.0297810 secs] 1538602K->1143660K(8339648K), 0.0300590 secs] [Times: user=0.40 sys=0.03, real=0.03 secs] 
738.955: [GC 738.955: [ParNew: 417596K->32473K(440896K), 0.0385410 secs] 1535596K->1153320K(8339648K), 0.0388000 secs] [Times: user=0.66 sys=0.02, real=0.04 secs] 
744.745: [GC 744.745: [ParNew: 424409K->35725K(440896K), 0.0521930 secs] 1545256K->1164305K(8339648K), 0.0525000 secs] [Times: user=0.61 sys=0.02, real=0.06 secs] 
746.324: [GC 746.324: [ParNew: 427661K->32380K(440896K), 0.0238610 secs] 1556241K->1164704K(8339648K), 0.0241030 secs] [Times: user=0.45 sys=0.01, real=0.03 secs] 
750.274: [GC 750.274: [ParNew: 424316K->33672K(440896K), 0.0302920 secs] 1556640K->1169610K(8339648K), 0.0305340 secs] [Times: user=0.54 sys=0.00, real=0.03 secs] 
754.584: [GC 754.585: [ParNew: 425608K->33922K(440896K), 0.0448830 secs] 1561546K->1175818K(8339648K), 0.0451790 secs] [Times: user=0.76 sys=0.02, real=0.05 secs] 
759.971: [GC 759.971: [ParNew: 425858K->30495K(440896K), 0.0416480 secs] 1567754K->1181144K(8339648K), 0.0419070 secs] [Times: user=0.43 sys=0.03, real=0.04 secs] 
761.236: [GC 761.237: [ParNew: 422431K->29350K(440896K), 0.0273060 secs] 1573080K->1181330K(8339648K), 0.0275340 secs] [Times: user=0.53 sys=0.00, real=0.03 secs] 
770.103: [GC 770.103: [ParNew: 421286K->34152K(440896K), 0.0520120 secs] 1573266K->1192040K(8339648K), 0.0522670 secs] [Times: user=0.73 sys=0.04, real=0.05 secs] 
774.074: [GC 774.074: [ParNew: 426088K->33027K(440896K), 0.0481490 secs] 1583976K->1195367K(8339648K), 0.0484480 secs] [Times: user=0.76 sys=0.02, real=0.05 secs] 
775.571: [GC 775.571: [ParNew: 424963K->31109K(440896K), 0.0414620 secs] 1587303K->1199374K(8339648K), 0.0417140 secs] [Times: user=0.46 sys=0.01, real=0.04 secs] 
779.825: [GC 779.826: [ParNew: 423045K->31224K(440896K), 0.0285610 secs] 1591310K->1200892K(8339648K), 0.0288110 secs] [Times: user=0.59 sys=0.00, real=0.03 secs] 
783.958: [GC 783.958: [ParNew: 423160K->32837K(440896K), 0.0790190 secs] 1592828K->1212564K(8339648K), 0.0792990 secs] [Times: user=0.93 sys=0.02, real=0.07 secs] 
789.717: [GC 789.718: [ParNew: 424773K->27530K(440896K), 0.0357760 secs] 1604500K->1210713K(8339648K), 0.0360680 secs] [Times: user=0.50 sys=0.01, real=0.03 secs] 
791.235: [GC 791.235: [ParNew: 419466K->28700K(440896K), 0.0271350 secs] 1602649K->1215627K(8339648K), 0.0273630 secs] [Times: user=0.47 sys=0.00, real=0.03 secs] 
795.036: [GC 795.036: [ParNew: 420636K->29060K(440896K), 0.0270930 secs] 1607563K->1219394K(8339648K), 0.0273210 secs] [Times: user=0.40 sys=0.01, real=0.03 secs] 
799.408: [GC 799.408: [ParNew: 420996K->34963K(440896K), 0.1492670 secs] 1611330K->1231317K(8339648K), 0.1495720 secs] [Times: user=3.05 sys=0.04, real=0.14 secs] 
804.900: [GC 804.900: [ParNew: 426899K->48960K(440896K), 0.0902360 secs] 1623253K->1252828K(8339648K), 0.0904990 secs] [Times: user=1.58 sys=0.01, real=0.09 secs] 
808.904: [GC 808.904: [ParNew: 440896K->45031K(440896K), 0.2359090 secs] 1644764K->1266259K(8339648K), 0.2362200 secs] [Times: user=4.34 sys=0.05, real=0.24 secs] 
810.653: [GC 810.653: [ParNew: 436967K->31271K(440896K), 0.0885440 secs] 1658195K->1274944K(8339648K), 0.0887980 secs] [Times: user=0.50 sys=0.05, real=0.09 secs] 
814.815: [GC 814.815: [ParNew: 423207K->19250K(440896K), 0.0197640 secs] 1666880K->1262923K(8339648K), 0.0199560 secs] [Times: user=0.46 sys=0.00, real=0.02 secs] 
820.258: [GC 820.258: [ParNew: 411186K->25692K(440896K), 0.0271350 secs] 1654859K->1269365K(8339648K), 0.0274350 secs] [Times: user=0.56 sys=0.01, real=0.02 secs] 
822.501: [GC 822.501: [ParNew: 417628K->34132K(440896K), 0.0342600 secs] 1661301K->1282550K(8339648K), 0.0345530 secs] [Times: user=0.41 sys=0.02, real=0.03 secs] 
825.295: [GC 825.295: [ParNew: 426068K->34816K(440896K), 0.0467270 secs] 1674486K->1286091K(8339648K), 0.0470310 secs] [Times: user=0.93 sys=0.00, real=0.05 secs] 
834.036: [GC 834.036: [ParNew: 426752K->41569K(440896K), 0.0662410 secs] 1678027K->1297472K(8339648K), 0.0665490 secs] [Times: user=1.22 sys=0.03, real=0.07 secs] 
835.705: [GC 835.706: [ParNew: 433505K->44075K(440896K), 0.0697630 secs] 1689408K->1306668K(8339648K), 0.0700200 secs] [Times: user=1.29 sys=0.00, real=0.07 secs] 
839.804: [GC 839.804: [ParNew: 436011K->36016K(440896K), 0.0407300 secs] 1698604K->1301387K(8339648K), 0.0409850 secs] [Times: user=0.79 sys=0.01, real=0.04 secs] 
842.298: [GC 842.298: [ParNew: 427952K->35362K(440896K), 0.0806170 secs] 1693323K->1310376K(8339648K), 0.0809120 secs] [Times: user=0.62 sys=0.03, real=0.08 secs] 
849.440: [GC 849.440: [ParNew: 427298K->37138K(440896K), 0.0571150 secs] 1702312K->1321666K(8339648K), 0.0574300 secs] [Times: user=0.52 sys=0.03, real=0.06 secs] 
851.091: [GC 851.091: [ParNew: 429074K->27155K(440896K), 0.0289640 secs] 1713602K->1315337K(8339648K), 0.0291970 secs] [Times: user=0.36 sys=0.00, real=0.03 secs] 
854.911: [GC 854.911: [ParNew: 419091K->30395K(440896K), 0.0311490 secs] 1707273K->1322211K(8339648K), 0.0313790 secs] [Times: user=0.39 sys=0.00, real=0.03 secs] 
859.360: [GC 859.361: [ParNew: 422331K->33862K(440896K), 0.0313070 secs] 1714147K->1329371K(8339648K), 0.0315960 secs] [Times: user=0.45 sys=0.00, real=0.03 secs] 
864.863: [GC 864.863: [ParNew: 425798K->35469K(440896K), 0.1215900 secs] 1721307K->1340391K(8339648K), 0.1218410 secs] [Times: user=2.12 sys=0.01, real=0.12 secs] 
866.465: [GC 866.466: [ParNew: 427405K->34893K(440896K), 0.1365470 secs] 1732327K->1341221K(8339648K), 0.1367850 secs] [Times: user=2.99 sys=0.01, real=0.14 secs] 
870.416: [GC 870.416: [ParNew: 426829K->39822K(440896K), 0.0869680 secs] 1733157K->1349854K(8339648K), 0.0872110 secs] [Times: user=1.72 sys=0.02, real=0.09 secs] 
874.828: [GC 874.828: [ParNew: 431758K->37288K(440896K), 0.1100940 secs] 1741790K->1353986K(8339648K), 0.1103450 secs] [Times: user=2.02 sys=0.02, real=0.11 secs] 
880.176: [GC 880.176: [ParNew: 429224K->34416K(440896K), 0.1980600 secs] 1745922K->1362743K(8339648K), 0.1983160 secs] [Times: user=3.91 sys=0.03, real=0.20 secs] 
881.657: [GC 881.657: [ParNew: 426352K->25932K(440896K), 0.0240310 secs] 1754679K->1355880K(8339648K), 0.0242650 secs] [Times: user=0.38 sys=0.01, real=0.03 secs] 
885.457: [GC 885.457: [ParNew: 417868K->29418K(440896K), 0.0374210 secs] 1747816K->1365287K(8339648K), 0.0376690 secs] [Times: user=0.40 sys=0.01, real=0.04 secs] 
894.111: [GC 894.111: [ParNew: 421354K->38078K(440896K), 0.1662350 secs] 1757223K->1378560K(8339648K), 0.1665350 secs] [Times: user=3.56 sys=0.04, real=0.17 secs] 
895.821: [GC 895.822: [ParNew: 430014K->41055K(440896K), 0.1130260 secs] 1770496K->1388527K(8339648K), 0.1132750 secs] [Times: user=2.18 sys=0.02, real=0.11 secs] 
899.790: [GC 899.790: [ParNew: 432991K->37687K(440896K), 0.0968570 secs] 1780463K->1385591K(8339648K), 0.0971040 secs] [Times: user=2.05 sys=0.02, real=0.09 secs] 
901.120: [GC 901.120: [ParNew: 429623K->40483K(440896K), 0.1495590 secs] 1777527K->1394530K(8339648K), 0.1497970 secs] [Times: user=3.10 sys=0.03, real=0.15 secs] 
909.387: [GC 909.387: [ParNew: 432419K->37223K(440896K), 0.2440940 secs] 1786466K->1404073K(8339648K), 0.2443940 secs] [Times: user=5.02 sys=0.04, real=0.25 secs] 
911.212: [GC 911.212: [ParNew: 429159K->33448K(440896K), 0.0337960 secs] 1796009K->1404093K(8339648K), 0.0340350 secs] [Times: user=0.64 sys=0.01, real=0.03 secs] 
914.776: [GC 914.777: [ParNew: 425384K->31829K(440896K), 0.0329250 secs] 1796029K->1407053K(8339648K), 0.0331590 secs] [Times: user=0.56 sys=0.01, real=0.04 secs] 
919.339: [GC 919.339: [ParNew: 423765K->33361K(440896K), 0.0332400 secs] 1798989K->1412201K(8339648K), 0.0335370 secs] [Times: user=0.45 sys=0.00, real=0.03 secs] 
924.966: [GC 924.966: [ParNew: 425297K->35930K(440896K), 0.0519180 secs] 1804137K->1424035K(8339648K), 0.0521810 secs] [Times: user=0.68 sys=0.04, real=0.06 secs] 
926.467: [GC 926.467: [ParNew: 427866K->25982K(440896K), 0.0260180 secs] 1815971K->1415426K(8339648K), 0.0262490 secs] [Times: user=0.48 sys=0.01, real=0.03 secs] 
930.226: [GC 930.226: [ParNew: 417918K->27682K(440896K), 0.0341560 secs] 1807362K->1420808K(8339648K), 0.0344040 secs] [Times: user=0.55 sys=0.01, real=0.04 secs] 
934.519: [GC 934.520: [ParNew: 419618K->28970K(440896K), 0.0483900 secs] 1812744K->1428914K(8339648K), 0.0486830 secs] [Times: user=0.45 sys=0.03, real=0.05 secs] 
939.986: [GC 939.986: [ParNew: 420906K->30923K(440896K), 0.0498410 secs] 1820850K->1437576K(8339648K), 0.0500670 secs] [Times: user=0.74 sys=0.01, real=0.05 secs] 
941.278: [GC 941.278: [ParNew: 422859K->29266K(440896K), 0.0273180 secs] 1829512K->1436695K(8339648K), 0.0275360 secs] [Times: user=0.50 sys=0.01, real=0.02 secs] 
945.284: [GC 945.284: [ParNew: 421202K->31409K(440896K), 0.0349850 secs] 1828631K->1442556K(8339648K), 0.0352590 secs] [Times: user=0.68 sys=0.01, real=0.04 secs] 
951.270: [GC 951.270: [ParNew: 423345K->36254K(440896K), 0.0445420 secs] 1834492K->1454093K(8339648K), 0.0448260 secs] [Times: user=0.48 sys=0.01, real=0.04 secs] 
955.553: [GC 955.553: [ParNew: 428190K->26567K(440896K), 0.0433790 secs] 1846029K->1451288K(8339648K), 0.0436230 secs] [Times: user=0.64 sys=0.01, real=0.04 secs] 
959.811: [GC 959.811: [ParNew: 418503K->31701K(440896K), 0.0285620 secs] 1843224K->1456822K(8339648K), 0.0287900 secs] [Times: user=0.47 sys=0.01, real=0.03 secs] 
961.045: [GC 961.045: [ParNew: 423637K->31087K(440896K), 0.0401420 secs] 1848758K->1462291K(8339648K), 0.0403840 secs] [Times: user=0.63 sys=0.02, real=0.04 secs] 
969.499: [GC 969.499: [ParNew: 423023K->34217K(440896K), 0.0446830 secs] 1854227K->1471663K(8339648K), 0.0449770 secs] [Times: user=0.60 sys=0.02, real=0.04 secs] 
971.002: [GC 971.002: [ParNew: 426153K->33314K(440896K), 0.0285370 secs] 1863599K->1475574K(8339648K), 0.0287720 secs] [Times: user=0.44 sys=0.03, real=0.03 secs] 
974.904: [GC 974.904: [ParNew: 425250K->25217K(440896K), 0.0335560 secs] 1867510K->1471248K(8339648K), 0.0337920 secs] [Times: user=0.68 sys=0.01, real=0.04 secs] 
979.450: [GC 979.450: [ParNew: 417153K->32589K(440896K), 0.0330310 secs] 1863184K->1482390K(8339648K), 0.0333330 secs] [Times: user=0.42 sys=0.03, real=0.03 secs] 
985.035: [GC 985.035: [ParNew: 424525K->33962K(440896K), 0.0478610 secs] 1874326K->1493033K(8339648K), 0.0481070 secs] [Times: user=0.55 sys=0.01, real=0.05 secs] 
989.202: [GC 989.202: [ParNew: 425898K->30316K(440896K), 0.0384940 secs] 1884969K->1490722K(8339648K), 0.0387710 secs] [Times: user=0.70 sys=0.01, real=0.04 secs] 
990.779: [GC 990.779: [ParNew: 422252K->31926K(440896K), 0.0296560 secs] 1882658K->1495707K(8339648K), 0.0298960 secs] [Times: user=0.45 sys=0.02, real=0.03 secs] 
994.980: [GC 994.980: [ParNew: 423862K->32996K(440896K), 0.0431550 secs] 1887643K->1503952K(8339648K), 0.0433990 secs] [Times: user=0.53 sys=0.00, real=0.04 secs] 
1000.332: [GC 1000.332: [ParNew: 424932K->27093K(440896K), 0.0368950 secs] 1895888K->1505067K(8339648K), 0.0371740 secs] [Times: user=0.48 sys=0.02, real=0.04 secs] 
1004.873: [GC 1004.873: [ParNew: 419029K->29499K(440896K), 0.0315100 secs] 1897003K->1511222K(8339648K), 0.0317360 secs] [Times: user=0.51 sys=0.03, real=0.03 secs] 
1006.126: [GC 1006.126: [ParNew: 421435K->28373K(440896K), 0.0274770 secs] 1903158K->1512938K(8339648K), 0.0277110 secs] [Times: user=0.44 sys=0.02, real=0.03 secs] 
1014.494: [GC 1014.494: [ParNew: 420309K->37269K(440896K), 0.0445740 secs] 1904874K->1526425K(8339648K), 0.0448660 secs] [Times: user=0.82 sys=0.00, real=0.05 secs] 
1015.999: [GC 1015.999: [ParNew: 429205K->36633K(440896K), 0.0388750 secs] 1918361K->1532734K(8339648K), 0.0391120 secs] [Times: user=0.48 sys=0.02, real=0.04 secs] 
1020.099: [GC 1020.099: [ParNew: 428569K->26793K(440896K), 0.0288660 secs] 1924670K->1526565K(8339648K), 0.0290810 secs] [Times: user=0.46 sys=0.00, real=0.03 secs] 
1024.216: [GC 1024.216: [ParNew: 418729K->31999K(440896K), 0.0343070 secs] 1918501K->1535421K(8339648K), 0.0345840 secs] [Times: user=0.56 sys=0.04, real=0.04 secs] 
1029.744: [GC 1029.744: [ParNew: 423935K->31085K(440896K), 0.0552410 secs] 1927357K->1544234K(8339648K), 0.0554890 secs] [Times: user=0.61 sys=0.04, real=0.06 secs] 
1031.034: [GC 1031.034: [ParNew: 423021K->27650K(440896K), 0.0262480 secs] 1936170K->1542311K(8339648K), 0.0264590 secs] [Times: user=0.45 sys=0.02, real=0.03 secs] 
1035.589: [GC 1035.590: [ParNew: 419586K->31870K(440896K), 0.0284130 secs] 1934247K->1549938K(8339648K), 0.0286570 secs] [Times: user=0.44 sys=0.01, real=0.02 secs] 
1039.611: [GC 1039.611: [ParNew: 423806K->29875K(440896K), 0.0504370 secs] 1941874K->1554820K(8339648K), 0.0507260 secs] [Times: user=0.72 sys=0.02, real=0.05 secs] 
1045.138: [GC 1045.138: [ParNew: 421811K->32115K(440896K), 0.0401760 secs] 1946756K->1563063K(8339648K), 0.0404330 secs] [Times: user=0.64 sys=0.00, real=0.04 secs] 
1049.274: [GC 1049.274: [ParNew: 424051K->31546K(440896K), 0.0316400 secs] 1954999K->1563612K(8339648K), 0.0319220 secs] [Times: user=0.59 sys=0.01, real=0.03 secs] 
1055.432: [GC 1055.432: [ParNew: 423482K->36656K(440896K), 0.0441600 secs] 1955548K->1574991K(8339648K), 0.0444750 secs] [Times: user=0.70 sys=0.03, real=0.04 secs] 
1059.606: [GC 1059.607: [ParNew: 428592K->38187K(440896K), 0.0451580 secs] 1966927K->1580953K(8339648K), 0.0454460 secs] [Times: user=0.86 sys=0.01, real=0.05 secs] 
1064.141: [GC 1064.141: [ParNew: 430123K->37424K(440896K), 0.0450660 secs] 1972889K->1587255K(8339648K), 0.0453510 secs] [Times: user=0.48 sys=0.02, real=0.04 secs] 
1069.852: [GC 1069.852: [ParNew: 429360K->38173K(440896K), 0.0384240 secs] 1979191K->1591818K(8339648K), 0.0386770 secs] [Times: user=0.70 sys=0.00, real=0.04 secs] 
1071.020: [GC 1071.020: [ParNew: 430109K->33902K(440896K), 0.0417400 secs] 1983754K->1594443K(8339648K), 0.0419650 secs] [Times: user=0.51 sys=0.00, real=0.04 secs] 
1079.838: [GC 1079.838: [ParNew: 425838K->31650K(440896K), 0.0737420 secs] 1986379K->1598441K(8339648K), 0.0740250 secs] [Times: user=1.43 sys=0.01, real=0.07 secs] 
1081.147: [GC 1081.147: [ParNew: 423586K->35981K(440896K), 0.0316540 secs] 1990377K->1607516K(8339648K), 0.0319020 secs] [Times: user=0.50 sys=0.02, real=0.04 secs] 
1083.203: [GC 1083.204: [ParNew: 427917K->32939K(440896K), 0.0432540 secs] 1999452K->1611515K(8339648K), 0.0435310 secs] [Times: user=0.50 sys=0.03, real=0.04 secs] 
1110.543: [GC 1110.543: [ParNew: 424875K->48960K(440896K), 0.0991330 secs] 2003451K->1643138K(8339648K), 0.0994740 secs] [Times: user=1.99 sys=0.04, real=0.10 secs] 
1120.585: [GC 1120.585: [ParNew: 440896K->48960K(440896K), 0.1838710 secs] 2035074K->1692160K(8339648K), 0.1841370 secs] [Times: user=1.20 sys=0.12, real=0.19 secs] 
1122.972: [GC 1122.972: [ParNew: 440896K->28629K(440896K), 0.0305400 secs] 2084096K->1671830K(8339648K), 0.0307650 secs] [Times: user=0.57 sys=0.00, real=0.03 secs] 
1125.787: [GC 1125.787: [ParNew: 420565K->40551K(440896K), 0.2438220 secs] 2063766K->1683752K(8339648K), 0.2441060 secs] [Times: user=5.43 sys=0.01, real=0.24 secs] 
1127.288: [GC 1127.288: [ParNew: 432487K->33198K(440896K), 0.1187980 secs] 2075688K->1692278K(8339648K), 0.1190760 secs] [Times: user=2.01 sys=0.02, real=0.12 secs] 
1128.787: [GC 1128.787: [ParNew: 425134K->25727K(440896K), 0.0706370 secs] 2084214K->1684807K(8339648K), 0.0709530 secs] [Times: user=1.50 sys=0.00, real=0.08 secs] 
1130.126: [GC 1130.126: [ParNew: 417663K->25650K(440896K), 0.0853190 secs] 2076743K->1688537K(8339648K), 0.0855470 secs] [Times: user=1.84 sys=0.00, real=0.09 secs] 
1131.240: [GC 1131.240: [ParNew: 417586K->23329K(440896K), 0.1056980 secs] 2080473K->1696907K(8339648K), 0.1059340 secs] [Times: user=1.81 sys=0.01, real=0.10 secs] 
1132.506: [GC 1132.506: [ParNew: 415265K->16918K(440896K), 0.0240890 secs] 2088843K->1691831K(8339648K), 0.0242520 secs] [Times: user=0.45 sys=0.01, real=0.03 secs] 
1133.746: [GC 1133.758: [ParNew: 408854K->14881K(440896K), 0.0246630 secs] 2083767K->1692842K(8339648K), 0.0248660 secs] [Times: user=0.31 sys=0.00, real=0.04 secs] 
1134.887: [GC 1134.887: [ParNew: 406817K->19728K(440896K), 0.0411740 secs] 2084778K->1700464K(8339648K), 0.0413670 secs] [Times: user=0.77 sys=0.02, real=0.05 secs] 
1136.389: [GC 1136.389: [ParNew: 411664K->21295K(440896K), 0.0681840 secs] 2092400K->1706126K(8339648K), 0.0683500 secs] [Times: user=1.09 sys=0.01, real=0.07 secs] 
1137.884: [GC 1137.884: [ParNew: 413231K->17242K(440896K), 0.1199730 secs] 2098062K->1703677K(8339648K), 0.1201600 secs] [Times: user=2.68 sys=0.01, real=0.12 secs] 
1139.454: [GC 1139.454: [ParNew: 409178K->20317K(440896K), 0.0998940 secs] 2095613K->1707422K(8339648K), 0.1000430 secs] [Times: user=2.26 sys=0.00, real=0.10 secs] 
1140.979: [GC 1140.979: [ParNew: 412253K->21416K(440896K), 0.1412910 secs] 2099358K->1715243K(8339648K), 0.1414920 secs] [Times: user=2.73 sys=0.05, real=0.14 secs] 
1182.856: [GC 1182.856: [ParNew: 413352K->48960K(440896K), 0.2808130 secs] 2107179K->1766164K(8339648K), 0.2811120 secs] [Times: user=4.41 sys=0.12, real=0.28 secs] 
1186.787: [GC 1186.788: [ParNew: 440896K->43826K(440896K), 0.2468030 secs] 2158100K->1810393K(8339648K), 0.2514330 secs] [Times: user=2.74 sys=0.10, real=0.25 secs] 
1188.604: [GC 1188.604: [ParNew: 435762K->17479K(440896K), 0.1278930 secs] 2202329K->1784046K(8339648K), 0.1280520 secs] [Times: user=2.77 sys=0.00, real=0.13 secs] 
1190.159: [GC 1190.160: [ParNew: 409415K->17955K(440896K), 0.0848630 secs] 2175982K->1784522K(8339648K), 0.0850200 secs] [Times: user=1.65 sys=0.00, real=0.08 secs] 
1191.672: [GC 1191.672: [ParNew: 409891K->22161K(440896K), 0.0950050 secs] 2176458K->1788728K(8339648K), 0.0951650 secs] [Times: user=2.07 sys=0.00, real=0.09 secs] 
1193.166: [GC 1193.166: [ParNew: 414097K->19330K(440896K), 0.0942490 secs] 2180664K->1792722K(8339648K), 0.0944610 secs] [Times: user=1.99 sys=0.07, real=0.10 secs] 
1194.636: [GC 1194.636: [ParNew: 411266K->13377K(440896K), 0.0334120 secs] 2184658K->1789963K(8339648K), 0.0336010 secs] [Times: user=0.70 sys=0.00, real=0.04 secs] 
1196.069: [GC 1196.069: [ParNew: 405313K->14944K(440896K), 0.0266600 secs] 2181899K->1792899K(8339648K), 0.0268290 secs] [Times: user=0.46 sys=0.00, real=0.02 secs] 
1197.469: [GC 1197.469: [ParNew: 406880K->16025K(440896K), 0.0347450 secs] 2184835K->1797712K(8339648K), 0.0349050 secs] [Times: user=0.29 sys=0.01, real=0.03 secs] 
1198.914: [GC 1198.915: [ParNew: 407961K->12479K(440896K), 0.0281980 secs] 2189648K->1795452K(8339648K), 0.0283610 secs] [Times: user=0.49 sys=0.00, real=0.03 secs] 
1200.362: [GC 1200.362: [ParNew: 404415K->14835K(440896K), 0.0395840 secs] 2187388K->1801133K(8339648K), 0.0397690 secs] [Times: user=0.55 sys=0.02, real=0.04 secs] 
1201.813: [GC 1201.813: [ParNew: 406771K->15935K(440896K), 0.0261790 secs] 2193069K->1803880K(8339648K), 0.0263210 secs] [Times: user=0.47 sys=0.00, real=0.03 secs] 
1203.248: [GC 1203.248: [ParNew: 407871K->13430K(440896K), 0.0335430 secs] 2195816K->1804660K(8339648K), 0.0336780 secs] [Times: user=0.22 sys=0.02, real=0.03 secs] 
1204.672: [GC 1204.672: [ParNew: 405366K->13259K(440896K), 0.0308240 secs] 2196596K->1805963K(8339648K), 0.0309670 secs] [Times: user=0.48 sys=0.00, real=0.03 secs] 
1206.117: [GC 1206.117: [ParNew: 405195K->12599K(440896K), 0.0411450 secs] 2197899K->1808581K(8339648K), 0.0412920 secs] [Times: user=0.66 sys=0.01, real=0.05 secs] 
1207.535: [GC 1207.535: [ParNew: 404535K->14143K(440896K), 0.0271600 secs] 2200517K->1812303K(8339648K), 0.0273210 secs] [Times: user=0.35 sys=0.00, real=0.03 secs] 
1208.969: [GC 1208.970: [ParNew: 406079K->15163K(440896K), 0.0290970 secs] 2204239K->1814062K(8339648K), 0.0292330 secs] [Times: user=0.47 sys=0.00, real=0.03 secs] 
1210.385: [GC 1210.385: [ParNew: 407099K->15327K(440896K), 0.0410430 secs] 2205998K->1818238K(8339648K), 0.0411910 secs] [Times: user=0.47 sys=0.01, real=0.04 secs] 
1214.590: [GC 1214.590: [ParNew: 407263K->16353K(440896K), 0.0315500 secs] 2210174K->1819818K(8339648K), 0.0317410 secs] [Times: user=0.47 sys=0.00, real=0.03 secs] 
1216.157: [GC 1216.157: [ParNew: 408289K->20419K(440896K), 0.0428490 secs] 2211754K->1828083K(8339648K), 0.0430450 secs] [Times: user=0.56 sys=0.00, real=0.05 secs] 
1224.233: [GC 1224.233: [ParNew: 412355K->27736K(440896K), 0.0330460 secs] 2220019K->1835919K(8339648K), 0.0332590 secs] [Times: user=0.69 sys=0.00, real=0.03 secs] 
1225.816: [GC 1225.816: [ParNew: 419672K->31162K(440896K), 0.0414500 secs] 2227855K->1842900K(8339648K), 0.0416270 secs] [Times: user=0.60 sys=0.03, real=0.05 secs] 
1229.976: [GC 1229.977: [ParNew: 423098K->30829K(440896K), 0.0384490 secs] 2234836K->1846572K(8339648K), 0.0386850 secs] [Times: user=0.43 sys=0.01, real=0.04 secs] 
1234.229: [GC 1234.229: [ParNew: 422765K->34722K(440896K), 0.0390520 secs] 2238508K->1854263K(8339648K), 0.0393100 secs] [Times: user=0.60 sys=0.01, real=0.04 secs] 
1239.785: [GC 1239.785: [ParNew: 426658K->35272K(440896K), 0.0509830 secs] 2246199K->1862672K(8339648K), 0.0512510 secs] [Times: user=0.65 sys=0.01, real=0.05 secs] 
1244.239: [GC 1244.240: [ParNew: 427208K->37582K(440896K), 0.0423830 secs] 2254608K->1868727K(8339648K), 0.0426280 secs] [Times: user=0.67 sys=0.01, real=0.04 secs] 
1245.837: [GC 1245.837: [ParNew: 429518K->33513K(440896K), 0.0293290 secs] 2260663K->1868441K(8339648K), 0.0295170 secs] [Times: user=0.44 sys=0.01, real=0.03 secs] 
1249.953: [GC 1249.953: [ParNew: 425449K->35410K(440896K), 0.0500880 secs] 2260377K->1877539K(8339648K), 0.0503470 secs] [Times: user=0.67 sys=0.04, real=0.05 secs] 
1255.569: [GC 1255.569: [ParNew: 427346K->29666K(440896K), 0.0417100 secs] 2269475K->1878053K(8339648K), 0.0491900 secs] [Times: user=0.76 sys=0.02, real=0.05 secs] 
1259.744: [GC 1259.744: [ParNew: 421602K->30149K(440896K), 0.0365960 secs] 2269989K->1883329K(8339648K), 0.0368610 secs] [Times: user=0.59 sys=0.02, real=0.04 secs] 
1261.328: [GC 1261.328: [ParNew: 422085K->30027K(440896K), 0.0310160 secs] 2275265K->1886105K(8339648K), 0.0312210 secs] [Times: user=0.47 sys=0.00, real=0.03 secs] 
1269.499: [GC 1269.499: [ParNew: 421963K->39316K(440896K), 0.0487050 secs] 2278041K->1900238K(8339648K), 0.0489610 secs] [Times: user=0.60 sys=0.00, real=0.05 secs] 
1271.052: [GC 1271.052: [ParNew: 431252K->37158K(440896K), 0.0376950 secs] 2292174K->1905333K(8339648K), 0.0379030 secs] [Times: user=0.48 sys=0.01, real=0.04 secs] 
1275.536: [GC 1275.536: [ParNew: 429094K->28894K(440896K), 0.0324310 secs] 2297269K->1901146K(8339648K), 0.0326440 secs] [Times: user=0.51 sys=0.01, real=0.04 secs] 
1279.609: [GC 1279.609: [ParNew: 420830K->34527K(440896K), 0.0362900 secs] 2293082K->1910549K(8339648K), 0.0365380 secs] [Times: user=0.63 sys=0.00, real=0.03 secs] 
1285.257: [GC 1285.257: [ParNew: 426463K->36312K(440896K), 0.0479580 secs] 2302485K->1922111K(8339648K), 0.0481800 secs] [Times: user=0.47 sys=0.03, real=0.05 secs] 
1289.368: [GC 1289.369: [ParNew: 428248K->30994K(440896K), 0.0609300 secs] 2314047K->1918230K(8339648K), 0.0611390 secs] [Times: user=1.20 sys=0.01, real=0.06 secs] 
1290.937: [GC 1290.944: [ParNew: 422930K->31149K(440896K), 0.0348510 secs] 2310166K->1924688K(8339648K), 0.0351000 secs] [Times: user=0.56 sys=0.02, real=0.05 secs] 
1299.086: [GC 1299.086: [ParNew: 423085K->33331K(440896K), 0.0371440 secs] 2316624K->1931513K(8339648K), 0.0373900 secs] [Times: user=0.57 sys=0.01, real=0.04 secs] 
1300.792: [GC 1300.792: [ParNew: 425267K->33402K(440896K), 0.0388290 secs] 2323449K->1938502K(8339648K), 0.0390290 secs] [Times: user=0.47 sys=0.01, real=0.04 secs] 
1304.762: [GC 1304.762: [ParNew: 425338K->31287K(440896K), 0.0402350 secs] 2330438K->1940403K(8339648K), 0.0404710 secs] [Times: user=0.60 sys=0.01, real=0.04 secs] 
1306.383: [GC 1306.383: [ParNew: 423223K->29712K(440896K), 0.0274730 secs] 2332339K->1942405K(8339648K), 0.0276700 secs] [Times: user=0.47 sys=0.00, real=0.03 secs] 
1315.157: [GC 1315.157: [ParNew: 421648K->33784K(440896K), 0.0504660 secs] 2334341K->1954736K(8339648K), 0.0507410 secs] [Times: user=0.49 sys=0.03, real=0.06 secs] 
1319.264: [GC 1319.264: [ParNew: 425720K->34950K(440896K), 0.0404590 secs] 2346672K->1959022K(8339648K), 0.0407080 secs] [Times: user=0.82 sys=0.00, real=0.04 secs] 
1320.889: [GC 1320.889: [ParNew: 426886K->33066K(440896K), 0.0299680 secs] 2350958K->1961209K(8339648K), 0.0533910 secs] [Times: user=0.39 sys=0.02, real=0.05 secs] 
1324.551: [GC 1324.551: [ParNew: 425002K->36072K(440896K), 0.0349130 secs] 2353145K->1967901K(8339648K), 0.0351680 secs] [Times: user=0.59 sys=0.00, real=0.03 secs] 
1330.612: [GC 1330.612: [ParNew: 428008K->33735K(440896K), 0.0599670 secs] 2359837K->1976242K(8339648K), 0.0601950 secs] [Times: user=0.66 sys=0.03, real=0.06 secs] 
1334.470: [GC 1334.470: [ParNew: 425671K->31552K(440896K), 0.0360530 secs] 2368178K->1978295K(8339648K), 0.0363000 secs] [Times: user=0.47 sys=0.00, real=0.03 secs] 
1336.112: [GC 1336.112: [ParNew: 423488K->31105K(440896K), 0.0333290 secs] 2370231K->1980703K(8339648K), 0.0335200 secs] [Times: user=0.67 sys=0.00, real=0.03 secs] 
1344.769: [GC 1344.769: [ParNew: 423041K->38679K(440896K), 0.0496140 secs] 2372639K->1992939K(8339648K), 0.0498940 secs] [Times: user=0.93 sys=0.01, real=0.05 secs] 
1346.362: [GC 1346.362: [ParNew: 430615K->34609K(440896K), 0.0416190 secs] 2384875K->1996208K(8339648K), 0.0418420 secs] [Times: user=0.44 sys=0.01, real=0.04 secs] 
1350.506: [GC 1350.506: [ParNew: 426545K->29215K(440896K), 0.0347800 secs] 2388144K->1994654K(8339648K), 0.0349930 secs] [Times: user=0.62 sys=0.00, real=0.04 secs] 
1351.929: [GC 1351.929: [ParNew: 421151K->30301K(440896K), 0.0475280 secs] 2386590K->1999505K(8339648K), 0.0477190 secs] [Times: user=0.86 sys=0.01, real=0.04 secs] 
1359.988: [GC 1359.988: [ParNew: 422237K->34046K(440896K), 0.0636120 secs] 2391441K->2012982K(8339648K), 0.0638750 secs] [Times: user=0.85 sys=0.03, real=0.06 secs] 
1361.683: [GC 1361.683: [ParNew: 425982K->30802K(440896K), 0.0275130 secs] 2404918K->2011144K(8339648K), 0.0365620 secs] [Times: user=0.47 sys=0.00, real=0.04 secs] 
1365.413: [GC 1365.413: [ParNew: 422738K->31613K(440896K), 0.0373570 secs] 2403080K->2018367K(8339648K), 0.0375670 secs] [Times: user=0.51 sys=0.03, real=0.04 secs] 
1369.643: [GC 1369.643: [ParNew: 423549K->35924K(440896K), 0.0275010 secs] 2410303K->2023959K(8339648K), 0.0277400 secs] [Times: user=0.47 sys=0.00, real=0.03 secs] 
1375.689: [GC 1375.690: [ParNew: 427860K->33322K(440896K), 0.0605880 secs] 2415895K->2031797K(8339648K), 0.0608090 secs] [Times: user=0.62 sys=0.00, real=0.06 secs] 
1379.953: [GC 1379.953: [ParNew: 425258K->34692K(440896K), 0.0292860 secs] 2423733K->2033737K(8339648K), 0.0295200 secs] [Times: user=0.46 sys=0.00, real=0.03 secs] 
1381.549: [GC 1381.549: [ParNew: 426628K->33025K(440896K), 0.0404940 secs] 2425673K->2038470K(8339648K), 0.0407100 secs] [Times: user=0.47 sys=0.00, real=0.04 secs] 
1389.709: [GC 1389.709: [ParNew: 424961K->36469K(440896K), 0.0443450 secs] 2430406K->2046616K(8339648K), 0.0446160 secs] [Times: user=0.69 sys=0.02, real=0.04 secs] 
1391.373: [GC 1391.373: [ParNew: 428405K->36006K(440896K), 0.0407950 secs] 2438552K->2053447K(8339648K), 0.0409850 secs] [Times: user=0.42 sys=0.03, real=0.04 secs] 
1395.188: [GC 1395.188: [ParNew: 427942K->27805K(440896K), 0.0432080 secs] 2445383K->2049105K(8339648K), 0.0433910 secs] [Times: user=0.63 sys=0.02, real=0.04 secs] 
1399.399: [GC 1399.399: [ParNew: 419741K->34662K(440896K), 0.0410210 secs] 2441041K->2059752K(8339648K), 0.0412760 secs] [Times: user=0.68 sys=0.00, real=0.04 secs] 
1405.437: [GC 1405.437: [ParNew: 426598K->34271K(440896K), 0.0561770 secs] 2451688K->2069005K(8339648K), 0.0564350 secs] [Times: user=0.75 sys=0.00, real=0.06 secs] 
1409.561: [GC 1409.561: [ParNew: 426207K->36029K(440896K), 0.0366930 secs] 2460941K->2072251K(8339648K), 0.0369330 secs] [Times: user=0.69 sys=0.01, real=0.04 secs] 
1411.205: [GC 1411.205: [ParNew: 427965K->36182K(440896K), 0.0345320 secs] 2464187K->2077513K(8339648K), 0.0347440 secs] [Times: user=0.51 sys=0.01, real=0.04 secs] 
1419.252: [GC 1419.252: [ParNew: 428118K->38788K(440896K), 0.0461240 secs] 2469449K->2086289K(8339648K), 0.0463830 secs] [Times: user=0.59 sys=0.02, real=0.05 secs] 
1420.970: [GC 1420.970: [ParNew: 430724K->34727K(440896K), 0.0412240 secs] 2478225K->2089525K(8339648K), 0.0414350 secs] [Times: user=0.43 sys=0.02, real=0.04 secs] 
1424.782: [GC 1424.782: [ParNew: 426663K->27475K(440896K), 0.0496010 secs] 2481461K->2086399K(8339648K), 0.0498320 secs] [Times: user=0.92 sys=0.01, real=0.05 secs] 
1426.388: [GC 1426.388: [ParNew: 419411K->28933K(440896K), 0.0338370 secs] 2478335K->2091391K(8339648K), 0.0340350 secs] [Times: user=0.37 sys=0.02, real=0.03 secs] 
1434.890: [GC 1434.890: [ParNew: 420869K->35144K(440896K), 0.0630260 secs] 2483327K->2107657K(8339648K), 0.0632960 secs] [Times: user=0.75 sys=0.02, real=0.06 secs] 
1436.526: [GC 1436.526: [ParNew: 427080K->36068K(440896K), 0.0249770 secs] 2499593K->2109961K(8339648K), 0.0251590 secs] [Times: user=0.45 sys=0.01, real=0.03 secs] 
1440.656: [GC 1440.656: [ParNew: 428004K->39074K(440896K), 0.0283210 secs] 2501897K->2116776K(8339648K), 0.0285210 secs] [Times: user=0.38 sys=0.03, real=0.03 secs] 
1444.380: [GC 1444.381: [ParNew: 431010K->42329K(440896K), 0.0373650 secs] 2508712K->2123863K(8339648K), 0.0376150 secs] [Times: user=0.61 sys=0.03, real=0.04 secs] 
1450.492: [GC 1450.493: [ParNew: 434265K->38591K(440896K), 0.0851020 secs] 2515799K->2133613K(8339648K), 0.0853270 secs] [Times: user=0.47 sys=0.06, real=0.08 secs] 
1454.265: [GC 1454.266: [ParNew: 430527K->30706K(440896K), 0.0342540 secs] 2525549K->2127175K(8339648K), 0.0344800 secs] [Times: user=0.70 sys=0.00, real=0.04 secs] 
1455.900: [GC 1455.900: [ParNew: 422642K->33556K(440896K), 0.0370950 secs] 2519111K->2136052K(8339648K), 0.0372950 secs] [Times: user=0.54 sys=0.03, real=0.03 secs] 
1464.547: [GC 1464.547: [ParNew: 425492K->34938K(440896K), 0.0511470 secs] 2527988K->2142473K(8339648K), 0.0514450 secs] [Times: user=0.83 sys=0.02, real=0.06 secs] 
1466.186: [GC 1466.186: [ParNew: 426874K->36559K(440896K), 0.0376070 secs] 2534409K->2151324K(8339648K), 0.0378060 secs] [Times: user=0.42 sys=0.03, real=0.04 secs] 
1470.379: [GC 1470.379: [ParNew: 428495K->27424K(440896K), 0.0301080 secs] 2543260K->2146044K(8339648K), 0.0303090 secs] [Times: user=0.43 sys=0.01, real=0.03 secs] 
1471.861: [GC 1471.861: [ParNew: 419360K->33020K(440896K), 0.0296060 secs] 2537980K->2154578K(8339648K), 0.0297890 secs] [Times: user=0.47 sys=0.01, real=0.03 secs] 
1480.172: [GC 1480.173: [ParNew: 424956K->34548K(440896K), 0.0532650 secs] 2546514K->2166620K(8339648K), 0.0534940 secs] [Times: user=0.43 sys=0.03, real=0.05 secs] 
1481.682: [GC 1481.683: [ParNew: 426484K->30731K(440896K), 0.0300940 secs] 2558556K->2164367K(8339648K), 0.0471700 secs] [Times: user=0.46 sys=0.01, real=0.05 secs] 
1485.573: [GC 1485.574: [ParNew: 422667K->34702K(440896K), 0.0387110 secs] 2556303K->2174685K(8339648K), 0.0389170 secs] [Times: user=0.47 sys=0.01, real=0.04 secs] 
1494.288: [GC 1494.288: [ParNew: 426638K->33142K(440896K), 0.0352800 secs] 2566621K->2174573K(8339648K), 0.0355290 secs] [Times: user=0.70 sys=0.00, real=0.03 secs] 
1495.898: [GC 1495.898: [ParNew: 425078K->33549K(440896K), 0.0545370 secs] 2566509K->2185616K(8339648K), 0.0547530 secs] [Times: user=0.44 sys=0.00, real=0.05 secs] 
1500.116: [GC 1500.116: [ParNew: 425485K->34344K(440896K), 0.0287190 secs] 2577552K->2187036K(8339648K), 0.0289230 secs] [Times: user=0.62 sys=0.02, real=0.03 secs] 
1501.579: [GC 1501.579: [ParNew: 426280K->34183K(440896K), 0.0425960 secs] 2578972K->2193186K(8339648K), 0.0428200 secs] [Times: user=0.48 sys=0.01, real=0.04 secs] 
1509.909: [GC 1509.910: [ParNew: 426119K->34588K(440896K), 0.0486240 secs] 2585122K->2202293K(8339648K), 0.0488950 secs] [Times: user=0.45 sys=0.03, real=0.05 secs] 
1511.621: [GC 1511.621: [ParNew: 426524K->34021K(440896K), 0.0336280 secs] 2594229K->2205147K(8339648K), 0.0446060 secs] [Times: user=0.58 sys=0.00, real=0.04 secs] 
1515.418: [GC 1515.418: [ParNew: 425957K->29679K(440896K), 0.0292000 secs] 2597083K->2204583K(8339648K), 0.0294150 secs] [Times: user=0.51 sys=0.01, real=0.03 secs] 
1519.631: [GC 1519.631: [ParNew: 421615K->33726K(440896K), 0.0374420 secs] 2596519K->2212407K(8339648K), 0.0377170 secs] [Times: user=0.67 sys=0.03, real=0.04 secs] 
1525.664: [GC 1525.665: [ParNew: 425662K->34909K(440896K), 0.0509600 secs] 2604343K->2223602K(8339648K), 0.0512150 secs] [Times: user=0.49 sys=0.02, real=0.05 secs] 
1529.841: [GC 1529.842: [ParNew: 426845K->35625K(440896K), 0.0350180 secs] 2615538K->2225535K(8339648K), 0.0352550 secs] [Times: user=0.69 sys=0.00, real=0.03 secs] 
1531.464: [GC 1531.464: [ParNew: 427561K->36478K(440896K), 0.0408100 secs] 2617471K->2232778K(8339648K), 0.0410170 secs] [Times: user=0.45 sys=0.01, real=0.04 secs] 
1539.504: [GC 1539.504: [ParNew: 428414K->35326K(440896K), 0.0454470 secs] 2624714K->2236512K(8339648K), 0.0457900 secs] [Times: user=0.83 sys=0.00, real=0.05 secs] 
1541.175: [GC 1541.175: [ParNew: 427262K->32654K(440896K), 0.0382520 secs] 2628448K->2241131K(8339648K), 0.0384300 secs] [Times: user=0.52 sys=0.00, real=0.04 secs] 
1545.060: [GC 1545.060: [ParNew: 424590K->32082K(440896K), 0.0460810 secs] 2633067K->2244397K(8339648K), 0.0463210 secs] [Times: user=0.70 sys=0.00, real=0.04 secs] 
1546.847: [GC 1546.847: [ParNew: 424018K->32252K(440896K), 0.0322570 secs] 2636333K->2248312K(8339648K), 0.0324550 secs] [Times: user=0.59 sys=0.01, real=0.04 secs] 
1555.334: [GC 1555.334: [ParNew: 424188K->32679K(440896K), 0.0510790 secs] 2640248K->2258829K(8339648K), 0.0513070 secs] [Times: user=0.47 sys=0.00, real=0.05 secs] 
1559.394: [GC 1559.394: [ParNew: 424615K->33919K(440896K), 0.0386430 secs] 2650765K->2261415K(8339648K), 0.0388750 secs] [Times: user=0.69 sys=0.00, real=0.04 secs] 
1560.985: [GC 1560.985: [ParNew: 425855K->35451K(440896K), 0.0300160 secs] 2653351K->2266914K(8339648K), 0.0302090 secs] [Times: user=0.43 sys=0.01, real=0.03 secs] 
1565.962: [GC 1565.962: [ParNew: 427387K->35911K(440896K), 0.0407750 secs] 2658850K->2271198K(8339648K), 0.0410240 secs] [Times: user=0.69 sys=0.01, real=0.04 secs] 
1570.711: [GC 1570.711: [ParNew: 427847K->33927K(440896K), 0.0554110 secs] 2663134K->2279989K(8339648K), 0.0556350 secs] [Times: user=0.38 sys=0.00, real=0.05 secs] 
1574.485: [GC 1574.485: [ParNew: 425863K->34178K(440896K), 0.0352730 secs] 2671925K->2284081K(8339648K), 0.0355160 secs] [Times: user=0.70 sys=0.00, real=0.04 secs] 
1576.125: [GC 1576.125: [ParNew: 426114K->34678K(440896K), 0.0278020 secs] 2676017K->2288415K(8339648K), 0.0279850 secs] [Times: user=0.41 sys=0.00, real=0.03 secs] 
1584.803: [GC 1584.803: [ParNew: 426614K->30780K(440896K), 0.0437560 secs] 2680351K->2290508K(8339648K), 0.0440210 secs] [Times: user=0.62 sys=0.00, real=0.05 secs] 
1586.443: [GC 1586.444: [ParNew: 422716K->34360K(440896K), 0.0321040 secs] 2682444K->2299611K(8339648K), 0.0323330 secs] [Times: user=0.43 sys=0.03, real=0.03 secs] 
1590.528: [GC 1590.528: [ParNew: 426296K->28805K(440896K), 0.0340970 secs] 2691547K->2297797K(8339648K), 0.0343110 secs] [Times: user=0.49 sys=0.01, real=0.03 secs] 
1593.120: [GC 1593.120: [ParNew: 420741K->30460K(440896K), 0.0344580 secs] 2689733K->2303171K(8339648K), 0.0346890 secs] [Times: user=0.48 sys=0.02, real=0.03 secs] 
1600.430: [GC 1600.430: [ParNew: 422396K->33254K(440896K), 0.0572830 secs] 2695107K->2315675K(8339648K), 0.0575170 secs] [Times: user=0.57 sys=0.02, real=0.05 secs] 
1602.096: [GC 1602.096: [ParNew: 425190K->29989K(440896K), 0.0295570 secs] 2707611K->2313848K(8339648K), 0.0297520 secs] [Times: user=0.63 sys=0.01, real=0.03 secs] 
1605.828: [GC 1605.828: [ParNew: 421925K->32986K(440896K), 0.0392760 secs] 2705784K->2323109K(8339648K), 0.0394980 secs] [Times: user=0.50 sys=0.03, real=0.03 secs] 
1614.639: [GC 1614.639: [ParNew: 424922K->38269K(440896K), 0.0386260 secs] 2715045K->2330738K(8339648K), 0.0388920 secs] [Times: user=0.70 sys=0.01, real=0.04 secs] 
1616.295: [GC 1616.295: [ParNew: 430205K->36431K(440896K), 0.0478950 secs] 2722674K->2338270K(8339648K), 0.0480970 secs] [Times: user=0.60 sys=0.03, real=0.05 secs] 
1620.485: [GC 1620.485: [ParNew: 428367K->32538K(440896K), 0.0350480 secs] 2730206K->2335745K(8339648K), 0.0352410 secs] [Times: user=0.70 sys=0.00, real=0.04 secs] 
1622.006: [GC 1622.006: [ParNew: 424474K->34436K(440896K), 0.0333020 secs] 2727681K->2343215K(8339648K), 0.0335110 secs] [Times: user=0.41 sys=0.02, real=0.04 secs] 
1630.313: [GC 1630.313: [ParNew: 426372K->34374K(440896K), 0.0556230 secs] 2735151K->2353451K(8339648K), 0.0558600 secs] [Times: user=0.71 sys=0.01, real=0.05 secs] 
1631.814: [GC 1631.815: [ParNew: 426310K->31163K(440896K), 0.0242500 secs] 2745387K->2351890K(8339648K), 0.0311320 secs] [Times: user=0.47 sys=0.00, real=0.03 secs] 
1635.727: [GC 1635.727: [ParNew: 423099K->33226K(440896K), 0.0440350 secs] 2743826K->2360405K(8339648K), 0.0442500 secs] [Times: user=0.64 sys=0.00, real=0.05 secs] 
1644.469: [GC 1644.470: [ParNew: 425162K->40748K(440896K), 0.0386280 secs] 2752341K->2369321K(8339648K), 0.0388920 secs] [Times: user=0.69 sys=0.00, real=0.04 secs] 
1646.128: [GC 1646.128: [ParNew: 432684K->38269K(440896K), 0.0526300 secs] 2761257K->2377585K(8339648K), 0.0528490 secs] [Times: user=0.55 sys=0.02, real=0.05 secs] 
1650.239: [GC 1650.239: [ParNew: 430205K->32726K(440896K), 0.0323000 secs] 2769521K->2372661K(8339648K), 0.0324810 secs] [Times: user=0.47 sys=0.00, real=0.03 secs] 
1651.720: [GC 1651.720: [ParNew: 424662K->35203K(440896K), 0.0375110 secs] 2764597K->2381404K(8339648K), 0.0377030 secs] [Times: user=0.58 sys=0.01, real=0.04 secs] 
1660.052: [GC 1660.052: [ParNew: 427139K->27851K(440896K), 0.0574400 secs] 2773340K->2384730K(8339648K), 0.0577110 secs] [Times: user=0.51 sys=0.03, real=0.06 secs] 
1661.737: [GC 1661.737: [ParNew: 419787K->29757K(440896K), 0.0245750 secs] 2776666K->2388076K(8339648K), 0.0247900 secs] [Times: user=0.32 sys=0.01, real=0.02 secs] 
1665.449: [GC 1665.449: [ParNew: 421693K->32364K(440896K), 0.0352720 secs] 2780012K->2396852K(8339648K), 0.0354870 secs] [Times: user=0.36 sys=0.02, real=0.03 secs] 
1669.755: [GC 1669.755: [ParNew: 424300K->33183K(440896K), 0.0298830 secs] 2788788K->2399155K(8339648K), 0.0301350 secs] [Times: user=0.69 sys=0.00, real=0.03 secs] 
1675.781: [GC 1675.781: [ParNew: 425119K->33922K(440896K), 0.0607940 secs] 2791091K->2410736K(8339648K), 0.0610470 secs] [Times: user=0.68 sys=0.00, real=0.06 secs] 
1679.995: [GC 1679.995: [ParNew: 425858K->32894K(440896K), 0.0336620 secs] 2802672K->2410226K(8339648K), 0.0339090 secs] [Times: user=0.70 sys=0.00, real=0.04 secs] 
1681.642: [GC 1681.642: [ParNew: 424830K->35377K(440896K), 0.0378780 secs] 2802162K->2419232K(8339648K), 0.0380760 secs] [Times: user=0.50 sys=0.01, real=0.04 secs] 
1689.782: [GC 1689.782: [ParNew: 427313K->39803K(440896K), 0.0408770 secs] 2811168K->2428285K(8339648K), 0.0411440 secs] [Times: user=0.67 sys=0.00, real=0.04 secs] 
1691.431: [GC 1691.431: [ParNew: 431739K->34305K(440896K), 0.0402650 secs] 2820221K->2430189K(8339648K), 0.0404760 secs] [Times: user=0.49 sys=0.00, real=0.04 secs] 
1695.208: [GC 1695.209: [ParNew: 426241K->35303K(440896K), 0.0402530 secs] 2822125K->2435170K(8339648K), 0.0404370 secs] [Times: user=0.60 sys=0.00, real=0.04 secs] 
1697.022: [GC 1697.022: [ParNew: 427239K->39350K(440896K), 0.0351140 secs] 2827106K->2443853K(8339648K), 0.0353680 secs] [Times: user=0.66 sys=0.02, real=0.04 secs] 
1705.289: [GC 1705.289: [ParNew: 431286K->38154K(440896K), 0.0509850 secs] 2835789K->2452597K(8339648K), 0.0512130 secs] [Times: user=0.58 sys=0.01, real=0.05 secs] 
1709.506: [GC 1709.506: [ParNew: 430090K->35347K(440896K), 0.0374210 secs] 2844533K->2451364K(8339648K), 0.0376660 secs] [Times: user=0.90 sys=0.00, real=0.04 secs] 
1711.113: [GC 1711.113: [ParNew: 427283K->39730K(440896K), 0.0348240 secs] 2843300K->2459613K(8339648K), 0.0350240 secs] [Times: user=0.70 sys=0.00, real=0.04 secs] 
1714.814: [GC 1714.814: [ParNew: 431666K->42112K(440896K), 0.0364270 secs] 2851549K->2465740K(8339648K), 0.0366870 secs] [Times: user=0.69 sys=0.01, real=0.04 secs] 
1720.857: [GC 1720.857: [ParNew: 434048K->44280K(440896K), 0.0620930 secs] 2857676K->2478920K(8339648K), 0.0623180 secs] [Times: user=0.88 sys=0.03, real=0.07 secs] 
1722.362: [GC 1722.362: [ParNew: 436216K->39607K(440896K), 0.0367890 secs] 2870856K->2481920K(8339648K), 0.0370020 secs] [Times: user=0.49 sys=0.00, real=0.04 secs] 
1725.857: [GC 1725.857: [ParNew: 431543K->34694K(440896K), 0.0326900 secs] 2873856K->2479930K(8339648K), 0.0329000 secs] [Times: user=0.63 sys=0.01, real=0.04 secs] 
1727.341: [GC 1727.341: [ParNew: 426630K->35942K(440896K), 0.0342600 secs] 2871866K->2486468K(8339648K), 0.0344520 secs] [Times: user=0.48 sys=0.02, real=0.03 secs] 
1734.957: [GC 1734.958: [ParNew: 427878K->40636K(440896K), 0.0684110 secs] 2878404K->2501712K(8339648K), 0.0686880 secs] [Times: user=0.91 sys=0.02, real=0.06 secs] 
1736.582: [GC 1736.582: [ParNew: 432572K->37819K(440896K), 0.0428770 secs] 2893648K->2507545K(8339648K), 0.0430960 secs] [Times: user=0.52 sys=0.02, real=0.04 secs] 
1739.594: [GC 1739.594: [ParNew: 429755K->33947K(440896K), 0.0421850 secs] 2899481K->2503673K(8339648K), 0.0424220 secs] [Times: user=0.92 sys=0.00, real=0.04 secs] 
1741.249: [GC 1741.249: [ParNew: 425883K->30449K(440896K), 0.0700690 secs] 2895609K->2518366K(8339648K), 0.0702920 secs] [Times: user=0.62 sys=0.01, real=0.07 secs] 
1742.768: [GC 1742.768: [ParNew: 422385K->21455K(440896K), 0.0242210 secs] 2910302K->2509372K(8339648K), 0.0243590 secs] [Times: user=0.41 sys=0.00, real=0.02 secs] 
1749.495: [GC 1749.495: [ParNew: 413391K->30002K(440896K), 0.0396410 secs] 2901308K->2520103K(8339648K), 0.0399580 secs] [Times: user=0.69 sys=0.02, real=0.04 secs] 
1751.116: [GC 1751.116: [ParNew: 421938K->33565K(440896K), 0.0417190 secs] 2912039K->2529819K(8339648K), 0.0419290 secs] [Times: user=0.69 sys=0.02, real=0.05 secs] 
1752.578: [GC 1752.578: [ParNew: 425501K->25815K(440896K), 0.0313640 secs] 2921755K->2525253K(8339648K), 0.0315350 secs] [Times: user=0.49 sys=0.01, real=0.03 secs] 
1755.536: [GC 1755.536: [ParNew: 417751K->32193K(440896K), 0.0352240 secs] 2917189K->2534636K(8339648K), 0.0354270 secs] [Times: user=0.55 sys=0.00, real=0.04 secs] 
1757.082: [GC 1757.082: [ParNew: 424129K->28899K(440896K), 0.0527150 secs] 2926572K->2541106K(8339648K), 0.0529310 secs] [Times: user=0.45 sys=0.01, real=0.05 secs] 
1764.618: [GC 1764.619: [ParNew: 420835K->30347K(440896K), 0.0442790 secs] 2933042K->2545727K(8339648K), 0.0445390 secs] [Times: user=0.69 sys=0.00, real=0.04 secs] 
1766.276: [GC 1766.276: [ParNew: 422283K->35785K(440896K), 0.0348770 secs] 2937663K->2554075K(8339648K), 0.0350800 secs] [Times: user=0.54 sys=0.00, real=0.04 secs] 
1767.747: [GC 1767.747: [ParNew: 427721K->34836K(440896K), 0.0351330 secs] 2946011K->2558424K(8339648K), 0.0353460 secs] [Times: user=0.42 sys=0.02, real=0.03 secs] 
1770.947: [GC 1770.947: [ParNew: 426772K->38766K(440896K), 0.0331860 secs] 2950360K->2565266K(8339648K), 0.0334570 secs] [Times: user=0.62 sys=0.01, real=0.04 secs] 
1772.443: [GC 1772.443: [ParNew: 430702K->33506K(440896K), 0.0590340 secs] 2957202K->2572464K(8339648K), 0.0592330 secs] [Times: user=0.53 sys=0.04, real=0.06 secs] 
1775.004: [GC 1775.004: [ParNew: 425442K->22757K(440896K), 0.0346470 secs] 2964400K->2564668K(8339648K), 0.0349520 secs] [Times: user=0.70 sys=0.00, real=0.04 secs] 
1780.799: [GC 1780.799: [ParNew: 414693K->32909K(440896K), 0.0363090 secs] 2956604K->2577694K(8339648K), 0.0365250 secs] [Times: user=0.68 sys=0.01, real=0.03 secs] 
1782.282: [GC 1782.282: [ParNew: 424845K->31689K(440896K), 0.0535240 secs] 2969630K->2584168K(8339648K), 0.0537290 secs] [Times: user=0.62 sys=0.03, real=0.05 secs] 
1785.239: [GC 1785.240: [ParNew: 423625K->34955K(440896K), 0.0390850 secs] 2976104K->2587891K(8339648K), 0.0393310 secs] [Times: user=0.70 sys=0.00, real=0.04 secs] 
1786.714: [GC 1786.714: [ParNew: 426891K->35472K(440896K), 0.0383840 secs] 2979827K->2593513K(8339648K), 0.0385980 secs] [Times: user=0.51 sys=0.00, real=0.04 secs] 
1794.460: [GC 1794.460: [ParNew: 427408K->36833K(440896K), 0.0707060 secs] 2985449K->2605054K(8339648K), 0.0709810 secs] [Times: user=0.82 sys=0.03, real=0.07 secs] 
1796.104: [GC 1796.104: [ParNew: 428769K->34258K(440896K), 0.0390300 secs] 2996990K->2605385K(8339648K), 0.0392350 secs] [Times: user=0.69 sys=0.00, real=0.04 secs] 
1797.567: [GC 1797.567: [ParNew: 426194K->35723K(440896K), 0.0362760 secs] 2997321K->2612070K(8339648K), 0.0364740 secs] [Times: user=0.44 sys=0.01, real=0.03 secs] 
1800.864: [GC 1800.864: [ParNew: 427659K->35070K(440896K), 0.0299110 secs] 3004006K->2614377K(8339648K), 0.0301220 secs] [Times: user=0.45 sys=0.01, real=0.03 secs] 
1802.342: [GC 1802.342: [ParNew: 427006K->29083K(440896K), 0.0592460 secs] 3006313K->2620870K(8339648K), 0.0594610 secs] [Times: user=0.56 sys=0.03, real=0.06 secs] 
1804.859: [GC 1804.860: [ParNew: 421019K->22538K(440896K), 0.0291340 secs] 3012806K->2617310K(8339648K), 0.0293420 secs] [Times: user=0.43 sys=0.02, real=0.03 secs] 
1810.666: [GC 1810.666: [ParNew: 414474K->32168K(440896K), 0.0341180 secs] 3009246K->2629918K(8339648K), 0.0343540 secs] [Times: user=0.67 sys=0.00, real=0.04 secs] 
1812.141: [GC 1812.141: [ParNew: 424104K->35930K(440896K), 0.0408610 secs] 3021854K->2638836K(8339648K), 0.0410650 secs] [Times: user=0.55 sys=0.01, real=0.04 secs] 
1815.051: [GC 1815.052: [ParNew: 427866K->32202K(440896K), 0.0565010 secs] 3030772K->2638097K(8339648K), 0.0567270 secs] [Times: user=1.15 sys=0.01, real=0.06 secs] 
1816.562: [GC 1816.563: [ParNew: 424138K->34258K(440896K), 0.0372730 secs] 3030033K->2644757K(8339648K), 0.0374750 secs] [Times: user=0.57 sys=0.02, real=0.04 secs] 
1820.041: [GC 1820.041: [ParNew: 426194K->30399K(440896K), 0.0665970 secs] 3036693K->2651215K(8339648K), 0.0668510 secs] [Times: user=0.67 sys=0.01, real=0.07 secs] 
1825.772: [GC 1825.772: [ParNew: 422335K->29897K(440896K), 0.0343260 secs] 3043151K->2653649K(8339648K), 0.0345370 secs] [Times: user=0.69 sys=0.01, real=0.03 secs] 
1827.258: [GC 1827.258: [ParNew: 421833K->35996K(440896K), 0.0366640 secs] 3045585K->2665005K(8339648K), 0.0368610 secs] [Times: user=0.43 sys=0.02, real=0.03 secs] 
1830.487: [GC 1830.487: [ParNew: 427932K->36940K(440896K), 0.0349830 secs] 3056941K->2668924K(8339648K), 0.0351950 secs] [Times: user=0.54 sys=0.01, real=0.03 secs] 
1831.959: [GC 1831.959: [ParNew: 428876K->36484K(440896K), 0.0377180 secs] 3060860K->2673423K(8339648K), 0.0379160 secs] [Times: user=0.58 sys=0.03, real=0.03 secs] 
1834.509: [GC 1834.509: [ParNew: 428420K->29683K(440896K), 0.0663870 secs] 3065359K->2677066K(8339648K), 0.0666970 secs] [Times: user=0.59 sys=0.03, real=0.06 secs] 
1840.435: [GC 1840.435: [ParNew: 421619K->31811K(440896K), 0.0365260 secs] 3069002K->2682169K(8339648K), 0.0367380 secs] [Times: user=0.69 sys=0.01, real=0.04 secs] 
1841.893: [GC 1841.893: [ParNew: 423747K->35974K(440896K), 0.0408070 secs] 3074105K->2691725K(8339648K), 0.0410170 secs] [Times: user=0.50 sys=0.01, real=0.04 secs] 
1844.732: [GC 1844.732: [ParNew: 427910K->34544K(440896K), 0.0501710 secs] 3083661K->2693042K(8339648K), 0.0504680 secs] [Times: user=0.92 sys=0.00, real=0.05 secs] 
1846.365: [GC 1846.365: [ParNew: 426480K->36568K(440896K), 0.0419000 secs] 3084978K->2700686K(8339648K), 0.0421140 secs] [Times: user=0.67 sys=0.01, real=0.04 secs] 
1849.510: [GC 1849.510: [ParNew: 428504K->25070K(440896K), 0.0593180 secs] 3092622K->2699493K(8339648K), 0.0595710 secs] [Times: user=0.60 sys=0.02, real=0.06 secs] 
1855.321: [GC 1855.321: [ParNew: 417006K->32409K(440896K), 0.0367460 secs] 3091429K->2709814K(8339648K), 0.0369570 secs] [Times: user=0.70 sys=0.00, real=0.04 secs] 
1856.800: [GC 1856.800: [ParNew: 424345K->34118K(440896K), 0.0367850 secs] 3101750K->2716540K(8339648K), 0.0370020 secs] [Times: user=0.60 sys=0.00, real=0.04 secs] 
1860.050: [GC 1860.050: [ParNew: 426054K->39644K(440896K), 0.0540480 secs] 3108476K->2724671K(8339648K), 0.0542640 secs] [Times: user=0.98 sys=0.01, real=0.05 secs] 
1861.527: [GC 1861.527: [ParNew: 431580K->43574K(440896K), 0.0653100 secs] 3116607K->2733984K(8339648K), 0.0655050 secs] [Times: user=1.10 sys=0.01, real=0.06 secs] 
1863.023: [GC 1863.023: [ParNew: 435510K->37928K(440896K), 0.0742170 secs] 3125920K->2738292K(8339648K), 0.0744280 secs] [Times: user=0.87 sys=0.02, real=0.08 secs] 
1869.932: [GC 1869.932: [ParNew: 429864K->48960K(440896K), 0.0906420 secs] 3130228K->2754277K(8339648K), 0.0909080 secs] [Times: user=1.83 sys=0.00, real=0.09 secs] 
1871.555: [GC 1871.555: [ParNew: 440896K->29410K(440896K), 0.1668040 secs] 3146213K->2781354K(8339648K), 0.1670290 secs] [Times: user=2.21 sys=0.12, real=0.17 secs] 
1873.212: [GC 1873.212: [ParNew: 421346K->9714K(440896K), 0.0254620 secs] 3173290K->2761658K(8339648K), 0.0255950 secs] [Times: user=0.47 sys=0.00, real=0.03 secs] 
1875.760: [GC 1875.760: [ParNew: 401650K->12618K(440896K), 0.0216490 secs] 3153594K->2764562K(8339648K), 0.0217940 secs] [Times: user=0.43 sys=0.00, real=0.02 secs] 
1877.205: [GC 1877.205: [ParNew: 404554K->16728K(440896K), 0.0271240 secs] 3156498K->2768672K(8339648K), 0.0273340 secs] [Times: user=0.63 sys=0.00, real=0.03 secs] 
1884.936: [GC 1884.937: [ParNew: 408664K->29916K(440896K), 0.0455980 secs] 3160608K->2784835K(8339648K), 0.0458630 secs] [Times: user=0.89 sys=0.01, real=0.05 secs] 
1886.611: [GC 1886.611: [ParNew: 421852K->33078K(440896K), 0.0273220 secs] 3176771K->2790727K(8339648K), 0.0275340 secs] [Times: user=0.45 sys=0.02, real=0.03 secs] 
1889.728: [GC 1889.728: [ParNew: 425014K->37680K(440896K), 0.0392130 secs] 3182663K->2798303K(8339648K), 0.0394730 secs] [Times: user=0.71 sys=0.00, real=0.04 secs] 
1891.415: [GC 1891.415: [ParNew: 429616K->40465K(440896K), 0.0320210 secs] 3190239K->2804028K(8339648K), 0.0322380 secs] [Times: user=0.60 sys=0.00, real=0.03 secs] 
1892.893: [GC 1892.893: [ParNew: 432401K->32149K(440896K), 0.0758990 secs] 3195964K->2810634K(8339648K), 0.0761170 secs] [Times: user=0.50 sys=0.02, real=0.07 secs] 
1899.632: [GC 1899.632: [ParNew: 424085K->30123K(440896K), 0.0415480 secs] 3202570K->2809702K(8339648K), 0.0418000 secs] [Times: user=0.69 sys=0.00, real=0.04 secs] 
1901.269: [GC 1901.269: [ParNew: 422059K->32196K(440896K), 0.0437200 secs] 3201638K->2818890K(8339648K), 0.0439240 secs] [Times: user=0.49 sys=0.02, real=0.04 secs] 
1902.767: [GC 1902.767: [ParNew: 424132K->24676K(440896K), 0.0298910 secs] 3210826K->2813896K(8339648K), 0.0300740 secs] [Times: user=0.60 sys=0.00, real=0.03 secs] 
1905.606: [GC 1905.606: [ParNew: 416612K->30346K(440896K), 0.0338380 secs] 3205832K->2822413K(8339648K), 0.0340400 secs] [Times: user=0.63 sys=0.02, real=0.04 secs] 
1907.080: [GC 1907.081: [ParNew: 422282K->27154K(440896K), 0.0611770 secs] 3214349K->2829139K(8339648K), 0.0656390 secs] [Times: user=0.70 sys=0.01, real=0.06 secs] 
1914.940: [GC 1914.940: [ParNew: 419090K->32136K(440896K), 0.0479270 secs] 3221075K->2836655K(8339648K), 0.0481930 secs] [Times: user=0.93 sys=0.00, real=0.05 secs] 
1916.541: [GC 1916.542: [ParNew: 424072K->37523K(440896K), 0.0337510 secs] 3228591K->2844983K(8339648K), 0.0339610 secs] [Times: user=0.61 sys=0.02, real=0.03 secs] 
1919.796: [GC 1919.796: [ParNew: 429459K->43521K(440896K), 0.0427890 secs] 3236919K->2856128K(8339648K), 0.0430160 secs] [Times: user=0.84 sys=0.01, real=0.05 secs] 
1921.419: [GC 1921.419: [ParNew: 435457K->39631K(440896K), 0.0344700 secs] 3248064K->2855128K(8339648K), 0.0346530 secs] [Times: user=0.46 sys=0.01, real=0.03 secs] 
1922.882: [GC 1922.882: [ParNew: 431567K->31401K(440896K), 0.0711790 secs] 3247064K->2861757K(8339648K), 0.0713970 secs] [Times: user=0.57 sys=0.05, real=0.07 secs] 
1929.680: [GC 1929.680: [ParNew: 423337K->29637K(440896K), 0.0502610 secs] 3253693K->2862907K(8339648K), 0.0505780 secs] [Times: user=0.91 sys=0.02, real=0.05 secs] 
1931.325: [GC 1931.325: [ParNew: 421573K->29746K(440896K), 0.0409400 secs] 3254843K->2868368K(8339648K), 0.0411440 secs] [Times: user=0.73 sys=0.05, real=0.04 secs] 
1932.803: [GC 1932.803: [ParNew: 421682K->28396K(440896K), 0.0348640 secs] 3260304K->2869673K(8339648K), 0.0350490 secs] [Times: user=0.69 sys=0.01, real=0.04 secs] 
1935.688: [GC 1935.688: [ParNew: 420332K->29966K(440896K), 0.0461560 secs] 3261609K->2874176K(8339648K), 0.0463310 secs] [Times: user=0.72 sys=0.03, real=0.04 secs] 
1937.163: [GC 1937.163: [ParNew: 421902K->28235K(440896K), 0.0646080 secs] 3266112K->2882480K(8339648K), 0.0649170 secs] [Times: user=0.60 sys=0.00, real=0.07 secs] 
1944.950: [GC 1944.951: [ParNew: 420171K->33165K(440896K), 0.0492980 secs] 3274416K->2890221K(8339648K), 0.0495590 secs] [Times: user=0.91 sys=0.02, real=0.05 secs] 
1946.622: [GC 1946.622: [ParNew: 425101K->35652K(440896K), 0.0472910 secs] 3282157K->2900754K(8339648K), 0.0474990 secs] [Times: user=0.70 sys=0.02, real=0.05 secs] 
1949.693: [GC 1949.693: [ParNew: 427588K->38441K(440896K), 0.0388230 secs] 3292690K->2903543K(8339648K), 0.0390560 secs] [Times: user=0.91 sys=0.00, real=0.04 secs] 
1951.249: [GC 1951.249: [ParNew: 430377K->28751K(440896K), 0.0732450 secs] 3295479K->2912796K(8339648K), 0.0734680 secs] [Times: user=0.40 sys=0.03, real=0.07 secs] 
1952.762: [GC 1952.763: [ParNew: 420687K->20125K(440896K), 0.0277400 secs] 3304732K->2904171K(8339648K), 0.0278710 secs] [Times: user=0.46 sys=0.00, real=0.03 secs] 
1956.877: [GC 1956.877: [ParNew: 412061K->24705K(440896K), 0.0314490 secs] 3296107K->2911635K(8339648K), 0.0316800 secs] [Times: user=0.66 sys=0.00, real=0.04 secs] 
1960.996: [GC 1960.996: [ParNew: 416641K->29878K(440896K), 0.0460490 secs] 3303571K->2921822K(8339648K), 0.0462550 secs] [Times: user=0.77 sys=0.02, real=0.05 secs] 
1962.463: [GC 1962.464: [ParNew: 421814K->30704K(440896K), 0.0302120 secs] 3313758K->2925511K(8339648K), 0.0303920 secs] [Times: user=0.46 sys=0.02, real=0.03 secs] 
1964.411: [GC 1964.411: [ParNew: 422640K->29720K(440896K), 0.0331660 secs] 3317447K->2927426K(8339648K), 0.0333570 secs] [Times: user=0.47 sys=0.00, real=0.03 secs] 
1965.851: [GC 1965.851: [ParNew: 421656K->26632K(440896K), 0.0561390 secs] 3319362K->2930352K(8339648K), 0.0563610 secs] [Times: user=0.84 sys=0.01, real=0.06 secs] 
1973.592: [GC 1973.592: [ParNew: 418568K->30434K(440896K), 0.0519360 secs] 3322288K->2941033K(8339648K), 0.0522050 secs] [Times: user=0.76 sys=0.02, real=0.05 secs] 
1975.220: [GC 1975.220: [ParNew: 422370K->35701K(440896K), 0.0337650 secs] 3332969K->2949178K(8339648K), 0.0339620 secs] [Times: user=0.45 sys=0.01, real=0.03 secs] 
1976.680: [GC 1976.680: [ParNew: 427637K->36489K(440896K), 0.0315090 secs] 3341114K->2952728K(8339648K), 0.0317110 secs] [Times: user=0.44 sys=0.02, real=0.03 secs] 
1980.063: [GC 1980.063: [ParNew: 428425K->38351K(440896K), 0.0346380 secs] 3344664K->2957478K(8339648K), 0.0348440 secs] [Times: user=0.67 sys=0.01, real=0.04 secs] 
1981.520: [GC 1981.520: [ParNew: 430287K->32695K(440896K), 0.0858010 secs] 3349414K->2966770K(8339648K), 0.0859970 secs] [Times: user=0.69 sys=0.02, real=0.08 secs] 
1984.107: [GC 1984.107: [ParNew: 424631K->23068K(440896K), 0.0266630 secs] 3358706K->2959812K(8339648K), 0.0268540 secs] [Times: user=0.54 sys=0.01, real=0.03 secs] 
1989.781: [GC 1989.781: [ParNew: 415004K->30158K(440896K), 0.0373630 secs] 3351748K->2969835K(8339648K), 0.0375670 secs] [Times: user=0.69 sys=0.01, real=0.04 secs] 
1991.229: [GC 1991.229: [ParNew: 422094K->30740K(440896K), 0.0365760 secs] 3361771K->2975630K(8339648K), 0.0367740 secs] [Times: user=0.56 sys=0.01, real=0.03 secs] 
1994.180: [GC 1994.180: [ParNew: 422676K->32010K(440896K), 0.0341120 secs] 3367566K->2979530K(8339648K), 0.0342910 secs] [Times: user=0.62 sys=0.02, real=0.03 secs] 
1995.660: [GC 1995.660: [ParNew: 423946K->33755K(440896K), 0.0372130 secs] 3371466K->2986464K(8339648K), 0.0374300 secs] [Times: user=0.44 sys=0.00, real=0.04 secs] 
1999.261: [GC 1999.261: [ParNew: 425691K->26698K(440896K), 0.0527180 secs] 3378400K->2987199K(8339648K), 0.0529340 secs] [Times: user=0.74 sys=0.01, real=0.05 secs] 
2004.836: [GC 2004.836: [ParNew: 418634K->35534K(440896K), 0.0436530 secs] 3379135K->2998936K(8339648K), 0.0438640 secs] [Times: user=0.78 sys=0.00, real=0.05 secs] 
2006.317: [GC 2006.317: [ParNew: 427470K->32002K(440896K), 0.0397990 secs] 3390872K->3000990K(8339648K), 0.0400010 secs] [Times: user=0.61 sys=0.00, real=0.04 secs] 
2009.670: [GC 2009.670: [ParNew: 423938K->39183K(440896K), 0.0383230 secs] 3392926K->3011023K(8339648K), 0.0385310 secs] [Times: user=0.69 sys=0.01, real=0.04 secs] 
2011.123: [GC 2011.123: [ParNew: 431119K->36659K(440896K), 0.0616610 secs] 3402959K->3016059K(8339648K), 0.0618740 secs] [Times: user=0.89 sys=0.00, real=0.06 secs] 
2013.656: [GC 2013.656: [ParNew: 428595K->26080K(440896K), 0.0550980 secs] 3407995K->3013271K(8339648K), 0.0553510 secs] [Times: user=0.93 sys=0.01, real=0.06 secs] 
2019.505: [GC 2019.505: [ParNew: 418016K->34239K(440896K), 0.0391040 secs] 3405207K->3024158K(8339648K), 0.0393160 secs] [Times: user=0.66 sys=0.01, real=0.04 secs] 
2020.957: [GC 2020.957: [ParNew: 426175K->33476K(440896K), 0.0448110 secs] 3416094K->3031046K(8339648K), 0.0450190 secs] [Times: user=0.58 sys=0.03, real=0.05 secs] 
2023.909: [GC 2023.909: [ParNew: 425412K->29111K(440896K), 0.0420120 secs] 3422982K->3029723K(8339648K), 0.0423580 secs] [Times: user=0.70 sys=0.01, real=0.04 secs] 
2025.457: [GC 2025.457: [ParNew: 421047K->32009K(440896K), 0.0337000 secs] 3421659K->3035586K(8339648K), 0.0338960 secs] [Times: user=0.47 sys=0.02, real=0.04 secs] 
2028.781: [GC 2028.781: [ParNew: 423945K->29772K(440896K), 0.0647090 secs] 3427522K->3043439K(8339648K), 0.0649670 secs] [Times: user=0.64 sys=0.04, real=0.06 secs] 
2034.564: [GC 2034.564: [ParNew: 421708K->28608K(440896K), 0.0574280 secs] 3435375K->3045395K(8339648K), 0.0576280 secs] [Times: user=1.11 sys=0.03, real=0.06 secs] 
2036.046: [GC 2036.046: [ParNew: 420544K->34842K(440896K), 0.0377010 secs] 3437331K->3056706K(8339648K), 0.0379120 secs] [Times: user=0.54 sys=0.01, real=0.04 secs] 
2039.300: [GC 2039.300: [ParNew: 426778K->36836K(440896K), 0.0925750 secs] 3448642K->3061654K(8339648K), 0.0928880 secs] [Times: user=1.83 sys=0.00, real=0.09 secs] 
2040.952: [GC 2040.952: [ParNew: 428772K->35360K(440896K), 0.0391870 secs] 3453590K->3065545K(8339648K), 0.0393940 secs] [Times: user=0.48 sys=0.02, real=0.04 secs] 
2042.455: [GC 2042.455: [ParNew: 427296K->30893K(440896K), 0.0606210 secs] 3457481K->3071103K(8339648K), 0.0608200 secs] [Times: user=0.68 sys=0.02, real=0.06 secs] 
2049.213: [GC 2049.213: [ParNew: 422829K->30307K(440896K), 0.0479120 secs] 3463039K->3073519K(8339648K), 0.0481560 secs] [Times: user=0.91 sys=0.01, real=0.05 secs] 
2050.800: [GC 2050.800: [ParNew: 422243K->33228K(440896K), 0.0410760 secs] 3465455K->3082725K(8339648K), 0.0412870 secs] [Times: user=0.46 sys=0.03, real=0.04 secs] 
2052.267: [GC 2052.267: [ParNew: 425164K->32747K(440896K), 0.0748410 secs] 3474661K->3086661K(8339648K), 0.0750410 secs] [Times: user=1.40 sys=0.01, real=0.08 secs] 
2055.017: [GC 2055.017: [ParNew: 424683K->30968K(440896K), 0.0438880 secs] 3478597K->3085340K(8339648K), 0.0441030 secs] [Times: user=0.80 sys=0.00, real=0.04 secs] 
2056.462: [GC 2056.462: [ParNew: 422904K->28005K(440896K), 0.0718840 secs] 3477276K->3094686K(8339648K), 0.0721030 secs] [Times: user=0.75 sys=0.01, real=0.07 secs] 
2064.127: [GC 2064.127: [ParNew: 419941K->30680K(440896K), 0.0611990 secs] 3486622K->3100293K(8339648K), 0.0615280 secs] [Times: user=1.29 sys=0.01, real=0.06 secs] 
2065.758: [GC 2065.758: [ParNew: 422616K->35724K(440896K), 0.0357160 secs] 3492229K->3108303K(8339648K), 0.0359300 secs] [Times: user=0.49 sys=0.01, real=0.03 secs] 
2068.917: [GC 2068.917: [ParNew: 427660K->37623K(440896K), 0.0570280 secs] 3500239K->3115517K(8339648K), 0.0572820 secs] [Times: user=0.99 sys=0.02, real=0.05 secs] 
2070.584: [GC 2070.584: [ParNew: 429559K->36848K(440896K), 0.0454010 secs] 3507453K->3117545K(8339648K), 0.0456070 secs] [Times: user=0.92 sys=0.00, real=0.05 secs] 
2072.051: [GC 2072.051: [ParNew: 428784K->30727K(440896K), 0.0665130 secs] 3509481K->3123968K(8339648K), 0.0667950 secs] [Times: user=0.47 sys=0.03, real=0.07 secs] 
2078.771: [GC 2078.771: [ParNew: 422663K->30145K(440896K), 0.0418310 secs] 3515904K->3126270K(8339648K), 0.0420900 secs] [Times: user=0.68 sys=0.01, real=0.04 secs] 
2080.365: [GC 2080.365: [ParNew: 422081K->33807K(440896K), 0.0382920 secs] 3518206K->3135259K(8339648K), 0.0385090 secs] [Times: user=0.51 sys=0.02, real=0.04 secs] 
2081.841: [GC 2081.842: [ParNew: 425743K->32466K(440896K), 0.0310660 secs] 3527195K->3136877K(8339648K), 0.0312990 secs] [Times: user=0.46 sys=0.01, real=0.03 secs] 
2084.700: [GC 2084.700: [ParNew: 424402K->34726K(440896K), 0.0311220 secs] 3528813K->3141406K(8339648K), 0.0313430 secs] [Times: user=0.46 sys=0.00, real=0.03 secs] 
2086.163: [GC 2086.164: [ParNew: 426662K->30289K(440896K), 0.0646770 secs] 3533342K->3149484K(8339648K), 0.0648980 secs] [Times: user=0.48 sys=0.06, real=0.07 secs] 
2094.030: [GC 2094.030: [ParNew: 422225K->30026K(440896K), 0.0385330 secs] 3541420K->3151967K(8339648K), 0.0388090 secs] [Times: user=0.70 sys=0.00, real=0.04 secs] 
2095.677: [GC 2095.677: [ParNew: 421962K->35106K(440896K), 0.0341300 secs] 3543903K->3159887K(8339648K), 0.0343390 secs] [Times: user=0.54 sys=0.01, real=0.04 secs] 
2098.813: [GC 2098.813: [ParNew: 427042K->38825K(440896K), 0.0550500 secs] 3551823K->3168730K(8339648K), 0.0553110 secs] [Times: user=1.01 sys=0.03, real=0.06 secs] 
2100.472: [GC 2100.472: [ParNew: 430761K->38178K(440896K), 0.0342000 secs] 3560666K->3170678K(8339648K), 0.0344170 secs] [Times: user=0.68 sys=0.00, real=0.03 secs] 
2101.944: [GC 2101.944: [ParNew: 430114K->33212K(440896K), 0.0758830 secs] 3562614K->3178917K(8339648K), 0.0761040 secs] [Times: user=0.55 sys=0.02, real=0.08 secs] 
2108.746: [GC 2108.746: [ParNew: 425148K->31005K(440896K), 0.0436200 secs] 3570853K->3179337K(8339648K), 0.0438860 secs] [Times: user=0.89 sys=0.00, real=0.05 secs] 
2110.345: [GC 2110.345: [ParNew: 422941K->32195K(440896K), 0.0380440 secs] 3571273K->3185749K(8339648K), 0.0382590 secs] [Times: user=0.55 sys=0.00, real=0.04 secs] 
2111.794: [GC 2111.794: [ParNew: 424131K->33756K(440896K), 0.0299860 secs] 3577685K->3190178K(8339648K), 0.0302160 secs] [Times: user=0.51 sys=0.00, real=0.03 secs] 
2114.684: [GC 2114.685: [ParNew: 425692K->36597K(440896K), 0.0401580 secs] 3582114K->3195392K(8339648K), 0.0403710 secs] [Times: user=0.73 sys=0.02, real=0.04 secs] 
2116.164: [GC 2116.164: [ParNew: 428533K->33277K(440896K), 0.0694190 secs] 3587328K->3204929K(8339648K), 0.0696420 secs] [Times: user=0.68 sys=0.03, real=0.07 secs] 
2123.924: [GC 2123.924: [ParNew: 425213K->30805K(440896K), 0.0490440 secs] 3596865K->3205135K(8339648K), 0.0493140 secs] [Times: user=0.91 sys=0.00, real=0.05 secs] 
2125.519: [GC 2125.519: [ParNew: 422741K->34564K(440896K), 0.0358970 secs] 3597071K->3211868K(8339648K), 0.0361070 secs] [Times: user=0.60 sys=0.02, real=0.03 secs] 
2128.598: [GC 2128.598: [ParNew: 426500K->36968K(440896K), 0.1096450 secs] 3603804K->3219548K(8339648K), 0.1099030 secs] [Times: user=2.16 sys=0.04, real=0.11 secs] 
2130.339: [GC 2130.340: [ParNew: 428904K->40468K(440896K), 0.0301450 secs] 3611484K->3226005K(8339648K), 0.0303540 secs] [Times: user=0.44 sys=0.01, real=0.03 secs] 
2131.816: [GC 2131.816: [ParNew: 432404K->32019K(440896K), 0.0627330 secs] 3617941K->3230361K(8339648K), 0.0629530 secs] [Times: user=0.48 sys=0.03, real=0.07 secs] 
2134.315: [GC 2134.315: [ParNew: 423955K->23800K(440896K), 0.0328140 secs] 3622297K->3224832K(8339648K), 0.0330540 secs] [Times: user=0.70 sys=0.00, real=0.04 secs] 
2140.071: [GC 2140.071: [ParNew: 415736K->31437K(440896K), 0.0418520 secs] 3616768K->3237856K(8339648K), 0.0420740 secs] [Times: user=0.65 sys=0.03, real=0.04 secs] 
2141.547: [GC 2141.547: [ParNew: 423373K->33049K(440896K), 0.0360340 secs] 3629792K->3242434K(8339648K), 0.0362570 secs] [Times: user=0.53 sys=0.03, real=0.04 secs] 
2144.413: [GC 2144.414: [ParNew: 424985K->34158K(440896K), 0.0411590 secs] 3634370K->3246518K(8339648K), 0.0414150 secs] [Times: user=0.89 sys=0.00, real=0.04 secs] 
2146.012: [GC 2146.012: [ParNew: 426094K->31501K(440896K), 0.0429600 secs] 3638454K->3249010K(8339648K), 0.0431600 secs] [Times: user=0.56 sys=0.01, real=0.04 secs] 
2149.377: [GC 2149.377: [ParNew: 423437K->29428K(440896K), 0.0624660 secs] 3640946K->3257034K(8339648K), 0.0627480 secs] [Times: user=0.63 sys=0.03, real=0.07 secs] 
2155.066: [GC 2155.066: [ParNew: 421364K->30300K(440896K), 0.0367070 secs] 3648970K->3259853K(8339648K), 0.0369080 secs] [Times: user=0.64 sys=0.00, real=0.04 secs] 
2156.507: [GC 2156.507: [ParNew: 422236K->35376K(440896K), 0.0347630 secs] 3651789K->3268501K(8339648K), 0.0349500 secs] [Times: user=0.54 sys=0.00, real=0.04 secs] 
2159.876: [GC 2159.876: [ParNew: 427312K->37529K(440896K), 0.0378850 secs] 3660437K->3275608K(8339648K), 0.0380860 secs] [Times: user=0.50 sys=0.02, real=0.04 secs] 
2161.333: [GC 2161.333: [ParNew: 429465K->35027K(440896K), 0.0413670 secs] 3667544K->3278541K(8339648K), 0.0415840 secs] [Times: user=0.51 sys=0.02, real=0.04 secs] 
2164.039: [GC 2164.039: [ParNew: 426963K->32409K(440896K), 0.0637110 secs] 3670477K->3285799K(8339648K), 0.0639770 secs] [Times: user=0.68 sys=0.02, real=0.06 secs] 
2169.957: [GC 2169.958: [ParNew: 424345K->31126K(440896K), 0.0374630 secs] 3677735K->3287514K(8339648K), 0.0376730 secs] [Times: user=0.65 sys=0.02, real=0.03 secs] 
2171.433: [GC 2171.434: [ParNew: 423062K->34807K(440896K), 0.0393860 secs] 3679450K->3296665K(8339648K), 0.0395820 secs] [Times: user=0.52 sys=0.00, real=0.04 secs] 
2174.120: [GC 2174.120: [ParNew: 426743K->33482K(440896K), 0.0489130 secs] 3688601K->3298265K(8339648K), 0.0491370 secs] [Times: user=0.93 sys=0.00, real=0.05 secs] 
2175.742: [GC 2175.742: [ParNew: 425418K->34101K(440896K), 0.0403360 secs] 3690201K->3304223K(8339648K), 0.0405100 secs] [Times: user=0.51 sys=0.02, real=0.04 secs] 
2178.960: [GC 2178.961: [ParNew: 426037K->26747K(440896K), 0.0661790 secs] 3696159K->3307042K(8339648K), 0.0664930 secs] [Times: user=0.70 sys=0.01, real=0.06 secs] 
2184.810: [GC 2184.810: [ParNew: 418683K->30136K(440896K), 0.0419830 secs] 3698978K->3313524K(8339648K), 0.0421450 secs] [Times: user=0.69 sys=0.00, real=0.04 secs] 
2186.280: [GC 2186.280: [ParNew: 422072K->33693K(440896K), 0.0332220 secs] 3705460K->3320239K(8339648K), 0.0334030 secs] [Times: user=0.44 sys=0.01, real=0.03 secs] 
2189.552: [GC 2189.552: [ParNew: 425629K->37724K(440896K), 0.0377080 secs] 3712175K->3327200K(8339648K), 0.0378800 secs] [Times: user=0.70 sys=0.00, real=0.04 secs] 
2191.016: [GC 2191.016: [ParNew: 429660K->36731K(440896K), 0.0524010 secs] 3719136K->3334116K(8339648K), 0.0526100 secs] [Times: user=0.69 sys=0.04, real=0.06 secs] 
2192.464: [GC 2192.464: [ParNew: 428667K->26488K(440896K), 0.0505770 secs] 3726052K->3331574K(8339648K), 0.0507530 secs] [Times: user=0.65 sys=0.03, real=0.05 secs] 
2199.179: [GC 2199.179: [ParNew: 418424K->32324K(440896K), 0.0469000 secs] 3723510K->3340291K(8339648K), 0.0471450 secs] [Times: user=0.77 sys=0.02, real=0.04 secs] 
2200.786: [GC 2200.786: [ParNew: 424260K->34817K(440896K), 0.0422590 secs] 3732227K->3350335K(8339648K), 0.0424590 secs] [Times: user=0.65 sys=0.02, real=0.05 secs] 
2202.240: [GC 2202.240: [ParNew: 426753K->25555K(440896K), 0.0442460 secs] 3742271K->3343898K(8339648K), 0.0443860 secs] [Times: user=0.82 sys=0.00, real=0.04 secs] 
2204.957: [GC 2204.958: [ParNew: 417491K->31380K(440896K), 0.0388200 secs] 3735834K->3352697K(8339648K), 0.0390090 secs] [Times: user=0.73 sys=0.02, real=0.03 secs] 
2206.263: [GC 2206.263: [ParNew: 423316K->27129K(440896K), 0.0559780 secs] 3744633K->3358503K(8339648K), 0.0561880 secs] [Times: user=0.45 sys=0.03, real=0.06 secs] 
2214.161: [GC 2214.161: [ParNew: 419065K->29108K(440896K), 0.0385210 secs] 3750439K->3363170K(8339648K), 0.0387910 secs] [Times: user=0.70 sys=0.00, real=0.04 secs] 
2215.544: [GC 2215.545: [ParNew: 421044K->35958K(440896K), 0.0355960 secs] 3755106K->3372895K(8339648K), 0.0358270 secs] [Times: user=0.62 sys=0.02, real=0.04 secs] 
2219.184: [GC 2219.184: [ParNew: 427894K->39023K(440896K), 0.0580360 secs] 3764831K->3381350K(8339648K), 0.0583610 secs] [Times: user=1.06 sys=0.01, real=0.06 secs] 
2220.597: [GC 2220.598: [ParNew: 430959K->37477K(440896K), 0.0325470 secs] 3773286K->3382665K(8339648K), 0.0328030 secs] [Times: user=0.51 sys=0.01, real=0.03 secs] 
2221.790: [GC 2221.790: [ParNew: 429413K->31133K(440896K), 0.0780390 secs] 3774601K->3389093K(8339648K), 0.0782580 secs] [Times: user=0.59 sys=0.02, real=0.08 secs] 
2228.910: [GC 2228.910: [ParNew: 423069K->29973K(440896K), 0.0464750 secs] 3781029K->3390681K(8339648K), 0.0467510 secs] [Times: user=0.92 sys=0.00, real=0.04 secs] 
2230.270: [GC 2230.270: [ParNew: 421909K->33350K(440896K), 0.0377440 secs] 3782617K->3399670K(8339648K), 0.0379740 secs] [Times: user=0.62 sys=0.01, real=0.04 secs] 
2231.478: [GC 2231.479: [ParNew: 425286K->32497K(440896K), 0.0385980 secs] 3791606K->3401687K(8339648K), 0.0388160 secs] [Times: user=0.63 sys=0.01, real=0.04 secs] 
2234.666: [GC 2234.666: [ParNew: 424433K->36646K(440896K), 0.0326750 secs] 3793623K->3408691K(8339648K), 0.0328990 secs] [Times: user=0.60 sys=0.02, real=0.04 secs] 
2235.855: [GC 2235.855: [ParNew: 428582K->28135K(440896K), 0.0681380 secs] 3800627K->3412270K(8339648K), 0.0683530 secs] [Times: user=0.63 sys=0.02, real=0.07 secs] 
2243.936: [GC 2243.937: [ParNew: 420071K->29805K(440896K), 0.0450150 secs] 3804206K->3416586K(8339648K), 0.0452960 secs] [Times: user=0.87 sys=0.00, real=0.05 secs] 
2245.414: [GC 2245.414: [ParNew: 421741K->34969K(440896K), 0.0350020 secs] 3808522K->3424623K(8339648K), 0.0352560 secs] [Times: user=0.70 sys=0.00, real=0.04 secs] 
2248.837: [GC 2248.837: [ParNew: 426905K->40063K(440896K), 0.0487060 secs] 3816559K->3435144K(8339648K), 0.0489770 secs] [Times: user=0.77 sys=0.03, real=0.05 secs] 
2250.287: [GC 2250.287: [ParNew: 431999K->39390K(440896K), 0.0344300 secs] 3827080K->3435315K(8339648K), 0.0346480 secs] [Times: user=0.60 sys=0.00, real=0.04 secs] 
2251.579: [GC 2251.579: [ParNew: 431326K->35174K(440896K), 0.0925140 secs] 3827251K->3445762K(8339648K), 0.0927240 secs] [Times: user=0.47 sys=0.02, real=0.09 secs] 
2254.394: [GC 2254.394: [ParNew: 427110K->22699K(440896K), 0.0386200 secs] 3837698K->3436057K(8339648K), 0.0388810 secs] [Times: user=0.69 sys=0.00, real=0.04 secs] 
2260.014: [GC 2260.015: [ParNew: 414635K->29568K(440896K), 0.0458800 secs] 3827993K->3448295K(8339648K), 0.0461050 secs] [Times: user=0.80 sys=0.00, real=0.05 secs] 
2261.351: [GC 2261.351: [ParNew: 421504K->28771K(440896K), 0.0319460 secs] 3840231K->3450450K(8339648K), 0.0321600 secs] [Times: user=0.48 sys=0.01, real=0.03 secs] 
2264.570: [GC 2264.570: [ParNew: 420707K->32251K(440896K), 0.0327490 secs] 3842386K->3456380K(8339648K), 0.0329650 secs] [Times: user=0.45 sys=0.00, real=0.03 secs] 
2265.682: [GC 2265.682: [ParNew: 424187K->31007K(440896K), 0.0389530 secs] 3848316K->3460368K(8339648K), 0.0391690 secs] [Times: user=0.48 sys=0.02, real=0.04 secs] 
2273.910: [GC 2273.910: [ParNew: 422943K->34841K(440896K), 0.0646990 secs] 3852304K->3474123K(8339648K), 0.0649780 secs] [Times: user=0.85 sys=0.02, real=0.06 secs] 
2275.260: [GC 2275.260: [ParNew: 426777K->39432K(440896K), 0.0302900 secs] 3866059K->3479170K(8339648K), 0.0304930 secs] [Times: user=0.45 sys=0.02, real=0.03 secs] 
2278.776: [GC 2278.776: [ParNew: 431368K->41260K(440896K), 0.0594080 secs] 3871106K->3486971K(8339648K), 0.0596780 secs] [Times: user=0.93 sys=0.01, real=0.06 secs] 
2280.039: [GC 2280.039: [ParNew: 433196K->38381K(440896K), 0.0305540 secs] 3878907K->3485935K(8339648K), 0.0307740 secs] [Times: user=0.45 sys=0.00, real=0.03 secs] 
2281.147: [GC 2281.147: [ParNew: 430317K->33793K(440896K), 0.0816400 secs] 3877871K->3495683K(8339648K), 0.0818630 secs] [Times: user=0.76 sys=0.04, real=0.09 secs] 
2288.750: [GC 2288.750: [ParNew: 425729K->30136K(440896K), 0.0523610 secs] 3887619K->3494737K(8339648K), 0.0526300 secs] [Times: user=0.91 sys=0.02, real=0.05 secs] 
2290.001: [GC 2290.001: [ParNew: 422072K->32490K(440896K), 0.0504240 secs] 3886673K->3502360K(8339648K), 0.0506450 secs] [Times: user=0.63 sys=0.01, real=0.05 secs] 
2291.161: [GC 2291.161: [ParNew: 424426K->33217K(440896K), 0.0343080 secs] 3894296K->3506039K(8339648K), 0.0345170 secs] [Times: user=0.58 sys=0.02, real=0.03 secs] 
2294.593: [GC 2294.593: [ParNew: 425153K->28134K(440896K), 0.0364290 secs] 3897975K->3503492K(8339648K), 0.0366450 secs] [Times: user=0.47 sys=0.03, real=0.04 secs] 
2295.694: [GC 2295.695: [ParNew: 420070K->27343K(440896K), 0.0737990 secs] 3895428K->3515441K(8339648K), 0.0740230 secs] [Times: user=0.57 sys=0.05, real=0.08 secs] 
2303.885: [GC 2303.885: [ParNew: 419279K->29055K(440896K), 0.0489680 secs] 3907377K->3520058K(8339648K), 0.0492520 secs] [Times: user=0.91 sys=0.02, real=0.05 secs] 
2305.199: [GC 2305.199: [ParNew: 420991K->37305K(440896K), 0.0319570 secs] 3911994K->3528761K(8339648K), 0.0321780 secs] [Times: user=0.46 sys=0.02, real=0.03 secs] 
2308.785: [GC 2308.785: [ParNew: 429241K->42974K(440896K), 0.0555010 secs] 3920697K->3539384K(8339648K), 0.0557760 secs] [Times: user=1.10 sys=0.03, real=0.06 secs] 
2310.126: [GC 2310.127: [ParNew: 434910K->39662K(440896K), 0.0436240 secs] 3931320K->3538986K(8339648K), 0.0438480 secs] [Times: user=0.76 sys=0.00, real=0.05 secs] 
2311.272: [GC 2311.272: [ParNew: 431598K->32967K(440896K), 0.0846830 secs] 3930922K->3546969K(8339648K), 0.0849130 secs] [Times: user=0.76 sys=0.05, real=0.08 secs] 
2318.727: [GC 2318.727: [ParNew: 424903K->31934K(440896K), 0.0514370 secs] 3938905K->3548656K(8339648K), 0.0517160 secs] [Times: user=1.07 sys=0.00, real=0.06 secs] 
2320.011: [GC 2320.011: [ParNew: 423870K->33636K(440896K), 0.0389150 secs] 3940592K->3555397K(8339648K), 0.0391420 secs] [Times: user=0.68 sys=0.01, real=0.04 secs] 
2321.158: [GC 2321.158: [ParNew: 425572K->32028K(440896K), 0.0287980 secs] 3947333K->3556689K(8339648K), 0.0290210 secs] [Times: user=0.52 sys=0.01, real=0.02 secs] 
2324.540: [GC 2324.540: [ParNew: 423964K->36355K(440896K), 0.0368850 secs] 3948625K->3563845K(8339648K), 0.0371110 secs] [Times: user=0.68 sys=0.01, real=0.04 secs] 
2325.652: [GC 2325.652: [ParNew: 428291K->31009K(440896K), 0.0701280 secs] 3955781K->3571340K(8339648K), 0.0703420 secs] [Times: user=0.55 sys=0.06, real=0.07 secs] 
2333.827: [GC 2333.827: [ParNew: 422945K->28609K(440896K), 0.0456000 secs] 3963276K->3572050K(8339648K), 0.0458780 secs] [Times: user=0.86 sys=0.01, real=0.05 secs] 
2335.155: [GC 2335.155: [ParNew: 420545K->36644K(440896K), 0.0303850 secs] 3963986K->3580539K(8339648K), 0.0306100 secs] [Times: user=0.69 sys=0.00, real=0.03 secs] 
2336.257: [GC 2336.257: [ParNew: 428580K->35739K(440896K), 0.0478580 secs] 3972475K->3587326K(8339648K), 0.0480670 secs] [Times: user=0.53 sys=0.06, real=0.04 secs] 
2339.877: [GC 2339.877: [ParNew: 427675K->33037K(440896K), 0.0429390 secs] 3979262K->3585111K(8339648K), 0.0431620 secs] [Times: user=0.84 sys=0.00, real=0.05 secs] 
2340.996: [GC 2340.996: [ParNew: 424973K->31070K(440896K), 0.0921570 secs] 3977047K->3597878K(8339648K), 0.0923790 secs] [Times: user=0.98 sys=0.01, real=0.10 secs] 
2344.205: [GC 2344.205: [ParNew: 423006K->22934K(440896K), 0.0316040 secs] 3989814K->3592397K(8339648K), 0.0318590 secs] [Times: user=0.66 sys=0.01, real=0.03 secs] 
2349.856: [GC 2349.856: [ParNew: 414870K->33205K(440896K), 0.0372920 secs] 3984333K->3603159K(8339648K), 0.0375190 secs] [Times: user=0.89 sys=0.00, real=0.04 secs] 
2350.986: [GC 2350.986: [ParNew: 425141K->32615K(440896K), 0.0517390 secs] 3995095K->3610072K(8339648K), 0.0519620 secs] [Times: user=0.87 sys=0.00, real=0.06 secs] 
2354.416: [GC 2354.416: [ParNew: 424551K->28406K(440896K), 0.0379210 secs] 4002008K->3608441K(8339648K), 0.0381650 secs] [Times: user=0.68 sys=0.01, real=0.04 secs] 
2355.526: [GC 2355.526: [ParNew: 420342K->30176K(440896K), 0.0372760 secs] 4000377K->3615678K(8339648K), 0.0374950 secs] [Times: user=0.51 sys=0.01, real=0.04 secs] 
2363.753: [GC 2363.753: [ParNew: 422112K->36436K(440896K), 0.0568040 secs] 4007614K->3630639K(8339648K), 0.0570620 secs] [Times: user=0.69 sys=0.02, real=0.06 secs] 
2365.104: [GC 2365.104: [ParNew: 428372K->38709K(440896K), 0.0312580 secs] 4022575K->3634390K(8339648K), 0.0314880 secs] [Times: user=0.69 sys=0.00, real=0.03 secs] 
2366.208: [GC 2366.208: [ParNew: 430645K->38723K(440896K), 0.0396970 secs] 4026326K->3639920K(8339648K), 0.0399240 secs] [Times: user=0.58 sys=0.02, real=0.04 secs] 
2369.837: [GC 2369.837: [ParNew: 430659K->33760K(440896K), 0.0454770 secs] 4031856K->3637824K(8339648K), 0.0456910 secs] [Times: user=0.78 sys=0.03, real=0.05 secs] 
2370.967: [GC 2370.967: [ParNew: 425696K->29793K(440896K), 0.0824200 secs] 4029760K->3648527K(8339648K), 0.0826470 secs] [Times: user=0.86 sys=0.03, real=0.09 secs] 
2374.128: [GC 2374.128: [ParNew: 421729K->22670K(440896K), 0.0353980 secs] 4040463K->3644457K(8339648K), 0.0356680 secs] [Times: user=0.44 sys=0.02, real=0.03 secs] 
2379.713: [GC 2379.713: [ParNew: 414606K->32600K(440896K), 0.0304060 secs] 4036393K->3654875K(8339648K), 0.0306390 secs] [Times: user=0.67 sys=0.00, real=0.03 secs] 
2380.818: [GC 2380.818: [ParNew: 424536K->33507K(440896K), 0.0463120 secs] 4046811K->3663360K(8339648K), 0.0465360 secs] [Times: user=0.52 sys=0.01, real=0.04 secs] 
2384.144: [GC 2384.144: [ParNew: 425443K->29625K(440896K), 0.0471700 secs] 4055296K->3662257K(8339648K), 0.0474450 secs] [Times: user=0.93 sys=0.01, real=0.05 secs] 
2385.415: [GC 2385.415: [ParNew: 421561K->33574K(440896K), 0.0387290 secs] 4054193K->3671920K(8339648K), 0.0389570 secs] [Times: user=0.51 sys=0.01, real=0.04 secs] 
2389.185: [GC 2389.185: [ParNew: 425510K->27164K(440896K), 0.0543400 secs] 4063856K->3673666K(8339648K), 0.0546140 secs] [Times: user=0.82 sys=0.02, real=0.06 secs] 
2394.342: [GC 2394.342: [ParNew: 419100K->34168K(440896K), 0.0412580 secs] 4065602K->3683276K(8339648K), 0.0415410 secs] [Times: user=0.66 sys=0.00, real=0.04 secs] 
2395.562: [GC 2395.562: [ParNew: 426104K->36671K(440896K), 0.0531830 secs] 4075212K->3691091K(8339648K), 0.0534070 secs] [Times: user=0.91 sys=0.00, real=0.05 secs] 
2399.545: [GC 2399.545: [ParNew: 428607K->33084K(440896K), 0.0408070 secs] 4083027K->3690510K(8339648K), 0.0410490 secs] [Times: user=0.91 sys=0.01, real=0.04 secs] 
2400.682: [GC 2400.682: [ParNew: 425020K->34596K(440896K), 0.0500420 secs] 4082446K->3699495K(8339648K), 0.0502640 secs] [Times: user=0.72 sys=0.01, real=0.05 secs] 
2401.902: [GC 2401.902: [ParNew: 426532K->21080K(440896K), 0.0424120 secs] 4091431K->3694086K(8339648K), 0.0426540 secs] [Times: user=0.48 sys=0.03, real=0.04 secs] 
2409.456: [GC 2409.456: [ParNew: 413016K->32602K(440896K), 0.0352160 secs] 4086022K->3708241K(8339648K), 0.0354510 secs] [Times: user=0.69 sys=0.01, real=0.04 secs] 
2410.568: [GC 2410.568: [ParNew: 424538K->35000K(440896K), 0.0453760 secs] 4100177K->3718199K(8339648K), 0.0455880 secs] [Times: user=0.54 sys=0.03, real=0.04 secs] 
2413.791: [GC 2413.791: [ParNew: 426936K->32587K(440896K), 0.0400570 secs] 4110135K->3716243K(8339648K), 0.0403150 secs] [Times: user=0.70 sys=0.00, real=0.04 secs] 
2415.036: [GC 2415.036: [ParNew: 424523K->33243K(440896K), 0.0336840 secs] 4108179K->3719768K(8339648K), 0.0339030 secs] [Times: user=0.54 sys=0.00, real=0.04 secs] 
2418.775: [GC 2418.775: [ParNew: 425179K->32318K(440896K), 0.0733800 secs] 4111704K->3731185K(8339648K), 0.0736560 secs] [Times: user=0.72 sys=0.05, real=0.07 secs] 
2424.015: [GC 2424.015: [ParNew: 424254K->30979K(440896K), 0.0766670 secs] 4123121K->3732560K(8339648K), 0.0769380 secs] [Times: user=1.55 sys=0.01, real=0.08 secs] 
2425.353: [GC 2425.353: [ParNew: 422915K->35307K(440896K), 0.0442320 secs] 4124496K->3742041K(8339648K), 0.0444490 secs] [Times: user=0.73 sys=0.01, real=0.05 secs] 
2429.301: [GC 2429.302: [ParNew: 427243K->36780K(440896K), 0.0449310 secs] 4133977K->3746476K(8339648K), 0.0451950 secs] [Times: user=0.82 sys=0.02, real=0.04 secs] 
2430.592: [GC 2430.592: [ParNew: 428716K->36978K(440896K), 0.0405470 secs] 4138412K->3751955K(8339648K), 0.0407730 secs] [Times: user=0.57 sys=0.01, real=0.04 secs] 
2431.716: [GC 2431.716: [ParNew: 428914K->22559K(440896K), 0.0721860 secs] 4143891K->3747804K(8339648K), 0.0724160 secs] [Times: user=0.84 sys=0.02, real=0.08 secs] 
2439.184: [GC 2439.184: [ParNew: 414495K->30675K(440896K), 0.0501390 secs] 4139740K->3758588K(8339648K), 0.0504130 secs] [Times: user=0.86 sys=0.03, real=0.05 secs] 
2440.514: [GC 2440.515: [ParNew: 422611K->33310K(440896K), 0.0404140 secs] 4150524K->3766325K(8339648K), 0.0406430 secs] [Times: user=0.55 sys=0.01, real=0.04 secs] 
2441.621: [GC 2441.621: [ParNew: 425246K->34469K(440896K), 0.0335620 secs] 4158261K->3770383K(8339648K), 0.0338400 secs] [Times: user=0.59 sys=0.00, real=0.03 secs] 
2444.843: [GC 2444.843: [ParNew: 426405K->36959K(440896K), 0.0396340 secs] 4162319K->3775700K(8339648K), 0.0398970 secs] [Times: user=0.68 sys=0.01, real=0.04 secs] 
2445.958: [GC 2445.958: [ParNew: 428895K->29820K(440896K), 0.0678390 secs] 4167636K->3781051K(8339648K), 0.0681000 secs] [Times: user=0.54 sys=0.03, real=0.06 secs] 
2453.851: [GC 2453.851: [ParNew: 421756K->30743K(440896K), 0.0368460 secs] 4172987K->3784867K(8339648K), 0.0371260 secs] [Times: user=0.68 sys=0.01, real=0.04 secs] 
2455.309: [GC 2455.309: [ParNew: 422679K->36685K(440896K), 0.0308610 secs] 4176803K->3793758K(8339648K), 0.0311020 secs] [Times: user=0.47 sys=0.00, real=0.03 secs] 
2459.237: [GC 2459.237: [ParNew: 428621K->38597K(440896K), 0.1026180 secs] 4185694K->3800868K(8339648K), 0.1029540 secs] [Times: user=2.17 sys=0.00, real=0.11 secs] 
2460.774: [GC 2460.774: [ParNew: 430533K->38140K(440896K), 0.0327820 secs] 4192804K->3803113K(8339648K), 0.0330320 secs] [Times: user=0.68 sys=0.00, real=0.03 secs] 
2462.069: [GC 2462.069: [ParNew: 430076K->31078K(440896K), 0.0790090 secs] 4195049K->3808700K(8339648K), 0.0793040 secs] [Times: user=0.74 sys=0.04, real=0.08 secs] 
2469.029: [GC 2469.029: [ParNew: 423014K->32660K(440896K), 0.0488240 secs] 4200636K->3813176K(8339648K), 0.0491070 secs] [Times: user=0.92 sys=0.01, real=0.05 secs] 
2470.327: [GC 2470.327: [ParNew: 424596K->36022K(440896K), 0.0396390 secs] 4205112K->3821991K(8339648K), 0.0398810 secs] [Times: user=0.54 sys=0.00, real=0.04 secs] 
2471.442: [GC 2471.442: [ParNew: 427958K->32718K(440896K), 0.0346910 secs] 4213927K->3821637K(8339648K), 0.0349770 secs] [Times: user=0.63 sys=0.02, real=0.04 secs] 
2474.695: [GC 2474.695: [ParNew: 424654K->36141K(440896K), 0.0352230 secs] 4213573K->3828014K(8339648K), 0.0354940 secs] [Times: user=0.69 sys=0.00, real=0.04 secs] 
2475.804: [GC 2475.804: [ParNew: 428077K->31185K(440896K), 0.0663900 secs] 4219950K->3835782K(8339648K), 0.0666400 secs] [Times: user=0.52 sys=0.03, real=0.07 secs] 
2479.711: [GC 2479.711: [ParNew: 423121K->21940K(440896K), 0.0349660 secs] 4227718K->3829246K(8339648K), 0.0352340 secs] [Times: user=0.62 sys=0.01, real=0.03 secs] 
2484.857: [GC 2484.857: [ParNew: 413876K->33077K(440896K), 0.0413610 secs] 4221182K->3843321K(8339648K), 0.0506310 secs] [Times: user=0.82 sys=0.00, real=0.06 secs] 
2485.917: [GC 2485.917: [ParNew: 425013K->34521K(440896K), 0.0404910 secs] 4235257K->3850280K(8339648K), 0.0407380 secs] [Times: user=0.53 sys=0.00, real=0.05 secs] 
2490.071: [GC 2490.071: [ParNew: 426457K->33186K(440896K), 0.0324300 secs] 4242216K->3849433K(8339648K), 0.0327070 secs] [Times: user=0.52 sys=0.00, real=0.03 secs] 
2491.133: [GC 2491.133: [ParNew: 425122K->36397K(440896K), 0.0512970 secs] 4241369K->3860053K(8339648K), 0.0515540 secs] [Times: user=0.48 sys=0.02, real=0.05 secs] 
2494.415: [GC 2494.415: [ParNew: 428333K->30040K(440896K), 0.0601760 secs] 4251989K->3863763K(8339648K), 0.0604460 secs] [Times: user=0.77 sys=0.00, real=0.06 secs] 
2500.022: [GC 2500.022: [ParNew: 421976K->33140K(440896K), 0.0436880 secs] 4255699K->3867348K(8339648K), 0.0439680 secs] [Times: user=0.92 sys=0.00, real=0.04 secs] 
2501.105: [GC 2501.106: [ParNew: 425076K->33124K(440896K), 0.0469190 secs] 4259284K->3875019K(8339648K), 0.0471670 secs] [Times: user=0.67 sys=0.02, real=0.05 secs] 
2504.455: [GC 2504.455: [ParNew: 425060K->29403K(440896K), 0.0369880 secs] 4266955K->3874273K(8339648K), 0.0372520 secs] [Times: user=0.69 sys=0.00, real=0.04 secs] 
2505.494: [GC 2505.494: [ParNew: 421339K->27971K(440896K), 0.0400380 secs] 4266209K->3878003K(8339648K), 0.0402950 secs] [Times: user=0.56 sys=0.04, real=0.04 secs] 
2509.405: [GC 2509.405: [ParNew: 419907K->29304K(440896K), 0.0655700 secs] 4269939K->3889428K(8339648K), 0.0658520 secs] [Times: user=0.88 sys=0.00, real=0.07 secs] 
2514.605: [GC 2514.605: [ParNew: 421240K->28673K(440896K), 0.0325970 secs] 4281364K->3889303K(8339648K), 0.0328720 secs] [Times: user=0.70 sys=0.00, real=0.04 secs] 
2515.652: [GC 2515.652: [ParNew: 420609K->34271K(440896K), 0.0363100 secs] 4281239K->3900028K(8339648K), 0.0365690 secs] [Times: user=0.61 sys=0.01, real=0.04 secs] 
2519.750: [GC 2519.750: [ParNew: 426207K->39844K(440896K), 0.0336060 secs] 4291964K->3908498K(8339648K), 0.0339730 secs] [Times: user=0.53 sys=0.01, real=0.03 secs] 
2520.815: [GC 2520.815: [ParNew: 431780K->34150K(440896K), 0.0542900 secs] 4300434K->3910140K(8339648K), 0.0545410 secs] [Times: user=0.78 sys=0.00, real=0.06 secs] 
2524.192: [GC 2524.192: [ParNew: 426086K->27307K(440896K), 0.0606810 secs] 4302076K->3911109K(8339648K), 0.0609610 secs] [Times: user=1.02 sys=0.02, real=0.06 secs] 
2529.854: [GC 2529.854: [ParNew: 419243K->35896K(440896K), 0.0372170 secs] 4303045K->3922538K(8339648K), 0.0375000 secs] [Times: user=0.66 sys=0.01, real=0.04 secs] 
2531.165: [GC 2531.165: [ParNew: 427832K->35975K(440896K), 0.0490620 secs] 4314474K->3930419K(8339648K), 0.0493110 secs] [Times: user=0.69 sys=0.03, real=0.05 secs] 
2534.223: [GC 2534.223: [ParNew: 427911K->32570K(440896K), 0.0343810 secs] 4322355K->3927469K(8339648K), 0.0346500 secs] [Times: user=0.70 sys=0.00, real=0.04 secs] 
2535.715: [GC 2535.715: [ParNew: 424506K->35194K(440896K), 0.0551680 secs] 4319405K->3937651K(8339648K), 0.0554290 secs] [Times: user=0.81 sys=0.02, real=0.06 secs] 
2539.198: [GC 2539.198: [ParNew: 427130K->24404K(440896K), 0.0598840 secs] 4329587K->3936494K(8339648K), 0.0601530 secs] [Times: user=0.62 sys=0.03, real=0.06 secs] 
2544.459: [GC 2544.460: [ParNew: 416340K->34370K(440896K), 0.0414630 secs] 4328430K->3947573K(8339648K), 0.0437570 secs] [Times: user=0.69 sys=0.00, real=0.04 secs] 
2545.885: [GC 2545.885: [ParNew: 426306K->35527K(440896K), 0.0422590 secs] 4339509K->3954270K(8339648K), 0.0425370 secs] [Times: user=0.56 sys=0.02, real=0.05 secs] 
2549.636: [GC 2549.636: [ParNew: 427463K->37436K(440896K), 0.0415050 secs] 4346206K->3960369K(8339648K), 0.0417790 secs] [Times: user=0.80 sys=0.02, real=0.05 secs] 
2551.102: [GC 2551.103: [ParNew: 429372K->37003K(440896K), 0.0424060 secs] 4352305K->3966527K(8339648K), 0.0426600 secs] [Times: user=0.54 sys=0.00, real=0.04 secs] 
2552.406: [GC 2552.406: [ParNew: 428939K->23932K(440896K), 0.0465730 secs] 4358463K->3961136K(8339648K), 0.0468220 secs] [Times: user=0.68 sys=0.00, real=0.05 secs] 
2559.431: [GC 2559.431: [ParNew: 415868K->31247K(440896K), 0.0512780 secs] 4353072K->3971403K(8339648K), 0.0515650 secs] [Times: user=0.92 sys=0.00, real=0.05 secs] 
2560.950: [GC 2560.950: [ParNew: 423183K->33644K(440896K), 0.0515430 secs] 4363339K->3981794K(8339648K), 0.0517910 secs] [Times: user=0.72 sys=0.02, real=0.05 secs] 
2562.269: [GC 2562.269: [ParNew: 425580K->26151K(440896K), 0.0322490 secs] 4373730K->3976892K(8339648K), 0.0324880 secs] [Times: user=0.44 sys=0.02, real=0.03 secs] 
2562.302: [GC [1 CMS-initial-mark: 3950740K(7898752K)] 3978078K(8339648K), 0.0790370 secs] [Times: user=0.04 sys=0.04, real=0.08 secs] 
2562.382: [CMS-concurrent-mark-start]
2564.678: [CMS-concurrent-mark: 2.296/2.296 secs] [Times: user=18.78 sys=0.18, real=2.30 secs] 
2564.678: [CMS-concurrent-preclean-start]
2564.764: [CMS-concurrent-preclean: 0.084/0.086 secs] [Times: user=0.57 sys=0.00, real=0.08 secs] 
2564.764: [CMS-concurrent-abortable-preclean-start]
2564.878: [GC 2564.878: [ParNew: 418087K->33468K(440896K), 0.0338980 secs] 4368828K->3984841K(8339648K), 0.0341800 secs] [Times: user=0.49 sys=0.00, real=0.03 secs] 
2565.564: [CMS-concurrent-abortable-preclean: 0.758/0.800 secs] [Times: user=5.77 sys=0.00, real=0.80 secs] 
2565.566: [GC[YG occupancy: 264292 K (440896 K)]2565.566: [Rescan (parallel) , 0.1397410 secs]2565.706: [weak refs processing, 0.0059310 secs]2565.712: [class unloading, 0.0245050 secs]2565.737: [scrub symbol & string tables, 0.0247520 secs] [1 CMS-remark: 3951373K(7898752K)] 4215665K(8339648K), 0.2099640 secs] [Times: user=3.04 sys=0.00, real=0.21 secs] 
2565.777: [CMS-concurrent-sweep-start]
2566.265: [GC 2566.266: [ParNew: 425404K->29747K(440896K), 0.0533390 secs] 4351364K->3968045K(8339648K), 0.0535930 secs] [Times: user=0.71 sys=0.00, real=0.06 secs] 
2571.057: [CMS-concurrent-sweep: 5.220/5.280 secs] [Times: user=15.99 sys=0.05, real=5.28 secs] 
2571.057: [CMS-concurrent-reset-start]
2571.130: [CMS-concurrent-reset: 0.072/0.073 secs] [Times: user=0.10 sys=0.05, real=0.08 secs] 
2571.237: [GC 2571.237: [ParNew: 421683K->25828K(440896K), 0.0431390 secs] 4018493K->3625664K(8339648K), 0.0433930 secs] [Times: user=0.61 sys=0.00, real=0.05 secs] 
2575.118: [GC 2575.119: [ParNew: 417764K->35058K(440896K), 0.0653930 secs] 4017600K->3637876K(8339648K), 0.0656230 secs] [Times: user=1.20 sys=0.00, real=0.06 secs] 
2579.117: [GC 2579.117: [ParNew: 426994K->38909K(440896K), 0.0642260 secs] 4029812K->3646960K(8339648K), 0.0644970 secs] [Times: user=1.08 sys=0.01, real=0.07 secs] 
2580.386: [GC 2580.386: [ParNew: 430845K->40886K(440896K), 0.0478260 secs] 4038896K->3651844K(8339648K), 0.0480450 secs] [Times: user=0.86 sys=0.01, real=0.05 secs] 
2581.506: [GC 2581.507: [ParNew: 432822K->37919K(440896K), 0.0606660 secs] 4043780K->3657474K(8339648K), 0.0608930 secs] [Times: user=0.81 sys=0.00, real=0.07 secs] 
2588.964: [GC 2588.965: [ParNew: 429855K->33830K(440896K), 0.0837850 secs] 4049410K->3662307K(8339648K), 0.0840600 secs] [Times: user=1.27 sys=0.00, real=0.09 secs] 
2590.640: [GC 2590.640: [ParNew: 425766K->35352K(440896K), 0.0455640 secs] 4054243K->3669214K(8339648K), 0.0457860 secs] [Times: user=0.70 sys=0.00, real=0.04 secs] 
2592.109: [GC 2592.109: [ParNew: 427288K->34202K(440896K), 0.0361410 secs] 4061150K->3670984K(8339648K), 0.0363580 secs] [Times: user=0.46 sys=0.00, real=0.03 secs] 
2594.928: [GC 2594.928: [ParNew: 426138K->35826K(440896K), 0.0361510 secs] 4062920K->3675551K(8339648K), 0.0363870 secs] [Times: user=0.57 sys=0.00, real=0.03 secs] 
2596.422: [GC 2596.422: [ParNew: 427762K->29353K(440896K), 0.0571120 secs] 4067487K->3682019K(8339648K), 0.0573350 secs] [Times: user=0.69 sys=0.00, real=0.06 secs] 
2599.950: [GC 2599.950: [ParNew: 421289K->22652K(440896K), 0.0321740 secs] 4073955K->3678035K(8339648K), 0.0324020 secs] [Times: user=0.46 sys=0.00, real=0.03 secs] 
2605.073: [GC 2605.073: [ParNew: 414588K->31365K(440896K), 0.0359110 secs] 4069971K->3689778K(8339648K), 0.0361450 secs] [Times: user=0.70 sys=0.00, real=0.04 secs] 
2606.521: [GC 2606.521: [ParNew: 423301K->32545K(440896K), 0.0349730 secs] 4081714K->3696214K(8339648K), 0.0351890 secs] [Times: user=0.45 sys=0.00, real=0.03 secs] 
2610.348: [GC 2610.348: [ParNew: 424481K->32919K(440896K), 0.0354190 secs] 4088150K->3699173K(8339648K), 0.0356440 secs] [Times: user=0.57 sys=0.01, real=0.03 secs] 
2611.814: [GC 2611.814: [ParNew: 424855K->37121K(440896K), 0.0426580 secs] 4091109K->3708669K(8339648K), 0.0428780 secs] [Times: user=0.68 sys=0.00, real=0.04 secs] 
2614.523: [GC 2614.523: [ParNew: 429057K->24880K(440896K), 0.0553790 secs] 4100605K->3706012K(8339648K), 0.0556410 secs] [Times: user=0.92 sys=0.01, real=0.06 secs] 
2620.255: [GC 2620.255: [ParNew: 416816K->33729K(440896K), 0.0354520 secs] 4097948K->3717841K(8339648K), 0.0356770 secs] [Times: user=0.70 sys=0.00, real=0.04 secs] 
2621.702: [GC 2621.702: [ParNew: 425665K->33885K(440896K), 0.0368660 secs] 4109777K->3723130K(8339648K), 0.0594070 secs] [Times: user=0.70 sys=0.00, real=0.06 secs] 
2624.778: [GC 2624.778: [ParNew: 425821K->35166K(440896K), 0.0408400 secs] 4115066K->3726926K(8339648K), 0.0410980 secs] [Times: user=0.74 sys=0.00, real=0.04 secs] 
2626.338: [GC 2626.338: [ParNew: 427102K->34702K(440896K), 0.0368870 secs] 4118862K->3731728K(8339648K), 0.0370950 secs] [Times: user=0.50 sys=0.01, real=0.03 secs] 
2629.952: [GC 2629.952: [ParNew: 426638K->32799K(440896K), 0.0476200 secs] 4123664K->3740348K(8339648K), 0.0478410 secs] [Times: user=0.64 sys=0.03, real=0.05 secs] 
2635.106: [GC 2635.106: [ParNew: 424735K->31274K(440896K), 0.0337170 secs] 4132284K->3741686K(8339648K), 0.0339390 secs] [Times: user=0.69 sys=0.00, real=0.04 secs] 
2636.555: [GC 2636.555: [ParNew: 423210K->32912K(440896K), 0.0397370 secs] 4133622K->3748870K(8339648K), 0.0399560 secs] [Times: user=0.69 sys=0.00, real=0.04 secs] 
2640.262: [GC 2640.263: [ParNew: 424848K->36216K(440896K), 0.0505630 secs] 4140806K->3755186K(8339648K), 0.0508000 secs] [Times: user=0.92 sys=0.01, real=0.05 secs] 
2641.731: [GC 2641.731: [ParNew: 428152K->35701K(440896K), 0.0368830 secs] 4147122K->3760087K(8339648K), 0.0371220 secs] [Times: user=0.50 sys=0.00, real=0.04 secs] 
2644.257: [GC 2644.257: [ParNew: 427637K->32614K(440896K), 0.0474320 secs] 4152023K->3767032K(8339648K), 0.0476960 secs] [Times: user=0.61 sys=0.01, real=0.05 secs] 
2650.047: [GC 2650.047: [ParNew: 424550K->31178K(440896K), 0.0384940 secs] 4158968K->3768566K(8339648K), 0.0387190 secs] [Times: user=0.70 sys=0.00, real=0.04 secs] 
2651.495: [GC 2651.495: [ParNew: 423114K->34932K(440896K), 0.0373810 secs] 4160502K->3777866K(8339648K), 0.0375970 secs] [Times: user=0.70 sys=0.00, real=0.04 secs] 
2654.195: [GC 2654.195: [ParNew: 426868K->32085K(440896K), 0.0444800 secs] 4169802K->3777989K(8339648K), 0.0447400 secs] [Times: user=0.93 sys=0.00, real=0.05 secs] 
2655.842: [GC 2655.842: [ParNew: 424021K->34857K(440896K), 0.0405720 secs] 4169925K->3785908K(8339648K), 0.0412310 secs] [Times: user=0.70 sys=0.00, real=0.04 secs] 
2659.130: [GC 2659.131: [ParNew: 426793K->29279K(440896K), 0.0475570 secs] 4177844K->3790652K(8339648K), 0.0478520 secs] [Times: user=0.69 sys=0.01, real=0.05 secs] 
2664.292: [GC 2664.292: [ParNew: 421215K->27750K(440896K), 0.0454670 secs] 4182588K->3791862K(8339648K), 0.0458000 secs] [Times: user=0.93 sys=0.00, real=0.05 secs] 
2665.810: [GC 2665.810: [ParNew: 419686K->34401K(440896K), 0.0360700 secs] 4183798K->3801232K(8339648K), 0.0362860 secs] [Times: user=0.69 sys=0.00, real=0.03 secs] 
2669.715: [GC 2669.715: [ParNew: 426337K->36020K(440896K), 0.0501080 secs] 4193168K->3808278K(8339648K), 0.0503700 secs] [Times: user=0.92 sys=0.00, real=0.05 secs] 
2671.268: [GC 2671.268: [ParNew: 427956K->35920K(440896K), 0.0354940 secs] 4200214K->3813251K(8339648K), 0.0357630 secs] [Times: user=0.51 sys=0.00, real=0.03 secs] 
2672.663: [GC 2672.663: [ParNew: 427856K->28196K(440896K), 0.0557580 secs] 4205187K->3813339K(8339648K), 0.0560160 secs] [Times: user=0.90 sys=0.01, real=0.06 secs] 
2679.653: [GC 2679.653: [ParNew: 420132K->30013K(440896K), 0.0476120 secs] 4205275K->3818099K(8339648K), 0.0478880 secs] [Times: user=0.93 sys=0.00, real=0.05 secs] 
2681.214: [GC 2681.214: [ParNew: 421949K->31452K(440896K), 0.0406490 secs] 4210035K->3827113K(8339648K), 0.0408640 secs] [Times: user=0.61 sys=0.00, real=0.04 secs] 
2682.628: [GC 2682.628: [ParNew: 423388K->26697K(440896K), 0.0312220 secs] 4219049K->3825171K(8339648K), 0.0314970 secs] [Times: user=0.57 sys=0.01, real=0.03 secs] 
2685.407: [GC 2685.408: [ParNew: 418633K->32806K(440896K), 0.0299590 secs] 4217107K->3834190K(8339648K), 0.0301760 secs] [Times: user=0.60 sys=0.01, real=0.03 secs] 
2686.803: [GC 2686.803: [ParNew: 424742K->29188K(440896K), 0.0455730 secs] 4226126K->3840652K(8339648K), 0.0457990 secs] [Times: user=0.50 sys=0.00, real=0.05 secs] 
2694.130: [GC 2694.130: [ParNew: 421124K->30805K(440896K), 0.0424180 secs] 4232588K->3845123K(8339648K), 0.0426870 secs] [Times: user=0.69 sys=0.00, real=0.04 secs] 
2695.669: [GC 2695.669: [ParNew: 422741K->34892K(440896K), 0.0323130 secs] 4237059K->3852126K(8339648K), 0.0325280 secs] [Times: user=0.46 sys=0.00, real=0.03 secs] 
2699.495: [GC 2699.496: [ParNew: 426828K->39674K(440896K), 0.0481220 secs] 4244062K->3861931K(8339648K), 0.0483890 secs] [Times: user=0.93 sys=0.00, real=0.05 secs] 
2701.056: [GC 2701.056: [ParNew: 431610K->41252K(440896K), 0.0356000 secs] 4253867K->3866071K(8339648K), 0.0358180 secs] [Times: user=0.69 sys=0.00, real=0.04 secs] 
2702.425: [GC 2702.425: [ParNew: 433188K->34341K(440896K), 0.0498560 secs] 4258007K->3871619K(8339648K), 0.0500780 secs] [Times: user=0.70 sys=0.00, real=0.05 secs] 
2709.516: [GC 2709.516: [ParNew: 426277K->30661K(440896K), 0.0505700 secs] 4263555K->3870674K(8339648K), 0.0508370 secs] [Times: user=0.98 sys=0.01, real=0.05 secs] 
2711.133: [GC 2711.133: [ParNew: 422597K->33120K(440896K), 0.0360260 secs] 4262610K->3880858K(8339648K), 0.0362440 secs] [Times: user=0.59 sys=0.00, real=0.04 secs] 
2712.526: [GC 2712.526: [ParNew: 425056K->27151K(440896K), 0.0369430 secs] 4272794K->3877599K(8339648K), 0.0371550 secs] [Times: user=0.66 sys=0.00, real=0.04 secs] 
2715.317: [GC 2715.317: [ParNew: 419087K->33313K(440896K), 0.0335100 secs] 4269535K->3886612K(8339648K), 0.0337250 secs] [Times: user=0.67 sys=0.00, real=0.04 secs] 
2716.699: [GC 2716.699: [ParNew: 425249K->29522K(440896K), 0.0412590 secs] 4278548K->3893280K(8339648K), 0.0414740 secs] [Times: user=0.48 sys=0.00, real=0.04 secs] 
2723.504: [GC 2723.504: [ParNew: 421458K->28033K(440896K), 0.0378200 secs] 4285216K->3894629K(8339648K), 0.0380790 secs] [Times: user=0.70 sys=0.00, real=0.04 secs] 
2725.535: [GC 2725.535: [ParNew: 419969K->35818K(440896K), 0.0323350 secs] 4286565K->3905391K(8339648K), 0.0325640 secs] [Times: user=0.69 sys=0.00, real=0.04 secs] 
2729.245: [GC 2729.245: [ParNew: 427754K->35137K(440896K), 0.0875630 secs] 4297327K->3910166K(8339648K), 0.0878270 secs] [Times: user=1.82 sys=0.01, real=0.09 secs] 
2730.865: [GC 2730.865: [ParNew: 427073K->37683K(440896K), 0.0330580 secs] 4302102K->3915565K(8339648K), 0.0332750 secs] [Times: user=0.68 sys=0.01, real=0.04 secs] 
2732.295: [GC 2732.295: [ParNew: 429619K->31358K(440896K), 0.0594760 secs] 4307501K->3920080K(8339648K), 0.0596950 secs] [Times: user=0.99 sys=0.00, real=0.06 secs] 
2738.486: [GC 2738.486: [ParNew: 423294K->30171K(440896K), 0.0377310 secs] 4312016K->3923366K(8339648K), 0.0379940 secs] [Times: user=0.68 sys=0.00, real=0.04 secs] 
2740.549: [GC 2740.550: [ParNew: 422107K->33334K(440896K), 0.0515590 secs] 4315302K->3931857K(8339648K), 0.0517690 secs] [Times: user=0.93 sys=0.00, real=0.05 secs] 
2741.987: [GC 2741.987: [ParNew: 425270K->33478K(440896K), 0.0311700 secs] 4323793K->3937036K(8339648K), 0.0534740 secs] [Times: user=0.46 sys=0.00, real=0.05 secs] 
2745.039: [GC 2745.039: [ParNew: 425414K->31293K(440896K), 0.0340490 secs] 4328972K->3935304K(8339648K), 0.0342700 secs] [Times: user=0.55 sys=0.01, real=0.03 secs] 
2746.442: [GC 2746.442: [ParNew: 423229K->30056K(440896K), 0.0444750 secs] 4327240K->3945454K(8339648K), 0.0447050 secs] [Times: user=0.54 sys=0.01, real=0.04 secs] 
2750.131: [GC 2750.131: [ParNew: 421992K->22454K(440896K), 0.0299910 secs] 4337390K->3941854K(8339648K), 0.0302130 secs] [Times: user=0.47 sys=0.00, real=0.03 secs] 
2755.261: [GC 2755.261: [ParNew: 414390K->31373K(440896K), 0.0365160 secs] 4333790K->3953740K(8339648K), 0.0367480 secs] [Times: user=0.70 sys=0.00, real=0.04 secs] 
2756.726: [GC 2756.726: [ParNew: 423309K->33635K(440896K), 0.0414270 secs] 4345676K->3961484K(8339648K), 0.0416410 secs] [Times: user=0.87 sys=0.01, real=0.05 secs] 
2760.634: [GC 2760.634: [ParNew: 425571K->29879K(440896K), 0.0358930 secs] 4353420K->3960294K(8339648K), 0.0361200 secs] [Times: user=0.69 sys=0.00, real=0.04 secs] 
2762.041: [GC 2762.041: [ParNew: 421815K->35150K(440896K), 0.0374840 secs] 4352230K->3970734K(8339648K), 0.0377110 secs] [Times: user=0.60 sys=0.00, real=0.04 secs] 
2764.846: [GC 2764.846: [ParNew: 427086K->28780K(440896K), 0.0466290 secs] 4362670K->3974841K(8339648K), 0.0468750 secs] [Times: user=0.82 sys=0.00, real=0.05 secs] 
2770.494: [GC 2770.494: [ParNew: 420716K->31326K(440896K), 0.0349450 secs] 4366777K->3977912K(8339648K), 0.0351750 secs] [Times: user=0.70 sys=0.00, real=0.04 secs] 
2771.908: [GC 2771.909: [ParNew: 423262K->31386K(440896K), 0.0443460 secs] 4369848K->3985095K(8339648K), 0.0722810 secs] [Times: user=0.70 sys=0.01, real=0.07 secs] 
2774.882: [GC 2774.882: [ParNew: 423322K->34787K(440896K), 0.0326700 secs] 4377031K->3990977K(8339648K), 0.0328980 secs] [Times: user=0.58 sys=0.02, real=0.03 secs] 
2776.258: [GC 2776.258: [ParNew: 426723K->35200K(440896K), 0.0394970 secs] 4382913K->3996358K(8339648K), 0.0397220 secs] [Times: user=0.50 sys=0.02, real=0.04 secs] 
2780.061: [GC 2780.061: [ParNew: 427136K->32199K(440896K), 0.0571670 secs] 4388294K->4003167K(8339648K), 0.0574440 secs] [Times: user=0.48 sys=0.01, real=0.06 secs] 
2785.293: [GC 2785.293: [ParNew: 424135K->30185K(440896K), 0.0386820 secs] 4395103K->4004063K(8339648K), 0.0560310 secs] [Times: user=0.68 sys=0.00, real=0.06 secs] 
2787.607: [GC 2787.608: [ParNew: 422121K->31126K(440896K), 0.0416770 secs] 4395999K->4010360K(8339648K), 0.0419420 secs] [Times: user=0.66 sys=0.00, real=0.04 secs] 
2790.590: [GC 2790.590: [ParNew: 423062K->35194K(440896K), 0.0322570 secs] 4402296K->4017131K(8339648K), 0.0324690 secs] [Times: user=0.46 sys=0.00, real=0.03 secs] 
2791.995: [GC 2791.995: [ParNew: 427130K->34147K(440896K), 0.0389770 secs] 4409067K->4021090K(8339648K), 0.0391970 secs] [Times: user=0.55 sys=0.01, real=0.04 secs] 
2794.939: [GC 2794.939: [ParNew: 426083K->30034K(440896K), 0.0540810 secs] 4413026K->4026373K(8339648K), 0.0543040 secs] [Times: user=0.58 sys=0.01, real=0.05 secs] 
2800.614: [GC 2800.614: [ParNew: 421970K->29191K(440896K), 0.0440700 secs] 4418309K->4028409K(8339648K), 0.0443270 secs] [Times: user=0.93 sys=0.00, real=0.05 secs] 
2802.095: [GC 2802.095: [ParNew: 421127K->33925K(440896K), 0.0443850 secs] 4420345K->4038755K(8339648K), 0.0446040 secs] [Times: user=0.68 sys=0.04, real=0.05 secs] 
2804.963: [GC 2804.963: [ParNew: 425861K->36139K(440896K), 0.0352090 secs] 4430691K->4043453K(8339648K), 0.0354270 secs] [Times: user=0.70 sys=0.00, real=0.04 secs] 
2806.359: [GC 2806.359: [ParNew: 428075K->34112K(440896K), 0.0499530 secs] 4435389K->4046833K(8339648K), 0.0501430 secs] [Times: user=0.76 sys=0.01, real=0.05 secs] 
2810.098: [GC 2810.098: [ParNew: 426048K->30855K(440896K), 0.0549750 secs] 4438769K->4053295K(8339648K), 0.0552020 secs] [Times: user=0.63 sys=0.00, real=0.05 secs] 
2815.233: [GC 2815.233: [ParNew: 422791K->30217K(440896K), 0.0381660 secs] 4445231K->4055757K(8339648K), 0.0432740 secs] [Times: user=0.78 sys=0.02, real=0.04 secs] 
2816.635: [GC 2816.635: [ParNew: 422153K->35361K(440896K), 0.0429470 secs] 4447693K->4066416K(8339648K), 0.0432230 secs] [Times: user=0.76 sys=0.01, real=0.05 secs] 
2820.578: [GC 2820.578: [ParNew: 427297K->35811K(440896K), 0.0426900 secs] 4458352K->4069642K(8339648K), 0.0429110 secs] [Times: user=0.71 sys=0.02, real=0.04 secs] 
2821.977: [GC 2821.977: [ParNew: 427747K->36867K(440896K), 0.0475130 secs] 4461578K->4075939K(8339648K), 0.0477240 secs] [Times: user=0.63 sys=0.04, real=0.04 secs] 
2825.328: [GC 2825.328: [ParNew: 428803K->26395K(440896K), 0.0568890 secs] 4467875K->4075834K(8339648K), 0.0571080 secs] [Times: user=0.57 sys=0.03, real=0.05 secs] 
2830.331: [GC 2830.331: [ParNew: 418331K->32759K(440896K), 0.0381960 secs] 4467770K->4085143K(8339648K), 0.0384170 secs] [Times: user=0.70 sys=0.00, real=0.04 secs] 
2831.755: [GC 2831.755: [ParNew: 424695K->34794K(440896K), 0.0397300 secs] 4477079K->4092140K(8339648K), 0.0399510 secs] [Times: user=0.61 sys=0.01, real=0.04 secs] 
2834.665: [GC 2834.665: [ParNew: 426730K->37138K(440896K), 0.0399410 secs] 4484076K->4097519K(8339648K), 0.0402040 secs] [Times: user=0.68 sys=0.00, real=0.04 secs] 
2836.203: [GC 2836.203: [ParNew: 429074K->35984K(440896K), 0.0393140 secs] 4489455K->4101940K(8339648K), 0.0395380 secs] [Times: user=0.52 sys=0.01, real=0.04 secs] 
2839.577: [GC 2839.577: [ParNew: 427920K->26104K(440896K), 0.0593410 secs] 4493876K->4101763K(8339648K), 0.0596100 secs] [Times: user=0.75 sys=0.05, real=0.06 secs] 
2844.767: [GC 2844.767: [ParNew: 418040K->30940K(440896K), 0.0412160 secs] 4493699K->4109580K(8339648K), 0.0414890 secs] [Times: user=0.85 sys=0.02, real=0.05 secs] 
2846.410: [GC 2846.411: [ParNew: 422876K->31953K(440896K), 0.0357440 secs] 4501516K->4115848K(8339648K), 0.0359710 secs] [Times: user=0.49 sys=0.02, real=0.03 secs] 
2850.208: [GC 2850.208: [ParNew: 423889K->36623K(440896K), 0.0354600 secs] 4507784K->4123278K(8339648K), 0.0356970 secs] [Times: user=0.58 sys=0.04, real=0.03 secs] 
2851.670: [GC 2851.670: [ParNew: 428559K->35514K(440896K), 0.0465480 secs] 4515214K->4127578K(8339648K), 0.0467530 secs] [Times: user=0.57 sys=0.01, real=0.04 secs] 
2854.962: [GC 2854.962: [ParNew: 427450K->31708K(440896K), 0.0536580 secs] 4519514K->4131373K(8339648K), 0.0538810 secs] [Times: user=0.57 sys=0.03, real=0.05 secs] 
2860.026: [GC 2860.026: [ParNew: 423644K->33540K(440896K), 0.0351850 secs] 4523309K->4136175K(8339648K), 0.0354060 secs] [Times: user=0.67 sys=0.00, real=0.04 secs] 
2861.502: [GC 2861.502: [ParNew: 425476K->36017K(440896K), 0.0514160 secs] 4528111K->4146436K(8339648K), 0.0516260 secs] [Times: user=0.72 sys=0.03, real=0.05 secs] 
2864.361: [GC 2864.361: [ParNew: 427953K->30372K(440896K), 0.0465340 secs] 4538372K->4143461K(8339648K), 0.0467960 secs] [Times: user=0.89 sys=0.00, real=0.05 secs] 
2865.998: [GC 2865.998: [ParNew: 422308K->33291K(440896K), 0.0376010 secs] 4535397K->4151309K(8339648K), 0.0378130 secs] [Times: user=0.58 sys=0.01, real=0.03 secs] 
2869.457: [GC 2869.457: [ParNew: 425227K->31432K(440896K), 0.0614190 secs] 4543245K->4159606K(8339648K), 0.0616840 secs] [Times: user=0.61 sys=0.02, real=0.06 secs] 
2874.722: [GC 2874.722: [ParNew: 423368K->28465K(440896K), 0.0436550 secs] 4551542K->4159525K(8339648K), 0.0439130 secs] [Times: user=0.82 sys=0.00, real=0.04 secs] 
2876.250: [GC 2876.250: [ParNew: 420401K->33203K(440896K), 0.0348530 secs] 4551461K->4167188K(8339648K), 0.0350540 secs] [Times: user=0.53 sys=0.01, real=0.03 secs] 
2879.966: [GC 2879.966: [ParNew: 425139K->36536K(440896K), 0.0401900 secs] 4559124K->4175855K(8339648K), 0.0404460 secs] [Times: user=0.73 sys=0.01, real=0.04 secs] 
2881.380: [GC 2881.380: [ParNew: 428472K->35186K(440896K), 0.0451210 secs] 4567791K->4179868K(8339648K), 0.0453290 secs] [Times: user=0.61 sys=0.01, real=0.04 secs] 
2884.707: [GC 2884.707: [ParNew: 427122K->32164K(440896K), 0.0724830 secs] 4571804K->4184596K(8339648K), 0.0727610 secs] [Times: user=0.91 sys=0.08, real=0.07 secs] 
2889.750: [GC 2889.750: [ParNew: 424100K->35199K(440896K), 0.0518810 secs] 4576532K->4190748K(8339648K), 0.0521460 secs] [Times: user=0.93 sys=0.00, real=0.05 secs] 
2891.298: [GC 2891.298: [ParNew: 427135K->35479K(440896K), 0.0459850 secs] 4582684K->4198473K(8339648K), 0.0462030 secs] [Times: user=0.43 sys=0.00, real=0.04 secs] 
2892.739: [GC 2892.739: [ParNew: 427415K->26053K(440896K), 0.0455450 secs] 4590409K->4192015K(8339648K), 0.0457540 secs] [Times: user=0.79 sys=0.00, real=0.04 secs] 
2895.532: [GC 2895.532: [ParNew: 417989K->30272K(440896K), 0.0401320 secs] 4583951K->4201545K(8339648K), 0.0403440 secs] [Times: user=0.54 sys=0.00, real=0.04 secs] 
2896.938: [GC 2896.938: [ParNew: 422208K->26806K(440896K), 0.0454330 secs] 4593481K->4205744K(8339648K), 0.0456290 secs] [Times: user=0.47 sys=0.02, real=0.04 secs] 
2900.605: [GC 2900.605: [ParNew: 418742K->24939K(440896K), 0.0374380 secs] 4597680K->4206989K(8339648K), 0.0376480 secs] [Times: user=0.69 sys=0.00, real=0.04 secs] 
2905.571: [GC 2905.571: [ParNew: 416875K->33339K(440896K), 0.0333670 secs] 4598925K->4218239K(8339648K), 0.0335800 secs] [Times: user=0.48 sys=0.00, real=0.03 secs] 
2909.609: [GC 2909.610: [ParNew: 425275K->40842K(440896K), 0.0480480 secs] 4610175K->4231068K(8339648K), 0.0483090 secs] [Times: user=0.86 sys=0.00, real=0.05 secs] 
2911.153: [GC 2911.153: [ParNew: 432778K->37192K(440896K), 0.0555680 secs] 4623004K->4238306K(8339648K), 0.0558210 secs] [Times: user=0.50 sys=0.03, real=0.06 secs] 
2914.354: [GC 2914.354: [ParNew: 429128K->31362K(440896K), 0.0349990 secs] 4630242K->4232477K(8339648K), 0.0351950 secs] [Times: user=0.69 sys=0.01, real=0.04 secs] 
2919.472: [GC 2919.473: [ParNew: 423298K->36387K(440896K), 0.0534550 secs] 4624413K->4244905K(8339648K), 0.0537100 secs] [Times: user=0.80 sys=0.02, real=0.05 secs] 
2921.067: [GC 2921.067: [ParNew: 428323K->37488K(440896K), 0.0394710 secs] 4636841K->4253915K(8339648K), 0.0396740 secs] [Times: user=0.53 sys=0.00, real=0.03 secs] 
2922.479: [GC 2922.479: [ParNew: 429424K->27204K(440896K), 0.0330520 secs] 4645851K->4246485K(8339648K), 0.0332020 secs] [Times: user=0.44 sys=0.03, real=0.03 secs] 
2925.270: [GC 2925.270: [ParNew: 419140K->30237K(440896K), 0.0396050 secs] 4638421K->4254735K(8339648K), 0.0397980 secs] [Times: user=0.66 sys=0.02, real=0.04 secs] 
2926.699: [GC 2926.699: [ParNew: 422173K->27389K(440896K), 0.0481990 secs] 4646671K->4259683K(8339648K), 0.0483800 secs] [Times: user=0.40 sys=0.03, real=0.04 secs] 
2930.340: [GC 2930.340: [ParNew: 419325K->24224K(440896K), 0.0432460 secs] 4651619K->4259973K(8339648K), 0.0433930 secs] [Times: user=0.65 sys=0.03, real=0.04 secs] 
2935.507: [GC 2935.507: [ParNew: 416160K->31784K(440896K), 0.0366140 secs] 4651909K->4270429K(8339648K), 0.0368130 secs] [Times: user=0.63 sys=0.01, real=0.04 secs] 
2939.420: [GC 2939.420: [ParNew: 423720K->37568K(440896K), 0.0489850 secs] 4662365K->4281419K(8339648K), 0.0492380 secs] [Times: user=0.93 sys=0.00, real=0.05 secs] 
2940.968: [GC 2940.968: [ParNew: 429504K->41715K(440896K), 0.0343450 secs] 4673355K->4288341K(8339648K), 0.0345420 secs] [Times: user=0.46 sys=0.02, real=0.03 secs] 
2942.418: [GC 2942.418: [ParNew: 433651K->35157K(440896K), 0.0508160 secs] 4680277K->4289676K(8339648K), 0.0510130 secs] [Times: user=0.51 sys=0.02, real=0.05 secs] 
2945.548: [GC 2945.548: [ParNew: 427093K->27006K(440896K), 0.0446620 secs] 4681612K->4289032K(8339648K), 0.0448590 secs] [Times: user=0.52 sys=0.01, real=0.04 secs] 
2950.630: [GC 2950.630: [ParNew: 418942K->32011K(440896K), 0.0402760 secs] 4680968K->4299599K(8339648K), 0.0404640 secs] [Times: user=0.67 sys=0.01, real=0.04 secs] 
2952.117: [GC 2952.117: [ParNew: 423947K->30098K(440896K), 0.0419870 secs] 4691535K->4302847K(8339648K), 0.0421720 secs] [Times: user=0.76 sys=0.01, real=0.05 secs] 
2955.065: [GC 2955.066: [ParNew: 422034K->32002K(440896K), 0.0328330 secs] 4694783K->4306216K(8339648K), 0.0329920 secs] [Times: user=0.70 sys=0.00, real=0.04 secs] 
2956.451: [GC 2956.451: [ParNew: 423938K->32490K(440896K), 0.0510890 secs] 4698152K->4313230K(8339648K), 0.0512920 secs] [Times: user=0.67 sys=0.05, real=0.05 secs] 
2960.157: [GC 2960.157: [ParNew: 424426K->24156K(440896K), 0.0538600 secs] 4705166K->4312921K(8339648K), 0.0540720 secs] [Times: user=0.73 sys=0.01, real=0.06 secs] 
2965.279: [GC 2965.280: [ParNew: 416092K->32082K(440896K), 0.0404980 secs] 4704857K->4323879K(8339648K), 0.0406920 secs] [Times: user=0.70 sys=0.00, real=0.04 secs] 
2966.826: [GC 2966.826: [ParNew: 424018K->33641K(440896K), 0.0382570 secs] 4715815K->4330749K(8339648K), 0.0384690 secs] [Times: user=0.54 sys=0.00, real=0.04 secs] 
2970.586: [GC 2970.586: [ParNew: 425577K->32982K(440896K), 0.0347400 secs] 4722685K->4332628K(8339648K), 0.0349560 secs] [Times: user=0.67 sys=0.01, real=0.04 secs] 
2972.026: [GC 2972.026: [ParNew: 424918K->34937K(440896K), 0.0394280 secs] 4724564K->4339859K(8339648K), 0.0396420 secs] [Times: user=0.65 sys=0.01, real=0.04 secs] 
2975.202: [GC 2975.203: [ParNew: 426873K->26557K(440896K), 0.0514220 secs] 4731795K->4341026K(8339648K), 0.0516350 secs] [Times: user=0.50 sys=0.03, real=0.05 secs] 
2980.309: [GC 2980.309: [ParNew: 418493K->33131K(440896K), 0.0380840 secs] 4732962K->4350588K(8339648K), 0.0383040 secs] [Times: user=0.71 sys=0.01, real=0.03 secs] 
2981.616: [GC 2981.616: [ParNew: 425067K->35351K(440896K), 0.0387890 secs] 4742524K->4357791K(8339648K), 0.0564900 secs] [Times: user=0.58 sys=0.00, real=0.06 secs] 
2984.878: [GC 2984.879: [ParNew: 427287K->34362K(440896K), 0.0338430 secs] 4749727K->4359515K(8339648K), 0.0340620 secs] [Times: user=0.51 sys=0.00, real=0.03 secs] 
2986.172: [GC 2986.173: [ParNew: 426298K->32414K(440896K), 0.0530800 secs] 4751451K->4365345K(8339648K), 0.0533000 secs] [Times: user=0.55 sys=0.03, real=0.05 secs] 
2989.957: [GC 2989.957: [ParNew: 424350K->30555K(440896K), 0.0533590 secs] 4757281K->4371304K(8339648K), 0.0535830 secs] [Times: user=0.71 sys=0.02, real=0.05 secs] 
2995.110: [GC 2995.110: [ParNew: 422491K->28984K(440896K), 0.0504130 secs] 4763240K->4372667K(8339648K), 0.0917730 secs] [Times: user=0.92 sys=0.01, real=0.09 secs] 
2996.564: [GC 2996.565: [ParNew: 420920K->34640K(440896K), 0.0388360 secs] 4764603K->4383828K(8339648K), 0.0390570 secs] [Times: user=0.51 sys=0.01, real=0.04 secs] 
3000.394: [GC 3000.394: [ParNew: 426576K->35117K(440896K), 0.0349820 secs] 4775764K->4387132K(8339648K), 0.0352230 secs] [Times: user=0.69 sys=0.00, real=0.04 secs] 
3001.838: [GC 3001.838: [ParNew: 427053K->37822K(440896K), 0.0401580 secs] 4779068K->4394995K(8339648K), 0.0403770 secs] [Times: user=0.67 sys=0.04, real=0.04 secs] 
3005.126: [GC 3005.126: [ParNew: 429758K->24958K(440896K), 0.0533750 secs] 4786931K->4391979K(8339648K), 0.0535990 secs] [Times: user=0.68 sys=0.02, real=0.06 secs] 
3010.262: [GC 3010.262: [ParNew: 416894K->32598K(440896K), 0.0425770 secs] 4783915K->4402546K(8339648K), 0.0428030 secs] [Times: user=0.74 sys=0.01, real=0.04 secs] 
3011.570: [GC 3011.570: [ParNew: 424534K->33924K(440896K), 0.0490100 secs] 4794482K->4409396K(8339648K), 0.0492420 secs] [Times: user=0.80 sys=0.02, real=0.05 secs] 
3014.580: [GC 3014.580: [ParNew: 425860K->37621K(440896K), 0.0412310 secs] 4801332K->4415834K(8339648K), 0.0414920 secs] [Times: user=0.70 sys=0.00, real=0.04 secs] 
3015.949: [GC 3015.949: [ParNew: 429557K->35715K(440896K), 0.0416560 secs] 4807770K->4419192K(8339648K), 0.0419020 secs] [Times: user=0.60 sys=0.00, real=0.04 secs] 
3019.591: [GC 3019.592: [ParNew: 427651K->32748K(440896K), 0.0650970 secs] 4811128K->4426076K(8339648K), 0.0653620 secs] [Times: user=0.71 sys=0.03, real=0.06 secs] 
3024.867: [GC 3024.867: [ParNew: 424684K->30800K(440896K), 0.0404340 secs] 4818012K->4427132K(8339648K), 0.0406490 secs] [Times: user=0.82 sys=0.01, real=0.05 secs] 
3026.354: [GC 3026.354: [ParNew: 422736K->35322K(440896K), 0.0391350 secs] 4819068K->4436890K(8339648K), 0.0393430 secs] [Times: user=0.54 sys=0.02, real=0.04 secs] 
3030.281: [GC 3030.281: [ParNew: 427258K->36034K(440896K), 0.0381470 secs] 4828826K->4440674K(8339648K), 0.0383590 secs] [Times: user=0.69 sys=0.00, real=0.04 secs] 
3031.771: [GC 3031.771: [ParNew: 427970K->37450K(440896K), 0.0415040 secs] 4832610K->4447509K(8339648K), 0.0417130 secs] [Times: user=0.52 sys=0.01, real=0.04 secs] 
3034.981: [GC 3034.981: [ParNew: 429386K->25897K(440896K), 0.0599660 secs] 4839445K->4446029K(8339648K), 0.0602040 secs] [Times: user=0.71 sys=0.02, real=0.06 secs] 
3040.042: [GC 3040.043: [ParNew: 417833K->36586K(440896K), 0.0463900 secs] 4837965K->4459601K(8339648K), 0.0466380 secs] [Times: user=0.92 sys=0.00, real=0.05 secs] 
3041.639: [GC 3041.639: [ParNew: 428522K->35985K(440896K), 0.0451280 secs] 4851537K->4464488K(8339648K), 0.0453410 secs] [Times: user=0.58 sys=0.03, real=0.04 secs] 
3043.127: [GC 3043.127: [ParNew: 427921K->35209K(440896K), 0.0307170 secs] 4856424K->4466454K(8339648K), 0.0309260 secs] [Times: user=0.60 sys=0.01, real=0.04 secs] 
3045.791: [GC 3045.791: [ParNew: 427145K->36884K(440896K), 0.0473050 secs] 4858390K->4473629K(8339648K), 0.0475200 secs] [Times: user=0.77 sys=0.00, real=0.05 secs] 
3047.293: [GC 3047.293: [ParNew: 428820K->31123K(440896K), 0.0550650 secs] 4865565K->4478320K(8339648K), 0.0552800 secs] [Times: user=0.58 sys=0.05, real=0.06 secs] 
3054.482: [GC 3054.482: [ParNew: 423059K->28537K(440896K), 0.0486920 secs] 4870256K->4478732K(8339648K), 0.0489440 secs] [Times: user=0.90 sys=0.03, real=0.05 secs] 
3056.136: [GC 3056.136: [ParNew: 420473K->34095K(440896K), 0.0345040 secs] 4870668K->4487206K(8339648K), 0.0347030 secs] [Times: user=0.66 sys=0.00, real=0.04 secs] 
3059.730: [GC 3059.730: [ParNew: 426031K->39234K(440896K), 0.0529940 secs] 4879142K->4497746K(8339648K), 0.0532520 secs] [Times: user=0.89 sys=0.00, real=0.05 secs] 
3061.383: [GC 3061.383: [ParNew: 431170K->36427K(440896K), 0.0371100 secs] 4889682K->4497962K(8339648K), 0.0373210 secs] [Times: user=0.69 sys=0.00, real=0.04 secs] 
3062.856: [GC 3062.856: [ParNew: 428363K->34028K(440896K), 0.0571520 secs] 4889898K->4505888K(8339648K), 0.0573720 secs] [Times: user=0.66 sys=0.02, real=0.06 secs] 
3069.361: [GC 3069.361: [ParNew: 425964K->30925K(440896K), 0.0571330 secs] 4897824K->4505581K(8339648K), 0.0573900 secs] [Times: user=1.14 sys=0.00, real=0.06 secs] 
3071.045: [GC 3071.045: [ParNew: 422861K->32306K(440896K), 0.0543480 secs] 4897517K->4514761K(8339648K), 0.0545600 secs] [Times: user=0.89 sys=0.02, real=0.06 secs] 
3072.539: [GC 3072.539: [ParNew: 424242K->24294K(440896K), 0.0328210 secs] 4906697K->4509714K(8339648K), 0.0330330 secs] [Times: user=0.43 sys=0.00, real=0.03 secs] 
3075.382: [GC 3075.383: [ParNew: 416230K->32040K(440896K), 0.0363000 secs] 4901650K->4520307K(8339648K), 0.0365110 secs] [Times: user=0.69 sys=0.00, real=0.04 secs] 
3076.850: [GC 3076.850: [ParNew: 423976K->27223K(440896K), 0.0615880 secs] 4912243K->4525100K(8339648K), 0.0617940 secs] [Times: user=0.69 sys=0.01, real=0.06 secs] 
3080.503: [GC 3080.503: [ParNew: 419159K->23125K(440896K), 0.0393850 secs] 4917036K->4524313K(8339648K), 0.0396020 secs] [Times: user=0.69 sys=0.01, real=0.04 secs] 
3085.683: [GC 3085.715: [ParNew: 415061K->31918K(440896K), 0.0362490 secs] 4916249K->4536053K(8339648K), 0.0364990 secs] [Times: user=0.57 sys=0.02, real=0.07 secs] 
3089.505: [GC 3089.505: [ParNew: 423854K->40119K(440896K), 0.0518740 secs] 4927989K->4549436K(8339648K), 0.0521340 secs] [Times: user=0.82 sys=0.00, real=0.05 secs] 
3091.149: [GC 3091.149: [ParNew: 432055K->40986K(440896K), 0.0389080 secs] 4941372K->4553218K(8339648K), 0.0391600 secs] [Times: user=0.67 sys=0.00, real=0.03 secs] 
3092.632: [GC 3092.632: [ParNew: 432922K->36277K(440896K), 0.0453200 secs] 4945154K->4555253K(8339648K), 0.0455360 secs] [Times: user=0.53 sys=0.04, real=0.04 secs] 
3098.068: [GC 3098.068: [ParNew: 428213K->36215K(440896K), 0.0587750 secs] 4947189K->4563527K(8339648K), 0.0590590 secs] [Times: user=0.77 sys=0.01, real=0.05 secs] 
3100.942: [GC 3100.943: [ParNew: 428151K->32880K(440896K), 0.0400190 secs] 4955463K->4567769K(8339648K), 0.0402350 secs] [Times: user=0.47 sys=0.03, real=0.04 secs] 
3102.430: [GC 3102.430: [ParNew: 424816K->26966K(440896K), 0.0334660 secs] 4959705K->4564762K(8339648K), 0.0336770 secs] [Times: user=0.41 sys=0.02, real=0.03 secs] 
3105.393: [GC 3105.394: [ParNew: 418902K->31955K(440896K), 0.0332030 secs] 4956698K->4572634K(8339648K), 0.0334180 secs] [Times: user=0.69 sys=0.00, real=0.03 secs] 
3106.877: [GC 3106.877: [ParNew: 423891K->30343K(440896K), 0.0634550 secs] 4964570K->4579112K(8339648K), 0.0636700 secs] [Times: user=0.98 sys=0.03, real=0.07 secs] 
3110.454: [GC 3110.454: [ParNew: 422279K->25587K(440896K), 0.0350380 secs] 4971048K->4579768K(8339648K), 0.0352450 secs] [Times: user=0.58 sys=0.00, real=0.04 secs] 
3115.621: [GC 3115.621: [ParNew: 417523K->37880K(440896K), 0.0809890 secs] 4971704K->4595090K(8339648K), 0.0812120 secs] [Times: user=1.61 sys=0.01, real=0.08 secs] 
3117.131: [GC 3117.131: [ParNew: 429816K->43786K(440896K), 0.0923250 secs] 4987026K->4609052K(8339648K), 0.0925390 secs] [Times: user=1.56 sys=0.03, real=0.09 secs] 
3120.883: [GC 3120.883: [ParNew: 435722K->46631K(440896K), 0.1131100 secs] 5000988K->4619869K(8339648K), 0.1133300 secs] [Times: user=2.16 sys=0.01, real=0.11 secs] 
3122.427: [GC 3122.427: [ParNew: 438567K->42589K(440896K), 0.1258560 secs] 5011805K->4635661K(8339648K), 0.1260640 secs] [Times: user=2.34 sys=0.01, real=0.13 secs] 
3125.633: [GC 3125.633: [ParNew: 434525K->31184K(440896K), 0.1293170 secs] 5027597K->4644308K(8339648K), 0.1295380 secs] [Times: user=2.57 sys=0.04, real=0.13 secs] 
3130.657: [GC 3130.657: [ParNew: 423120K->44414K(440896K), 0.1313750 secs] 5036244K->4665510K(8339648K), 0.1315950 secs] [Times: user=2.88 sys=0.02, real=0.14 secs] 
3132.347: [GC 3132.348: [ParNew: 436350K->32138K(440896K), 0.0998020 secs] 5057446K->4672364K(8339648K), 0.1000210 secs] [Times: user=1.76 sys=0.02, real=0.09 secs] 
3134.987: [GC 3134.987: [ParNew: 424074K->33505K(440896K), 0.1006280 secs] 5064300K->4673731K(8339648K), 0.1008790 secs] [Times: user=2.18 sys=0.01, real=0.10 secs] 
3136.630: [GC 3136.630: [ParNew: 425441K->23855K(440896K), 0.1037840 secs] 5065667K->4681680K(8339648K), 0.1040050 secs] [Times: user=1.75 sys=0.02, real=0.10 secs] 
3139.926: [GC 3139.926: [ParNew: 415791K->21588K(440896K), 0.0281500 secs] 5073616K->4679413K(8339648K), 0.0283950 secs] [Times: user=0.63 sys=0.00, real=0.03 secs] 
3145.163: [GC 3145.163: [ParNew: 413524K->32371K(440896K), 0.0478430 secs] 5071349K->4693200K(8339648K), 0.0481060 secs] [Times: user=0.93 sys=0.00, real=0.05 secs] 
3146.751: [GC 3146.751: [ParNew: 424307K->32360K(440896K), 0.0421150 secs] 5085136K->4698643K(8339648K), 0.0423310 secs] [Times: user=0.63 sys=0.02, real=0.04 secs] 
3150.520: [GC 3150.520: [ParNew: 424296K->34606K(440896K), 0.0382560 secs] 5090579K->4703654K(8339648K), 0.0384980 secs] [Times: user=0.68 sys=0.01, real=0.03 secs] 
3152.007: [GC 3152.007: [ParNew: 426542K->33756K(440896K), 0.0406470 secs] 5095590K->4708275K(8339648K), 0.0408630 secs] [Times: user=0.60 sys=0.00, real=0.04 secs] 
3155.275: [GC 3155.276: [ParNew: 425692K->32303K(440896K), 0.0578210 secs] 5100211K->4716635K(8339648K), 0.0580590 secs] [Times: user=0.85 sys=0.00, real=0.06 secs] 
3160.243: [GC 3160.243: [ParNew: 424239K->30193K(440896K), 0.0730310 secs] 5108571K->4717440K(8339648K), 0.0732760 secs] [Times: user=1.45 sys=0.00, real=0.07 secs] 
3161.758: [GC 3161.758: [ParNew: 422129K->34074K(440896K), 0.0402300 secs] 5109376K->4726679K(8339648K), 0.0404700 secs] [Times: user=0.67 sys=0.01, real=0.04 secs] 
3164.629: [GC 3164.629: [ParNew: 426010K->36361K(440896K), 0.0451200 secs] 5118615K->4731513K(8339648K), 0.0453750 secs] [Times: user=0.69 sys=0.00, real=0.04 secs] 
3166.228: [GC 3166.229: [ParNew: 428297K->36356K(440896K), 0.0438880 secs] 5123449K->4736838K(8339648K), 0.0441020 secs] [Times: user=0.63 sys=0.02, real=0.04 secs] 
3169.771: [GC 3169.771: [ParNew: 428292K->33507K(440896K), 0.0613600 secs] 5128774K->4744165K(8339648K), 0.0616190 secs] [Times: user=0.70 sys=0.05, real=0.06 secs] 
3174.962: [GC 3174.962: [ParNew: 425443K->30581K(440896K), 0.0689200 secs] 5136101K->4744174K(8339648K), 0.0691850 secs] [Times: user=1.37 sys=0.01, real=0.07 secs] 
3176.607: [GC 3176.607: [ParNew: 422517K->34837K(440896K), 0.0473330 secs] 5136110K->4753989K(8339648K), 0.0475480 secs] [Times: user=0.65 sys=0.01, real=0.04 secs] 
3180.363: [GC 3180.363: [ParNew: 426773K->36297K(440896K), 0.0459110 secs] 5145925K->4758525K(8339648K), 0.0673910 secs] [Times: user=0.91 sys=0.00, real=0.07 secs] 
3181.936: [GC 3181.936: [ParNew: 428233K->35262K(440896K), 0.0490340 secs] 5150461K->4762650K(8339648K), 0.0492430 secs] [Times: user=0.80 sys=0.03, real=0.05 secs] 
3185.032: [GC 3185.032: [ParNew: 427198K->32853K(440896K), 0.0635810 secs] 5154586K->4770496K(8339648K), 0.0638320 secs] [Times: user=0.77 sys=0.03, real=0.06 secs] 
3190.045: [GC 3190.045: [ParNew: 424789K->29899K(440896K), 0.0629230 secs] 5162432K->4770542K(8339648K), 0.0631860 secs] [Times: user=1.33 sys=0.02, real=0.07 secs] 
3190.109: [GC [1 CMS-initial-mark: 4740642K(7898752K)] 4771646K(8339648K), 0.0806510 secs] [Times: user=0.09 sys=0.00, real=0.08 secs] 
3190.190: [CMS-concurrent-mark-start]
3191.737: [GC 3191.737: [ParNew: 421835K->34258K(440896K), 0.0465440 secs] 5162478K->4780127K(8339648K), 0.0697030 secs] [Times: user=0.71 sys=0.00, real=0.06 secs] 
3193.061: [CMS-concurrent-mark: 2.800/2.871 secs] [Times: user=34.09 sys=0.04, real=2.87 secs] 
3193.061: [CMS-concurrent-preclean-start]
3193.207: [CMS-concurrent-preclean: 0.140/0.145 secs] [Times: user=0.98 sys=0.00, real=0.14 secs] 
3193.207: [CMS-concurrent-abortable-preclean-start]
3193.224: [GC 3193.224: [ParNew: 426194K->32120K(440896K), 0.0283270 secs] 5172063K->4780496K(8339648K), 0.0285370 secs] [Times: user=0.51 sys=0.00, real=0.03 secs] 
3195.100: [CMS-concurrent-abortable-preclean: 1.356/1.893 secs] [Times: user=7.08 sys=0.03, real=1.90 secs] 
3195.102: [GC[YG occupancy: 235325 K (440896 K)]3195.102: [Rescan (parallel) , 0.1192550 secs]3195.221: [weak refs processing, 0.0027890 secs]3195.224: [class unloading, 0.0262080 secs]3195.250: [scrub symbol & string tables, 0.0254500 secs] [1 CMS-remark: 4748376K(7898752K)] 4983701K(8339648K), 0.1881890 secs] [Times: user=2.66 sys=0.01, real=0.19 secs] 
3195.290: [CMS-concurrent-sweep-start]
3196.118: [GC 3196.118: [ParNew: 424056K->33377K(440896K), 0.0386560 secs] 5070769K->4685485K(8339648K), 0.0388770 secs] [Times: user=0.56 sys=0.00, real=0.03 secs] 
3197.672: [GC 3197.672: [ParNew: 425313K->29550K(440896K), 0.0411870 secs] 4971177K->4585776K(8339648K), 0.0634900 secs] [Times: user=0.70 sys=0.00, real=0.06 secs] 
3201.197: [CMS-concurrent-sweep: 5.801/5.907 secs] [Times: user=29.24 sys=0.02, real=5.90 secs] 
3201.197: [CMS-concurrent-reset-start]
3201.242: [CMS-concurrent-reset: 0.044/0.044 secs] [Times: user=0.10 sys=0.00, real=0.05 secs] 
3204.469: [GC 3204.469: [ParNew: 421486K->28735K(440896K), 0.0550270 secs] 4896373K->4506621K(8339648K), 0.0552870 secs] [Times: user=0.95 sys=0.00, real=0.05 secs] 
3206.162: [GC 3206.163: [ParNew: 420671K->34524K(440896K), 0.0419140 secs] 4898557K->4515282K(8339648K), 0.0421820 secs] [Times: user=0.70 sys=0.00, real=0.04 secs] 
3209.760: [GC 3209.761: [ParNew: 426460K->36741K(440896K), 0.0699030 secs] 4907218K->4522570K(8339648K), 0.0701800 secs] [Times: user=1.16 sys=0.01, real=0.07 secs] 
3211.135: [GC 3211.135: [ParNew: 428677K->42023K(440896K), 0.0419850 secs] 4914506K->4530758K(8339648K), 0.0422170 secs] [Times: user=0.69 sys=0.00, real=0.04 secs] 
3214.534: [GC 3214.535: [ParNew: 433959K->38519K(440896K), 0.0919760 secs] 4922694K->4539304K(8339648K), 0.0922500 secs] [Times: user=0.87 sys=0.01, real=0.09 secs] 
3219.570: [GC 3219.571: [ParNew: 430455K->30093K(440896K), 0.0536000 secs] 4931240K->4533890K(8339648K), 0.0538780 secs] [Times: user=0.93 sys=0.00, real=0.05 secs] 
3221.186: [GC 3221.186: [ParNew: 422029K->30310K(440896K), 0.0438410 secs] 4925826K->4541609K(8339648K), 0.0441040 secs] [Times: user=0.67 sys=0.00, real=0.05 secs] 
3222.590: [GC 3222.590: [ParNew: 422246K->28339K(440896K), 0.0433560 secs] 4933545K->4542587K(8339648K), 0.0435840 secs] [Times: user=0.69 sys=0.00, real=0.04 secs] 
3225.430: [GC 3225.430: [ParNew: 420275K->31070K(440896K), 0.0382600 secs] 4934523K->4550682K(8339648K), 0.0384910 secs] [Times: user=0.46 sys=0.00, real=0.04 secs] 
3226.831: [GC 3226.831: [ParNew: 423006K->28189K(440896K), 0.0372650 secs] 4942618K->4555389K(8339648K), 0.0374860 secs] [Times: user=0.45 sys=0.00, real=0.04 secs] 
3230.409: [GC 3230.409: [ParNew: 420125K->23561K(440896K), 0.0401560 secs] 4947325K->4554558K(8339648K), 0.0403870 secs] [Times: user=0.67 sys=0.01, real=0.04 secs] 
3235.493: [GC 3235.494: [ParNew: 415497K->33489K(440896K), 0.0393790 secs] 4946494K->4567428K(8339648K), 0.0396000 secs] [Times: user=0.70 sys=0.00, real=0.04 secs] 
3238.033: [GC 3238.033: [ParNew: 425425K->37484K(440896K), 0.0461990 secs] 4959364K->4576482K(8339648K), 0.0464700 secs] [Times: user=0.70 sys=0.01, real=0.05 secs] 
3240.792: [GC 3240.792: [ParNew: 429420K->39626K(440896K), 0.0341700 secs] 4968418K->4581510K(8339648K), 0.0344340 secs] [Times: user=0.63 sys=0.00, real=0.03 secs] 
3242.042: [GC 3242.042: [ParNew: 431562K->34254K(440896K), 0.0405510 secs] 4973446K->4581924K(8339648K), 0.0407800 secs] [Times: user=0.70 sys=0.00, real=0.04 secs] 
3245.564: [GC 3245.564: [ParNew: 426190K->35738K(440896K), 0.0499380 secs] 4973860K->4593511K(8339648K), 0.0501720 secs] [Times: user=0.68 sys=0.01, real=0.05 secs] 
3250.629: [GC 3250.629: [ParNew: 427674K->29256K(440896K), 0.0359300 secs] 4985447K->4592442K(8339648K), 0.0361640 secs] [Times: user=0.47 sys=0.00, real=0.03 secs] 
3251.877: [GC 3251.877: [ParNew: 421192K->28804K(440896K), 0.0349930 secs] 4984378K->4597031K(8339648K), 0.0352230 secs] [Times: user=0.59 sys=0.00, real=0.04 secs] 
3254.948: [GC 3254.948: [ParNew: 420740K->32735K(440896K), 0.0380620 secs] 4988967K->4601488K(8339648K), 0.0383330 secs] [Times: user=0.72 sys=0.00, real=0.03 secs] 
3256.395: [GC 3256.395: [ParNew: 424671K->35020K(440896K), 0.0435070 secs] 4993424K->4611514K(8339648K), 0.0437530 secs] [Times: user=0.66 sys=0.00, real=0.05 secs] 
3259.990: [GC 3259.990: [ParNew: 426956K->23783K(440896K), 0.0497530 secs] 5003450K->4607741K(8339648K), 0.0500310 secs] [Times: user=0.67 sys=0.01, real=0.05 secs] 
3265.311: [GC 3265.311: [ParNew: 415719K->33580K(440896K), 0.0380690 secs] 4999677K->4620538K(8339648K), 0.0383050 secs] [Times: user=0.70 sys=0.00, real=0.04 secs] 
3266.786: [GC 3266.786: [ParNew: 425516K->36435K(440896K), 0.0376670 secs] 5012474K->4628730K(8339648K), 0.0378960 secs] [Times: user=0.66 sys=0.01, real=0.04 secs] 
3270.649: [GC 3270.650: [ParNew: 428371K->39762K(440896K), 0.0376410 secs] 5020666K->4635151K(8339648K), 0.0379210 secs] [Times: user=0.60 sys=0.01, real=0.04 secs] 
3272.131: [GC 3272.131: [ParNew: 431698K->36778K(440896K), 0.0398980 secs] 5027087K->4637405K(8339648K), 0.0401210 secs] [Times: user=0.70 sys=0.00, real=0.04 secs] 
3275.301: [GC 3275.301: [ParNew: 428714K->34718K(440896K), 0.0457600 secs] 5029341K->4645761K(8339648K), 0.0459940 secs] [Times: user=0.70 sys=0.00, real=0.05 secs] 
3280.339: [GC 3280.339: [ParNew: 426654K->32932K(440896K), 0.0406350 secs] 5037697K->4646849K(8339648K), 0.0408720 secs] [Times: user=0.73 sys=0.00, real=0.04 secs] 
3281.828: [GC 3281.828: [ParNew: 424868K->32134K(440896K), 0.0355170 secs] 5038785K->4651500K(8339648K), 0.0358000 secs] [Times: user=0.44 sys=0.00, real=0.03 secs] 
3284.512: [GC 3284.513: [ParNew: 424070K->34922K(440896K), 0.0417860 secs] 5043436K->4657290K(8339648K), 0.0420510 secs] [Times: user=0.68 sys=0.00, real=0.04 secs] 
3286.111: [GC 3286.112: [ParNew: 426858K->34001K(440896K), 0.0434780 secs] 5049226K->4664050K(8339648K), 0.0437060 secs] [Times: user=0.66 sys=0.00, real=0.04 secs] 
3287.533: [GC 3287.533: [ParNew: 425937K->22829K(440896K), 0.0344940 secs] 5055986K->4660424K(8339648K), 0.0347210 secs] [Times: user=0.45 sys=0.00, real=0.03 secs] 
3294.672: [GC 3294.673: [ParNew: 414765K->28983K(440896K), 0.0477600 secs] 5052360K->4669477K(8339648K), 0.0480250 secs] [Times: user=0.93 sys=0.00, real=0.05 secs] 
3296.267: [GC 3296.267: [ParNew: 420919K->30482K(440896K), 0.0377400 secs] 5061413K->4676429K(8339648K), 0.0379590 secs] [Times: user=0.59 sys=0.00, real=0.03 secs] 
3300.047: [GC 3300.047: [ParNew: 422418K->35150K(440896K), 0.0468810 secs] 5068365K->4683828K(8339648K), 0.0471540 secs] [Times: user=0.86 sys=0.00, real=0.05 secs] 
3301.647: [GC 3301.647: [ParNew: 427086K->38766K(440896K), 0.0320130 secs] 5075764K->4690280K(8339648K), 0.0322350 secs] [Times: user=0.59 sys=0.02, real=0.04 secs] 
3304.723: [GC 3304.724: [ParNew: 430702K->33014K(440896K), 0.0544540 secs] 5082216K->4694660K(8339648K), 0.0547180 secs] [Times: user=0.85 sys=0.00, real=0.06 secs] 
3309.849: [GC 3309.849: [ParNew: 424950K->34414K(440896K), 0.0524340 secs] 5086596K->4698679K(8339648K), 0.0527070 secs] [Times: user=0.93 sys=0.00, real=0.05 secs] 
3311.455: [GC 3311.455: [ParNew: 426350K->34924K(440896K), 0.0398830 secs] 5090615K->4706785K(8339648K), 0.0401070 secs] [Times: user=0.70 sys=0.01, real=0.04 secs] 
3312.860: [GC 3312.860: [ParNew: 426860K->29093K(440896K), 0.0321710 secs] 5098721K->4703909K(8339648K), 0.0324010 secs] [Times: user=0.47 sys=0.00, real=0.03 secs] 
3315.862: [GC 3315.862: [ParNew: 421029K->31022K(440896K), 0.0382240 secs] 5095845K->4711320K(8339648K), 0.0384480 secs] [Times: user=0.66 sys=0.01, real=0.04 secs] 
3317.272: [GC 3317.272: [ParNew: 422958K->25841K(440896K), 0.0384820 secs] 5103256K->4716242K(8339648K), 0.0387060 secs] [Times: user=0.47 sys=0.00, real=0.04 secs] 
3321.032: [GC 3321.032: [ParNew: 417777K->22488K(440896K), 0.0288650 secs] 5108178K->4714453K(8339648K), 0.0290890 secs] [Times: user=0.46 sys=0.00, real=0.03 secs] 
3325.962: [GC 3325.962: [ParNew: 414424K->30552K(440896K), 0.0310500 secs] 5106389K->4726939K(8339648K), 0.0312840 secs] [Times: user=0.47 sys=0.00, real=0.03 secs] 
3329.774: [GC 3329.775: [ParNew: 422488K->35190K(440896K), 0.0428350 secs] 5118875K->4736630K(8339648K), 0.0431080 secs] [Times: user=0.83 sys=0.00, real=0.05 secs] 
3331.383: [GC 3331.383: [ParNew: 427126K->37482K(440896K), 0.0296270 secs] 5128566K->4739384K(8339648K), 0.0298430 secs] [Times: user=0.52 sys=0.00, real=0.03 secs] 
3334.532: [GC 3334.532: [ParNew: 429418K->39067K(440896K), 0.0457350 secs] 5131320K->4748664K(8339648K), 0.0460170 secs] [Times: user=0.68 sys=0.01, real=0.05 secs] 
3339.676: [GC 3339.677: [ParNew: 431003K->40329K(440896K), 0.0535240 secs] 5140600K->4757678K(8339648K), 0.0537940 secs] [Times: user=0.86 sys=0.01, real=0.06 secs] 
3341.212: [GC 3341.213: [ParNew: 432265K->30306K(440896K), 0.0374920 secs] 5149614K->4755159K(8339648K), 0.0377380 secs] [Times: user=0.64 sys=0.01, real=0.04 secs] 
3342.686: [GC 3342.686: [ParNew: 422242K->27656K(440896K), 0.0306230 secs] 5147095K->4755177K(8339648K), 0.0308580 secs] [Times: user=0.61 sys=0.00, real=0.03 secs] 
3345.576: [GC 3345.576: [ParNew: 419592K->29703K(440896K), 0.0347740 secs] 5147113K->4762561K(8339648K), 0.0349910 secs] [Times: user=0.64 sys=0.00, real=0.04 secs] 
3346.998: [GC 3346.998: [ParNew: 421639K->27432K(440896K), 0.0342070 secs] 5154497K->4767893K(8339648K), 0.0344240 secs] [Times: user=0.44 sys=0.02, real=0.03 secs] 
3347.033: [GC [1 CMS-initial-mark: 4740461K(7898752K)] 4769077K(8339648K), 0.0313540 secs] [Times: user=0.03 sys=0.00, real=0.03 secs] 
3347.064: [CMS-concurrent-mark-start]
3349.649: [CMS-concurrent-mark: 2.583/2.585 secs] [Times: user=18.42 sys=0.06, real=2.59 secs] 
3349.649: [CMS-concurrent-preclean-start]
3349.703: [CMS-concurrent-preclean: 0.053/0.054 secs] [Times: user=0.35 sys=0.00, real=0.05 secs] 
3349.704: [CMS-concurrent-abortable-preclean-start]
3350.579: [GC 3350.579: [ParNew: 419368K->23528K(440896K), 0.0316920 secs] 5159829K->4767364K(8339648K), 0.0319170 secs] [Times: user=0.47 sys=0.00, real=0.03 secs] 
 CMS: abort preclean due to time 3354.744: [CMS-concurrent-abortable-preclean: 3.395/5.040 secs] [Times: user=11.72 sys=0.03, real=5.04 secs] 
3354.745: [GC[YG occupancy: 135948 K (440896 K)]3354.746: [Rescan (parallel) , 0.1260950 secs]3354.872: [weak refs processing, 0.0022170 secs]3354.874: [class unloading, 0.0251230 secs]3354.899: [scrub symbol & string tables, 0.0251100 secs] [1 CMS-remark: 4743835K(7898752K)] 4879784K(8339648K), 0.1927820 secs] [Times: user=2.89 sys=0.01, real=0.20 secs] 
3354.939: [CMS-concurrent-sweep-start]
3356.075: [GC 3356.075: [ParNew: 415464K->34098K(440896K), 0.0350360 secs] 5054104K->4675699K(8339648K), 0.0352610 secs] [Times: user=0.68 sys=0.00, real=0.04 secs] 
3359.654: [GC 3359.654: [ParNew: 426034K->40753K(440896K), 0.0539170 secs] 4920638K->4540404K(8339648K), 0.0541490 secs] [Times: user=1.08 sys=0.00, real=0.06 secs] 
3361.191: [CMS-concurrent-sweep: 6.160/6.252 secs] [Times: user=32.34 sys=0.04, real=6.25 secs] 
3361.191: [CMS-concurrent-reset-start]
3361.207: [GC 3361.208: [ParNew: 432689K->39284K(440896K), 0.0530410 secs] 4924530K->4542524K(8339648K), 0.0532640 secs] [Times: user=0.78 sys=0.00, real=0.05 secs] 
3361.292: [CMS-concurrent-reset: 0.046/0.101 secs] [Times: user=1.10 sys=0.00, real=0.10 secs] 
3362.652: [GC 3362.652: [ParNew: 431220K->31480K(440896K), 0.0313230 secs] 4934460K->4534720K(8339648K), 0.0315260 secs] [Times: user=0.62 sys=0.00, real=0.03 secs] 
3365.820: [GC 3365.820: [ParNew: 423416K->32348K(440896K), 0.0519500 secs] 4926656K->4543446K(8339648K), 0.0521840 secs] [Times: user=0.70 sys=0.00, real=0.05 secs] 
3370.989: [GC 3370.989: [ParNew: 424284K->32779K(440896K), 0.0474660 secs] 4935382K->4551668K(8339648K), 0.0477070 secs] [Times: user=0.68 sys=0.00, real=0.04 secs] 
3372.469: [GC 3372.469: [ParNew: 424715K->31141K(440896K), 0.0415870 secs] 4943604K->4553027K(8339648K), 0.0417890 secs] [Times: user=0.70 sys=0.00, real=0.04 secs] 
3375.237: [GC 3375.238: [ParNew: 423077K->31922K(440896K), 0.0598850 secs] 4944963K->4558428K(8339648K), 0.0601080 secs] [Times: user=0.71 sys=0.00, real=0.05 secs] 
3376.759: [GC 3376.759: [ParNew: 423858K->31789K(440896K), 0.0440460 secs] 4950364K->4563309K(8339648K), 0.0442660 secs] [Times: user=0.69 sys=0.00, real=0.04 secs] 
3380.299: [GC 3380.299: [ParNew: 423725K->28561K(440896K), 0.0412760 secs] 4955245K->4567804K(8339648K), 0.0415010 secs] [Times: user=0.48 sys=0.00, real=0.04 secs] 
3385.451: [GC 3385.451: [ParNew: 420497K->30589K(440896K), 0.0446250 secs] 4959740K->4572861K(8339648K), 0.0448480 secs] [Times: user=0.69 sys=0.00, real=0.04 secs] 
3386.921: [GC 3386.921: [ParNew: 422525K->31767K(440896K), 0.0383080 secs] 4964797K->4579192K(8339648K), 0.0385200 secs] [Times: user=0.69 sys=0.00, real=0.04 secs] 
3390.867: [GC 3390.867: [ParNew: 423703K->39027K(440896K), 0.0361500 secs] 4971128K->4589410K(8339648K), 0.0363960 secs] [Times: user=0.65 sys=0.01, real=0.04 secs] 
3392.346: [GC 3392.346: [ParNew: 430963K->33871K(440896K), 0.0339110 secs] 4981346K->4589566K(8339648K), 0.0341350 secs] [Times: user=0.64 sys=0.01, real=0.04 secs] 
3395.530: [GC 3395.531: [ParNew: 425807K->33100K(440896K), 0.0422690 secs] 4981502K->4598826K(8339648K), 0.0424930 secs] [Times: user=0.67 sys=0.00, real=0.04 secs] 
3399.657: [GC 3399.657: [ParNew: 425036K->27858K(440896K), 0.0367990 secs] 4990762K->4596432K(8339648K), 0.0370590 secs] [Times: user=0.59 sys=0.00, real=0.04 secs] 
3401.294: [GC 3401.294: [ParNew: 419794K->29540K(440896K), 0.0386820 secs] 4988368K->4605660K(8339648K), 0.0389040 secs] [Times: user=0.67 sys=0.01, real=0.04 secs] 
3404.977: [GC 3404.977: [ParNew: 421476K->29977K(440896K), 0.0432700 secs] 4997596K->4606551K(8339648K), 0.0435320 secs] [Times: user=0.87 sys=0.01, real=0.05 secs] 
3406.590: [GC 3406.590: [ParNew: 421913K->33200K(440896K), 0.0373980 secs] 4998487K->4617421K(8339648K), 0.0376170 secs] [Times: user=0.43 sys=0.00, real=0.04 secs] 
3410.124: [GC 3410.124: [ParNew: 425136K->27652K(440896K), 0.0412460 secs] 5009357K->4616913K(8339648K), 0.0415180 secs] [Times: user=0.70 sys=0.00, real=0.04 secs] 
3415.369: [GC 3415.369: [ParNew: 419588K->34166K(440896K), 0.0396000 secs] 5008849K->4626387K(8339648K), 0.0398270 secs] [Times: user=0.70 sys=0.00, real=0.04 secs] 
3416.838: [GC 3416.838: [ParNew: 426102K->30907K(440896K), 0.0420200 secs] 5018323K->4630551K(8339648K), 0.0422360 secs] [Times: user=0.71 sys=0.01, real=0.04 secs] 
3420.816: [GC 3420.816: [ParNew: 422843K->36266K(440896K), 0.0341620 secs] 5022487K->4638767K(8339648K), 0.0344730 secs] [Times: user=0.67 sys=0.00, real=0.04 secs] 
3422.317: [GC 3422.317: [ParNew: 428202K->32129K(440896K), 0.0379740 secs] 5030703K->4641722K(8339648K), 0.0381940 secs] [Times: user=0.48 sys=0.00, real=0.03 secs] 
3425.629: [GC 3425.630: [ParNew: 424065K->27774K(440896K), 0.0391680 secs] 5033658K->4644746K(8339648K), 0.0393920 secs] [Times: user=0.69 sys=0.00, real=0.04 secs] 
3429.876: [GC 3429.876: [ParNew: 419710K->33310K(440896K), 0.0428970 secs] 5036682K->4653169K(8339648K), 0.0431650 secs] [Times: user=0.91 sys=0.00, real=0.05 secs] 
3431.457: [GC 3431.457: [ParNew: 425246K->34623K(440896K), 0.0377700 secs] 5045105K->4662222K(8339648K), 0.0379920 secs] [Times: user=0.60 sys=0.00, real=0.04 secs] 
3435.195: [GC 3435.195: [ParNew: 426559K->32498K(440896K), 0.0438280 secs] 5054158K->4660554K(8339648K), 0.0440840 secs] [Times: user=0.92 sys=0.01, real=0.05 secs] 
3436.714: [GC 3436.714: [ParNew: 424434K->32893K(440896K), 0.0408420 secs] 5052490K->4668468K(8339648K), 0.0410640 secs] [Times: user=0.53 sys=0.00, real=0.04 secs] 
3440.263: [GC 3440.263: [ParNew: 424829K->24902K(440896K), 0.0358720 secs] 5060404K->4668281K(8339648K), 0.0360830 secs] [Times: user=0.67 sys=0.01, real=0.04 secs] 
3445.403: [GC 3445.403: [ParNew: 416838K->30845K(440896K), 0.0482990 secs] 5060217K->4677142K(8339648K), 0.0485300 secs] [Times: user=0.93 sys=0.00, real=0.05 secs] 
3446.806: [GC 3446.806: [ParNew: 422781K->36711K(440896K), 0.0360720 secs] 5069078K->4688624K(8339648K), 0.0362930 secs] [Times: user=0.60 sys=0.02, real=0.04 secs] 
3450.720: [GC 3450.721: [ParNew: 428647K->30664K(440896K), 0.0346960 secs] 5080560K->4685309K(8339648K), 0.0349500 secs] [Times: user=0.63 sys=0.00, real=0.03 secs] 
3452.132: [GC 3452.132: [ParNew: 422600K->32764K(440896K), 0.0364410 secs] 5077245K->4692959K(8339648K), 0.0366610 secs] [Times: user=0.66 sys=0.00, real=0.04 secs] 
3455.370: [GC 3455.370: [ParNew: 424700K->32243K(440896K), 0.0433190 secs] 5084895K->4702007K(8339648K), 0.0435440 secs] [Times: user=0.57 sys=0.02, real=0.04 secs] 
3456.778: [GC 3456.778: [ParNew: 424179K->24093K(440896K), 0.0301650 secs] 5093943K->4696785K(8339648K), 0.0303650 secs] [Times: user=0.54 sys=0.00, real=0.03 secs] 
3461.021: [GC 3461.021: [ParNew: 416029K->28509K(440896K), 0.0364630 secs] 5088721K->4706510K(8339648K), 0.0366940 secs] [Times: user=0.70 sys=0.00, real=0.04 secs] 
3464.760: [GC 3464.760: [ParNew: 420445K->34962K(440896K), 0.0366030 secs] 5098446K->4715725K(8339648K), 0.0368640 secs] [Times: user=0.69 sys=0.00, real=0.03 secs] 
3466.356: [GC 3466.356: [ParNew: 426898K->33294K(440896K), 0.0346510 secs] 5107661K->4719082K(8339648K), 0.0348670 secs] [Times: user=0.66 sys=0.00, real=0.04 secs] 
3470.090: [GC 3470.091: [ParNew: 425230K->32957K(440896K), 0.0459170 secs] 5111018K->4723816K(8339648K), 0.0461820 secs] [Times: user=0.74 sys=0.01, real=0.04 secs] 
3475.237: [GC 3475.242: [ParNew: 424893K->38618K(440896K), 0.0410000 secs] 5115752K->4734786K(8339648K), 0.0412530 secs] [Times: user=0.68 sys=0.00, real=0.05 secs] 
3476.691: [GC 3476.691: [ParNew: 430554K->35870K(440896K), 0.0454780 secs] 5126722K->4739682K(8339648K), 0.0457040 secs] [Times: user=0.69 sys=0.00, real=0.04 secs] 
3480.589: [GC 3480.589: [ParNew: 427806K->32167K(440896K), 0.0386150 secs] 5131618K->4738645K(8339648K), 0.0388610 secs] [Times: user=0.69 sys=0.00, real=0.04 secs] 
3482.031: [GC 3482.031: [ParNew: 424103K->33163K(440896K), 0.0364940 secs] 5130581K->4745034K(8339648K), 0.0367230 secs] [Times: user=0.70 sys=0.00, real=0.04 secs] 
3485.304: [GC 3485.304: [ParNew: 425099K->30860K(440896K), 0.0409480 secs] 5136970K->4752526K(8339648K), 0.0411800 secs] [Times: user=0.65 sys=0.00, real=0.04 secs] 
3486.756: [GC 3486.756: [ParNew: 422796K->28584K(440896K), 0.0265060 secs] 5144462K->4753249K(8339648K), 0.0267250 secs] [Times: user=0.47 sys=0.00, real=0.03 secs] 
3491.061: [GC 3491.061: [ParNew: 420520K->29015K(440896K), 0.0363030 secs] 5145185K->4759140K(8339648K), 0.0365320 secs] [Times: user=0.62 sys=0.01, real=0.04 secs] 
3494.657: [GC 3494.658: [ParNew: 420951K->32359K(440896K), 0.0481690 secs] 5151076K->4765121K(8339648K), 0.0484380 secs] [Times: user=0.94 sys=0.01, real=0.04 secs] 
3496.237: [GC 3496.237: [ParNew: 424295K->35536K(440896K), 0.0342320 secs] 5157057K->4775172K(8339648K), 0.0344570 secs] [Times: user=0.54 sys=0.00, real=0.04 secs] 
3496.272: [GC [1 CMS-initial-mark: 4739635K(7898752K)] 4777962K(8339648K), 0.0456270 secs] [Times: user=0.04 sys=0.00, real=0.05 secs] 
3496.318: [CMS-concurrent-mark-start]
3498.948: [CMS-concurrent-mark: 2.627/2.629 secs] [Times: user=22.67 sys=0.08, real=2.63 secs] 
3498.948: [CMS-concurrent-preclean-start]
3499.002: [CMS-concurrent-preclean: 0.053/0.054 secs] [Times: user=0.09 sys=0.00, real=0.05 secs] 
3499.002: [CMS-concurrent-abortable-preclean-start]
3499.723: [GC 3499.723: [ParNew: 427472K->29396K(440896K), 0.0409670 secs] 5167108K->4771937K(8339648K), 0.0412480 secs] [Times: user=0.69 sys=0.00, real=0.04 secs] 
3500.660: [CMS-concurrent-abortable-preclean: 1.305/1.658 secs] [Times: user=8.53 sys=0.02, real=1.66 secs] 
3500.662: [GC[YG occupancy: 248526 K (440896 K)]3500.662: [Rescan (parallel) , 0.0798190 secs]3500.742: [weak refs processing, 0.0025040 secs]3500.744: [class unloading, 0.0414600 secs]3500.786: [scrub symbol & string tables, 0.0200450 secs] [1 CMS-remark: 4742541K(7898752K)] 4991067K(8339648K), 0.1539630 secs] [Times: user=1.79 sys=0.00, real=0.15 secs] 
3500.816: [CMS-concurrent-sweep-start]
3504.925: [GC 3504.925: [ParNew: 421332K->36331K(440896K), 0.0503760 secs] 4922679K->4543908K(8339648K), 0.0701020 secs] [Times: user=0.91 sys=0.01, real=0.07 secs] 
3506.542: [GC 3506.542: [ParNew: 428267K->35409K(440896K), 0.0384080 secs] 4933058K->4548039K(8339648K), 0.0386180 secs] [Times: user=0.52 sys=0.00, real=0.04 secs] 
3506.709: [CMS-concurrent-sweep: 5.781/5.893 secs] [Times: user=21.22 sys=0.05, real=5.89 secs] 
3506.709: [CMS-concurrent-reset-start]
3506.754: [CMS-concurrent-reset: 0.045/0.045 secs] [Times: user=0.30 sys=0.00, real=0.05 secs] 
3509.377: [GC 3509.377: [ParNew: 427345K->29949K(440896K), 0.0372620 secs] 4939816K->4545043K(8339648K), 0.0374640 secs] [Times: user=0.56 sys=0.00, real=0.04 secs] 
3510.816: [GC 3510.816: [ParNew: 421885K->32647K(440896K), 0.0416290 secs] 4936979K->4552967K(8339648K), 0.0418490 secs] [Times: user=0.67 sys=0.00, real=0.05 secs] 
3514.076: [GC 3514.077: [ParNew: 424583K->30937K(440896K), 0.0551720 secs] 4944903K->4561033K(8339648K), 0.0554420 secs] [Times: user=0.89 sys=0.00, real=0.06 secs] 
3515.570: [GC 3515.570: [ParNew: 422873K->24283K(440896K), 0.0330610 secs] 4952969K->4557334K(8339648K), 0.0332650 secs] [Times: user=0.43 sys=0.00, real=0.03 secs] 
3519.797: [GC 3519.798: [ParNew: 416219K->29811K(440896K), 0.0412040 secs] 4949270K->4565873K(8339648K), 0.0414610 secs] [Times: user=0.68 sys=0.01, real=0.05 secs] 
3521.244: [GC 3521.244: [ParNew: 421747K->27206K(440896K), 0.0434270 secs] 4957809K->4568391K(8339648K), 0.0436790 secs] [Times: user=0.70 sys=0.00, real=0.05 secs] 
3525.034: [GC 3525.034: [ParNew: 419142K->29620K(440896K), 0.0409620 secs] 4960327K->4575990K(8339648K), 0.0411780 secs] [Times: user=0.70 sys=0.00, real=0.04 secs] 
3528.698: [GC 3528.698: [ParNew: 421556K->29895K(440896K), 0.0437260 secs] 4967926K->4579263K(8339648K), 0.0439800 secs] [Times: user=0.72 sys=0.00, real=0.04 secs] 
3530.178: [GC 3530.178: [ParNew: 421831K->29694K(440896K), 0.0428860 secs] 4971199K->4586695K(8339648K), 0.0431090 secs] [Times: user=0.49 sys=0.00, real=0.04 secs] 
3533.962: [GC 3533.962: [ParNew: 421630K->28616K(440896K), 0.0373630 secs] 4978631K->4587257K(8339648K), 0.0376760 secs] [Times: user=0.69 sys=0.00, real=0.04 secs] 
3539.206: [GC 3539.207: [ParNew: 420552K->37365K(440896K), 0.0435370 secs] 4979193K->4602408K(8339648K), 0.0437910 secs] [Times: user=0.63 sys=0.00, real=0.05 secs] 
3540.496: [GC 3540.496: [ParNew: 429301K->32931K(440896K), 0.0391080 secs] 4994344K->4603514K(8339648K), 0.0393250 secs] [Times: user=0.69 sys=0.00, real=0.04 secs] 
3543.817: [GC 3543.817: [ParNew: 424867K->37768K(440896K), 0.0463080 secs] 4995450K->4611223K(8339648K), 0.0465750 secs] [Times: user=0.82 sys=0.02, real=0.05 secs] 
3545.163: [GC 3545.163: [ParNew: 429704K->35514K(440896K), 0.0457420 secs] 5003159K->4616638K(8339648K), 0.0459590 secs] [Times: user=0.68 sys=0.00, real=0.05 secs] 
3548.772: [GC 3548.772: [ParNew: 427450K->26498K(440896K), 0.0449040 secs] 5008574K->4615190K(8339648K), 0.0451570 secs] [Times: user=0.69 sys=0.01, real=0.04 secs] 
3550.101: [GC 3550.101: [ParNew: 418434K->28272K(440896K), 0.0281310 secs] 5007126K->4619811K(8339648K), 0.0283370 secs] [Times: user=0.47 sys=0.00, real=0.03 secs] 
3554.678: [GC 3554.678: [ParNew: 420208K->29536K(440896K), 0.0399750 secs] 5011747K->4628726K(8339648K), 0.0401980 secs] [Times: user=0.63 sys=0.01, real=0.04 secs] 
3555.821: [GC 3555.821: [ParNew: 421472K->31383K(440896K), 0.0292100 secs] 5020662K->4631030K(8339648K), 0.0294060 secs] [Times: user=0.46 sys=0.00, real=0.03 secs] 
3559.800: [GC 3559.800: [ParNew: 423319K->30059K(440896K), 0.0386030 secs] 5022966K->4636928K(8339648K), 0.0388260 secs] [Times: user=0.65 sys=0.01, real=0.04 secs] 
3563.679: [GC 3563.679: [ParNew: 421995K->34372K(440896K), 0.0401230 secs] 5028864K->4643965K(8339648K), 0.0403700 secs] [Times: user=0.71 sys=0.00, real=0.04 secs] 
3569.121: [GC 3569.121: [ParNew: 426308K->36837K(440896K), 0.0517750 secs] 5035901K->4653664K(8339648K), 0.0520510 secs] [Times: user=0.93 sys=0.01, real=0.05 secs] 
3570.541: [GC 3570.541: [ParNew: 428773K->37744K(440896K), 0.0328320 secs] 5045600K->4657607K(8339648K), 0.0330550 secs] [Times: user=0.46 sys=0.00, real=0.03 secs] 
3573.793: [GC 3573.793: [ParNew: 429680K->41991K(440896K), 0.0474870 secs] 5049543K->4666890K(8339648K), 0.0477610 secs] [Times: user=0.91 sys=0.01, real=0.05 secs] 
3575.273: [GC 3575.273: [ParNew: 433927K->36750K(440896K), 0.0392240 secs] 5058826K->4669469K(8339648K), 0.0394460 secs] [Times: user=0.69 sys=0.00, real=0.04 secs] 
3578.752: [GC 3578.752: [ParNew: 428686K->27884K(440896K), 0.0442350 secs] 5061405K->4668088K(8339648K), 0.0445030 secs] [Times: user=0.69 sys=0.00, real=0.04 secs] 
3580.202: [GC 3580.202: [ParNew: 419820K->31118K(440896K), 0.0289850 secs] 5060024K->4674229K(8339648K), 0.0292020 secs] [Times: user=0.46 sys=0.00, real=0.03 secs] 
3584.675: [GC 3584.675: [ParNew: 423054K->32023K(440896K), 0.0439390 secs] 5066165K->4683185K(8339648K), 0.0441690 secs] [Times: user=0.74 sys=0.00, real=0.05 secs] 
3585.961: [GC 3585.961: [ParNew: 423959K->32495K(440896K), 0.0280350 secs] 5075121K->4684146K(8339648K), 0.0282610 secs] [Times: user=0.47 sys=0.00, real=0.03 secs] 
3589.677: [GC 3589.677: [ParNew: 424431K->33494K(440896K), 0.0360950 secs] 5076082K->4692751K(8339648K), 0.0363260 secs] [Times: user=0.58 sys=0.00, real=0.03 secs] 
3590.980: [GC 3590.980: [ParNew: 425430K->25468K(440896K), 0.0300440 secs] 5084687K->4687776K(8339648K), 0.0302500 secs] [Times: user=0.47 sys=0.00, real=0.03 secs] 
3598.727: [GC 3598.727: [ParNew: 417404K->35441K(440896K), 0.0539820 secs] 5079712K->4705598K(8339648K), 0.0542550 secs] [Times: user=0.97 sys=0.00, real=0.05 secs] 
3600.363: [GC 3600.364: [ParNew: 427377K->35646K(440896K), 0.0318200 secs] 5097534K->4708752K(8339648K), 0.0320380 secs] [Times: user=0.69 sys=0.00, real=0.03 secs] 
3601.825: [GC 3601.825: [ParNew: 427582K->36398K(440896K), 0.0329200 secs] 5100688K->4714638K(8339648K), 0.0331950 secs] [Times: user=0.69 sys=0.00, real=0.04 secs] 
3604.881: [GC 3604.881: [ParNew: 428334K->32551K(440896K), 0.0324850 secs] 5106574K->4713715K(8339648K), 0.0327060 secs] [Times: user=0.46 sys=0.00, real=0.03 secs] 
3606.334: [GC 3606.335: [ParNew: 424487K->28231K(440896K), 0.0445620 secs] 5105651K->4721603K(8339648K), 0.0447940 secs] [Times: user=0.49 sys=0.01, real=0.05 secs] 
3609.965: [GC 3609.965: [ParNew: 420167K->25097K(440896K), 0.0317360 secs] 5113539K->4721447K(8339648K), 0.0319550 secs] [Times: user=0.68 sys=0.01, real=0.03 secs] 
3614.359: [GC 3614.360: [ParNew: 417033K->34849K(440896K), 0.0386510 secs] 5113383K->4734153K(8339648K), 0.0388690 secs] [Times: user=0.70 sys=0.00, real=0.04 secs] 
3615.804: [GC 3615.804: [ParNew: 426785K->35158K(440896K), 0.0303340 secs] 5126089K->4739655K(8339648K), 0.0305450 secs] [Times: user=0.48 sys=0.00, real=0.03 secs] 
3619.363: [GC 3619.363: [ParNew: 427094K->37622K(440896K), 0.0347870 secs] 5131591K->4745087K(8339648K), 0.0350050 secs] [Times: user=0.70 sys=0.00, real=0.04 secs] 
3620.810: [GC 3620.810: [ParNew: 429558K->35900K(440896K), 0.0395390 secs] 5137023K->4751113K(8339648K), 0.0473700 secs] [Times: user=0.58 sys=0.02, real=0.05 secs] 
3624.553: [GC 3624.554: [ParNew: 427836K->25863K(440896K), 0.0357610 secs] 5143049K->4748448K(8339648K), 0.0359540 secs] [Times: user=0.68 sys=0.00, real=0.04 secs] 
3629.899: [GC 3629.899: [ParNew: 417799K->33319K(440896K), 0.0380180 secs] 5140384K->4759277K(8339648K), 0.0382650 secs] [Times: user=0.69 sys=0.00, real=0.04 secs] 
3631.365: [GC 3631.365: [ParNew: 425255K->33869K(440896K), 0.0442950 secs] 5151213K->4765552K(8339648K), 0.0445190 secs] [Times: user=0.93 sys=0.00, real=0.05 secs] 
3634.376: [GC 3634.376: [ParNew: 425805K->37506K(440896K), 0.0316990 secs] 5157488K->4772133K(8339648K), 0.0319110 secs] [Times: user=0.67 sys=0.01, real=0.04 secs] 
3635.791: [GC 3635.791: [ParNew: 429442K->36035K(440896K), 0.0356790 secs] 5164069K->4775673K(8339648K), 0.0358950 secs] [Times: user=0.69 sys=0.00, real=0.03 secs] 
3635.828: [GC [1 CMS-initial-mark: 4739637K(7898752K)] 4777197K(8339648K), 0.0442110 secs] [Times: user=0.04 sys=0.00, real=0.04 secs] 
3635.872: [CMS-concurrent-mark-start]
3638.747: [CMS-concurrent-mark: 2.875/2.875 secs] [Times: user=22.39 sys=0.08, real=2.88 secs] 
3638.747: [CMS-concurrent-preclean-start]
3638.809: [CMS-concurrent-preclean: 0.060/0.062 secs] [Times: user=0.46 sys=0.00, real=0.06 secs] 
3638.809: [CMS-concurrent-abortable-preclean-start]
3639.169: [GC 3639.169: [ParNew: 427971K->31856K(440896K), 0.0472210 secs] 5167609K->4781852K(8339648K), 0.0474650 secs] [Times: user=0.55 sys=0.03, real=0.04 secs] 
3639.929: [CMS-concurrent-abortable-preclean: 1.064/1.120 secs] [Times: user=8.02 sys=0.05, real=1.12 secs] 
3639.931: [GC[YG occupancy: 234887 K (440896 K)]3639.931: [Rescan (parallel) , 0.0578440 secs]3639.989: [weak refs processing, 0.0015670 secs]3639.990: [class unloading, 0.0190430 secs]3640.010: [scrub symbol & string tables, 0.0194360 secs] [1 CMS-remark: 4749996K(7898752K)] 4984884K(8339648K), 0.1075130 secs] [Times: user=1.16 sys=0.01, real=0.11 secs] 
3640.039: [CMS-concurrent-sweep-start]
3641.345: [GC 3641.345: [ParNew: 423792K->25089K(440896K), 0.0318600 secs] 5165690K->4769955K(8339648K), 0.0320890 secs] [Times: user=0.68 sys=0.00, real=0.03 secs] 
3645.171: [GC 3645.171: [ParNew: 417025K->29583K(440896K), 0.0382300 secs] 5160019K->4777981K(8339648K), 0.0384560 secs] [Times: user=0.48 sys=0.01, real=0.04 secs] 
3645.443: [CMS-concurrent-sweep: 5.331/5.404 secs] [Times: user=21.25 sys=0.03, real=5.40 secs] 
3645.443: [CMS-concurrent-reset-start]
3645.488: [CMS-concurrent-reset: 0.045/0.045 secs] [Times: user=0.25 sys=0.00, real=0.05 secs] 
3646.631: [GC 3646.631: [ParNew: 421519K->31141K(440896K), 0.0304460 secs] 5169803K->4782336K(8339648K), 0.0306410 secs] [Times: user=0.46 sys=0.02, real=0.03 secs] 
3646.663: [GC [1 CMS-initial-mark: 4751195K(7898752K)] 4782338K(8339648K), 0.0400560 secs] [Times: user=0.04 sys=0.00, real=0.04 secs] 
3646.703: [CMS-concurrent-mark-start]
3649.883: [CMS-concurrent-mark: 3.180/3.180 secs] [Times: user=26.19 sys=0.12, real=3.18 secs] 
3649.883: [CMS-concurrent-preclean-start]
3649.944: [CMS-concurrent-preclean: 0.059/0.061 secs] [Times: user=0.42 sys=0.00, real=0.06 secs] 
3649.944: [CMS-concurrent-abortable-preclean-start]
3650.018: [GC 3650.018: [ParNew: 423077K->32011K(440896K), 0.0345990 secs] 5174272K->4788825K(8339648K), 0.0348210 secs] [Times: user=0.55 sys=0.00, real=0.03 secs] 
3650.809: [CMS-concurrent-abortable-preclean: 0.821/0.865 secs] [Times: user=6.35 sys=0.00, real=0.87 secs] 
3650.811: [GC[YG occupancy: 246231 K (440896 K)]3650.811: [Rescan (parallel) , 0.0627530 secs]3650.874: [weak refs processing, 0.0014680 secs]3650.875: [class unloading, 0.0188570 secs]3650.894: [scrub symbol & string tables, 0.0194300 secs] [1 CMS-remark: 4756814K(7898752K)] 5003045K(8339648K), 0.1121550 secs] [Times: user=1.39 sys=0.00, real=0.11 secs] 
3650.923: [CMS-concurrent-sweep-start]
3653.800: [GC 3653.800: [ParNew: 423947K->31032K(440896K), 0.0557820 secs] 5180131K->4791393K(8339648K), 0.0560400 secs] [Times: user=0.91 sys=0.00, real=0.05 secs] 
3656.340: [CMS-concurrent-sweep: 5.358/5.417 secs] [Times: user=17.27 sys=0.04, real=5.42 secs] 
3656.341: [CMS-concurrent-reset-start]
3656.386: [CMS-concurrent-reset: 0.046/0.046 secs] [Times: user=0.04 sys=0.00, real=0.04 secs] 
3656.859: [GC [1 CMS-initial-mark: 4759989K(7898752K)] 5069603K(8339648K), 1.0650910 secs] [Times: user=1.06 sys=0.00, real=1.06 secs] 
3657.925: [CMS-concurrent-mark-start]
3659.307: [GC 3659.307: [ParNew: 422968K->40325K(440896K), 0.0463490 secs] 5182958K->4806360K(8339648K), 0.0466210 secs] [Times: user=0.74 sys=0.00, real=0.05 secs] 
3660.768: [GC 3660.768: [ParNew: 432261K->42758K(440896K), 0.0331180 secs] 5198296K->4812011K(8339648K), 0.0333360 secs] [Times: user=0.51 sys=0.01, real=0.03 secs] 
3661.305: [CMS-concurrent-mark: 3.296/3.380 secs] [Times: user=34.64 sys=0.12, real=3.38 secs] 
3661.305: [CMS-concurrent-preclean-start]
3661.483: [CMS-concurrent-preclean: 0.171/0.179 secs] [Times: user=1.26 sys=0.00, real=0.18 secs] 
3661.484: [CMS-concurrent-abortable-preclean-start]
3664.083: [GC 3664.083: [ParNew: 434694K->41228K(440896K), 0.0546510 secs] 5203947K->4815502K(8339648K), 0.0549120 secs] [Times: user=0.90 sys=0.00, real=0.06 secs] 
3665.032: [CMS-concurrent-abortable-preclean: 2.677/3.548 secs] [Times: user=13.64 sys=0.02, real=3.55 secs] 
3665.033: [GC[YG occupancy: 257397 K (440896 K)]3665.033: [Rescan (parallel) , 0.0823940 secs]3665.116: [weak refs processing, 0.0014290 secs]3665.117: [class unloading, 0.0188320 secs]3665.136: [scrub symbol & string tables, 0.0194540 secs] [1 CMS-remark: 4774274K(7898752K)] 5031671K(8339648K), 0.1314130 secs] [Times: user=1.79 sys=0.00, real=0.13 secs] 
3665.165: [CMS-concurrent-sweep-start]
3665.810: [GC 3665.810: [ParNew: 433164K->39487K(440896K), 0.0543230 secs] 5207273K->4821409K(8339648K), 0.0545490 secs] [Times: user=0.69 sys=0.01, real=0.05 secs] 
3669.007: [GC 3669.007: [ParNew: 431423K->27062K(440896K), 0.0566780 secs] 5213092K->4818693K(8339648K), 0.0569100 secs] [Times: user=0.84 sys=0.01, real=0.06 secs] 
3670.596: [GC 3670.596: [ParNew: 418998K->26326K(440896K), 0.0288200 secs] 5210629K->4820753K(8339648K), 0.0290210 secs] [Times: user=0.67 sys=0.00, real=0.03 secs] 
3670.780: [CMS-concurrent-sweep: 5.470/5.615 secs] [Times: user=30.42 sys=0.05, real=5.62 secs] 
3670.780: [CMS-concurrent-reset-start]
3670.826: [CMS-concurrent-reset: 0.045/0.045 secs] [Times: user=0.28 sys=0.00, real=0.04 secs] 
3672.827: [GC [1 CMS-initial-mark: 4794304K(7898752K)] 4957166K(8339648K), 0.6097070 secs] [Times: user=0.61 sys=0.00, real=0.61 secs] 
3673.437: [CMS-concurrent-mark-start]
3675.395: [GC 3675.395: [ParNew: 418262K->29360K(440896K), 0.0364380 secs] 5212566K->4829103K(8339648K), 0.0366630 secs] [Times: user=0.59 sys=0.01, real=0.04 secs] 
3676.574: [CMS-concurrent-mark: 3.096/3.137 secs] [Times: user=31.54 sys=0.13, real=3.13 secs] 
3676.574: [CMS-concurrent-preclean-start]
3676.720: [CMS-concurrent-preclean: 0.140/0.145 secs] [Times: user=1.05 sys=0.00, real=0.15 secs] 
3676.720: [CMS-concurrent-abortable-preclean-start]
3676.845: [GC 3676.845: [ParNew: 421296K->28417K(440896K), 0.0365180 secs] 5221039K->4831142K(8339648K), 0.0367300 secs] [Times: user=0.68 sys=0.01, real=0.04 secs] 
3679.842: [CMS-concurrent-abortable-preclean: 2.175/3.122 secs] [Times: user=8.48 sys=0.03, real=3.12 secs] 
3679.844: [GC[YG occupancy: 241266 K (440896 K)]3679.844: [Rescan (parallel) , 0.0928580 secs]3679.937: [weak refs processing, 0.0014220 secs]3679.938: [class unloading, 0.0252200 secs]3679.963: [scrub symbol & string tables, 0.0244830 secs] [1 CMS-remark: 4802725K(7898752K)] 5043991K(8339648K), 0.1586200 secs] [Times: user=2.04 sys=0.00, real=0.16 secs] 
3680.003: [CMS-concurrent-sweep-start]
3680.785: [GC 3680.785: [ParNew: 420353K->33493K(440896K), 0.0500080 secs] 5222701K->4840865K(8339648K), 0.0502310 secs] [Times: user=0.82 sys=0.01, real=0.05 secs] 
3682.260: [GC 3682.260: [ParNew: 425429K->30543K(440896K), 0.0309060 secs] 5232484K->4840236K(8339648K), 0.0311220 secs] [Times: user=0.45 sys=0.02, real=0.03 secs] 
3685.714: [CMS-concurrent-sweep: 5.625/5.711 secs] [Times: user=27.27 sys=0.07, real=5.71 secs] 
3685.714: [CMS-concurrent-reset-start]
3685.758: [CMS-concurrent-reset: 0.044/0.044 secs] [Times: user=0.04 sys=0.00, real=0.05 secs] 
3687.759: [GC [1 CMS-initial-mark: 4809145K(7898752K)] 5148074K(8339648K), 1.1616370 secs] [Times: user=1.16 sys=0.00, real=1.16 secs] 
3688.921: [CMS-concurrent-mark-start]
3689.267: [GC 3689.267: [ParNew: 422479K->39542K(440896K), 0.0583900 secs] 5231624K->4855860K(8339648K), 0.0586770 secs] [Times: user=0.90 sys=0.02, real=0.06 secs] 
3690.928: [GC 3690.929: [ParNew: 431478K->37541K(440896K), 0.0404870 secs] 5247796K->4856722K(8339648K), 0.0407120 secs] [Times: user=0.70 sys=0.00, real=0.04 secs] 
3692.487: [CMS-concurrent-mark: 3.462/3.566 secs] [Times: user=42.52 sys=0.10, real=3.56 secs] 
3692.487: [CMS-concurrent-preclean-start]
3692.666: [CMS-concurrent-preclean: 0.172/0.179 secs] [Times: user=0.18 sys=0.00, real=0.18 secs] 
3692.666: [CMS-concurrent-abortable-preclean-start]
3693.681: [GC 3693.681: [ParNew: 429477K->38957K(440896K), 0.0581840 secs] 5248658K->4865944K(8339648K), 0.0584540 secs] [Times: user=0.71 sys=0.01, real=0.06 secs] 
3694.809: [CMS-concurrent-abortable-preclean: 1.669/2.143 secs] [Times: user=7.79 sys=0.02, real=2.15 secs] 
3694.811: [GC[YG occupancy: 255525 K (440896 K)]3694.811: [Rescan (parallel) , 0.0643540 secs]3694.876: [weak refs processing, 0.0015610 secs]3694.877: [class unloading, 0.0188500 secs]3694.896: [scrub symbol & string tables, 0.0194420 secs] [1 CMS-remark: 4826987K(7898752K)] 5082512K(8339648K), 0.1137160 secs] [Times: user=1.41 sys=0.00, real=0.11 secs] 
3694.925: [CMS-concurrent-sweep-start]
3695.573: [GC 3695.573: [ParNew: 430893K->36140K(440896K), 0.0334230 secs] 5257593K->4865578K(8339648K), 0.0336360 secs] [Times: user=0.69 sys=0.00, real=0.03 secs] 
3698.977: [GC 3698.977: [ParNew: 428076K->35233K(440896K), 0.0686450 secs] 5257495K->4875960K(8339648K), 0.0689170 secs] [Times: user=0.91 sys=0.03, real=0.07 secs] 
3700.468: [GC 3700.468: [ParNew: 427169K->24049K(440896K), 0.0385860 secs] 5267896K->4868944K(8339648K), 0.0387960 secs] [Times: user=0.59 sys=0.00, real=0.03 secs] 
3700.709: [CMS-concurrent-sweep: 5.610/5.784 secs] [Times: user=29.30 sys=0.03, real=5.79 secs] 
3700.709: [CMS-concurrent-reset-start]
3700.754: [CMS-concurrent-reset: 0.045/0.045 secs] [Times: user=0.30 sys=0.00, real=0.04 secs] 
3702.755: [GC [1 CMS-initial-mark: 4844511K(7898752K)] 5035830K(8339648K), 0.7412860 secs] [Times: user=0.74 sys=0.01, real=0.74 secs] 
3703.497: [CMS-concurrent-mark-start]
3705.355: [GC 3705.355: [ParNew: 415985K->30595K(440896K), 0.0345740 secs] 5260497K->4880339K(8339648K), 0.0348160 secs] [Times: user=0.69 sys=0.00, real=0.04 secs] 
3706.687: [GC 3706.688: [ParNew: 422531K->29478K(440896K), 0.0282530 secs] 5272275K->4882525K(8339648K), 0.0284800 secs] [Times: user=0.59 sys=0.01, real=0.02 secs] 
3706.750: [CMS-concurrent-mark: 3.186/3.253 secs] [Times: user=33.54 sys=0.15, real=3.26 secs] 
3706.750: [CMS-concurrent-preclean-start]
3706.892: [CMS-concurrent-preclean: 0.137/0.142 secs] [Times: user=0.95 sys=0.00, real=0.14 secs] 
3706.892: [CMS-concurrent-abortable-preclean-start]
3709.692: [CMS-concurrent-abortable-preclean: 1.795/2.800 secs] [Times: user=4.92 sys=0.02, real=2.80 secs] 
3709.693: [GC[YG occupancy: 233121 K (440896 K)]3709.693: [Rescan (parallel) , 0.1385660 secs]3709.832: [weak refs processing, 0.0012950 secs]3709.833: [class unloading, 0.0260270 secs]3709.859: [scrub symbol & string tables, 0.0248100 secs] [1 CMS-remark: 4853047K(7898752K)] 5086168K(8339648K), 0.2047300 secs] [Times: user=3.11 sys=0.00, real=0.21 secs] 
3709.898: [CMS-concurrent-sweep-start]
3710.719: [GC 3710.719: [ParNew: 421414K->32317K(440896K), 0.0395520 secs] 5274087K->4890410K(8339648K), 0.0398120 secs] [Times: user=0.52 sys=0.00, real=0.04 secs] 
3712.102: [GC 3712.102: [ParNew: 424253K->33057K(440896K), 0.0331170 secs] 5282020K->4893356K(8339648K), 0.0333420 secs] [Times: user=0.57 sys=0.00, real=0.03 secs] 
3715.543: [GC 3715.543: [ParNew: 424993K->32696K(440896K), 0.0504410 secs] 5284865K->4900190K(8339648K), 0.0506790 secs] [Times: user=0.65 sys=0.00, real=0.05 secs] 
3715.733: [CMS-concurrent-sweep: 5.706/5.835 secs] [Times: user=29.11 sys=0.05, real=5.83 secs] 
3715.733: [CMS-concurrent-reset-start]
3715.777: [CMS-concurrent-reset: 0.044/0.044 secs] [Times: user=0.04 sys=0.00, real=0.04 secs] 
3717.778: [GC [1 CMS-initial-mark: 4867284K(7898752K)] 4921155K(8339648K), 0.1310490 secs] [Times: user=0.13 sys=0.00, real=0.13 secs] 
3717.909: [CMS-concurrent-mark-start]
3720.739: [GC 3720.739: [ParNew: 424632K->32431K(440896K), 0.0395090 secs] 5291917K->4902628K(8339648K), 0.0397500 secs] [Times: user=0.71 sys=0.00, real=0.04 secs] 
3721.074: [CMS-concurrent-mark: 3.122/3.164 secs] [Times: user=28.36 sys=0.10, real=3.16 secs] 
3721.074: [CMS-concurrent-preclean-start]
3721.212: [CMS-concurrent-preclean: 0.133/0.138 secs] [Times: user=1.11 sys=0.00, real=0.14 secs] 
3721.212: [CMS-concurrent-abortable-preclean-start]
3722.122: [GC 3722.123: [ParNew: 424367K->30558K(440896K), 0.0513700 secs] 5294564K->4908584K(8339648K), 0.0720750 secs] [Times: user=0.71 sys=0.01, real=0.07 secs] 
3724.920: [CMS-concurrent-abortable-preclean: 2.817/3.708 secs] [Times: user=13.93 sys=0.02, real=3.71 secs] 
3724.922: [GC[YG occupancy: 241205 K (440896 K)]3724.922: [Rescan (parallel) , 0.1047550 secs]3725.027: [weak refs processing, 0.0014480 secs]3725.029: [class unloading, 0.0259700 secs]3725.055: [scrub symbol & string tables, 0.0248110 secs] [1 CMS-remark: 4878026K(7898752K)] 5119231K(8339648K), 0.1707580 secs] [Times: user=2.29 sys=0.00, real=0.17 secs] 
3725.094: [CMS-concurrent-sweep-start]
3725.828: [GC 3725.828: [ParNew: 422494K->31079K(440896K), 0.0321610 secs] 5300149K->4911296K(8339648K), 0.0323940 secs] [Times: user=0.50 sys=0.01, real=0.03 secs] 
3727.173: [GC 3727.173: [ParNew: 423015K->32788K(440896K), 0.0390020 secs] 5303029K->4918268K(8339648K), 0.0597260 secs] [Times: user=0.54 sys=0.01, real=0.06 secs] 
3730.610: [GC 3730.610: [ParNew: 424724K->31825K(440896K), 0.0725910 secs] 5310204K->4926593K(8339648K), 0.0728090 secs] [Times: user=1.07 sys=0.04, real=0.07 secs] 
3730.913: [CMS-concurrent-sweep: 5.649/5.819 secs] [Times: user=30.81 sys=0.08, real=5.82 secs] 
3730.913: [CMS-concurrent-reset-start]
3730.957: [CMS-concurrent-reset: 0.045/0.045 secs] [Times: user=0.28 sys=0.00, real=0.05 secs] 
3732.959: [GC [1 CMS-initial-mark: 4894374K(7898752K)] 5195394K(8339648K), 0.9858950 secs] [Times: user=0.98 sys=0.01, real=0.98 secs] 
3733.945: [CMS-concurrent-mark-start]
3734.473: [GC 3734.473: [ParNew: 423761K->28780K(440896K), 0.0329200 secs] 5318135K->4923666K(8339648K), 0.0331540 secs] [Times: user=0.69 sys=0.00, real=0.03 secs] 
3735.958: [GC 3735.958: [ParNew: 420716K->29286K(440896K), 0.0466850 secs] 5315602K->4931949K(8339648K), 0.0469160 secs] [Times: user=0.54 sys=0.01, real=0.04 secs] 
3737.010: [CMS-concurrent-mark: 2.980/3.065 secs] [Times: user=34.59 sys=0.11, real=3.07 secs] 
3737.010: [CMS-concurrent-preclean-start]
3737.154: [CMS-concurrent-preclean: 0.138/0.144 secs] [Times: user=0.14 sys=0.00, real=0.14 secs] 
3737.154: [CMS-concurrent-abortable-preclean-start]
3739.668: [GC 3739.668: [ParNew: 421222K->33773K(440896K), 0.0287310 secs] 5323885K->4939299K(8339648K), 0.0289570 secs] [Times: user=0.50 sys=0.00, real=0.02 secs] 
3740.245: [CMS-concurrent-abortable-preclean: 2.351/3.091 secs] [Times: user=10.68 sys=0.05, real=3.09 secs] 
3740.247: [GC[YG occupancy: 232896 K (440896 K)]3740.247: [Rescan (parallel) , 0.0690050 secs]3740.316: [weak refs processing, 0.0013890 secs]3740.317: [class unloading, 0.0198400 secs]3740.337: [scrub symbol & string tables, 0.0197990 secs] [1 CMS-remark: 4905525K(7898752K)] 5138422K(8339648K), 0.1194000 secs] [Times: user=1.53 sys=0.00, real=0.12 secs] 
3740.367: [CMS-concurrent-sweep-start]
3740.902: [GC 3740.902: [ParNew: 425709K->30846K(440896K), 0.0426120 secs] 5330884K->4941275K(8339648K), 0.0428480 secs] [Times: user=0.68 sys=0.00, real=0.04 secs] 
3744.750: [GC 3744.750: [ParNew: 422782K->31876K(440896K), 0.0503300 secs] 5332703K->4948424K(8339648K), 0.0505840 secs] [Times: user=0.70 sys=0.04, real=0.05 secs] 
3746.401: [CMS-concurrent-sweep: 5.937/6.034 secs] [Times: user=18.57 sys=0.09, real=6.04 secs] 
3746.401: [CMS-concurrent-reset-start]
3746.444: [CMS-concurrent-reset: 0.044/0.044 secs] [Times: user=0.04 sys=0.00, real=0.04 secs] 
3748.446: [GC [1 CMS-initial-mark: 4916258K(7898752K)] 4998146K(8339648K), 0.2418170 secs] [Times: user=0.25 sys=0.00, real=0.25 secs] 
3748.688: [CMS-concurrent-mark-start]
3750.142: [GC 3750.142: [ParNew: 423812K->35671K(440896K), 0.0399540 secs] 5340071K->4955709K(8339648K), 0.0593170 secs] [Times: user=0.70 sys=0.00, real=0.06 secs] 
3751.529: [GC 3751.529: [ParNew: 427607K->36181K(440896K), 0.0376290 secs] 5347645K->4961142K(8339648K), 0.0378520 secs] [Times: user=0.53 sys=0.02, real=0.03 secs] 
3752.137: [CMS-concurrent-mark: 3.349/3.450 secs] [Times: user=37.98 sys=0.15, real=3.45 secs] 
3752.138: [CMS-concurrent-preclean-start]
3752.298: [CMS-concurrent-preclean: 0.154/0.160 secs] [Times: user=0.16 sys=0.00, real=0.16 secs] 
3752.298: [CMS-concurrent-abortable-preclean-start]
3755.132: [GC 3755.133: [ParNew: 428117K->36930K(440896K), 0.0329500 secs] 5353078K->4964764K(8339648K), 0.0331710 secs] [Times: user=0.52 sys=0.00, real=0.04 secs] 
3755.889: [CMS-concurrent-abortable-preclean: 2.841/3.591 secs] [Times: user=14.76 sys=0.01, real=3.59 secs] 
3755.891: [GC[YG occupancy: 245905 K (440896 K)]3755.891: [Rescan (parallel) , 0.0639430 secs]3755.955: [weak refs processing, 0.0014480 secs]3755.956: [class unloading, 0.0196340 secs]3755.976: [scrub symbol & string tables, 0.0198100 secs] [1 CMS-remark: 4927833K(7898752K)] 5173738K(8339648K), 0.1141050 secs] [Times: user=1.39 sys=0.00, real=0.11 secs] 
3756.005: [CMS-concurrent-sweep-start]
3756.671: [GC 3756.671: [ParNew: 428866K->32402K(440896K), 0.0553200 secs] 5356321K->4967250K(8339648K), 0.0555410 secs] [Times: user=0.70 sys=0.03, real=0.05 secs] 
3760.106: [GC 3760.106: [ParNew: 424338K->30822K(440896K), 0.0472210 secs] 5359114K->4973816K(8339648K), 0.0474430 secs] [Times: user=0.73 sys=0.02, real=0.05 secs] 
3761.770: [CMS-concurrent-sweep: 5.658/5.765 secs] [Times: user=26.16 sys=0.08, real=5.77 secs] 
3761.770: [CMS-concurrent-reset-start]
3761.814: [CMS-concurrent-reset: 0.044/0.044 secs] [Times: user=0.04 sys=0.00, real=0.04 secs] 
3763.815: [GC [1 CMS-initial-mark: 4942442K(7898752K)] 5249537K(8339648K), 1.0627460 secs] [Times: user=1.07 sys=0.00, real=1.07 secs] 
3764.878: [CMS-concurrent-mark-start]
3765.330: [GC 3765.330: [ParNew: 422758K->33255K(440896K), 0.0423080 secs] 5365201K->4978617K(8339648K), 0.0425380 secs] [Times: user=0.69 sys=0.00, real=0.04 secs] 
3766.739: [GC 3766.740: [ParNew: 425191K->34955K(440896K), 0.0338720 secs] 5370553K->4985511K(8339648K), 0.0340900 secs] [Times: user=0.38 sys=0.01, real=0.03 secs] 
3768.309: [CMS-concurrent-mark: 3.350/3.431 secs] [Times: user=36.83 sys=0.09, real=3.43 secs] 
3768.309: [CMS-concurrent-preclean-start]
3768.475: [CMS-concurrent-preclean: 0.159/0.166 secs] [Times: user=0.16 sys=0.00, real=0.16 secs] 
3768.475: [CMS-concurrent-abortable-preclean-start]
3770.386: [GC 3770.386: [ParNew: 426891K->37175K(440896K), 0.0414410 secs] 5377447K->4990556K(8339648K), 0.0417040 secs] [Times: user=0.90 sys=0.00, real=0.05 secs] 
3771.178: [CMS-concurrent-abortable-preclean: 2.045/2.703 secs] [Times: user=10.67 sys=0.01, real=2.71 secs] 
3771.180: [GC[YG occupancy: 236945 K (440896 K)]3771.180: [Rescan (parallel) , 0.0766840 secs]3771.257: [weak refs processing, 0.0014590 secs]3771.258: [class unloading, 0.0196190 secs]3771.278: [scrub symbol & string tables, 0.0198230 secs] [1 CMS-remark: 4953381K(7898752K)] 5190326K(8339648K), 0.1270100 secs] [Times: user=1.63 sys=0.00, real=0.12 secs] 
3771.307: [CMS-concurrent-sweep-start]
3771.915: [GC 3771.915: [ParNew: 429111K->36352K(440896K), 0.0433990 secs] 5382165K->4996805K(8339648K), 0.0436270 secs] [Times: user=0.72 sys=0.00, real=0.05 secs] 
3775.646: [GC 3775.646: [ParNew: 428288K->36235K(440896K), 0.0450490 secs] 5388266K->5003923K(8339648K), 0.0452930 secs] [Times: user=0.77 sys=0.01, real=0.05 secs] 
3776.854: [CMS-concurrent-sweep: 5.454/5.546 secs] [Times: user=25.86 sys=0.05, real=5.54 secs] 
3776.854: [CMS-concurrent-reset-start]
3776.898: [CMS-concurrent-reset: 0.044/0.044 secs] [Times: user=0.37 sys=0.00, real=0.05 secs] 
3776.906: [GC 3776.906: [ParNew: 428171K->26642K(440896K), 0.0436060 secs] 5395722K->4997083K(8339648K), 0.0438220 secs] [Times: user=0.91 sys=0.01, real=0.05 secs] 
3776.951: [GC [1 CMS-initial-mark: 4970441K(7898752K)] 4997096K(8339648K), 0.0435870 secs] [Times: user=0.04 sys=0.00, real=0.04 secs] 
3776.995: [CMS-concurrent-mark-start]
3779.973: [CMS-concurrent-mark: 2.978/2.978 secs] [Times: user=20.85 sys=0.02, real=2.98 secs] 
3779.973: [CMS-concurrent-preclean-start]
3780.125: [CMS-concurrent-preclean: 0.150/0.151 secs] [Times: user=1.05 sys=0.00, real=0.15 secs] 
3780.125: [CMS-concurrent-abortable-preclean-start]
3780.782: [GC 3780.782: [ParNew: 418578K->31751K(440896K), 0.0466240 secs] 5389019K->5007978K(8339648K), 0.0468460 secs] [Times: user=0.83 sys=0.00, real=0.05 secs] 
3781.485: [CMS-concurrent-abortable-preclean: 1.307/1.360 secs] [Times: user=10.16 sys=0.00, real=1.36 secs] 
3781.487: [GC[YG occupancy: 236742 K (440896 K)]3781.487: [Rescan (parallel) , 0.0843340 secs]3781.571: [weak refs processing, 0.0012510 secs]3781.572: [class unloading, 0.0420410 secs]3781.615: [scrub symbol & string tables, 0.0197900 secs] [1 CMS-remark: 4976226K(7898752K)] 5212968K(8339648K), 0.1569620 secs] [Times: user=1.94 sys=0.02, real=0.16 secs] 
3781.644: [CMS-concurrent-sweep-start]
3785.512: [GC 3785.512: [ParNew: 423687K->36788K(440896K), 0.0531850 secs] 5162545K->4780832K(8339648K), 0.0534500 secs] [Times: user=0.92 sys=0.00, real=0.05 secs] 
3786.867: [GC 3786.867: [ParNew: 428724K->37467K(440896K), 0.0415350 secs] 5172224K->4786158K(8339648K), 0.0417670 secs] [Times: user=0.72 sys=0.01, real=0.05 secs] 
3788.070: [CMS-concurrent-sweep: 6.327/6.426 secs] [Times: user=24.27 sys=0.04, real=6.43 secs] 
3788.070: [CMS-concurrent-reset-start]
3788.114: [CMS-concurrent-reset: 0.044/0.044 secs] [Times: user=0.04 sys=0.00, real=0.04 secs] 
3790.116: [GC [1 CMS-initial-mark: 4747297K(7898752K)] 5084914K(8339648K), 1.0248900 secs] [Times: user=1.03 sys=0.00, real=1.03 secs] 
3791.141: [CMS-concurrent-mark-start]
3791.503: [GC 3791.503: [ParNew: 429403K->38079K(440896K), 0.0474370 secs] 5176700K->4788701K(8339648K), 0.0476730 secs] [Times: user=0.92 sys=0.00, real=0.05 secs] 
3792.889: [GC 3792.889: [ParNew: 430015K->37815K(440896K), 0.0709880 secs] 5180637K->4797764K(8339648K), 0.0712160 secs] [Times: user=0.74 sys=0.00, real=0.07 secs] 
3794.622: [CMS-concurrent-mark: 3.359/3.481 secs] [Times: user=35.76 sys=0.06, real=3.48 secs] 
3794.622: [CMS-concurrent-preclean-start]
3795.069: [CMS-concurrent-preclean: 0.430/0.447 secs] [Times: user=0.46 sys=0.00, real=0.45 secs] 
3795.069: [CMS-concurrent-abortable-preclean-start]
3795.830: [GC 3795.830: [ParNew: 429751K->29203K(440896K), 0.0362660 secs] 5189700K->4795036K(8339648K), 0.0364910 secs] [Times: user=0.45 sys=0.01, real=0.03 secs] 
3796.504: [CMS-concurrent-abortable-preclean: 1.283/1.435 secs] [Times: user=9.87 sys=0.03, real=1.43 secs] 
3796.505: [GC[YG occupancy: 241130 K (440896 K)]3796.505: [Rescan (parallel) , 0.0607010 secs]3796.566: [weak refs processing, 0.0012780 secs]3796.567: [class unloading, 0.0198030 secs]3796.587: [scrub symbol & string tables, 0.0198070 secs] [1 CMS-remark: 4765832K(7898752K)] 5006963K(8339648K), 0.1112990 secs] [Times: user=1.37 sys=0.00, real=0.11 secs] 
3796.616: [CMS-concurrent-sweep-start]
3800.266: [GC 3800.266: [ParNew: 421139K->33941K(440896K), 0.0420360 secs] 5185350K->4802674K(8339648K), 0.0422980 secs] [Times: user=0.69 sys=0.00, real=0.05 secs] 
3801.665: [GC 3801.665: [ParNew: 425877K->30623K(440896K), 0.0484660 secs] 5194418K->4807007K(8339648K), 0.0486870 secs] [Times: user=0.88 sys=0.00, real=0.05 secs] 
3802.503: [CMS-concurrent-sweep: 5.793/5.887 secs] [Times: user=23.87 sys=0.02, real=5.89 secs] 
3802.504: [CMS-concurrent-reset-start]
3802.547: [CMS-concurrent-reset: 0.044/0.044 secs] [Times: user=0.10 sys=0.00, real=0.04 secs] 
3804.549: [GC [1 CMS-initial-mark: 4776323K(7898752K)] 5072021K(8339648K), 0.9287690 secs] [Times: user=0.93 sys=0.00, real=0.93 secs] 
3805.478: [CMS-concurrent-mark-start]
3805.969: [GC 3805.969: [ParNew: 422559K->26769K(440896K), 0.0363220 secs] 5198883K->4806022K(8339648K), 0.0365500 secs] [Times: user=0.47 sys=0.00, real=0.03 secs] 
3807.322: [GC 3807.322: [ParNew: 418705K->29629K(440896K), 0.0317060 secs] 5197958K->4814032K(8339648K), 0.0319330 secs] [Times: user=0.47 sys=0.00, real=0.03 secs] 
3808.700: [CMS-concurrent-mark: 3.150/3.222 secs] [Times: user=34.88 sys=0.10, real=3.22 secs] 
3808.700: [CMS-concurrent-preclean-start]
3808.912: [CMS-concurrent-preclean: 0.203/0.212 secs] [Times: user=0.21 sys=0.00, real=0.21 secs] 
3808.913: [CMS-concurrent-abortable-preclean-start]
3811.088: [GC 3811.088: [ParNew: 421565K->32899K(440896K), 0.0435210 secs] 5205968K->4822564K(8339648K), 0.0437820 secs] [Times: user=0.78 sys=0.01, real=0.04 secs] 
3811.873: [CMS-concurrent-abortable-preclean: 2.200/2.961 secs] [Times: user=11.35 sys=0.02, real=2.96 secs] 
3811.875: [GC[YG occupancy: 229612 K (440896 K)]3811.875: [Rescan (parallel) , 0.0632730 secs]3811.938: [weak refs processing, 0.0012900 secs]3811.940: [class unloading, 0.0198200 secs]3811.959: [scrub symbol & string tables, 0.0198260 secs] [1 CMS-remark: 4789665K(7898752K)] 5019277K(8339648K), 0.1139310 secs] [Times: user=1.36 sys=0.00, real=0.12 secs] 
3811.989: [CMS-concurrent-sweep-start]
3815.846: [GC 3815.846: [ParNew: 424835K->39718K(440896K), 0.0461430 secs] 5213441K->4831258K(8339648K), 0.0464060 secs] [Times: user=0.92 sys=0.00, real=0.05 secs] 
3817.230: [GC 3817.230: [ParNew: 431654K->35854K(440896K), 0.0408990 secs] 5223194K->4834747K(8339648K), 0.0411220 secs] [Times: user=0.66 sys=0.00, real=0.04 secs] 
3817.805: [CMS-concurrent-sweep: 5.724/5.816 secs] [Times: user=22.38 sys=0.05, real=5.81 secs] 
3817.805: [CMS-concurrent-reset-start]
3817.849: [CMS-concurrent-reset: 0.044/0.044 secs] [Times: user=0.34 sys=0.00, real=0.05 secs] 
3819.850: [GC [1 CMS-initial-mark: 4798784K(7898752K)] 5093830K(8339648K), 1.0059250 secs] [Times: user=1.00 sys=0.00, real=1.00 secs] 
3820.857: [CMS-concurrent-mark-start]
3821.377: [GC 3821.377: [ParNew: 427790K->38237K(440896K), 0.0377050 secs] 5226575K->4839876K(8339648K), 0.0379340 secs] [Times: user=0.67 sys=0.01, real=0.04 secs] 
3822.824: [GC 3822.824: [ParNew: 430173K->39165K(440896K), 0.0400240 secs] 5231812K->4848467K(8339648K), 0.0402530 secs] [Times: user=0.69 sys=0.01, real=0.04 secs] 
3824.331: [CMS-concurrent-mark: 3.392/3.474 secs] [Times: user=37.45 sys=0.08, real=3.48 secs] 
3824.331: [CMS-concurrent-preclean-start]
3824.505: [CMS-concurrent-preclean: 0.168/0.175 secs] [Times: user=0.18 sys=0.00, real=0.17 secs] 
3824.505: [CMS-concurrent-abortable-preclean-start]
3826.566: [GC 3826.567: [ParNew: 431101K->28056K(440896K), 0.0619170 secs] 5240403K->4844946K(8339648K), 0.0621740 secs] [Times: user=1.11 sys=0.01, real=0.07 secs] 
3827.347: [CMS-concurrent-abortable-preclean: 2.266/2.842 secs] [Times: user=11.87 sys=0.04, real=2.84 secs] 
3827.349: [GC[YG occupancy: 224456 K (440896 K)]3827.349: [Rescan (parallel) , 0.0798670 secs]3827.429: [weak refs processing, 0.0013190 secs]3827.430: [class unloading, 0.0194840 secs]3827.450: [scrub symbol & string tables, 0.0197870 secs] [1 CMS-remark: 4816889K(7898752K)] 5041345K(8339648K), 0.1299010 secs] [Times: user=1.65 sys=0.01, real=0.13 secs] 
3827.479: [CMS-concurrent-sweep-start]
3828.147: [GC 3828.147: [ParNew: 419992K->28841K(440896K), 0.0302320 secs] 5236555K->4848327K(8339648K), 0.0304470 secs] [Times: user=0.64 sys=0.01, real=0.04 secs] 
3831.833: [GC 3831.834: [ParNew: 420777K->30009K(440896K), 0.0378150 secs] 5239652K->4856759K(8339648K), 0.0380420 secs] [Times: user=0.67 sys=0.02, real=0.04 secs] 
3833.411: [CMS-concurrent-sweep: 5.859/5.932 secs] [Times: user=25.16 sys=0.04, real=5.93 secs] 
3833.411: [CMS-concurrent-reset-start]
3833.454: [CMS-concurrent-reset: 0.043/0.044 secs] [Times: user=0.04 sys=0.00, real=0.04 secs] 
3835.456: [GC [1 CMS-initial-mark: 4826603K(7898752K)] 5170824K(8339648K), 1.1005090 secs] [Times: user=1.10 sys=0.00, real=1.10 secs] 
3836.557: [CMS-concurrent-mark-start]
3836.828: [GC 3836.828: [ParNew: 421945K->34477K(440896K), 0.0398540 secs] 5248548K->4864118K(8339648K), 0.0461550 secs] [Times: user=0.69 sys=0.00, real=0.04 secs] 
3838.195: [GC 3838.196: [ParNew: 426413K->36044K(440896K), 0.0328230 secs] 5256054K->4870840K(8339648K), 0.0330530 secs] [Times: user=0.67 sys=0.01, real=0.04 secs] 
3839.681: [CMS-concurrent-mark: 3.041/3.124 secs] [Times: user=33.32 sys=0.07, real=3.13 secs] 
3839.681: [CMS-concurrent-preclean-start]
3839.847: [CMS-concurrent-preclean: 0.160/0.166 secs] [Times: user=0.16 sys=0.00, real=0.16 secs] 
3839.847: [CMS-concurrent-abortable-preclean-start]
3842.087: [GC 3842.087: [ParNew: 427980K->31093K(440896K), 0.0385680 secs] 5262776K->4868736K(8339648K), 0.0613010 secs] [Times: user=0.70 sys=0.00, real=0.07 secs] 
3842.895: [CMS-concurrent-abortable-preclean: 2.372/3.048 secs] [Times: user=10.78 sys=0.01, real=3.05 secs] 
3842.897: [GC[YG occupancy: 232800 K (440896 K)]3842.897: [Rescan (parallel) , 0.1185880 secs]3843.016: [weak refs processing, 0.0017200 secs]3843.017: [class unloading, 0.0264630 secs]3843.044: [scrub symbol & string tables, 0.0248080 secs] [1 CMS-remark: 4837642K(7898752K)] 5070443K(8339648K), 0.1857720 secs] [Times: user=2.73 sys=0.01, real=0.19 secs] 
3843.083: [CMS-concurrent-sweep-start]
3843.746: [GC 3843.746: [ParNew: 423029K->34423K(440896K), 0.0420030 secs] 5260460K->4879523K(8339648K), 0.0422500 secs] [Times: user=0.60 sys=0.01, real=0.05 secs] 
3847.285: [GC 3847.285: [ParNew: 426359K->28770K(440896K), 0.0357520 secs] 5270495K->4880630K(8339648K), 0.0359990 secs] [Times: user=0.56 sys=0.00, real=0.04 secs] 
3848.430: [GC 3848.430: [ParNew: 420706K->28135K(440896K), 0.0284820 secs] 5272566K->4882429K(8339648K), 0.0287020 secs] [Times: user=0.45 sys=0.00, real=0.03 secs] 
3849.063: [CMS-concurrent-sweep: 5.868/5.980 secs] [Times: user=29.23 sys=0.04, real=5.98 secs] 
3849.063: [CMS-concurrent-reset-start]
3849.107: [CMS-concurrent-reset: 0.044/0.044 secs] [Times: user=0.28 sys=0.00, real=0.04 secs] 
3849.619: [GC 3849.619: [ParNew: 420071K->25342K(440896K), 0.0371210 secs] 5274282K->4885529K(8339648K), 0.0373370 secs] [Times: user=0.45 sys=0.00, real=0.03 secs] 
3849.657: [GC [1 CMS-initial-mark: 4860187K(7898752K)] 4887702K(8339648K), 0.0460030 secs] [Times: user=0.05 sys=0.00, real=0.05 secs] 
3849.703: [CMS-concurrent-mark-start]
3852.744: [CMS-concurrent-mark: 3.041/3.041 secs] [Times: user=22.45 sys=0.08, real=3.04 secs] 
3852.744: [CMS-concurrent-preclean-start]
3852.808: [CMS-concurrent-preclean: 0.062/0.064 secs] [Times: user=0.07 sys=0.00, real=0.07 secs] 
3852.808: [CMS-concurrent-abortable-preclean-start]
3856.958: [GC 3856.959: [ParNew: 417278K->27763K(440896K), 0.0425270 secs] 5277465K->4893159K(8339648K), 0.0427960 secs] [Times: user=0.72 sys=0.00, real=0.04 secs] 
3857.724: [CMS-concurrent-abortable-preclean: 2.953/4.915 secs] [Times: user=10.62 sys=0.02, real=4.91 secs] 
3857.725: [GC[YG occupancy: 226805 K (440896 K)]3857.725: [Rescan (parallel) , 0.0660850 secs]3857.792: [weak refs processing, 0.0016730 secs]3857.793: [class unloading, 0.0263250 secs]3857.820: [scrub symbol & string tables, 0.0249130 secs] [1 CMS-remark: 4865396K(7898752K)] 5092201K(8339648K), 0.1332760 secs] [Times: user=1.53 sys=0.00, real=0.14 secs] 
3857.859: [CMS-concurrent-sweep-start]
3858.445: [GC 3858.445: [ParNew: 419699K->31111K(440896K), 0.0413590 secs] 5284813K->4901301K(8339648K), 0.0416160 secs] [Times: user=0.69 sys=0.00, real=0.04 secs] 
3862.244: [GC 3862.244: [ParNew: 423047K->36023K(440896K), 0.0365740 secs] 5292586K->4908534K(8339648K), 0.0635490 secs] [Times: user=0.70 sys=0.00, real=0.07 secs] 
3863.423: [GC 3863.423: [ParNew: 427959K->38156K(440896K), 0.0268520 secs] 5300313K->4910967K(8339648K), 0.0270710 secs] [Times: user=0.46 sys=0.00, real=0.03 secs] 
3864.128: [CMS-concurrent-sweep: 6.131/6.269 secs] [Times: user=29.66 sys=0.04, real=6.27 secs] 
3864.128: [CMS-concurrent-reset-start]
3864.174: [CMS-concurrent-reset: 0.046/0.046 secs] [Times: user=0.13 sys=0.00, real=0.04 secs] 
3866.175: [GC [1 CMS-initial-mark: 4872777K(7898752K)] 5165418K(8339648K), 1.0711590 secs] [Times: user=1.07 sys=0.00, real=1.07 secs] 
3867.247: [CMS-concurrent-mark-start]
3867.732: [GC 3867.733: [ParNew: 430092K->39070K(440896K), 0.0578330 secs] 5302869K->4924263K(8339648K), 0.0580760 secs] [Times: user=0.77 sys=0.02, real=0.06 secs] 
3870.485: [CMS-concurrent-mark: 3.179/3.239 secs] [Times: user=28.80 sys=0.09, real=3.24 secs] 
3870.485: [CMS-concurrent-preclean-start]
3870.667: [CMS-concurrent-preclean: 0.174/0.181 secs] [Times: user=0.18 sys=0.00, real=0.18 secs] 
3870.667: [CMS-concurrent-abortable-preclean-start]
3872.545: [GC 3872.545: [ParNew: 431006K->34294K(440896K), 0.0427400 secs] 5316199K->4922363K(8339648K), 0.0616060 secs] [Times: user=0.75 sys=0.01, real=0.06 secs] 
3873.427: [CMS-concurrent-abortable-preclean: 1.983/2.760 secs] [Times: user=9.57 sys=0.02, real=2.76 secs] 
3873.428: [GC[YG occupancy: 251216 K (440896 K)]3873.429: [Rescan (parallel) , 0.1252360 secs]3873.554: [weak refs processing, 0.0015500 secs]3873.555: [class unloading, 0.0197980 secs]3873.575: [scrub symbol & string tables, 0.0195100 secs] [1 CMS-remark: 4888069K(7898752K)] 5139286K(8339648K), 0.1756980 secs] [Times: user=2.70 sys=0.01, real=0.17 secs] 
3873.605: [CMS-concurrent-sweep-start]
3874.204: [GC 3874.204: [ParNew: 426230K->36253K(440896K), 0.0408510 secs] 5314007K->4931564K(8339648K), 0.0410790 secs] [Times: user=0.66 sys=0.00, real=0.04 secs] 
3877.957: [GC 3877.958: [ParNew: 428189K->31467K(440896K), 0.0461190 secs] 5322366K->4928511K(8339648K), 0.0610350 secs] [Times: user=0.92 sys=0.00, real=0.06 secs] 
3879.363: [GC 3879.363: [ParNew: 423403K->33322K(440896K), 0.0398220 secs] 5320415K->4937528K(8339648K), 0.0400450 secs] [Times: user=0.71 sys=0.00, real=0.04 secs] 
3879.637: [CMS-concurrent-sweep: 5.885/6.032 secs] [Times: user=28.77 sys=0.01, real=6.03 secs] 
3879.637: [CMS-concurrent-reset-start]
3879.683: [CMS-concurrent-reset: 0.046/0.046 secs] [Times: user=0.36 sys=0.00, real=0.05 secs] 
3880.514: [GC 3880.514: [ParNew: 425258K->21842K(440896K), 0.0411790 secs] 5329411K->4934329K(8339648K), 0.0414230 secs] [Times: user=0.70 sys=0.00, real=0.04 secs] 
3880.556: [GC [1 CMS-initial-mark: 4912487K(7898752K)] 4936794K(8339648K), 0.0478230 secs] [Times: user=0.05 sys=0.00, real=0.05 secs] 
3880.604: [CMS-concurrent-mark-start]
3883.565: [CMS-concurrent-mark: 2.961/2.961 secs] [Times: user=22.40 sys=0.08, real=2.96 secs] 
3883.565: [CMS-concurrent-preclean-start]
3883.624: [CMS-concurrent-preclean: 0.057/0.059 secs] [Times: user=0.06 sys=0.00, real=0.06 secs] 
3883.624: [CMS-concurrent-abortable-preclean-start]
3887.633: [GC 3887.633: [ParNew: 413778K->31422K(440896K), 0.0618000 secs] 5326265K->4946502K(8339648K), 0.0620800 secs] [Times: user=1.30 sys=0.00, real=0.06 secs] 
3888.459: [CMS-concurrent-abortable-preclean: 2.956/4.835 secs] [Times: user=11.28 sys=0.02, real=4.84 secs] 
3888.460: [GC[YG occupancy: 230140 K (440896 K)]3888.460: [Rescan (parallel) , 0.1096470 secs]3888.570: [weak refs processing, 0.0013240 secs]3888.572: [class unloading, 0.0247290 secs]3888.596: [scrub symbol & string tables, 0.0235020 secs] [1 CMS-remark: 4915079K(7898752K)] 5145220K(8339648K), 0.1733690 secs] [Times: user=2.51 sys=0.00, real=0.17 secs] 
3888.634: [CMS-concurrent-sweep-start]
3889.361: [GC 3889.361: [ParNew: 423358K->32402K(440896K), 0.0400520 secs] 5338171K->4952590K(8339648K), 0.0403120 secs] [Times: user=0.70 sys=0.00, real=0.04 secs] 
3892.948: [GC 3892.948: [ParNew: 424338K->37305K(440896K), 0.0448130 secs] 5343630K->4959465K(8339648K), 0.0450790 secs] [Times: user=0.75 sys=0.00, real=0.04 secs] 
3894.472: [GC 3894.473: [ParNew: 429241K->37503K(440896K), 0.0297830 secs] 5351170K->4962639K(8339648K), 0.0300320 secs] [Times: user=0.47 sys=0.00, real=0.03 secs] 
3894.866: [CMS-concurrent-sweep: 6.110/6.232 secs] [Times: user=32.57 sys=0.01, real=6.23 secs] 
3894.866: [CMS-concurrent-reset-start]
3894.913: [CMS-concurrent-reset: 0.047/0.047 secs] [Times: user=0.36 sys=0.00, real=0.05 secs] 
3896.914: [GC [1 CMS-initial-mark: 4925131K(7898752K)] 5257673K(8339648K), 1.0703440 secs] [Times: user=1.06 sys=0.01, real=1.07 secs] 
3897.985: [CMS-concurrent-mark-start]
3898.354: [GC 3898.354: [ParNew: 429439K->33562K(440896K), 0.0509170 secs] 5354571K->4971000K(8339648K), 0.0511770 secs] [Times: user=0.89 sys=0.00, real=0.05 secs] 
3901.193: [CMS-concurrent-mark: 3.153/3.208 secs] [Times: user=29.29 sys=0.07, real=3.21 secs] 
3901.193: [CMS-concurrent-preclean-start]
3901.469: [CMS-concurrent-preclean: 0.264/0.277 secs] [Times: user=0.30 sys=0.00, real=0.28 secs] 
3901.470: [CMS-concurrent-abortable-preclean-start]
3903.094: [GC 3903.094: [ParNew: 425498K->32846K(440896K), 0.0523190 secs] 5362936K->4973204K(8339648K), 0.0677230 secs] [Times: user=0.93 sys=0.00, real=0.07 secs] 
3903.978: [CMS-concurrent-abortable-preclean: 1.725/2.508 secs] [Times: user=8.24 sys=0.01, real=2.51 secs] 
3903.979: [GC[YG occupancy: 257583 K (440896 K)]3903.979: [Rescan (parallel) , 0.1068850 secs]3904.086: [weak refs processing, 0.0015500 secs]3904.088: [class unloading, 0.0263340 secs]3904.114: [scrub symbol & string tables, 0.0251410 secs] [1 CMS-remark: 4940358K(7898752K)] 5197941K(8339648K), 0.1738610 secs] [Times: user=2.20 sys=0.00, real=0.17 secs] 
3904.154: [CMS-concurrent-sweep-start]
3904.805: [GC 3904.805: [ParNew: 424782K->31909K(440896K), 0.0428520 secs] 5364846K->4977172K(8339648K), 0.0431060 secs] [Times: user=0.69 sys=0.00, real=0.05 secs] 
3908.670: [GC 3908.670: [ParNew: 423845K->40969K(440896K), 0.0449480 secs] 5368032K->4988127K(8339648K), 0.0599780 secs] [Times: user=0.93 sys=0.00, real=0.06 secs] 
3910.134: [GC 3910.134: [ParNew: 432905K->38170K(440896K), 0.0376100 secs] 5380000K->4992731K(8339648K), 0.0378270 secs] [Times: user=0.66 sys=0.00, real=0.04 secs] 
3910.331: [CMS-concurrent-sweep: 6.030/6.177 secs] [Times: user=29.71 sys=0.04, real=6.18 secs] 
3910.331: [CMS-concurrent-reset-start]
3910.378: [CMS-concurrent-reset: 0.047/0.047 secs] [Times: user=0.33 sys=0.00, real=0.05 secs] 
3911.585: [GC 3911.585: [ParNew: 430106K->25606K(440896K), 0.0392720 secs] 5384648K->4988164K(8339648K), 0.0394890 secs] [Times: user=0.61 sys=0.03, real=0.04 secs] 
3911.625: [GC [1 CMS-initial-mark: 4962557K(7898752K)] 4992190K(8339648K), 0.0346210 secs] [Times: user=0.04 sys=0.00, real=0.04 secs] 
3911.660: [CMS-concurrent-mark-start]
3913.967: [GC 3913.967: [ParNew: 417542K->27063K(440896K), 0.0292100 secs] 5380100K->4992682K(8339648K), 0.0294410 secs] [Times: user=0.58 sys=0.01, real=0.02 secs] 
3914.715: [CMS-concurrent-mark: 3.024/3.055 secs] [Times: user=30.84 sys=0.10, real=3.05 secs] 
3914.715: [CMS-concurrent-preclean-start]
3914.847: [CMS-concurrent-preclean: 0.127/0.132 secs] [Times: user=0.91 sys=0.00, real=0.13 secs] 
3914.847: [CMS-concurrent-abortable-preclean-start]
3915.223: [GC 3915.223: [ParNew: 418999K->23483K(440896K), 0.0346570 secs] 5384618K->4996809K(8339648K), 0.0349040 secs] [Times: user=0.46 sys=0.00, real=0.03 secs] 
3918.373: [CMS-concurrent-abortable-preclean: 2.278/3.525 secs] [Times: user=8.55 sys=0.02, real=3.53 secs] 
3918.374: [GC[YG occupancy: 221747 K (440896 K)]3918.374: [Rescan (parallel) , 0.1147670 secs]3918.489: [weak refs processing, 0.0016090 secs]3918.491: [class unloading, 0.0260070 secs]3918.517: [scrub symbol & string tables, 0.0249390 secs] [1 CMS-remark: 4973325K(7898752K)] 5195073K(8339648K), 0.1816460 secs] [Times: user=2.52 sys=0.01, real=0.18 secs] 
3918.556: [CMS-concurrent-sweep-start]
3923.508: [GC 3923.508: [ParNew: 415419K->29326K(440896K), 0.0357660 secs] 5387318K->5003836K(8339648K), 0.0360420 secs] [Times: user=0.58 sys=0.00, real=0.04 secs] 
3924.393: [CMS-concurrent-sweep: 5.798/5.836 secs] [Times: user=15.63 sys=0.06, real=5.84 secs] 
3924.393: [CMS-concurrent-reset-start]
3924.438: [CMS-concurrent-reset: 0.045/0.045 secs] [Times: user=0.32 sys=0.00, real=0.05 secs] 
3924.864: [GC 3924.864: [ParNew: 421262K->37030K(440896K), 0.0324550 secs] 5395717K->5014404K(8339648K), 0.0326680 secs] [Times: user=0.69 sys=0.00, real=0.03 secs] 
3924.897: [GC [1 CMS-initial-mark: 4977374K(7898752K)] 5015445K(8339648K), 0.0477920 secs] [Times: user=0.05 sys=0.00, real=0.04 secs] 
3924.945: [CMS-concurrent-mark-start]
3926.279: [GC 3926.279: [ParNew: 428966K->37983K(440896K), 0.0306620 secs] 5406340K->5018336K(8339648K), 0.0308860 secs] [Times: user=0.41 sys=0.01, real=0.03 secs] 
3928.016: [CMS-concurrent-mark: 3.038/3.071 secs] [Times: user=26.79 sys=0.11, real=3.07 secs] 
3928.016: [CMS-concurrent-preclean-start]
3928.162: [CMS-concurrent-preclean: 0.139/0.145 secs] [Times: user=0.26 sys=0.00, real=0.15 secs] 
3928.162: [CMS-concurrent-abortable-preclean-start]
3928.926: [CMS-concurrent-abortable-preclean: 0.764/0.765 secs] [Times: user=5.24 sys=0.00, real=0.76 secs] 
3928.928: [GC[YG occupancy: 247460 K (440896 K)]3928.942: [Rescan (parallel) , 0.0987060 secs]3929.041: [weak refs processing, 0.0013720 secs]3929.042: [class unloading, 0.0263850 secs]3929.068: [scrub symbol & string tables, 0.0248720 secs] [1 CMS-remark: 4980353K(7898752K)] 5227813K(8339648K), 0.1655780 secs] [Times: user=2.04 sys=0.03, real=0.17 secs] 
3929.108: [CMS-concurrent-sweep-start]
3929.840: [GC 3929.840: [ParNew: 429919K->38774K(440896K), 0.0329830 secs] 5410146K->5021901K(8339648K), 0.0331960 secs] [Times: user=0.55 sys=0.00, real=0.03 secs] 
3931.287: [GC 3931.288: [ParNew: 430710K->31968K(440896K), 0.0752460 secs] 5413099K->5029422K(8339648K), 0.0754730 secs] [Times: user=0.63 sys=0.01, real=0.08 secs] 
3934.838: [CMS-concurrent-sweep: 5.617/5.730 secs] [Times: user=27.58 sys=0.03, real=5.73 secs] 
3934.838: [CMS-concurrent-reset-start]
3934.877: [CMS-concurrent-reset: 0.039/0.039 secs] [Times: user=0.04 sys=0.00, real=0.03 secs] 
3936.879: [GC [1 CMS-initial-mark: 4997322K(7898752K)] 5367029K(8339648K), 1.1707560 secs] [Times: user=1.18 sys=0.00, real=1.17 secs] 
3938.050: [CMS-concurrent-mark-start]
3938.292: [GC 3938.292: [ParNew: 423904K->28456K(440896K), 0.0509450 secs] 5421226K->5028669K(8339648K), 0.0511800 secs] [Times: user=0.91 sys=0.02, real=0.05 secs] 
3939.855: [GC 3939.855: [ParNew: 420392K->31919K(440896K), 0.0489960 secs] 5420605K->5035030K(8339648K), 0.0492150 secs] [Times: user=0.90 sys=0.00, real=0.05 secs] 
3941.347: [GC 3941.347: [ParNew: 423855K->30373K(440896K), 0.0352790 secs] 5426966K->5038881K(8339648K), 0.0354960 secs] [Times: user=0.55 sys=0.02, real=0.04 secs] 
3941.428: [CMS-concurrent-mark: 3.236/3.378 secs] [Times: user=41.04 sys=0.12, real=3.38 secs] 
3941.428: [CMS-concurrent-preclean-start]
3941.611: [CMS-concurrent-preclean: 0.176/0.183 secs] [Times: user=1.31 sys=0.00, real=0.18 secs] 
3941.611: [CMS-concurrent-abortable-preclean-start]
3942.130: [CMS-concurrent-abortable-preclean: 0.518/0.519 secs] [Times: user=3.60 sys=0.00, real=0.52 secs] 
3942.131: [GC[YG occupancy: 241607 K (440896 K)]3942.132: [Rescan (parallel) , 0.0516630 secs]3942.200: [weak refs processing, 0.0013800 secs]3942.202: [class unloading, 0.0197020 secs]3942.222: [scrub symbol & string tables, 0.0198100 secs] [1 CMS-remark: 5008507K(7898752K)] 5250114K(8339648K), 0.1192060 secs] [Times: user=1.16 sys=0.00, real=0.12 secs] 
3942.251: [CMS-concurrent-sweep-start]
3943.651: [GC 3943.652: [ParNew: 422309K->32974K(440896K), 0.0282170 secs] 5430367K->5043440K(8339648K), 0.0284340 secs] [Times: user=0.47 sys=0.00, real=0.03 secs] 
3945.106: [GC 3945.106: [ParNew: 424910K->28365K(440896K), 0.0630150 secs] 5435036K->5048427K(8339648K), 0.0632550 secs] [Times: user=0.60 sys=0.05, real=0.07 secs] 
3948.001: [CMS-concurrent-sweep: 5.655/5.750 secs] [Times: user=23.63 sys=0.07, real=5.75 secs] 
3948.001: [CMS-concurrent-reset-start]
3948.040: [CMS-concurrent-reset: 0.039/0.039 secs] [Times: user=0.04 sys=0.00, real=0.04 secs] 
3950.041: [GC [1 CMS-initial-mark: 5019729K(7898752K)] 5391807K(8339648K), 1.1090780 secs] [Times: user=1.10 sys=0.00, real=1.11 secs] 
3951.151: [CMS-concurrent-mark-start]
3953.267: [GC 3953.267: [ParNew: 420301K->28148K(440896K), 0.0454340 secs] 5440031K->5052831K(8339648K), 0.0456750 secs] [Times: user=0.76 sys=0.00, real=0.05 secs] 
3954.411: [CMS-concurrent-mark: 3.211/3.260 secs] [Times: user=27.58 sys=0.15, real=3.26 secs] 
3954.411: [CMS-concurrent-preclean-start]
3954.561: [CMS-concurrent-preclean: 0.144/0.150 secs] [Times: user=1.05 sys=0.00, real=0.15 secs] 
3954.561: [CMS-concurrent-abortable-preclean-start]
3954.703: [GC 3954.703: [ParNew: 420084K->35841K(440896K), 0.0278700 secs] 5444767K->5061083K(8339648K), 0.0280840 secs] [Times: user=0.47 sys=0.00, real=0.03 secs] 
3955.460: [CMS-concurrent-abortable-preclean: 0.863/0.898 secs] [Times: user=6.56 sys=0.01, real=0.90 secs] 
3955.461: [GC[YG occupancy: 239459 K (440896 K)]3955.461: [Rescan (parallel) , 0.0637930 secs]3955.525: [weak refs processing, 0.0014930 secs]3955.527: [class unloading, 0.0195040 secs]3955.546: [scrub symbol & string tables, 0.0198060 secs] [1 CMS-remark: 5025242K(7898752K)] 5264701K(8339648K), 0.1142150 secs] [Times: user=1.39 sys=0.00, real=0.11 secs] 
3955.576: [CMS-concurrent-sweep-start]
3956.276: [GC 3956.276: [ParNew: 427777K->37483K(440896K), 0.0515040 secs] 5452764K->5067836K(8339648K), 0.0517120 secs] [Times: user=0.86 sys=0.01, real=0.05 secs] 
3959.626: [GC 3959.626: [ParNew: 429419K->34500K(440896K), 0.0365630 secs] 5459375K->5067296K(8339648K), 0.0367740 secs] [Times: user=0.59 sys=0.00, real=0.04 secs] 
3961.070: [GC 3961.070: [ParNew: 426436K->31992K(440896K), 0.0847940 secs] 5459133K->5078052K(8339648K), 0.0850230 secs] [Times: user=0.67 sys=0.01, real=0.08 secs] 
3961.508: [CMS-concurrent-sweep: 5.753/5.932 secs] [Times: user=31.75 sys=0.03, real=5.93 secs] 
3961.508: [CMS-concurrent-reset-start]
3961.548: [CMS-concurrent-reset: 0.040/0.040 secs] [Times: user=0.03 sys=0.01, real=0.03 secs] 
3963.549: [GC [1 CMS-initial-mark: 5045876K(7898752K)] 5261244K(8339648K), 0.7063340 secs] [Times: user=0.70 sys=0.00, real=0.70 secs] 
3964.256: [CMS-concurrent-mark-start]
3967.541: [CMS-concurrent-mark: 3.285/3.285 secs] [Times: user=24.21 sys=0.08, real=3.29 secs] 
3967.542: [CMS-concurrent-preclean-start]
3967.615: [CMS-concurrent-preclean: 0.071/0.074 secs] [Times: user=0.07 sys=0.00, real=0.07 secs] 
3967.615: [CMS-concurrent-abortable-preclean-start]
3968.323: [GC 3968.323: [ParNew: 423928K->31125K(440896K), 0.0434790 secs] 5469804K->5081437K(8339648K), 0.0437470 secs] [Times: user=0.67 sys=0.02, real=0.04 secs] 
3969.258: [CMS-concurrent-abortable-preclean: 1.185/1.642 secs] [Times: user=7.65 sys=0.03, real=1.65 secs] 
3969.259: [GC[YG occupancy: 236918 K (440896 K)]3969.259: [Rescan (parallel) , 0.0661320 secs]3969.325: [weak refs processing, 0.0013350 secs]3969.327: [class unloading, 0.0188990 secs]3969.346: [scrub symbol & string tables, 0.0198050 secs] [1 CMS-remark: 5050311K(7898752K)] 5287230K(8339648K), 0.1156290 secs] [Times: user=1.41 sys=0.01, real=0.11 secs] 
3969.375: [CMS-concurrent-sweep-start]
3970.038: [GC 3970.038: [ParNew: 423061K->39033K(440896K), 0.0323720 secs] 5473254K->5090613K(8339648K), 0.0325800 secs] [Times: user=0.53 sys=0.00, real=0.03 secs] 
3971.491: [GC 3971.491: [ParNew: 430969K->37784K(440896K), 0.0557690 secs] 5482051K->5096288K(8339648K), 0.0559820 secs] [Times: user=0.73 sys=0.01, real=0.06 secs] 
3973.900: [GC 3973.900: [ParNew: 429720K->29443K(440896K), 0.0443440 secs] 5488007K->5090540K(8339648K), 0.0445960 secs] [Times: user=0.75 sys=0.01, real=0.04 secs] 
3975.051: [CMS-concurrent-sweep: 5.537/5.675 secs] [Times: user=36.08 sys=0.08, real=5.68 secs] 
3975.051: [CMS-concurrent-reset-start]
3975.091: [CMS-concurrent-reset: 0.040/0.040 secs] [Times: user=0.28 sys=0.00, real=0.04 secs] 
3975.233: [GC 3975.233: [ParNew: 421379K->26295K(440896K), 0.0729520 secs] 5481743K->5098479K(8339648K), 0.0731830 secs] [Times: user=0.73 sys=0.08, real=0.07 secs] 
3975.307: [GC [1 CMS-initial-mark: 5072183K(7898752K)] 5099590K(8339648K), 0.0422690 secs] [Times: user=0.05 sys=0.00, real=0.05 secs] 
3975.350: [CMS-concurrent-mark-start]
3978.453: [CMS-concurrent-mark: 3.103/3.104 secs] [Times: user=22.92 sys=0.14, real=3.10 secs] 
3978.454: [CMS-concurrent-preclean-start]
3978.510: [CMS-concurrent-preclean: 0.055/0.056 secs] [Times: user=0.42 sys=0.00, real=0.06 secs] 
3978.510: [CMS-concurrent-abortable-preclean-start]
3978.826: [GC 3978.826: [ParNew: 418231K->22674K(440896K), 0.0483300 secs] 5490415K->5097899K(8339648K), 0.0486020 secs] [Times: user=0.90 sys=0.00, real=0.05 secs] 
3981.367: [CMS-concurrent-abortable-preclean: 1.994/2.857 secs] [Times: user=9.10 sys=0.01, real=2.85 secs] 
3981.368: [GC[YG occupancy: 222383 K (440896 K)]3981.368: [Rescan (parallel) , 0.1006330 secs]3981.469: [weak refs processing, 0.0017000 secs]3981.471: [class unloading, 0.0263050 secs]3981.497: [scrub symbol & string tables, 0.0248130 secs] [1 CMS-remark: 5075225K(7898752K)] 5297608K(8339648K), 0.1674140 secs] [Times: user=2.13 sys=0.03, real=0.16 secs] 
3981.536: [CMS-concurrent-sweep-start]
3984.199: [GC 3984.199: [ParNew: 414610K->30358K(440896K), 0.0353900 secs] 5489140K->5107794K(8339648K), 0.0356200 secs] [Times: user=0.61 sys=0.02, real=0.03 secs] 
3985.354: [GC 3985.354: [ParNew: 422294K->32054K(440896K), 0.0285270 secs] 5499687K->5112293K(8339648K), 0.0287460 secs] [Times: user=0.46 sys=0.00, real=0.03 secs] 
3987.637: [CMS-concurrent-sweep: 6.033/6.101 secs] [Times: user=18.99 sys=0.09, real=6.10 secs] 
3987.637: [CMS-concurrent-reset-start]
3987.682: [CMS-concurrent-reset: 0.045/0.045 secs] [Times: user=0.06 sys=0.01, real=0.05 secs] 
3989.593: [GC 3989.593: [ParNew: 423990K->37471K(440896K), 0.0443650 secs] 5503908K->5120355K(8339648K), 0.0446170 secs] [Times: user=0.83 sys=0.01, real=0.05 secs] 
3989.639: [GC [1 CMS-initial-mark: 5082883K(7898752K)] 5125145K(8339648K), 0.0877810 secs] [Times: user=0.08 sys=0.00, real=0.08 secs] 
3989.727: [CMS-concurrent-mark-start]
3990.866: [GC 3990.866: [ParNew: 429407K->38048K(440896K), 0.0465450 secs] 5512291K->5128737K(8339648K), 0.0467680 secs] [Times: user=0.70 sys=0.01, real=0.05 secs] 
3992.883: [CMS-concurrent-mark: 3.108/3.156 secs] [Times: user=28.90 sys=0.13, real=3.16 secs] 
3992.883: [CMS-concurrent-preclean-start]
3993.042: [CMS-concurrent-preclean: 0.152/0.159 secs] [Times: user=0.16 sys=0.00, real=0.16 secs] 
3993.042: [CMS-concurrent-abortable-preclean-start]
3994.309: [GC 3994.309: [ParNew: 429984K->28103K(440896K), 0.0576320 secs] 5520673K->5126651K(8339648K), 0.0578570 secs] [Times: user=0.72 sys=0.00, real=0.05 secs] 
 CMS: abort preclean due to time 3998.117: [CMS-concurrent-abortable-preclean: 3.401/5.075 secs] [Times: user=11.08 sys=0.02, real=5.07 secs] 
3998.118: [GC[YG occupancy: 175790 K (440896 K)]3998.118: [Rescan (parallel) , 0.0861460 secs]3998.204: [weak refs processing, 0.0015920 secs]3998.206: [class unloading, 0.0262070 secs]3998.232: [scrub symbol & string tables, 0.0248170 secs] [1 CMS-remark: 5098547K(7898752K)] 5274338K(8339648K), 0.1527030 secs] [Times: user=1.88 sys=0.00, real=0.15 secs] 
3998.271: [CMS-concurrent-sweep-start]
3999.378: [GC 3999.379: [ParNew: 420039K->36496K(440896K), 0.0497690 secs] 5518331K->5137536K(8339648K), 0.0500260 secs] [Times: user=0.91 sys=0.01, real=0.05 secs] 
4000.540: [GC 4000.540: [ParNew: 428432K->34205K(440896K), 0.0662770 secs] 5529406K->5143149K(8339648K), 0.0665220 secs] [Times: user=0.93 sys=0.01, real=0.06 secs] 
4003.752: [GC 4003.752: [ParNew: 426141K->30140K(440896K), 0.0396490 secs] 5534899K->5141862K(8339648K), 0.0398870 secs] [Times: user=0.70 sys=0.00, real=0.04 secs] 
4004.846: [CMS-concurrent-sweep: 6.413/6.575 secs] [Times: user=35.00 sys=0.08, real=6.57 secs] 
4004.846: [CMS-concurrent-reset-start]
4004.892: [CMS-concurrent-reset: 0.046/0.046 secs] [Times: user=0.35 sys=0.00, real=0.05 secs] 
4005.114: [GC 4005.115: [ParNew: 422076K->32534K(440896K), 0.0412880 secs] 5533444K->5149038K(8339648K), 0.0415180 secs] [Times: user=0.49 sys=0.02, real=0.04 secs] 
4005.158: [GC [1 CMS-initial-mark: 5116503K(7898752K)] 5156639K(8339648K), 0.0648450 secs] [Times: user=0.07 sys=0.00, real=0.06 secs] 
4005.223: [CMS-concurrent-mark-start]
4008.363: [CMS-concurrent-mark: 3.140/3.140 secs] [Times: user=25.16 sys=0.10, real=3.14 secs] 
4008.363: [CMS-concurrent-preclean-start]
4008.421: [CMS-concurrent-preclean: 0.057/0.058 secs] [Times: user=0.06 sys=0.00, real=0.06 secs] 
4008.421: [CMS-concurrent-abortable-preclean-start]
4008.833: [GC 4008.833: [ParNew: 424470K->25534K(440896K), 0.0504060 secs] 5540974K->5149827K(8339648K), 0.0506400 secs] [Times: user=0.74 sys=0.00, real=0.05 secs] 
4009.659: [CMS-concurrent-abortable-preclean: 1.079/1.238 secs] [Times: user=7.87 sys=0.00, real=1.24 secs] 
4009.661: [GC[YG occupancy: 226068 K (440896 K)]4009.661: [Rescan (parallel) , 0.0682370 secs]4009.729: [weak refs processing, 0.0011820 secs]4009.730: [class unloading, 0.0193890 secs]4009.750: [scrub symbol & string tables, 0.0198080 secs] [1 CMS-remark: 5124293K(7898752K)] 5350362K(8339648K), 0.1178900 secs] [Times: user=1.43 sys=0.00, real=0.12 secs] 
4009.779: [CMS-concurrent-sweep-start]
4013.986: [GC 4013.987: [ParNew: 417470K->34388K(440896K), 0.0407090 secs] 5540863K->5160606K(8339648K), 0.0409270 secs] [Times: user=0.87 sys=0.01, real=0.05 secs] 
4015.495: [GC 4015.495: [ParNew: 426324K->35618K(440896K), 0.0388740 secs] 5552298K->5166812K(8339648K), 0.0390940 secs] [Times: user=0.65 sys=0.00, real=0.04 secs] 
4015.817: [CMS-concurrent-sweep: 5.955/6.038 secs] [Times: user=22.27 sys=0.06, real=6.04 secs] 
4015.818: [CMS-concurrent-reset-start]
4015.863: [CMS-concurrent-reset: 0.045/0.045 secs] [Times: user=0.35 sys=0.00, real=0.04 secs] 
4017.864: [GC [1 CMS-initial-mark: 5130698K(7898752K)] 5361629K(8339648K), 0.8228910 secs] [Times: user=0.82 sys=0.01, real=0.82 secs] 
4018.688: [CMS-concurrent-mark-start]
4020.388: [GC 4020.388: [ParNew: 427554K->39263K(440896K), 0.0344230 secs] 5558252K->5172917K(8339648K), 0.0346490 secs] [Times: user=0.43 sys=0.01, real=0.03 secs] 
4021.692: [GC 4021.692: [ParNew: 431199K->35778K(440896K), 0.0458320 secs] 5564853K->5177054K(8339648K), 0.0460410 secs] [Times: user=0.46 sys=0.03, real=0.05 secs] 
4022.108: [CMS-concurrent-mark: 3.335/3.420 secs] [Times: user=34.93 sys=0.14, real=3.42 secs] 
4022.108: [CMS-concurrent-preclean-start]
4022.281: [CMS-concurrent-preclean: 0.167/0.174 secs] [Times: user=1.25 sys=0.00, real=0.17 secs] 
4022.281: [CMS-concurrent-abortable-preclean-start]
4025.003: [GC 4025.003: [ParNew: 427714K->31760K(440896K), 0.0612800 secs] 5568990K->5181017K(8339648K), 0.0615370 secs] [Times: user=0.92 sys=0.02, real=0.06 secs] 
4025.881: [CMS-concurrent-abortable-preclean: 2.620/3.600 secs] [Times: user=12.92 sys=0.03, real=3.60 secs] 
4025.883: [GC[YG occupancy: 235084 K (440896 K)]4025.883: [Rescan (parallel) , 0.0638550 secs]4025.947: [weak refs processing, 0.0013330 secs]4025.949: [class unloading, 0.0199170 secs]4025.969: [scrub symbol & string tables, 0.0198860 secs] [1 CMS-remark: 5149256K(7898752K)] 5384340K(8339648K), 0.1143820 secs] [Times: user=1.39 sys=0.00, real=0.12 secs] 
4025.998: [CMS-concurrent-sweep-start]
4026.690: [GC 4026.690: [ParNew: 423696K->33091K(440896K), 0.0283650 secs] 5572737K->5184869K(8339648K), 0.0286230 secs] [Times: user=0.46 sys=0.01, real=0.03 secs] 
4029.147: [GC 4029.147: [ParNew: 425027K->23542K(440896K), 0.0515110 secs] 5576709K->5183073K(8339648K), 0.0517300 secs] [Times: user=0.76 sys=0.00, real=0.06 secs] 
4030.540: [GC 4030.540: [ParNew: 415478K->26507K(440896K), 0.0382670 secs] 5574983K->5189244K(8339648K), 0.0384570 secs] [Times: user=0.68 sys=0.00, real=0.04 secs] 
4031.922: [CMS-concurrent-sweep: 5.792/5.924 secs] [Times: user=27.94 sys=0.04, real=5.92 secs] 
4031.922: [CMS-concurrent-reset-start]
4031.967: [CMS-concurrent-reset: 0.044/0.044 secs] [Times: user=0.04 sys=0.00, real=0.04 secs] 
4033.968: [GC [1 CMS-initial-mark: 5162318K(7898752K)] 5296077K(8339648K), 0.4922470 secs] [Times: user=0.49 sys=0.00, real=0.49 secs] 
4034.461: [CMS-concurrent-mark-start]
4035.510: [GC 4035.510: [ParNew: 418443K->28351K(440896K), 0.0393010 secs] 5580761K->5195702K(8339648K), 0.0395150 secs] [Times: user=0.66 sys=0.01, real=0.04 secs] 
4036.771: [GC 4036.771: [ParNew: 420287K->30514K(440896K), 0.0308840 secs] 5587638K->5201198K(8339648K), 0.0310860 secs] [Times: user=0.42 sys=0.00, real=0.03 secs] 
4037.779: [CMS-concurrent-mark: 3.244/3.318 secs] [Times: user=34.19 sys=0.11, real=3.32 secs] 
4037.779: [CMS-concurrent-preclean-start]
4037.935: [CMS-concurrent-preclean: 0.150/0.156 secs] [Times: user=0.15 sys=0.00, real=0.15 secs] 
4037.935: [CMS-concurrent-abortable-preclean-start]
4039.499: [CMS-concurrent-abortable-preclean: 1.161/1.563 secs] [Times: user=5.84 sys=0.03, real=1.57 secs] 
4039.500: [GC[YG occupancy: 250432 K (440896 K)]4039.500: [Rescan (parallel) , 0.0999340 secs]4039.601: [weak refs processing, 0.0013680 secs]4039.602: [class unloading, 0.0200560 secs]4039.622: [scrub symbol & string tables, 0.0200310 secs] [1 CMS-remark: 5170684K(7898752K)] 5421117K(8339648K), 0.1510140 secs] [Times: user=2.08 sys=0.02, real=0.15 secs] 
4039.652: [CMS-concurrent-sweep-start]
4040.166: [GC 4040.166: [ParNew: 422450K->32530K(440896K), 0.0537560 secs] 5592940K->5208031K(8339648K), 0.0539680 secs] [Times: user=0.99 sys=0.00, real=0.06 secs] 
4043.952: [GC 4043.952: [ParNew: 424466K->34552K(440896K), 0.0637650 secs] 5599262K->5212022K(8339648K), 0.0639820 secs] [Times: user=1.30 sys=0.00, real=0.06 secs] 
4045.767: [CMS-concurrent-sweep: 5.994/6.115 secs] [Times: user=23.74 sys=0.03, real=6.11 secs] 
4045.767: [CMS-concurrent-reset-start]
4045.812: [CMS-concurrent-reset: 0.045/0.045 secs] [Times: user=0.05 sys=0.00, real=0.05 secs] 
4047.813: [GC [1 CMS-initial-mark: 5176409K(7898752K)] 5466793K(8339648K), 1.0083400 secs] [Times: user=1.02 sys=0.00, real=1.01 secs] 
4048.822: [CMS-concurrent-mark-start]
4050.244: [GC 4050.244: [ParNew: 426488K->39668K(440896K), 0.0591430 secs] 5602897K->5223643K(8339648K), 0.0593670 secs] [Times: user=0.85 sys=0.02, real=0.06 secs] 
4051.473: [GC 4051.474: [ParNew: 431604K->39075K(440896K), 0.0351000 secs] 5615579K->5226058K(8339648K), 0.0353140 secs] [Times: user=0.70 sys=0.00, real=0.04 secs] 
4052.385: [CMS-concurrent-mark: 3.466/3.564 secs] [Times: user=37.12 sys=0.10, real=3.56 secs] 
4052.385: [CMS-concurrent-preclean-start]
4052.564: [CMS-concurrent-preclean: 0.172/0.179 secs] [Times: user=1.25 sys=0.00, real=0.18 secs] 
4052.564: [CMS-concurrent-abortable-preclean-start]
4053.961: [GC 4053.961: [ParNew: 431011K->38709K(440896K), 0.0552420 secs] 5617994K->5232615K(8339648K), 0.0555090 secs] [Times: user=0.81 sys=0.00, real=0.05 secs] 
4055.572: [CMS-concurrent-abortable-preclean: 2.134/3.007 secs] [Times: user=9.50 sys=0.02, real=3.01 secs] 
4055.573: [GC[YG occupancy: 255767 K (440896 K)]4055.573: [Rescan (parallel) , 0.1426320 secs]4055.716: [weak refs processing, 0.0010310 secs]4055.717: [class unloading, 0.0186010 secs]4055.736: [scrub symbol & string tables, 0.0196540 secs] [1 CMS-remark: 5193905K(7898752K)] 5449673K(8339648K), 0.1916480 secs] [Times: user=3.08 sys=0.01, real=0.19 secs] 
4055.765: [CMS-concurrent-sweep-start]
4056.393: [GC 4056.394: [ParNew: 430645K->34517K(440896K), 0.0469060 secs] 5624337K->5233473K(8339648K), 0.0471200 secs] [Times: user=0.79 sys=0.01, real=0.05 secs] 
4059.172: [GC 4059.172: [ParNew: 426453K->32762K(440896K), 0.0601160 secs] 5625353K->5242026K(8339648K), 0.0603670 secs] [Times: user=0.74 sys=0.03, real=0.06 secs] 
4061.165: [GC 4061.165: [ParNew: 424698K->23785K(440896K), 0.0339500 secs] 5633960K->5236454K(8339648K), 0.0397090 secs] [Times: user=0.55 sys=0.02, real=0.04 secs] 
4061.552: [CMS-concurrent-sweep: 5.635/5.787 secs] [Times: user=30.97 sys=0.09, real=5.79 secs] 
4061.552: [CMS-concurrent-reset-start]
4061.598: [CMS-concurrent-reset: 0.045/0.045 secs] [Times: user=0.05 sys=0.00, real=0.05 secs] 
4063.599: [GC [1 CMS-initial-mark: 5212280K(7898752K)] 5333991K(8339648K), 0.4426080 secs] [Times: user=0.44 sys=0.00, real=0.44 secs] 
4064.042: [CMS-concurrent-mark-start]
4065.180: [GC 4065.180: [ParNew: 415721K->27269K(440896K), 0.0370500 secs] 5628001K->5244763K(8339648K), 0.0372640 secs] [Times: user=0.52 sys=0.00, real=0.04 secs] 
4066.597: [GC 4066.597: [ParNew: 419205K->30101K(440896K), 0.0300670 secs] 5636699K->5250523K(8339648K), 0.0302670 secs] [Times: user=0.64 sys=0.00, real=0.04 secs] 
4067.731: [CMS-concurrent-mark: 3.617/3.688 secs] [Times: user=39.28 sys=0.06, real=3.69 secs] 
4067.731: [CMS-concurrent-preclean-start]
4067.887: [CMS-concurrent-preclean: 0.151/0.156 secs] [Times: user=0.15 sys=0.00, real=0.15 secs] 
4067.887: [CMS-concurrent-abortable-preclean-start]
4070.205: [GC 4070.205: [ParNew: 422037K->31101K(440896K), 0.0468070 secs] 5642459K->5256366K(8339648K), 0.0469870 secs] [Times: user=0.72 sys=0.01, real=0.05 secs] 
4070.964: [CMS-concurrent-abortable-preclean: 2.518/3.076 secs] [Times: user=14.51 sys=0.04, real=3.07 secs] 
4070.965: [GC[YG occupancy: 234307 K (440896 K)]4070.965: [Rescan (parallel) , 0.0575380 secs]4071.023: [weak refs processing, 0.0014930 secs]4071.024: [class unloading, 0.0196880 secs]4071.044: [scrub symbol & string tables, 0.0198250 secs] [1 CMS-remark: 5225265K(7898752K)] 5459572K(8339648K), 0.1079510 secs] [Times: user=1.38 sys=0.00, real=0.11 secs] 
4071.073: [CMS-concurrent-sweep-start]
4071.722: [GC 4071.722: [ParNew: 423037K->31275K(440896K), 0.0363830 secs] 5648082K->5259285K(8339648K), 0.0366010 secs] [Times: user=0.69 sys=0.01, real=0.04 secs] 
4076.772: [CMS-concurrent-sweep: 5.660/5.699 secs] [Times: user=16.71 sys=0.04, real=5.70 secs] 
4076.773: [CMS-concurrent-reset-start]
4076.817: [CMS-concurrent-reset: 0.045/0.045 secs] [Times: user=0.04 sys=0.00, real=0.04 secs] 
4078.819: [GC [1 CMS-initial-mark: 5226459K(7898752K)] 5566868K(8339648K), 1.3202150 secs] [Times: user=1.32 sys=0.01, real=1.32 secs] 
4080.139: [CMS-concurrent-mark-start]
4080.400: [GC 4080.401: [ParNew: 423211K->42040K(440896K), 0.0519990 secs] 5649671K->5276178K(8339648K), 0.0522390 secs] [Times: user=0.78 sys=0.03, real=0.05 secs] 
4081.816: [GC 4081.816: [ParNew: 433976K->38848K(440896K), 0.0292900 secs] 5668114K->5275838K(8339648K), 0.0295200 secs] [Times: user=0.58 sys=0.00, real=0.03 secs] 
4083.082: [GC 4083.082: [ParNew: 430784K->39851K(440896K), 0.0512490 secs] 5667774K->5284349K(8339648K), 0.0514820 secs] [Times: user=0.75 sys=0.00, real=0.05 secs] 
4083.694: [CMS-concurrent-mark: 3.417/3.554 secs] [Times: user=39.78 sys=0.11, real=3.55 secs] 
4083.694: [CMS-concurrent-preclean-start]
4083.900: [CMS-concurrent-preclean: 0.198/0.206 secs] [Times: user=0.21 sys=0.00, real=0.21 secs] 
4083.900: [CMS-concurrent-abortable-preclean-start]
4085.888: [CMS-concurrent-abortable-preclean: 1.385/1.988 secs] [Times: user=5.94 sys=0.01, real=1.99 secs] 
4085.890: [GC[YG occupancy: 246473 K (440896 K)]4085.890: [Rescan (parallel) , 0.1137600 secs]4086.004: [weak refs processing, 0.0015760 secs]4086.006: [class unloading, 0.0255860 secs]4086.031: [scrub symbol & string tables, 0.0246130 secs] [1 CMS-remark: 5244497K(7898752K)] 5490970K(8339648K), 0.1796810 secs] [Times: user=2.54 sys=0.01, real=0.18 secs] 
4086.070: [CMS-concurrent-sweep-start]
4086.829: [GC 4086.829: [ParNew: 431787K->35569K(440896K), 0.0342200 secs] 5676195K->5283025K(8339648K), 0.0344590 secs] [Times: user=0.44 sys=0.02, real=0.03 secs] 
4088.248: [GC 4088.248: [ParNew: 427505K->32540K(440896K), 0.0604480 secs] 5674949K->5292589K(8339648K), 0.0606770 secs] [Times: user=0.49 sys=0.01, real=0.06 secs] 
4091.578: [GC 4091.579: [ParNew: 424476K->26143K(440896K), 0.0321230 secs] 5684525K->5288673K(8339648K), 0.0323510 secs] [Times: user=0.49 sys=0.00, real=0.03 secs] 
4092.450: [CMS-concurrent-sweep: 6.247/6.380 secs] [Times: user=35.26 sys=0.04, real=6.38 secs] 
4092.450: [CMS-concurrent-reset-start]
4092.495: [CMS-concurrent-reset: 0.045/0.045 secs] [Times: user=0.28 sys=0.00, real=0.04 secs] 
4094.144: [GC 4094.145: [ParNew: 418079K->28843K(440896K), 0.0368150 secs] 5680033K->5293688K(8339648K), 0.0370790 secs] [Times: user=0.70 sys=0.00, real=0.04 secs] 
4094.182: [GC [1 CMS-initial-mark: 5264845K(7898752K)] 5293879K(8339648K), 0.0650650 secs] [Times: user=0.07 sys=0.00, real=0.07 secs] 
4094.248: [CMS-concurrent-mark-start]
4096.618: [GC 4096.618: [ParNew: 420779K->26612K(440896K), 0.0433780 secs] 5685624K->5299119K(8339648K), 0.0436050 secs] [Times: user=0.48 sys=0.05, real=0.04 secs] 
4097.796: [CMS-concurrent-mark: 3.500/3.548 secs] [Times: user=32.18 sys=0.13, real=3.54 secs] 
4097.796: [CMS-concurrent-preclean-start]
4097.944: [CMS-concurrent-preclean: 0.143/0.148 secs] [Times: user=0.15 sys=0.00, real=0.15 secs] 
4097.944: [CMS-concurrent-abortable-preclean-start]
4101.321: [GC 4101.321: [ParNew: 418548K->31898K(440896K), 0.0326360 secs] 5691055K->5307389K(8339648K), 0.0328690 secs] [Times: user=0.48 sys=0.00, real=0.03 secs] 
4102.045: [CMS-concurrent-abortable-preclean: 2.954/4.101 secs] [Times: user=14.30 sys=0.03, real=4.10 secs] 
4102.046: [GC[YG occupancy: 233396 K (440896 K)]4102.047: [Rescan (parallel) , 0.0634020 secs]4102.110: [weak refs processing, 0.0015510 secs]4102.112: [class unloading, 0.0191550 secs]4102.131: [scrub symbol & string tables, 0.0196210 secs] [1 CMS-remark: 5275490K(7898752K)] 5508886K(8339648K), 0.1133770 secs] [Times: user=1.36 sys=0.00, real=0.12 secs] 
4102.160: [CMS-concurrent-sweep-start]
4102.841: [GC 4102.841: [ParNew: 423834K->32396K(440896K), 0.0392310 secs] 5699105K->5312737K(8339648K), 0.0394550 secs] [Times: user=0.60 sys=0.02, real=0.04 secs] 
4106.527: [GC 4106.528: [ParNew: 424332K->32818K(440896K), 0.0403950 secs] 5703995K->5316039K(8339648K), 0.0406280 secs] [Times: user=0.79 sys=0.00, real=0.05 secs] 
4107.984: [GC 4107.985: [ParNew: 424754K->33689K(440896K), 0.0384540 secs] 5707793K->5321470K(8339648K), 0.0386830 secs] [Times: user=0.50 sys=0.01, real=0.04 secs] 
4108.194: [CMS-concurrent-sweep: 5.910/6.033 secs] [Times: user=30.00 sys=0.05, real=6.03 secs] 
4108.194: [CMS-concurrent-reset-start]
4108.238: [CMS-concurrent-reset: 0.044/0.044 secs] [Times: user=0.05 sys=0.00, real=0.05 secs] 
4110.239: [GC [1 CMS-initial-mark: 5287303K(7898752K)] 5350457K(8339648K), 0.1737910 secs] [Times: user=0.17 sys=0.00, real=0.17 secs] 
4110.414: [CMS-concurrent-mark-start]
4111.870: [GC 4111.870: [ParNew: 425625K->32560K(440896K), 0.0559160 secs] 5712929K->5327542K(8339648K), 0.0561630 secs] [Times: user=0.66 sys=0.04, real=0.05 secs] 
4113.893: [CMS-concurrent-mark: 3.421/3.479 secs] [Times: user=31.85 sys=0.14, real=3.48 secs] 
4113.893: [CMS-concurrent-preclean-start]
4114.066: [CMS-concurrent-preclean: 0.166/0.173 secs] [Times: user=0.17 sys=0.00, real=0.17 secs] 
4114.066: [CMS-concurrent-abortable-preclean-start]
4116.587: [GC 4116.587: [ParNew: 424496K->31153K(440896K), 0.0470830 secs] 5719478K->5329154K(8339648K), 0.0473120 secs] [Times: user=0.79 sys=0.01, real=0.05 secs] 
4117.379: [CMS-concurrent-abortable-preclean: 2.653/3.313 secs] [Times: user=15.03 sys=0.02, real=3.32 secs] 
4117.380: [GC[YG occupancy: 242496 K (440896 K)]4117.380: [Rescan (parallel) , 0.0611980 secs]4117.442: [weak refs processing, 0.0015100 secs]4117.443: [class unloading, 0.0191320 secs]4117.462: [scrub symbol & string tables, 0.0195650 secs] [1 CMS-remark: 5298001K(7898752K)] 5540498K(8339648K), 0.1107660 secs] [Times: user=1.30 sys=0.00, real=0.11 secs] 
4117.491: [CMS-concurrent-sweep-start]
4118.147: [GC 4118.147: [ParNew: 423089K->31526K(440896K), 0.0526300 secs] 5720885K->5336929K(8339648K), 0.0528570 secs] [Times: user=0.78 sys=0.01, real=0.06 secs] 
4121.623: [GC 4121.623: [ParNew: 423462K->35414K(440896K), 0.0349410 secs] 5728571K->5343535K(8339648K), 0.0351670 secs] [Times: user=0.70 sys=0.00, real=0.04 secs] 
4123.040: [GC 4123.040: [ParNew: 427350K->35023K(440896K), 0.0449330 secs] 5735471K->5348360K(8339648K), 0.0451610 secs] [Times: user=0.62 sys=0.02, real=0.04 secs] 
4123.781: [CMS-concurrent-sweep: 6.151/6.289 secs] [Times: user=30.86 sys=0.05, real=6.29 secs] 
4123.781: [CMS-concurrent-reset-start]
4123.825: [CMS-concurrent-reset: 0.044/0.044 secs] [Times: user=0.04 sys=0.00, real=0.04 secs] 
4125.827: [GC [1 CMS-initial-mark: 5312825K(7898752K)] 5502360K(8339648K), 0.7025270 secs] [Times: user=0.71 sys=0.00, real=0.71 secs] 
4126.530: [CMS-concurrent-mark-start]
4127.511: [GC 4127.512: [ParNew: 426959K->37010K(440896K), 0.0474410 secs] 5739784K->5357427K(8339648K), 0.0476650 secs] [Times: user=0.61 sys=0.01, real=0.05 secs] 
4130.002: [CMS-concurrent-mark: 3.423/3.472 secs] [Times: user=31.70 sys=0.07, real=3.47 secs] 
4130.002: [CMS-concurrent-preclean-start]
4130.159: [CMS-concurrent-preclean: 0.151/0.156 secs] [Times: user=0.16 sys=0.00, real=0.16 secs] 
4130.159: [CMS-concurrent-abortable-preclean-start]
4131.196: [GC 4131.196: [ParNew: 428946K->31499K(440896K), 0.0361960 secs] 5749363K->5354940K(8339648K), 0.0364230 secs] [Times: user=0.66 sys=0.01, real=0.04 secs] 
4131.958: [CMS-concurrent-abortable-preclean: 1.553/1.800 secs] [Times: user=10.57 sys=0.01, real=1.80 secs] 
4131.960: [GC[YG occupancy: 237942 K (440896 K)]4131.960: [Rescan (parallel) , 0.0623240 secs]4132.022: [weak refs processing, 0.0014100 secs]4132.024: [class unloading, 0.0190960 secs]4132.043: [scrub symbol & string tables, 0.0195470 secs] [1 CMS-remark: 5323441K(7898752K)] 5561384K(8339648K), 0.1120610 secs] [Times: user=1.36 sys=0.01, real=0.11 secs] 
4132.072: [CMS-concurrent-sweep-start]
4132.748: [GC 4132.748: [ParNew: 423435K->34611K(440896K), 0.0509680 secs] 5746664K->5365459K(8339648K), 0.0511910 secs] [Times: user=0.78 sys=0.01, real=0.05 secs] 
4136.413: [GC 4136.414: [ParNew: 426547K->30063K(440896K), 0.0342000 secs] 5756759K->5363072K(8339648K), 0.0344310 secs] [Times: user=0.70 sys=0.00, real=0.04 secs] 
4137.811: [GC 4137.811: [ParNew: 421999K->33406K(440896K), 0.0447110 secs] 5754872K->5374236K(8339648K), 0.0449430 secs] [Times: user=0.43 sys=0.00, real=0.04 secs] 
4138.326: [CMS-concurrent-sweep: 6.119/6.254 secs] [Times: user=31.37 sys=0.03, real=6.25 secs] 
4138.326: [CMS-concurrent-reset-start]
4138.371: [CMS-concurrent-reset: 0.044/0.044 secs] [Times: user=0.05 sys=0.00, real=0.05 secs] 
4140.372: [GC [1 CMS-initial-mark: 5340636K(7898752K)] 5487274K(8339648K), 0.5278050 secs] [Times: user=0.53 sys=0.00, real=0.53 secs] 
4140.900: [CMS-concurrent-mark-start]
4142.034: [GC 4142.034: [ParNew: 425342K->27042K(440896K), 0.0328350 secs] 5765979K->5372753K(8339648K), 0.0330730 secs] [Times: user=0.64 sys=0.00, real=0.03 secs] 
4144.370: [CMS-concurrent-mark: 3.436/3.470 secs] [Times: user=31.77 sys=0.05, real=3.47 secs] 
4144.370: [CMS-concurrent-preclean-start]
4144.537: [CMS-concurrent-preclean: 0.160/0.167 secs] [Times: user=0.16 sys=0.00, real=0.17 secs] 
4144.537: [CMS-concurrent-abortable-preclean-start]
4146.744: [GC 4146.744: [ParNew: 418978K->35544K(440896K), 0.0395900 secs] 5764689K->5383960K(8339648K), 0.0495870 secs] [Times: user=0.68 sys=0.00, real=0.05 secs] 
4147.476: [CMS-concurrent-abortable-preclean: 2.277/2.938 secs] [Times: user=12.13 sys=0.01, real=2.93 secs] 
4147.477: [GC[YG occupancy: 243282 K (440896 K)]4147.477: [Rescan (parallel) , 0.0637230 secs]4147.541: [weak refs processing, 0.0014400 secs]4147.542: [class unloading, 0.0186650 secs]4147.561: [scrub symbol & string tables, 0.0198740 secs] [1 CMS-remark: 5348416K(7898752K)] 5591698K(8339648K), 0.1135090 secs] [Times: user=1.39 sys=0.01, real=0.12 secs] 
4147.591: [CMS-concurrent-sweep-start]
4148.322: [GC 4148.322: [ParNew: 427480K->35922K(440896K), 0.0510010 secs] 5775716K->5391911K(8339648K), 0.0512170 secs] [Times: user=0.68 sys=0.03, real=0.05 secs] 
4151.815: [GC 4151.815: [ParNew: 427858K->32884K(440896K), 0.0394600 secs] 5783388K->5391237K(8339648K), 0.0396920 secs] [Times: user=0.71 sys=0.00, real=0.04 secs] 
4153.195: [GC 4153.195: [ParNew: 424820K->34068K(440896K), 0.0388700 secs] 5783173K->5397713K(8339648K), 0.0391030 secs] [Times: user=0.57 sys=0.02, real=0.04 secs] 
4154.246: [CMS-concurrent-sweep: 6.521/6.655 secs] [Times: user=33.15 sys=0.11, real=6.65 secs] 
4154.246: [CMS-concurrent-reset-start]
4154.291: [CMS-concurrent-reset: 0.044/0.044 secs] [Times: user=0.05 sys=0.00, real=0.05 secs] 
4156.292: [GC [1 CMS-initial-mark: 5362976K(7898752K)] 5637335K(8339648K), 0.9433070 secs] [Times: user=0.94 sys=0.00, real=0.94 secs] 
4157.236: [CMS-concurrent-mark-start]
4157.842: [GC 4157.842: [ParNew: 426004K->30893K(440896K), 0.0698320 secs] 5788980K->5403969K(8339648K), 0.0701070 secs] [Times: user=0.93 sys=0.03, real=0.07 secs] 
4160.608: [GC 4160.608: [ParNew: 422829K->32451K(440896K), 0.0295870 secs] 5795905K->5407999K(8339648K), 0.0298220 secs] [Times: user=0.53 sys=0.00, real=0.03 secs] 
4161.014: [CMS-concurrent-mark: 3.673/3.778 secs] [Times: user=38.24 sys=0.15, real=3.78 secs] 
4161.014: [CMS-concurrent-preclean-start]
4161.185: [CMS-concurrent-preclean: 0.165/0.171 secs] [Times: user=1.21 sys=0.00, real=0.17 secs] 
4161.185: [CMS-concurrent-abortable-preclean-start]
4162.029: [GC 4162.029: [ParNew: 424387K->31563K(440896K), 0.0457400 secs] 5799935K->5412898K(8339648K), 0.0459850 secs] [Times: user=0.62 sys=0.01, real=0.04 secs] 
4162.902: [CMS-concurrent-abortable-preclean: 1.659/1.717 secs] [Times: user=12.54 sys=0.02, real=1.72 secs] 
4162.904: [GC[YG occupancy: 228950 K (440896 K)]4162.904: [Rescan (parallel) , 0.0830330 secs]4162.987: [weak refs processing, 0.0014840 secs]4162.988: [class unloading, 0.0220410 secs]4163.011: [scrub symbol & string tables, 0.0222350 secs] [1 CMS-remark: 5381334K(7898752K)] 5610285K(8339648K), 0.1408670 secs] [Times: user=1.84 sys=0.00, real=0.14 secs] 
4163.045: [CMS-concurrent-sweep-start]
4165.850: [GC 4165.850: [ParNew: 423499K->28257K(440896K), 0.0448990 secs] 5804268K->5411627K(8339648K), 0.0451690 secs] [Times: user=0.71 sys=0.00, real=0.04 secs] 
4167.417: [GC 4167.417: [ParNew: 420193K->30896K(440896K), 0.0550270 secs] 5803447K->5421753K(8339648K), 0.0552540 secs] [Times: user=0.80 sys=0.03, real=0.06 secs] 
4169.701: [CMS-concurrent-sweep: 6.553/6.656 secs] [Times: user=25.41 sys=0.06, real=6.66 secs] 
4169.701: [CMS-concurrent-reset-start]
4169.745: [CMS-concurrent-reset: 0.044/0.044 secs] [Times: user=0.04 sys=0.00, real=0.04 secs] 
4171.127: [GC 4171.127: [ParNew: 422832K->25574K(440896K), 0.0405360 secs] 5813314K->5421235K(8339648K), 0.0407630 secs] [Times: user=0.69 sys=0.01, real=0.05 secs] 
4171.172: [GC [1 CMS-initial-mark: 5395661K(7898752K)] 5429107K(8339648K), 0.0683800 secs] [Times: user=0.08 sys=0.00, real=0.07 secs] 
4171.241: [CMS-concurrent-mark-start]
4174.632: [CMS-concurrent-mark: 3.391/3.391 secs] [Times: user=23.81 sys=0.10, real=3.39 secs] 
4174.632: [CMS-concurrent-preclean-start]
4174.693: [CMS-concurrent-preclean: 0.059/0.060 secs] [Times: user=0.06 sys=0.00, real=0.06 secs] 
4174.693: [CMS-concurrent-abortable-preclean-start]
4175.890: [GC 4175.890: [ParNew: 417510K->34769K(440896K), 0.0456680 secs] 5813171K->5433025K(8339648K), 0.0459300 secs] [Times: user=0.69 sys=0.00, real=0.04 secs] 
4176.728: [CMS-concurrent-abortable-preclean: 1.675/2.035 secs] [Times: user=11.07 sys=0.01, real=2.04 secs] 
4176.730: [GC[YG occupancy: 264702 K (440896 K)]4176.730: [Rescan (parallel) , 0.0801710 secs]4176.810: [weak refs processing, 0.0016690 secs]4176.812: [class unloading, 0.0262200 secs]4176.838: [scrub symbol & string tables, 0.0248510 secs] [1 CMS-remark: 5398255K(7898752K)] 5662957K(8339648K), 0.1469020 secs] [Times: user=1.63 sys=0.00, real=0.14 secs] 
4176.877: [CMS-concurrent-sweep-start]
4177.380: [GC 4177.380: [ParNew: 426705K->34304K(440896K), 0.0437200 secs] 5824816K->5437935K(8339648K), 0.0439610 secs] [Times: user=0.62 sys=0.00, real=0.04 secs] 
4180.975: [GC 4180.975: [ParNew: 426240K->35813K(440896K), 0.0418830 secs] 5829517K->5441968K(8339648K), 0.0421260 secs] [Times: user=0.87 sys=0.00, real=0.04 secs] 
4182.515: [GC 4182.515: [ParNew: 427749K->33432K(440896K), 0.0470990 secs] 5833904K->5447575K(8339648K), 0.0473170 secs] [Times: user=0.66 sys=0.01, real=0.05 secs] 
4183.524: [CMS-concurrent-sweep: 6.508/6.647 secs] [Times: user=32.81 sys=0.10, real=6.64 secs] 
4183.524: [CMS-concurrent-reset-start]
4183.564: [CMS-concurrent-reset: 0.040/0.040 secs] [Times: user=0.04 sys=0.00, real=0.04 secs] 
4185.566: [GC [1 CMS-initial-mark: 5413294K(7898752K)] 5715027K(8339648K), 0.8962060 secs] [Times: user=0.90 sys=0.00, real=0.90 secs] 
4186.462: [CMS-concurrent-mark-start]
4187.014: [GC 4187.014: [ParNew: 425368K->27523K(440896K), 0.0494070 secs] 5838663K->5448663K(8339648K), 0.0496410 secs] [Times: user=0.77 sys=0.01, real=0.05 secs] 
4190.045: [CMS-concurrent-mark: 3.531/3.583 secs] [Times: user=32.70 sys=0.10, real=3.58 secs] 
4190.045: [CMS-concurrent-preclean-start]
4190.206: [CMS-concurrent-preclean: 0.155/0.161 secs] [Times: user=0.18 sys=0.00, real=0.16 secs] 
4190.206: [CMS-concurrent-abortable-preclean-start]
4190.661: [GC 4190.661: [ParNew: 419459K->32818K(440896K), 0.0518760 secs] 5840599K->5456512K(8339648K), 0.0521260 secs] [Times: user=0.92 sys=0.00, real=0.05 secs] 
4191.606: [CMS-concurrent-abortable-preclean: 1.239/1.400 secs] [Times: user=8.86 sys=0.00, real=1.40 secs] 
4191.608: [GC[YG occupancy: 243038 K (440896 K)]4191.608: [Rescan (parallel) , 0.0631510 secs]4191.671: [weak refs processing, 0.0013950 secs]4191.672: [class unloading, 0.0190530 secs]4191.693: [scrub symbol & string tables, 0.0198030 secs] [1 CMS-remark: 5423693K(7898752K)] 5666732K(8339648K), 0.1147510 secs] [Times: user=1.40 sys=0.00, real=0.11 secs] 
4191.723: [CMS-concurrent-sweep-start]
4192.374: [GC 4192.374: [ParNew: 424754K->31922K(440896K), 0.0396430 secs] 5848254K->5460746K(8339648K), 0.0398610 secs] [Times: user=0.55 sys=0.00, real=0.04 secs] 
4195.784: [GC 4195.784: [ParNew: 423858K->34559K(440896K), 0.0470530 secs] 5852094K->5465741K(8339648K), 0.0473130 secs] [Times: user=0.93 sys=0.00, real=0.05 secs] 
4197.339: [GC 4197.339: [ParNew: 426495K->36064K(440896K), 0.0504600 secs] 5857528K->5474710K(8339648K), 0.0506750 secs] [Times: user=0.64 sys=0.02, real=0.05 secs] 
4197.985: [CMS-concurrent-sweep: 6.120/6.262 secs] [Times: user=33.23 sys=0.02, real=6.26 secs] 
4197.985: [CMS-concurrent-reset-start]
4198.025: [CMS-concurrent-reset: 0.040/0.040 secs] [Times: user=0.28 sys=0.01, real=0.04 secs] 
4200.026: [GC [1 CMS-initial-mark: 5438573K(7898752K)] 5698360K(8339648K), 0.7967470 secs] [Times: user=0.80 sys=0.00, real=0.80 secs] 
4200.824: [CMS-concurrent-mark-start]
4201.590: [GC 4201.590: [ParNew: 428000K->27219K(440896K), 0.0417030 secs] 5866574K->5472888K(8339648K), 0.0419290 secs] [Times: user=0.54 sys=0.02, real=0.04 secs] 
4204.400: [CMS-concurrent-mark: 3.532/3.577 secs] [Times: user=32.17 sys=0.09, real=3.58 secs] 
4204.401: [CMS-concurrent-preclean-start]
4204.582: [CMS-concurrent-preclean: 0.174/0.181 secs] [Times: user=0.18 sys=0.00, real=0.18 secs] 
4204.582: [CMS-concurrent-abortable-preclean-start]
4206.289: [GC 4206.289: [ParNew: 419155K->33764K(440896K), 0.0425500 secs] 5864824K->5482176K(8339648K), 0.0428190 secs] [Times: user=0.70 sys=0.00, real=0.04 secs] 
4207.176: [CMS-concurrent-abortable-preclean: 1.935/2.594 secs] [Times: user=10.56 sys=0.01, real=2.59 secs] 
4207.178: [GC[YG occupancy: 237432 K (440896 K)]4207.178: [Rescan (parallel) , 0.0807470 secs]4207.259: [weak refs processing, 0.0015190 secs]4207.261: [class unloading, 0.0196090 secs]4207.280: [scrub symbol & string tables, 0.0199170 secs] [1 CMS-remark: 5448411K(7898752K)] 5685844K(8339648K), 0.1310270 secs] [Times: user=1.65 sys=0.01, real=0.13 secs] 
4207.310: [CMS-concurrent-sweep-start]
4207.965: [GC 4207.965: [ParNew: 425700K->32094K(440896K), 0.0393100 secs] 5873920K->5485461K(8339648K), 0.0395300 secs] [Times: user=0.56 sys=0.00, real=0.04 secs] 
4211.387: [GC 4211.387: [ParNew: 424030K->39527K(440896K), 0.0405390 secs] 5876987K->5495461K(8339648K), 0.0408160 secs] [Times: user=0.86 sys=0.01, real=0.05 secs] 
4212.915: [GC 4212.915: [ParNew: 431463K->37765K(440896K), 0.0421360 secs] 5887397K->5500881K(8339648K), 0.0423620 secs] [Times: user=0.52 sys=0.04, real=0.05 secs] 
4213.739: [CMS-concurrent-sweep: 6.302/6.430 secs] [Times: user=33.89 sys=0.09, real=6.43 secs] 
4213.739: [CMS-concurrent-reset-start]
4213.785: [CMS-concurrent-reset: 0.045/0.045 secs] [Times: user=0.04 sys=0.00, real=0.04 secs] 
4215.786: [GC [1 CMS-initial-mark: 5462631K(7898752K)] 5696315K(8339648K), 0.8391960 secs] [Times: user=0.84 sys=0.00, real=0.84 secs] 
4216.626: [CMS-concurrent-mark-start]
4217.273: [GC 4217.273: [ParNew: 429701K->26595K(440896K), 0.0577210 secs] 5892332K->5497056K(8339648K), 0.0579430 secs] [Times: user=1.00 sys=0.01, real=0.06 secs] 
4218.819: [GC 4218.819: [ParNew: 418531K->29744K(440896K), 0.0333440 secs] 5888992K->5502817K(8339648K), 0.0335570 secs] [Times: user=0.40 sys=0.00, real=0.03 secs] 
4220.449: [CMS-concurrent-mark: 3.722/3.823 secs] [Times: user=38.47 sys=0.10, real=3.83 secs] 
4220.449: [CMS-concurrent-preclean-start]
4220.620: [CMS-concurrent-preclean: 0.164/0.171 secs] [Times: user=0.17 sys=0.00, real=0.17 secs] 
4220.620: [CMS-concurrent-abortable-preclean-start]
4222.762: [GC 4222.762: [ParNew: 421680K->31322K(440896K), 0.0536790 secs] 5894753K->5511976K(8339648K), 0.0538980 secs] [Times: user=0.72 sys=0.02, real=0.05 secs] 
4223.504: [CMS-concurrent-abortable-preclean: 2.418/2.884 secs] [Times: user=14.23 sys=0.06, real=2.88 secs] 
4223.506: [GC[YG occupancy: 228153 K (440896 K)]4223.506: [Rescan (parallel) , 0.0519780 secs]4223.558: [weak refs processing, 0.0013600 secs]4223.559: [class unloading, 0.0194980 secs]4223.579: [scrub symbol & string tables, 0.0198060 secs] [1 CMS-remark: 5480653K(7898752K)] 5708807K(8339648K), 0.1018690 secs] [Times: user=1.18 sys=0.00, real=0.11 secs] 
4223.608: [CMS-concurrent-sweep-start]
4224.310: [GC 4224.310: [ParNew: 423258K->31178K(440896K), 0.0270300 secs] 5903713K->5514553K(8339648K), 0.0272430 secs] [Times: user=0.46 sys=0.00, real=0.02 secs] 
4227.163: [GC 4227.163: [ParNew: 423114K->34676K(440896K), 0.0505740 secs] 5906081K->5522575K(8339648K), 0.0508480 secs] [Times: user=0.88 sys=0.00, real=0.05 secs] 
4230.009: [CMS-concurrent-sweep: 6.260/6.401 secs] [Times: user=28.37 sys=0.20, real=6.40 secs] 
4230.009: [CMS-concurrent-reset-start]
4230.054: [CMS-concurrent-reset: 0.044/0.045 secs] [Times: user=0.08 sys=0.01, real=0.04 secs] 
4231.034: [GC [1 CMS-initial-mark: 5487611K(7898752K)] 5866644K(8339648K), 1.0724990 secs] [Times: user=1.07 sys=0.00, real=1.07 secs] 
4232.107: [CMS-concurrent-mark-start]
4232.294: [GC 4232.294: [ParNew: 426612K->44231K(440896K), 0.0448140 secs] 5914223K->5536869K(8339648K), 0.0450530 secs] [Times: user=0.84 sys=0.01, real=0.05 secs] 
4233.720: [GC 4233.721: [ParNew: 436167K->43675K(440896K), 0.0376210 secs] 5928805K->5541723K(8339648K), 0.0378760 secs] [Times: user=0.45 sys=0.01, real=0.04 secs] 
4235.923: [CMS-concurrent-mark: 3.627/3.816 secs] [Times: user=38.25 sys=0.25, real=3.82 secs] 
4235.923: [CMS-concurrent-preclean-start]
4236.120: [CMS-concurrent-preclean: 0.189/0.197 secs] [Times: user=0.24 sys=0.00, real=0.20 secs] 
4236.120: [CMS-concurrent-abortable-preclean-start]
4237.530: [GC 4237.531: [ParNew: 435611K->40920K(440896K), 0.0755370 secs] 5933659K->5552675K(8339648K), 0.0758260 secs] [Times: user=0.80 sys=0.01, real=0.07 secs] 
4238.356: [CMS-concurrent-abortable-preclean: 1.947/2.235 secs] [Times: user=11.83 sys=0.05, real=2.23 secs] 
4238.358: [GC[YG occupancy: 249413 K (440896 K)]4238.358: [Rescan (parallel) , 0.1130290 secs]4238.471: [weak refs processing, 0.0011130 secs]4238.472: [class unloading, 0.0275410 secs]4238.500: [scrub symbol & string tables, 0.0254580 secs] [1 CMS-remark: 5511755K(7898752K)] 5761168K(8339648K), 0.1812000 secs] [Times: user=2.42 sys=0.02, real=0.18 secs] 
4238.540: [CMS-concurrent-sweep-start]
4239.229: [GC 4239.229: [ParNew: 432856K->33375K(440896K), 0.0335560 secs] 5942334K->5542852K(8339648K), 0.0337890 secs] [Times: user=0.62 sys=0.00, real=0.03 secs] 
4240.513: [GC 4240.513: [ParNew: 425311K->34289K(440896K), 0.0462000 secs] 5934136K->5552896K(8339648K), 0.0464410 secs] [Times: user=0.70 sys=0.01, real=0.05 secs] 
4242.388: [GC 4242.388: [ParNew: 426225K->32783K(440896K), 0.0413690 secs] 5944795K->5557495K(8339648K), 0.0416540 secs] [Times: user=0.59 sys=0.03, real=0.04 secs] 
4245.025: [CMS-concurrent-sweep: 6.353/6.486 secs] [Times: user=33.76 sys=0.31, real=6.48 secs] 
4245.025: [CMS-concurrent-reset-start]
4245.069: [CMS-concurrent-reset: 0.044/0.044 secs] [Times: user=0.05 sys=0.00, real=0.05 secs] 
4246.433: [GC [1 CMS-initial-mark: 5524005K(7898752K)] 5801826K(8339648K), 0.7952130 secs] [Times: user=0.98 sys=0.00, real=0.80 secs] 
4247.229: [CMS-concurrent-mark-start]
4247.784: [GC 4247.784: [ParNew: 424719K->38697K(440896K), 0.0475980 secs] 5948724K->5569097K(8339648K), 0.0478880 secs] [Times: user=0.92 sys=0.00, real=0.05 secs] 
4249.079: [GC 4249.079: [ParNew: 430633K->39691K(440896K), 0.0324530 secs] 5961033K->5573604K(8339648K), 0.0326900 secs] [Times: user=0.35 sys=0.02, real=0.03 secs] 
4250.999: [CMS-concurrent-mark: 3.682/3.770 secs] [Times: user=36.88 sys=0.12, real=3.77 secs] 
4250.999: [CMS-concurrent-preclean-start]
4251.176: [CMS-concurrent-preclean: 0.171/0.177 secs] [Times: user=0.17 sys=0.00, real=0.17 secs] 
4251.176: [CMS-concurrent-abortable-preclean-start]
4253.166: [GC 4253.166: [ParNew: 431627K->40547K(440896K), 0.0410370 secs] 5965540K->5578715K(8339648K), 0.0412900 secs] [Times: user=0.85 sys=0.00, real=0.04 secs] 
4253.920: [CMS-concurrent-abortable-preclean: 2.291/2.743 secs] [Times: user=13.16 sys=0.01, real=2.75 secs] 
4253.921: [GC[YG occupancy: 244978 K (440896 K)]4253.921: [Rescan (parallel) , 0.1020250 secs]4254.023: [weak refs processing, 0.0014970 secs]4254.025: [class unloading, 0.0190190 secs]4254.044: [scrub symbol & string tables, 0.0202220 secs] [1 CMS-remark: 5538167K(7898752K)] 5783146K(8339648K), 0.1527430 secs] [Times: user=2.18 sys=0.01, real=0.15 secs] 
4254.074: [CMS-concurrent-sweep-start]
4254.825: [GC 4254.825: [ParNew: 432483K->40960K(440896K), 0.0410670 secs] 5969617K->5582382K(8339648K), 0.0413100 secs] [Times: user=0.76 sys=0.01, real=0.04 secs] 
4257.802: [GC 4257.802: [ParNew: 432896K->37333K(440896K), 0.0761710 secs] 5973592K->5591234K(8339648K), 0.0764210 secs] [Times: user=0.81 sys=0.05, real=0.08 secs] 
4260.496: [CMS-concurrent-sweep: 6.301/6.421 secs] [Times: user=27.77 sys=0.12, real=6.42 secs] 
4260.496: [CMS-concurrent-reset-start]
4260.541: [CMS-concurrent-reset: 0.045/0.045 secs] [Times: user=0.05 sys=0.00, real=0.05 secs] 
4262.543: [GC [1 CMS-initial-mark: 5551447K(7898752K)] 5972879K(8339648K), 1.1869250 secs] [Times: user=1.19 sys=0.01, real=1.19 secs] 
4263.730: [CMS-concurrent-mark-start]
4263.752: [GC 4263.752: [ParNew: 429269K->32106K(440896K), 0.0441310 secs] 5980716K->5586496K(8339648K), 0.0443780 secs] [Times: user=0.75 sys=0.02, real=0.04 secs] 
4265.238: [GC 4265.238: [ParNew: 424042K->33006K(440896K), 0.0350260 secs] 5978432K->5592746K(8339648K), 0.0352600 secs] [Times: user=0.42 sys=0.00, real=0.03 secs] 
4267.403: [CMS-concurrent-mark: 3.586/3.673 secs] [Times: user=35.07 sys=0.09, real=3.67 secs] 
4267.403: [CMS-concurrent-preclean-start]
4267.612: [CMS-concurrent-preclean: 0.200/0.209 secs] [Times: user=0.22 sys=0.00, real=0.21 secs] 
4267.612: [CMS-concurrent-abortable-preclean-start]
4268.462: [GC 4268.462: [ParNew: 424942K->33983K(440896K), 0.0518900 secs] 5984682K->5598794K(8339648K), 0.0521540 secs] [Times: user=0.75 sys=0.00, real=0.05 secs] 
4269.334: [CMS-concurrent-abortable-preclean: 1.558/1.722 secs] [Times: user=11.60 sys=0.01, real=1.72 secs] 
4269.335: [GC[YG occupancy: 238075 K (440896 K)]4269.335: [Rescan (parallel) , 0.0590550 secs]4269.394: [weak refs processing, 0.0015100 secs]4269.396: [class unloading, 0.0195020 secs]4269.415: [scrub symbol & string tables, 0.0200180 secs] [1 CMS-remark: 5564811K(7898752K)] 5802886K(8339648K), 0.1094320 secs] [Times: user=1.35 sys=0.00, real=0.11 secs] 
4269.445: [CMS-concurrent-sweep-start]
4270.170: [GC 4270.170: [ParNew: 425919K->30402K(440896K), 0.0454030 secs] 5990371K->5600216K(8339648K), 0.0456330 secs] [Times: user=0.70 sys=0.01, real=0.04 secs] 
4271.615: [GC 4271.615: [ParNew: 422338K->29922K(440896K), 0.0706220 secs] 5991776K->5608460K(8339648K), 0.0708540 secs] [Times: user=1.07 sys=0.00, real=0.07 secs] 
4275.994: [CMS-concurrent-sweep: 6.430/6.549 secs] [Times: user=28.78 sys=0.05, real=6.55 secs] 
4275.994: [CMS-concurrent-reset-start]
4276.039: [CMS-concurrent-reset: 0.045/0.045 secs] [Times: user=0.05 sys=0.00, real=0.05 secs] 
4276.836: [GC [1 CMS-initial-mark: 5574881K(7898752K)] 5944286K(8339648K), 1.1454310 secs] [Times: user=1.16 sys=0.01, real=1.15 secs] 
4277.982: [CMS-concurrent-mark-start]
4278.177: [GC 4278.177: [ParNew: 421858K->29743K(440896K), 0.0448020 secs] 5996739K->5606624K(8339648K), 0.0450990 secs] [Times: user=0.80 sys=0.02, real=0.04 secs] 
4279.751: [GC 4279.751: [ParNew: 421679K->30796K(440896K), 0.0358420 secs] 5998560K->5612671K(8339648K), 0.0360760 secs] [Times: user=0.55 sys=0.00, real=0.03 secs] 
4281.199: [GC 4281.199: [ParNew: 422732K->31994K(440896K), 0.0368380 secs] 6004607K->5618918K(8339648K), 0.0370600 secs] [Times: user=0.53 sys=0.01, real=0.03 secs] 
4281.768: [CMS-concurrent-mark: 3.662/3.786 secs] [Times: user=43.12 sys=0.13, real=3.79 secs] 
4281.768: [CMS-concurrent-preclean-start]
4281.958: [CMS-concurrent-preclean: 0.183/0.190 secs] [Times: user=0.20 sys=0.00, real=0.19 secs] 
4281.958: [CMS-concurrent-abortable-preclean-start]
4284.363: [GC 4284.363: [ParNew: 423930K->32319K(440896K), 0.0332280 secs] 6010854K->5622161K(8339648K), 0.0334560 secs] [Times: user=0.64 sys=0.02, real=0.03 secs] 
4284.977: [CMS-concurrent-abortable-preclean: 2.563/3.019 secs] [Times: user=15.44 sys=0.04, real=3.01 secs] 
4284.979: [GC[YG occupancy: 231669 K (440896 K)]4284.980: [Rescan (parallel) , 0.0675350 secs]4285.047: [weak refs processing, 0.0014250 secs]4285.049: [class unloading, 0.0197510 secs]4285.068: [scrub symbol & string tables, 0.0187690 secs] [1 CMS-remark: 5589841K(7898752K)] 5821510K(8339648K), 0.1171340 secs] [Times: user=1.34 sys=0.00, real=0.11 secs] 
4285.097: [CMS-concurrent-sweep-start]
4288.220: [GC 4288.221: [ParNew: 424255K->34788K(440896K), 0.0810940 secs] 6013472K->5634474K(8339648K), 0.0813600 secs] [Times: user=0.96 sys=0.03, real=0.08 secs] 
4289.837: [GC 4289.837: [ParNew: 426724K->33054K(440896K), 0.0339220 secs] 6026294K->5635459K(8339648K), 0.0341690 secs] [Times: user=0.57 sys=0.01, real=0.04 secs] 
4291.279: [GC 4291.279: [ParNew: 424990K->32974K(440896K), 0.0284730 secs] 6027273K->5638191K(8339648K), 0.0287210 secs] [Times: user=0.42 sys=0.00, real=0.03 secs] 
4291.567: [CMS-concurrent-sweep: 6.314/6.469 secs] [Times: user=31.79 sys=0.07, real=6.46 secs] 
4291.567: [CMS-concurrent-reset-start]
4291.612: [CMS-concurrent-reset: 0.045/0.045 secs] [Times: user=0.30 sys=0.00, real=0.05 secs] 
4293.614: [GC [1 CMS-initial-mark: 5604122K(7898752K)] 5846835K(8339648K), 0.9424460 secs] [Times: user=0.94 sys=0.00, real=0.94 secs] 
4294.557: [CMS-concurrent-mark-start]
4295.270: [GC 4295.270: [ParNew: 424910K->35571K(440896K), 0.0766470 secs] 6029033K->5645045K(8339648K), 0.0769030 secs] [Times: user=1.27 sys=0.01, real=0.07 secs] 
4298.441: [CMS-concurrent-mark: 3.806/3.884 secs] [Times: user=29.78 sys=0.05, real=3.89 secs] 
4298.441: [CMS-concurrent-preclean-start]
4298.619: [CMS-concurrent-preclean: 0.171/0.178 secs] [Times: user=0.56 sys=0.00, real=0.18 secs] 
4298.619: [CMS-concurrent-abortable-preclean-start]
4299.842: [GC 4299.842: [ParNew: 427507K->36320K(440896K), 0.0454000 secs] 6036981K->5654802K(8339648K), 0.0456550 secs] [Times: user=0.54 sys=0.03, real=0.04 secs] 
4300.609: [CMS-concurrent-abortable-preclean: 1.934/1.990 secs] [Times: user=14.21 sys=0.06, real=1.99 secs] 
4300.611: [GC[YG occupancy: 235682 K (440896 K)]4300.611: [Rescan (parallel) , 0.0586990 secs]4300.677: [weak refs processing, 0.0009940 secs]4300.678: [class unloading, 0.0191890 secs]4300.698: [scrub symbol & string tables, 0.0206860 secs] [1 CMS-remark: 5618482K(7898752K)] 5854164K(8339648K), 0.1166780 secs] [Times: user=1.18 sys=0.00, real=0.11 secs] 
4300.728: [CMS-concurrent-sweep-start]
4301.415: [GC 4301.415: [ParNew: 428256K->33741K(440896K), 0.0311690 secs] 6046591K->5655261K(8339648K), 0.0314150 secs] [Times: user=0.69 sys=0.00, real=0.03 secs] 
4304.266: [GC 4304.266: [ParNew: 425677K->33023K(440896K), 0.0371910 secs] 6046715K->5657087K(8339648K), 0.0375090 secs] [Times: user=0.67 sys=0.00, real=0.04 secs] 
4305.810: [GC 4305.810: [ParNew: 424959K->33133K(440896K), 0.0504550 secs] 6048924K->5664674K(8339648K), 0.0507010 secs] [Times: user=0.70 sys=0.01, real=0.05 secs] 
4307.277: [CMS-concurrent-sweep: 6.412/6.549 secs] [Times: user=35.19 sys=0.08, real=6.54 secs] 
4307.277: [CMS-concurrent-reset-start]
4307.322: [CMS-concurrent-reset: 0.046/0.046 secs] [Times: user=0.09 sys=0.00, real=0.05 secs] 
4307.874: [GC [1 CMS-initial-mark: 5631055K(7898752K)] 5888208K(8339648K), 0.8234080 secs] [Times: user=0.82 sys=0.00, real=0.82 secs] 
4308.698: [CMS-concurrent-mark-start]
4309.326: [GC 4309.326: [ParNew: 425069K->27013K(440896K), 0.0525260 secs] 6056124K->5665615K(8339648K), 0.0528420 secs] [Times: user=0.74 sys=0.01, real=0.06 secs] 
4310.774: [GC 4310.774: [ParNew: 418949K->30078K(440896K), 0.0294720 secs] 6057551K->5671559K(8339648K), 0.0297270 secs] [Times: user=0.46 sys=0.00, real=0.03 secs] 
4312.692: [CMS-concurrent-mark: 3.876/3.994 secs] [Times: user=40.84 sys=0.24, real=3.99 secs] 
4312.692: [CMS-concurrent-preclean-start]
4312.887: [CMS-concurrent-preclean: 0.187/0.195 secs] [Times: user=0.21 sys=0.03, real=0.19 secs] 
4312.887: [CMS-concurrent-abortable-preclean-start]
4313.939: [GC 4313.939: [ParNew: 422014K->37562K(440896K), 0.0384360 secs] 6063495K->5682074K(8339648K), 0.0387600 secs] [Times: user=0.62 sys=0.01, real=0.04 secs] 
4314.714: [CMS-concurrent-abortable-preclean: 1.720/1.827 secs] [Times: user=9.39 sys=0.04, real=1.83 secs] 
4314.715: [GC[YG occupancy: 260520 K (440896 K)]4314.715: [Rescan (parallel) , 0.0654650 secs]4314.781: [weak refs processing, 0.0012380 secs]4314.782: [class unloading, 0.0200610 secs]4314.802: [scrub symbol & string tables, 0.0207100 secs] [1 CMS-remark: 5644512K(7898752K)] 5905032K(8339648K), 0.1173140 secs] [Times: user=1.48 sys=0.00, real=0.12 secs] 
4314.833: [CMS-concurrent-sweep-start]
4318.832: [GC 4318.832: [ParNew: 429498K->47909K(440896K), 0.0451970 secs] 6073319K->5697061K(8339648K), 0.0455180 secs] [Times: user=0.70 sys=0.00, real=0.04 secs] 
4320.069: [GC 4320.070: [ParNew: 439845K->41648K(440896K), 0.0614270 secs] 6088927K->5701942K(8339648K), 0.0616880 secs] [Times: user=0.52 sys=0.01, real=0.06 secs] 
4321.331: [GC 4321.331: [ParNew: 433584K->32710K(440896K), 0.0404930 secs] 6092667K->5700275K(8339648K), 0.0407600 secs] [Times: user=0.49 sys=0.00, real=0.04 secs] 
4321.500: [CMS-concurrent-sweep: 6.447/6.667 secs] [Times: user=27.39 sys=0.31, real=6.67 secs] 
4321.500: [CMS-concurrent-reset-start]
4321.545: [CMS-concurrent-reset: 0.045/0.045 secs] [Times: user=0.29 sys=0.00, real=0.04 secs] 
4321.809: [GC [1 CMS-initial-mark: 5667062K(7898752K)] 5872818K(8339648K), 0.6112600 secs] [Times: user=0.61 sys=0.01, real=0.61 secs] 
4322.421: [CMS-concurrent-mark-start]
4324.092: [GC 4324.092: [ParNew: 424646K->40496K(440896K), 0.0316830 secs] 6091708K->5707559K(8339648K), 0.0319780 secs] [Times: user=0.60 sys=0.00, real=0.03 secs] 
4325.409: [GC 4325.409: [ParNew: 432432K->38156K(440896K), 0.0463390 secs] 6099495K->5716563K(8339648K), 0.0466070 secs] [Times: user=0.47 sys=0.02, real=0.04 secs] 
4326.725: [CMS-concurrent-mark: 4.144/4.304 secs] [Times: user=45.42 sys=0.43, real=4.30 secs] 
4326.725: [CMS-concurrent-preclean-start]
4326.906: [CMS-concurrent-preclean: 0.175/0.181 secs] [Times: user=0.31 sys=0.00, real=0.18 secs] 
4326.906: [CMS-concurrent-abortable-preclean-start]
4328.244: [GC 4328.244: [ParNew: 430092K->32559K(440896K), 0.0411070 secs] 6108499K->5714441K(8339648K), 0.0414160 secs] [Times: user=0.69 sys=0.01, real=0.04 secs] 
4329.342: [CMS-concurrent-abortable-preclean: 2.052/2.436 secs] [Times: user=8.13 sys=0.25, real=2.44 secs] 
4329.344: [GC[YG occupancy: 255967 K (440896 K)]4329.345: [Rescan (parallel) , 0.0985380 secs]4329.443: [weak refs processing, 0.0012350 secs]4329.445: [class unloading, 0.0270210 secs]4329.472: [scrub symbol & string tables, 0.0258350 secs] [1 CMS-remark: 5681882K(7898752K)] 5937849K(8339648K), 0.1668720 secs] [Times: user=2.26 sys=0.00, real=0.17 secs] 
4329.512: [CMS-concurrent-sweep-start]
4330.080: [GC 4330.080: [ParNew: 424495K->39363K(440896K), 0.0390510 secs] 6106226K->5724492K(8339648K), 0.0393240 secs] [Times: user=0.69 sys=0.00, real=0.04 secs] 
4333.729: [GC 4333.730: [ParNew: 431299K->38523K(440896K), 0.0565830 secs] 6115815K->5731345K(8339648K), 0.0569110 secs] [Times: user=0.85 sys=0.01, real=0.05 secs] 
4335.039: [GC 4335.039: [ParNew: 430459K->40598K(440896K), 0.0365120 secs] 6123157K->5737566K(8339648K), 0.0367860 secs] [Times: user=0.43 sys=0.02, real=0.03 secs] 
4336.255: [GC 4336.255: [ParNew: 432534K->34854K(440896K), 0.0406340 secs] 6129228K->5738264K(8339648K), 0.0409090 secs] [Times: user=0.62 sys=0.00, real=0.04 secs] 
4336.561: [CMS-concurrent-sweep: 6.850/7.049 secs] [Times: user=36.14 sys=0.54, real=7.05 secs] 
4336.561: [CMS-concurrent-reset-start]
4336.607: [CMS-concurrent-reset: 0.045/0.045 secs] [Times: user=0.04 sys=0.00, real=0.04 secs] 
4336.807: [GC [1 CMS-initial-mark: 5698636K(7898752K)] 5782433K(8339648K), 0.2385230 secs] [Times: user=0.24 sys=0.00, real=0.23 secs] 
4337.046: [CMS-concurrent-mark-start]
4339.541: [GC 4339.541: [ParNew: 426790K->37850K(440896K), 0.0379350 secs] 6125426K->5741721K(8339648K), 0.0382100 secs] [Times: user=0.45 sys=0.03, real=0.04 secs] 
4340.739: [GC 4340.739: [ParNew: 429786K->37565K(440896K), 0.0431350 secs] 6133657K->5750315K(8339648K), 0.0434110 secs] [Times: user=0.49 sys=0.00, real=0.04 secs] 
4341.084: [CMS-concurrent-mark: 3.922/4.037 secs] [Times: user=39.22 sys=0.39, real=4.04 secs] 
4341.084: [CMS-concurrent-preclean-start]
4341.273: [CMS-concurrent-preclean: 0.183/0.190 secs] [Times: user=0.73 sys=0.01, real=0.19 secs] 
4341.273: [CMS-concurrent-abortable-preclean-start]
4344.142: [GC 4344.143: [ParNew: 429501K->34035K(440896K), 0.0421020 secs] 6142251K->5750928K(8339648K), 0.0424370 secs] [Times: user=0.70 sys=0.01, real=0.04 secs] 
4344.930: [CMS-concurrent-abortable-preclean: 3.485/3.657 secs] [Times: user=13.87 sys=0.39, real=3.66 secs] 
4344.932: [GC[YG occupancy: 237051 K (440896 K)]4344.932: [Rescan (parallel) , 0.0937960 secs]4345.026: [weak refs processing, 0.0013800 secs]4345.028: [class unloading, 0.0239630 secs]4345.052: [scrub symbol & string tables, 0.0235060 secs] [1 CMS-remark: 5716892K(7898752K)] 5953944K(8339648K), 0.1552990 secs] [Times: user=2.04 sys=0.01, real=0.15 secs] 
4345.088: [CMS-concurrent-sweep-start]
4348.769: [GC 4348.769: [ParNew: 425971K->48960K(440896K), 0.0460890 secs] 6142264K->5768942K(8339648K), 0.0464270 secs] [Times: user=0.70 sys=0.02, real=0.04 secs] 
4350.197: [GC 4350.197: [ParNew: 440896K->41144K(440896K), 0.1192250 secs] 6160733K->5783696K(8339648K), 0.1195100 secs] [Times: user=0.94 sys=0.04, real=0.12 secs] 
4351.498: [GC 4351.498: [ParNew: 433080K->30492K(440896K), 0.0237350 secs] 6175434K->5772845K(8339648K), 0.0239990 secs] [Times: user=0.46 sys=0.00, real=0.02 secs] 
4351.882: [CMS-concurrent-sweep: 6.582/6.794 secs] [Times: user=29.56 sys=0.57, real=6.79 secs] 
4351.882: [CMS-concurrent-reset-start]
4351.923: [CMS-concurrent-reset: 0.041/0.041 secs] [Times: user=0.28 sys=0.00, real=0.04 secs] 
4352.049: [GC [1 CMS-initial-mark: 5735100K(7898752K)] 5936744K(8339648K), 0.4457550 secs] [Times: user=0.44 sys=0.00, real=0.44 secs] 
4352.495: [CMS-concurrent-mark-start]
4354.010: [GC 4354.010: [ParNew: 422428K->40268K(440896K), 0.0270090 secs] 6157528K->5775368K(8339648K), 0.0273040 secs] [Times: user=0.46 sys=0.00, real=0.02 secs] 
4355.185: [GC 4355.185: [ParNew: 432204K->38435K(440896K), 0.0443540 secs] 6167304K->5785812K(8339648K), 0.0446450 secs] [Times: user=0.71 sys=0.00, real=0.05 secs] 
4356.238: [CMS-concurrent-mark: 3.639/3.743 secs] [Times: user=40.34 sys=0.63, real=3.75 secs] 
4356.239: [CMS-concurrent-preclean-start]
4356.282: [GC 4356.282: [ParNew: 430371K->28128K(440896K), 0.0365700 secs] 6177748K->5779148K(8339648K), 0.0368530 secs] [Times: user=0.67 sys=0.00, real=0.04 secs] 
4356.495: [CMS-concurrent-preclean: 0.210/0.257 secs] [Times: user=2.09 sys=0.02, real=0.25 secs] 
4356.495: [CMS-concurrent-abortable-preclean-start]
4359.142: [CMS-concurrent-abortable-preclean: 2.307/2.647 secs] [Times: user=5.64 sys=0.10, real=2.65 secs] 
4359.143: [GC[YG occupancy: 249130 K (440896 K)]4359.144: [Rescan (parallel) , 0.1053590 secs]4359.249: [weak refs processing, 0.0011100 secs]4359.250: [class unloading, 0.0268110 secs]4359.277: [scrub symbol & string tables, 0.0258480 secs] [1 CMS-remark: 5751020K(7898752K)] 6000150K(8339648K), 0.1738190 secs] [Times: user=2.31 sys=0.01, real=0.17 secs] 
4359.318: [CMS-concurrent-sweep-start]
4359.910: [GC 4359.910: [ParNew: 420064K->37711K(440896K), 0.0439840 secs] 6170978K->5793197K(8339648K), 0.0443190 secs] [Times: user=0.70 sys=0.00, real=0.04 secs] 
4361.454: [GC 4361.454: [ParNew: 429637K->35309K(440896K), 0.0537900 secs] 6184735K->5799897K(8339648K), 0.0540830 secs] [Times: user=0.77 sys=0.03, real=0.06 secs] 
4364.592: [GC 4364.592: [ParNew: 427245K->45906K(440896K), 0.0329290 secs] 6191645K->5812262K(8339648K), 0.0332220 secs] [Times: user=0.53 sys=0.00, real=0.03 secs] 
4365.734: [GC 4365.734: [ParNew: 437842K->36720K(440896K), 0.0822200 secs] 6204169K->5818305K(8339648K), 0.0825140 secs] [Times: user=0.84 sys=0.02, real=0.08 secs] 
4366.377: [CMS-concurrent-sweep: 6.818/7.059 secs] [Times: user=39.51 sys=0.92, real=7.05 secs] 
4366.377: [CMS-concurrent-reset-start]
4366.416: [CMS-concurrent-reset: 0.039/0.039 secs] [Times: user=0.05 sys=0.02, real=0.04 secs] 
4367.067: [GC [1 CMS-initial-mark: 5769760K(7898752K)] 6035503K(8339648K), 0.9694530 secs] [Times: user=0.98 sys=0.00, real=0.97 secs] 
4368.036: [CMS-concurrent-mark-start]
4369.292: [GC 4369.292: [ParNew: 428656K->37042K(440896K), 0.0278170 secs] 6198417K->5806803K(8339648K), 0.0281290 secs] [Times: user=0.46 sys=0.01, real=0.03 secs] 
4370.387: [GC 4370.388: [ParNew: 428978K->39885K(440896K), 0.0351610 secs] 6198739K->5814286K(8339648K), 0.0354520 secs] [Times: user=0.56 sys=0.00, real=0.03 secs] 
4372.114: [CMS-concurrent-mark: 3.986/4.078 secs] [Times: user=39.45 sys=0.61, real=4.08 secs] 
4372.114: [CMS-concurrent-preclean-start]
4372.282: [CMS-concurrent-preclean: 0.161/0.168 secs] [Times: user=0.18 sys=0.02, real=0.17 secs] 
4372.282: [CMS-concurrent-abortable-preclean-start]
4372.628: [GC 4372.628: [ParNew: 431821K->38554K(440896K), 0.0540290 secs] 6206222K->5822329K(8339648K), 0.0543950 secs] [Times: user=0.74 sys=0.02, real=0.05 secs] 
4374.549: [CMS-concurrent-abortable-preclean: 2.092/2.266 secs] [Times: user=6.73 sys=0.19, real=2.27 secs] 
4374.550: [GC[YG occupancy: 250556 K (440896 K)]4374.550: [Rescan (parallel) , 0.0955110 secs]4374.646: [weak refs processing, 0.0012580 secs]4374.647: [class unloading, 0.0235770 secs]4374.671: [scrub symbol & string tables, 0.0240000 secs] [1 CMS-remark: 5783775K(7898752K)] 6034332K(8339648K), 0.1578130 secs] [Times: user=2.01 sys=0.01, real=0.16 secs] 
4374.708: [CMS-concurrent-sweep-start]
4375.194: [GC 4375.194: [ParNew: 430490K->37483K(440896K), 0.0418350 secs] 6214144K->5825796K(8339648K), 0.0421740 secs] [Times: user=0.69 sys=0.01, real=0.04 secs] 
4379.519: [GC 4379.519: [ParNew: 429419K->46679K(440896K), 0.0500960 secs] 6217217K->5842373K(8339648K), 0.0504180 secs] [Times: user=0.64 sys=0.00, real=0.05 secs] 
4380.710: [GC 4380.710: [ParNew: 438615K->43722K(440896K), 0.0598380 secs] 6234109K->5849051K(8339648K), 0.0601150 secs] [Times: user=0.70 sys=0.03, real=0.06 secs] 
4381.217: [CMS-concurrent-sweep: 6.332/6.509 secs] [Times: user=27.96 sys=0.64, real=6.51 secs] 
4381.217: [CMS-concurrent-reset-start]
4381.257: [CMS-concurrent-reset: 0.040/0.040 secs] [Times: user=0.29 sys=0.03, real=0.04 secs] 
4381.706: [GC [1 CMS-initial-mark: 5792603K(7898752K)] 6191092K(8339648K), 1.1018290 secs] [Times: user=1.10 sys=0.00, real=1.10 secs] 
4382.808: [CMS-concurrent-mark-start]
4382.940: [GC 4382.940: [ParNew: 435658K->29716K(440896K), 0.0481480 secs] 6228262K->5830615K(8339648K), 0.0484460 secs] [Times: user=0.68 sys=0.01, real=0.05 secs] 
4384.755: [GC 4384.755: [ParNew: 421652K->38753K(440896K), 0.0303930 secs] 6222551K->5839653K(8339648K), 0.0307550 secs] [Times: user=0.69 sys=0.00, real=0.03 secs] 
4386.069: [GC 4386.069: [ParNew: 430689K->34791K(440896K), 0.0449570 secs] 6231589K->5847708K(8339648K), 0.0452710 secs] [Times: user=0.43 sys=0.01, real=0.04 secs] 
4387.279: [CMS-concurrent-mark: 4.289/4.471 secs] [Times: user=49.01 sys=0.61, real=4.47 secs] 
4387.279: [CMS-concurrent-preclean-start]
4387.507: [CMS-concurrent-preclean: 0.217/0.228 secs] [Times: user=0.34 sys=0.02, real=0.23 secs] 
4387.507: [CMS-concurrent-abortable-preclean-start]
4389.150: [GC 4389.150: [ParNew: 426727K->31772K(440896K), 0.0372030 secs] 6239644K->5848211K(8339648K), 0.0375200 secs] [Times: user=0.64 sys=0.01, real=0.04 secs] 
4389.914: [CMS-concurrent-abortable-preclean: 2.254/2.407 secs] [Times: user=10.34 sys=0.21, real=2.40 secs] 
4389.915: [GC[YG occupancy: 243768 K (440896 K)]4389.916: [Rescan (parallel) , 0.1031090 secs]4390.019: [weak refs processing, 0.0013610 secs]4390.020: [class unloading, 0.0206690 secs]4390.041: [scrub symbol & string tables, 0.0207070 secs] [1 CMS-remark: 5816438K(7898752K)] 6060207K(8339648K), 0.1563270 secs] [Times: user=2.24 sys=0.00, real=0.16 secs] 
4390.072: [CMS-concurrent-sweep-start]
4390.581: [GC 4390.581: [ParNew: 423708K->35268K(440896K), 0.0473330 secs] 6240044K->5856592K(8339648K), 0.0476460 secs] [Times: user=0.74 sys=0.02, real=0.05 secs] 
4394.321: [GC 4394.322: [ParNew: 427204K->38742K(440896K), 0.0497310 secs] 6248088K->5865194K(8339648K), 0.0501120 secs] [Times: user=0.82 sys=0.03, real=0.05 secs] 
4395.482: [GC 4395.482: [ParNew: 430678K->38756K(440896K), 0.0778640 secs] 6257034K->5878823K(8339648K), 0.1185380 secs] [Times: user=0.86 sys=0.01, real=0.12 secs] 
4397.297: [CMS-concurrent-sweep: 6.979/7.224 secs] [Times: user=36.17 sys=0.91, real=7.22 secs] 
4397.297: [CMS-concurrent-reset-start]
4397.341: [CMS-concurrent-reset: 0.044/0.044 secs] [Times: user=0.09 sys=0.01, real=0.05 secs] 
4397.370: [GC 4397.370: [ParNew: 430692K->35215K(440896K), 0.0690880 secs] 6259934K->5864458K(8339648K), 0.0693960 secs] [Times: user=1.24 sys=0.00, real=0.07 secs] 
4397.441: [GC [1 CMS-initial-mark: 5829242K(7898752K)] 5865657K(8339648K), 0.0970860 secs] [Times: user=0.10 sys=0.00, real=0.10 secs] 
4397.539: [CMS-concurrent-mark-start]
4399.714: [GC 4399.714: [ParNew: 427151K->44213K(440896K), 0.0585560 secs] 6256394K->5877403K(8339648K), 0.0588780 secs] [Times: user=1.10 sys=0.00, real=0.06 secs] 
4400.861: [GC 4400.861: [ParNew: 436149K->41747K(440896K), 0.0526590 secs] 6269339K->5886457K(8339648K), 0.0529720 secs] [Times: user=0.62 sys=0.02, real=0.05 secs] 
4401.623: [CMS-concurrent-mark: 3.952/4.084 secs] [Times: user=42.15 sys=0.52, real=4.08 secs] 
4401.623: [CMS-concurrent-preclean-start]
4401.960: [CMS-concurrent-preclean: 0.277/0.337 secs] [Times: user=0.45 sys=0.02, real=0.34 secs] 
4401.960: [CMS-concurrent-abortable-preclean-start]
4404.222: [GC 4404.222: [ParNew: 433683K->38215K(440896K), 0.0630320 secs] 6278393K->5886427K(8339648K), 0.0634120 secs] [Times: user=1.15 sys=0.02, real=0.06 secs] 
4404.894: [CMS-concurrent-abortable-preclean: 2.747/2.934 secs] [Times: user=11.98 sys=0.48, real=2.93 secs] 
4404.895: [GC[YG occupancy: 273647 K (440896 K)]4404.895: [Rescan (parallel) , 0.1667660 secs]4405.062: [weak refs processing, 0.0014150 secs]4405.064: [class unloading, 0.0241200 secs]4405.088: [scrub symbol & string tables, 0.0232080 secs] [1 CMS-remark: 5848211K(7898752K)] 6121858K(8339648K), 0.2285110 secs] [Times: user=3.85 sys=0.00, real=0.23 secs] 
4405.124: [CMS-concurrent-sweep-start]
4405.629: [GC 4405.629: [ParNew: 430151K->42703K(440896K), 0.0582810 secs] 6278225K->5897938K(8339648K), 0.0586290 secs] [Times: user=0.81 sys=0.01, real=0.06 secs] 
4409.541: [GC 4409.541: [ParNew: 434639K->42212K(440896K), 0.0643080 secs] 6012993K->5628388K(8339648K), 0.0646250 secs] [Times: user=0.76 sys=0.01, real=0.06 secs] 
4410.810: [GC 4410.810: [ParNew: 434148K->38515K(440896K), 0.0633470 secs] 6019643K->5638192K(8339648K), 0.0636680 secs] [Times: user=0.51 sys=0.02, real=0.06 secs] 
4412.886: [CMS-concurrent-sweep: 7.541/7.762 secs] [Times: user=32.90 sys=0.67, real=7.76 secs] 
4412.886: [CMS-concurrent-reset-start]
4412.932: [CMS-concurrent-reset: 0.046/0.046 secs] [Times: user=0.07 sys=0.02, real=0.05 secs] 
4413.388: [GC [1 CMS-initial-mark: 5585104K(7898752K)] 5983210K(8339648K), 1.1056230 secs] [Times: user=1.11 sys=0.01, real=1.10 secs] 
4414.494: [CMS-concurrent-mark-start]
4414.567: [GC 4414.567: [ParNew: 430451K->41784K(440896K), 0.0316310 secs] 6015556K->5626888K(8339648K), 0.0320070 secs] [Times: user=0.63 sys=0.01, real=0.04 secs] 
4415.847: [GC 4415.847: [ParNew: 433720K->36481K(440896K), 0.0830390 secs] 6018824K->5639047K(8339648K), 0.0833310 secs] [Times: user=0.75 sys=0.01, real=0.09 secs] 
4416.998: [GC 4416.998: [ParNew: 428417K->27923K(440896K), 0.0245580 secs] 6030983K->5630489K(8339648K), 0.0248620 secs] [Times: user=0.50 sys=0.01, real=0.02 secs] 
4418.435: [CMS-concurrent-mark: 3.766/3.941 secs] [Times: user=42.42 sys=0.63, real=3.94 secs] 
4418.435: [CMS-concurrent-preclean-start]
4419.044: [CMS-concurrent-preclean: 0.580/0.609 secs] [Times: user=0.78 sys=0.02, real=0.61 secs] 
4419.044: [CMS-concurrent-abortable-preclean-start]
4420.130: [GC 4420.130: [ParNew: 419859K->41074K(440896K), 0.0435060 secs] 6022425K->5647626K(8339648K), 0.0438100 secs] [Times: user=0.70 sys=0.00, real=0.04 secs] 
4420.798: [CMS-concurrent-abortable-preclean: 1.627/1.754 secs] [Times: user=10.64 sys=0.15, real=1.76 secs] 
4420.800: [GC[YG occupancy: 260907 K (440896 K)]4420.800: [Rescan (parallel) , 0.0792900 secs]4420.879: [weak refs processing, 0.0013750 secs]4420.881: [class unloading, 0.0202990 secs]4420.901: [scrub symbol & string tables, 0.0188740 secs] [1 CMS-remark: 5606551K(7898752K)] 5867459K(8339648K), 0.1297110 secs] [Times: user=1.58 sys=0.01, real=0.13 secs] 
4420.930: [CMS-concurrent-sweep-start]
4421.401: [GC 4421.401: [ParNew: 433010K->41307K(440896K), 0.0468730 secs] 6039474K->5656605K(8339648K), 0.0471670 secs] [Times: user=0.62 sys=0.00, real=0.04 secs] 
4424.358: [GC 4424.359: [ParNew: 433243K->35087K(440896K), 0.0415830 secs] 6037374K->5642962K(8339648K), 0.0419570 secs] [Times: user=0.64 sys=0.00, real=0.04 secs] 
4425.822: [GC 4425.822: [ParNew: 427023K->40696K(440896K), 0.0549920 secs] 6034830K->5653427K(8339648K), 0.0553580 secs] [Times: user=0.91 sys=0.00, real=0.05 secs] 
4427.736: [GC 4427.737: [ParNew: 432632K->39017K(440896K), 0.0580420 secs] 6036690K->5652275K(8339648K), 0.0835910 secs] [Times: user=0.72 sys=0.00, real=0.09 secs] 
4427.870: [CMS-concurrent-sweep: 6.674/6.940 secs] [Times: user=34.75 sys=0.73, real=6.94 secs] 
4427.870: [CMS-concurrent-reset-start]
4427.909: [CMS-concurrent-reset: 0.039/0.039 secs] [Times: user=0.04 sys=0.00, real=0.04 secs] 
4429.823: [GC [1 CMS-initial-mark: 5613257K(7898752K)] 5773589K(8339648K), 0.5235800 secs] [Times: user=0.52 sys=0.00, real=0.52 secs] 
4430.347: [CMS-concurrent-mark-start]
4431.188: [GC 4431.188: [ParNew: 430953K->41569K(440896K), 0.0476510 secs] 6044211K->5658976K(8339648K), 0.0480160 secs] [Times: user=0.75 sys=0.00, real=0.04 secs] 
4432.510: [GC 4432.510: [ParNew: 433505K->37726K(440896K), 0.0398210 secs] 6050912K->5662773K(8339648K), 0.0401510 secs] [Times: user=0.47 sys=0.00, real=0.04 secs] 
4434.389: [CMS-concurrent-mark: 3.922/4.042 secs] [Times: user=42.15 sys=0.52, real=4.05 secs] 
4434.389: [CMS-concurrent-preclean-start]
4434.661: [CMS-concurrent-preclean: 0.258/0.273 secs] [Times: user=0.53 sys=0.02, real=0.27 secs] 
4434.662: [CMS-concurrent-abortable-preclean-start]
4435.950: [GC 4435.950: [ParNew: 429662K->40660K(440896K), 0.0584560 secs] 6054709K->5671829K(8339648K), 0.0588320 secs] [Times: user=0.85 sys=0.00, real=0.06 secs] 
4436.613: [CMS-concurrent-abortable-preclean: 1.672/1.951 secs] [Times: user=9.47 sys=0.13, real=1.95 secs] 
4436.614: [GC[YG occupancy: 240396 K (440896 K)]4436.614: [Rescan (parallel) , 0.1009260 secs]4436.715: [weak refs processing, 0.0014180 secs]4436.716: [class unloading, 0.0204600 secs]4436.737: [scrub symbol & string tables, 0.0187880 secs] [1 CMS-remark: 5631168K(7898752K)] 5871564K(8339648K), 0.1519520 secs] [Times: user=2.13 sys=0.00, real=0.15 secs] 
4436.766: [CMS-concurrent-sweep-start]
4437.868: [GC 4437.868: [ParNew: 432596K->42696K(440896K), 0.0433160 secs] 6063672K->5679211K(8339648K), 0.0436800 secs] [Times: user=0.63 sys=0.00, real=0.04 secs] 
4441.026: [GC 4441.026: [ParNew: 434632K->48960K(440896K), 0.0494540 secs] 6062644K->5685596K(8339648K), 0.0497810 secs] [Times: user=0.69 sys=0.00, real=0.05 secs] 
4442.251: [GC 4442.251: [ParNew: 440896K->48960K(440896K), 0.0795160 secs] 6077219K->5698439K(8339648K), 0.0798230 secs] [Times: user=1.14 sys=0.01, real=0.08 secs] 
4443.880: [CMS-concurrent-sweep: 6.922/7.114 secs] [Times: user=33.51 sys=0.72, real=7.12 secs] 
4443.880: [CMS-concurrent-reset-start]
4443.919: [CMS-concurrent-reset: 0.039/0.039 secs] [Times: user=0.12 sys=0.00, real=0.04 secs] 
4443.989: [GC [1 CMS-initial-mark: 5645338K(7898752K)] 6047873K(8339648K), 1.1047600 secs] [Times: user=1.10 sys=0.01, real=1.10 secs] 
4445.094: [CMS-concurrent-mark-start]
4445.187: [GC 4445.187: [ParNew: 440896K->36497K(440896K), 0.0593720 secs] 6086234K->5690593K(8339648K), 0.0597020 secs] [Times: user=0.80 sys=0.05, real=0.05 secs] 
4446.589: [GC 4446.589: [ParNew: 428433K->29549K(440896K), 0.0608330 secs] 6082529K->5696605K(8339648K), 0.0611490 secs] [Times: user=0.90 sys=0.00, real=0.06 secs] 
4447.908: [GC 4447.908: [ParNew: 421485K->26578K(440896K), 0.0588640 secs] 6088541K->5693634K(8339648K), 0.0591570 secs] [Times: user=1.23 sys=0.01, real=0.05 secs] 
4449.172: [CMS-concurrent-mark: 3.870/4.078 secs] [Times: user=43.94 sys=0.49, real=4.08 secs] 
4449.172: [CMS-concurrent-preclean-start]
4449.441: [CMS-concurrent-preclean: 0.259/0.269 secs] [Times: user=0.39 sys=0.02, real=0.27 secs] 
4449.442: [CMS-concurrent-abortable-preclean-start]
4450.907: [GC 4450.907: [ParNew: 418514K->31873K(440896K), 0.1392240 secs] 6085570K->5705531K(8339648K), 0.1395950 secs] [Times: user=2.90 sys=0.00, real=0.14 secs] 
4451.700: [CMS-concurrent-abortable-preclean: 2.003/2.259 secs] [Times: user=14.96 sys=0.28, real=2.26 secs] 
4451.702: [GC[YG occupancy: 240126 K (440896 K)]4451.702: [Rescan (parallel) , 0.0756570 secs]4451.778: [weak refs processing, 0.0014820 secs]4451.780: [class unloading, 0.0273330 secs]4451.807: [scrub symbol & string tables, 0.0238010 secs] [1 CMS-remark: 5673658K(7898752K)] 5913784K(8339648K), 0.1428210 secs] [Times: user=1.59 sys=0.00, real=0.14 secs] 
4451.846: [CMS-concurrent-sweep-start]
4452.451: [GC 4452.452: [ParNew: 423809K->32106K(440896K), 0.0497670 secs] 6097390K->5711340K(8339648K), 0.0501260 secs] [Times: user=0.93 sys=0.00, real=0.05 secs] 
4455.232: [GC 4455.232: [ParNew: 424042K->39743K(440896K), 0.0501970 secs] 6092259K->5712139K(8339648K), 0.0505750 secs] [Times: user=0.91 sys=0.00, real=0.05 secs] 
4456.419: [GC 4456.419: [ParNew: 431679K->34499K(440896K), 0.0557240 secs] 6103851K->5719263K(8339648K), 0.0560950 secs] [Times: user=0.66 sys=0.00, real=0.05 secs] 
4458.794: [CMS-concurrent-sweep: 6.761/6.949 secs] [Times: user=33.22 sys=0.74, real=6.95 secs] 
4458.794: [CMS-concurrent-reset-start]
4458.834: [CMS-concurrent-reset: 0.039/0.039 secs] [Times: user=0.04 sys=0.00, real=0.04 secs] 
4458.853: [GC [1 CMS-initial-mark: 5681294K(7898752K)] 5978165K(8339648K), 0.9046350 secs] [Times: user=0.90 sys=0.00, real=0.91 secs] 
4459.758: [CMS-concurrent-mark-start]
4460.934: [GC 4460.934: [ParNew: 426435K->38242K(440896K), 0.0363300 secs] 6107730K->5719536K(8339648K), 0.0367170 secs] [Times: user=0.70 sys=0.00, real=0.04 secs] 
4462.269: [GC 4462.270: [ParNew: 430178K->36604K(440896K), 0.0514760 secs] 6111472K->5731386K(8339648K), 0.0518010 secs] [Times: user=0.68 sys=0.00, real=0.05 secs] 
4463.610: [GC 4463.611: [ParNew: 428540K->36825K(440896K), 0.0228810 secs] 6123322K->5731607K(8339648K), 0.0231990 secs] [Times: user=0.46 sys=0.00, real=0.02 secs] 
4463.958: [CMS-concurrent-mark: 4.065/4.200 secs] [Times: user=44.38 sys=0.68, real=4.20 secs] 
4463.958: [CMS-concurrent-preclean-start]
4464.176: [CMS-concurrent-preclean: 0.209/0.218 secs] [Times: user=0.32 sys=0.01, real=0.21 secs] 
4464.176: [CMS-concurrent-abortable-preclean-start]
4465.984: [CMS-concurrent-abortable-preclean: 1.689/1.807 secs] [Times: user=4.24 sys=0.22, real=1.81 secs] 
4465.985: [GC[YG occupancy: 264720 K (440896 K)]4465.985: [Rescan (parallel) , 0.1169850 secs]4466.102: [weak refs processing, 0.0012620 secs]4466.103: [class unloading, 0.0270140 secs]4466.130: [scrub symbol & string tables, 0.0237510 secs] [1 CMS-remark: 5694782K(7898752K)] 5959502K(8339648K), 0.1837820 secs] [Times: user=2.65 sys=0.01, real=0.18 secs] 
4466.169: [CMS-concurrent-sweep-start]
4466.848: [GC 4466.848: [ParNew: 428761K->46107K(440896K), 0.0476960 secs] 6123476K->5745146K(8339648K), 0.0480800 secs] [Times: user=0.76 sys=0.00, real=0.04 secs] 
4468.279: [GC 4468.279: [ParNew: 438043K->41091K(440896K), 0.0492940 secs] 6128128K->5742830K(8339648K), 0.0496140 secs] [Times: user=0.69 sys=0.01, real=0.04 secs] 
4471.072: [GC 4471.072: [ParNew: 433027K->37598K(440896K), 0.0488400 secs] 6129700K->5738924K(8339648K), 0.0492230 secs] [Times: user=0.81 sys=0.00, real=0.05 secs] 
4472.493: [GC 4472.493: [ParNew: 429534K->39877K(440896K), 0.0386100 secs] 6130638K->5746070K(8339648K), 0.0389280 secs] [Times: user=0.64 sys=0.00, real=0.04 secs] 
4473.150: [CMS-concurrent-sweep: 6.769/6.981 secs] [Times: user=38.16 sys=0.56, real=6.98 secs] 
4473.150: [CMS-concurrent-reset-start]
4473.190: [CMS-concurrent-reset: 0.040/0.040 secs] [Times: user=0.05 sys=0.02, real=0.04 secs] 
4473.675: [GC [1 CMS-initial-mark: 5702668K(7898752K)] 5863411K(8339648K), 0.4355070 secs] [Times: user=0.44 sys=0.00, real=0.44 secs] 
4474.111: [CMS-concurrent-mark-start]
4475.878: [GC 4475.878: [ParNew: 431813K->41131K(440896K), 0.0449810 secs] 6134482K->5752895K(8339648K), 0.0453290 secs] [Times: user=0.51 sys=0.00, real=0.04 secs] 
4477.079: [GC 4477.079: [ParNew: 433067K->42064K(440896K), 0.0305730 secs] 6144831K->5757890K(8339648K), 0.0309360 secs] [Times: user=0.46 sys=0.00, real=0.03 secs] 
4478.103: [CMS-concurrent-mark: 3.892/3.992 secs] [Times: user=41.94 sys=0.49, real=3.99 secs] 
4478.103: [CMS-concurrent-preclean-start]
4478.313: [CMS-concurrent-preclean: 0.201/0.209 secs] [Times: user=0.29 sys=0.00, real=0.21 secs] 
4478.313: [CMS-concurrent-abortable-preclean-start]
4480.228: [GC 4480.228: [ParNew: 430296K->44184K(440896K), 0.0575100 secs] 6146122K->5769260K(8339648K), 0.0579110 secs] [Times: user=0.95 sys=0.00, real=0.05 secs] 
4481.009: [CMS-concurrent-abortable-preclean: 2.419/2.697 secs] [Times: user=9.43 sys=0.25, real=2.70 secs] 
4481.011: [GC[YG occupancy: 248946 K (440896 K)]4481.011: [Rescan (parallel) , 0.1435960 secs]4481.155: [weak refs processing, 0.0013740 secs]4481.157: [class unloading, 0.0209650 secs]4481.178: [scrub symbol & string tables, 0.0204550 secs] [1 CMS-remark: 5725076K(7898752K)] 5974022K(8339648K), 0.1969680 secs] [Times: user=3.02 sys=0.01, real=0.20 secs] 
4481.209: [CMS-concurrent-sweep-start]
4481.899: [GC 4481.899: [ParNew: 436120K->40845K(440896K), 0.0460810 secs] 6161133K->5770174K(8339648K), 0.0464670 secs] [Times: user=0.73 sys=0.00, real=0.04 secs] 
4485.585: [GC 4485.585: [ParNew: 432781K->40380K(440896K), 0.0790100 secs] 6152117K->5768039K(8339648K), 0.0794180 secs] [Times: user=1.40 sys=0.00, real=0.08 secs] 
4486.985: [GC 4486.985: [ParNew: 432316K->37693K(440896K), 0.0555610 secs] 6159770K->5778806K(8339648K), 0.0559210 secs] [Times: user=0.72 sys=0.00, real=0.06 secs] 
4488.142: [GC 4488.142: [ParNew: 429629K->35703K(440896K), 0.0301800 secs] 6168520K->5774594K(8339648K), 0.0305500 secs] [Times: user=0.52 sys=0.00, real=0.03 secs] 
4488.225: [CMS-concurrent-sweep: 6.767/7.016 secs] [Times: user=37.16 sys=0.77, real=7.01 secs] 
4488.225: [CMS-concurrent-reset-start]
4488.266: [CMS-concurrent-reset: 0.041/0.041 secs] [Times: user=0.32 sys=0.02, real=0.04 secs] 
4488.350: [GC [1 CMS-initial-mark: 5738891K(7898752K)] 5840235K(8339648K), 0.1960160 secs] [Times: user=0.19 sys=0.00, real=0.19 secs] 
4488.547: [CMS-concurrent-mark-start]
4490.721: [GC 4490.721: [ParNew: 427639K->44915K(440896K), 0.0377340 secs] 6166530K->5788257K(8339648K), 0.0380890 secs] [Times: user=0.65 sys=0.00, real=0.04 secs] 
4492.029: [GC 4492.029: [ParNew: 436851K->39087K(440896K), 0.0433940 secs] 6180193K->5793368K(8339648K), 0.0437630 secs] [Times: user=0.46 sys=0.00, real=0.04 secs] 
4492.644: [CMS-concurrent-mark: 3.996/4.097 secs] [Times: user=42.41 sys=0.50, real=4.10 secs] 
4492.644: [CMS-concurrent-preclean-start]
4492.854: [CMS-concurrent-preclean: 0.200/0.210 secs] [Times: user=1.56 sys=0.03, real=0.21 secs] 
4492.854: [CMS-concurrent-abortable-preclean-start]
4495.336: [GC 4495.336: [ParNew: 431023K->35554K(440896K), 0.0479940 secs] 6185304K->5794344K(8339648K), 0.0484290 secs] [Times: user=0.88 sys=0.02, real=0.05 secs] 
4496.001: [CMS-concurrent-abortable-preclean: 2.770/3.147 secs] [Times: user=10.34 sys=0.36, real=3.15 secs] 
4496.003: [GC[YG occupancy: 244301 K (440896 K)]4496.003: [Rescan (parallel) , 0.0901400 secs]4496.093: [weak refs processing, 0.0010740 secs]4496.094: [class unloading, 0.0198750 secs]4496.114: [scrub symbol & string tables, 0.0204470 secs] [1 CMS-remark: 5758789K(7898752K)] 6003091K(8339648K), 0.1419920 secs] [Times: user=2.02 sys=0.00, real=0.14 secs] 
4496.145: [CMS-concurrent-sweep-start]
4496.741: [GC 4496.742: [ParNew: 427490K->38610K(440896K), 0.0438260 secs] 6186253K->5802617K(8339648K), 0.0441920 secs] [Times: user=0.69 sys=0.01, real=0.04 secs] 
4498.070: [GC 4498.070: [ParNew: 430546K->37446K(440896K), 0.0460990 secs] 6186241K->5801801K(8339648K), 0.0464690 secs] [Times: user=0.70 sys=0.00, real=0.04 secs] 
4501.372: [GC 4501.372: [ParNew: 429382K->37626K(440896K), 0.0362630 secs] 6189942K->5802509K(8339648K), 0.0366480 secs] [Times: user=0.47 sys=0.02, real=0.04 secs] 
4502.892: [CMS-concurrent-sweep: 6.607/6.747 secs] [Times: user=31.83 sys=0.29, real=6.75 secs] 
4502.893: [CMS-concurrent-reset-start]
4502.932: [CMS-concurrent-reset: 0.039/0.039 secs] [Times: user=0.05 sys=0.00, real=0.04 secs] 
4504.934: [GC [1 CMS-initial-mark: 5762783K(7898752K)] 6049971K(8339648K), 0.8156310 secs] [Times: user=0.82 sys=0.00, real=0.82 secs] 
4505.750: [CMS-concurrent-mark-start]
4506.184: [GC 4506.184: [ParNew: 429562K->40885K(440896K), 0.0602900 secs] 6192345K->5812429K(8339648K), 0.0607210 secs] [Times: user=0.92 sys=0.00, real=0.06 secs] 
4509.869: [CMS-concurrent-mark: 4.030/4.119 secs] [Times: user=33.62 sys=0.36, real=4.12 secs] 
4509.869: [CMS-concurrent-preclean-start]
4510.096: [CMS-concurrent-preclean: 0.217/0.227 secs] [Times: user=0.25 sys=0.01, real=0.22 secs] 
4510.096: [CMS-concurrent-abortable-preclean-start]
4510.881: [GC 4510.882: [ParNew: 432624K->48853K(440896K), 0.0462940 secs] 6204167K->5825591K(8339648K), 0.0466750 secs] [Times: user=0.70 sys=0.01, real=0.05 secs] 
4511.701: [CMS-concurrent-abortable-preclean: 1.443/1.605 secs] [Times: user=8.05 sys=0.08, real=1.61 secs] 
4511.703: [GC[YG occupancy: 262776 K (440896 K)]4511.703: [Rescan (parallel) , 0.0880840 secs]4511.791: [weak refs processing, 0.0012360 secs]4511.792: [class unloading, 0.0207930 secs]4511.813: [scrub symbol & string tables, 0.0204280 secs] [1 CMS-remark: 5776737K(7898752K)] 6039514K(8339648K), 0.1409910 secs] [Times: user=1.82 sys=0.03, real=0.14 secs] 
4511.844: [CMS-concurrent-sweep-start]
4512.471: [GC 4512.471: [ParNew: 440789K->42296K(440896K), 0.0654270 secs] 6217462K->5840789K(8339648K), 0.0658020 secs] [Times: user=0.83 sys=0.02, real=0.07 secs] 
4513.819: [GC 4513.819: [ParNew: 434232K->24519K(440896K), 0.0268170 secs] 6222818K->5813105K(8339648K), 0.0271760 secs] [Times: user=0.46 sys=0.01, real=0.02 secs] 
4515.150: [GC 4515.151: [ParNew: 416455K->30433K(440896K), 0.0236770 secs] 6204012K->5817990K(8339648K), 0.0240110 secs] [Times: user=0.46 sys=0.00, real=0.02 secs] 
4516.596: [GC 4516.596: [ParNew: 422369K->27506K(440896K), 0.0429280 secs] 6209866K->5826570K(8339648K), 0.0432720 secs] [Times: user=0.68 sys=0.00, real=0.05 secs] 
4517.825: [GC 4517.825: [ParNew: 419442K->24525K(440896K), 0.0300970 secs] 6218465K->5827235K(8339648K), 0.0304320 secs] [Times: user=0.46 sys=0.00, real=0.03 secs] 
4518.601: [CMS-concurrent-sweep: 6.541/6.756 secs] [Times: user=47.65 sys=0.30, real=6.76 secs] 
4518.601: [CMS-concurrent-reset-start]
4518.640: [CMS-concurrent-reset: 0.039/0.039 secs] [Times: user=0.05 sys=0.01, real=0.04 secs] 
4518.857: [GC [1 CMS-initial-mark: 5800879K(7898752K)] 5987337K(8339648K), 0.6741410 secs] [Times: user=0.68 sys=0.00, real=0.68 secs] 
4519.532: [CMS-concurrent-mark-start]
4522.124: [GC 4522.124: [ParNew: 416461K->33564K(440896K), 0.0333470 secs] 6217341K->5838112K(8339648K), 0.0337000 secs] [Times: user=0.61 sys=0.01, real=0.04 secs] 
4523.517: [CMS-concurrent-mark: 3.942/3.986 secs] [Times: user=35.37 sys=0.23, real=3.99 secs] 
4523.518: [CMS-concurrent-preclean-start]
4523.687: [CMS-concurrent-preclean: 0.163/0.169 secs] [Times: user=0.19 sys=0.00, real=0.16 secs] 
4523.687: [CMS-concurrent-abortable-preclean-start]
4524.578: [GC 4524.578: [ParNew: 425500K->33749K(440896K), 0.0395260 secs] 6230048K->5842561K(8339648K), 0.0399180 secs] [Times: user=0.59 sys=0.00, real=0.03 secs] 
4526.986: [CMS-concurrent-abortable-preclean: 3.131/3.299 secs] [Times: user=7.71 sys=0.23, real=3.30 secs] 
4526.987: [GC[YG occupancy: 248813 K (440896 K)]4526.988: [Rescan (parallel) , 0.0937600 secs]4527.081: [weak refs processing, 0.0014960 secs]4527.083: [class unloading, 0.0269190 secs]4527.110: [scrub symbol & string tables, 0.0239270 secs] [1 CMS-remark: 5808812K(7898752K)] 6057625K(8339648K), 0.1610520 secs] [Times: user=2.15 sys=0.01, real=0.16 secs] 
4527.149: [CMS-concurrent-sweep-start]
4527.804: [GC 4527.805: [ParNew: 425685K->42243K(440896K), 0.0482540 secs] 6234436K->5855090K(8339648K), 0.0486620 secs] [Times: user=0.85 sys=0.01, real=0.05 secs] 
4533.375: [GC 4533.375: [ParNew: 434179K->42035K(440896K), 0.0650180 secs] 6238078K->5859707K(8339648K), 0.0654320 secs] [Times: user=0.94 sys=0.00, real=0.07 secs] 
4533.966: [CMS-concurrent-sweep: 6.691/6.817 secs] [Times: user=19.72 sys=0.56, real=6.81 secs] 
4533.966: [CMS-concurrent-reset-start]
4534.011: [CMS-concurrent-reset: 0.045/0.045 secs] [Times: user=0.06 sys=0.01, real=0.05 secs] 
4535.732: [GC [1 CMS-initial-mark: 5816515K(7898752K)] 5912195K(8339648K), 0.2406030 secs] [Times: user=0.24 sys=0.00, real=0.24 secs] 
4535.974: [CMS-concurrent-mark-start]
4537.453: [GC 4537.453: [ParNew: 433971K->48960K(440896K), 0.0445240 secs] 6250487K->5869789K(8339648K), 0.0448800 secs] [Times: user=0.73 sys=0.00, real=0.05 secs] 
4538.842: [GC 4538.842: [ParNew: 440896K->40602K(440896K), 0.0671820 secs] 6261725K->5885375K(8339648K), 0.0675270 secs] [Times: user=0.89 sys=0.03, real=0.07 secs] 
4540.118: [GC 4540.119: [ParNew: 432538K->24557K(440896K), 0.0236970 secs] 6277311K->5869330K(8339648K), 0.0240330 secs] [Times: user=0.36 sys=0.00, real=0.02 secs] 
4540.235: [CMS-concurrent-mark: 4.097/4.262 secs] [Times: user=49.47 sys=0.46, real=4.26 secs] 
4540.235: [CMS-concurrent-preclean-start]
4540.501: [CMS-concurrent-preclean: 0.257/0.266 secs] [Times: user=1.90 sys=0.01, real=0.27 secs] 
4540.502: [CMS-concurrent-abortable-preclean-start]
4540.859: [CMS-concurrent-abortable-preclean: 0.357/0.358 secs] [Times: user=2.51 sys=0.01, real=0.36 secs] 
4540.861: [GC[YG occupancy: 241341 K (440896 K)]4540.861: [Rescan (parallel) , 0.1021920 secs]4540.963: [weak refs processing, 0.0015760 secs]4540.965: [class unloading, 0.0204020 secs]4540.986: [scrub symbol & string tables, 0.0191010 secs] [1 CMS-remark: 5844772K(7898752K)] 6086113K(8339648K), 0.1531930 secs] [Times: user=2.03 sys=0.02, real=0.15 secs] 
4541.015: [CMS-concurrent-sweep-start]
4541.592: [GC 4541.593: [ParNew: 416493K->32735K(440896K), 0.0456630 secs] 6261258K->5877500K(8339648K), 0.0460000 secs] [Times: user=0.93 sys=0.00, real=0.05 secs] 
4542.969: [GC 4542.969: [ParNew: 424671K->31321K(440896K), 0.0405850 secs] 6269363K->5885947K(8339648K), 0.0409270 secs] [Times: user=0.46 sys=0.02, real=0.04 secs] 
4544.245: [GC 4544.245: [ParNew: 423257K->26688K(440896K), 0.0303740 secs] 6272177K->5880327K(8339648K), 0.0307200 secs] [Times: user=0.46 sys=0.00, real=0.03 secs] 
4546.664: [GC 4546.664: [ParNew: 418624K->28982K(440896K), 0.0383030 secs] 6272237K->5887054K(8339648K), 0.0387240 secs] [Times: user=0.69 sys=0.01, real=0.04 secs] 
4547.949: [GC 4547.949: [ParNew: 420918K->29738K(440896K), 0.0347120 secs] 6278232K->5890827K(8339648K), 0.0350640 secs] [Times: user=0.43 sys=0.01, real=0.03 secs] 
4548.036: [CMS-concurrent-sweep: 6.797/7.021 secs] [Times: user=45.98 sys=0.52, real=7.02 secs] 
4548.036: [CMS-concurrent-reset-start]
4548.081: [CMS-concurrent-reset: 0.045/0.045 secs] [Times: user=0.35 sys=0.00, real=0.05 secs] 
4548.534: [GC [1 CMS-initial-mark: 5861089K(7898752K)] 6048181K(8339648K), 0.6884780 secs] [Times: user=0.69 sys=0.00, real=0.69 secs] 
4549.223: [CMS-concurrent-mark-start]
4551.731: [GC 4551.731: [ParNew: 421674K->32509K(440896K), 0.0381300 secs] 6282763K->5899295K(8339648K), 0.0384910 secs] [Times: user=0.58 sys=0.01, real=0.04 secs] 
4553.122: [GC 4553.122: [ParNew: 424445K->39304K(440896K), 0.0307030 secs] 6291231K->5907707K(8339648K), 0.0310540 secs] [Times: user=0.54 sys=0.01, real=0.03 secs] 
4553.319: [CMS-concurrent-mark: 3.997/4.096 secs] [Times: user=37.95 sys=0.29, real=4.10 secs] 
4553.319: [CMS-concurrent-preclean-start]
4553.486: [CMS-concurrent-preclean: 0.161/0.167 secs] [Times: user=1.19 sys=0.01, real=0.16 secs] 
4553.486: [CMS-concurrent-abortable-preclean-start]
4556.620: [GC 4556.620: [ParNew: 431240K->39679K(440896K), 0.0526190 secs] 6299643K->5915502K(8339648K), 0.0530400 secs] [Times: user=0.65 sys=0.06, real=0.05 secs] 
4557.420: [CMS-concurrent-abortable-preclean: 3.565/3.934 secs] [Times: user=15.22 sys=0.23, real=3.94 secs] 
4557.421: [GC[YG occupancy: 243400 K (440896 K)]4557.422: [Rescan (parallel) , 0.0792360 secs]4557.501: [weak refs processing, 0.0013000 secs]4557.502: [class unloading, 0.0199660 secs]4557.522: [scrub symbol & string tables, 0.0188040 secs] [1 CMS-remark: 5875822K(7898752K)] 6119223K(8339648K), 0.1298010 secs] [Times: user=1.69 sys=0.00, real=0.13 secs] 
4557.552: [CMS-concurrent-sweep-start]
4558.160: [GC 4558.161: [ParNew: 431615K->41420K(440896K), 0.0327280 secs] 6306943K->5920998K(8339648K), 0.0330780 secs] [Times: user=0.45 sys=0.00, real=0.03 secs] 
4559.388: [GC 4559.389: [ParNew: 433356K->32815K(440896K), 0.0420020 secs] 6307120K->5917081K(8339648K), 0.0423620 secs] [Times: user=0.38 sys=0.02, real=0.04 secs] 
4561.784: [GC 4561.785: [ParNew: 424751K->35767K(440896K), 0.0408070 secs] 6305535K->5920278K(8339648K), 0.0696930 secs] [Times: user=0.70 sys=0.00, real=0.07 secs] 
4563.246: [GC 4563.247: [ParNew: 427703K->37079K(440896K), 0.0483440 secs] 6312160K->5928083K(8339648K), 0.0487230 secs] [Times: user=0.78 sys=0.00, real=0.05 secs] 
4564.152: [CMS-concurrent-sweep: 6.384/6.600 secs] [Times: user=39.71 sys=0.72, real=6.60 secs] 
4564.152: [CMS-concurrent-reset-start]
4564.197: [CMS-concurrent-reset: 0.045/0.045 secs] [Times: user=0.07 sys=0.02, real=0.05 secs] 
4565.051: [GC [1 CMS-initial-mark: 5888590K(7898752K)] 6167533K(8339648K), 0.9728980 secs] [Times: user=0.97 sys=0.00, real=0.97 secs] 
4566.024: [CMS-concurrent-mark-start]
4566.566: [GC 4566.566: [ParNew: 429015K->39884K(440896K), 0.1030900 secs] 6317605K->5933617K(8339648K), 0.1035160 secs] [Times: user=2.06 sys=0.02, real=0.11 secs] 
4570.075: [CMS-concurrent-mark: 3.925/4.051 secs] [Times: user=29.97 sys=0.22, real=4.05 secs] 
4570.075: [CMS-concurrent-preclean-start]
4570.252: [CMS-concurrent-preclean: 0.170/0.177 secs] [Times: user=0.19 sys=0.01, real=0.18 secs] 
4570.252: [CMS-concurrent-abortable-preclean-start]
 CMS: abort preclean due to time 4575.379: [CMS-concurrent-abortable-preclean: 3.846/5.127 secs] [Times: user=4.46 sys=0.12, real=5.13 secs] 
4575.380: [GC[YG occupancy: 175314 K (440896 K)]4575.380: [Rescan (parallel) , 0.3736740 secs]4575.754: [weak refs processing, 0.0013560 secs]4575.755: [class unloading, 0.0268280 secs]4575.782: [scrub symbol & string tables, 0.0237440 secs] [1 CMS-remark: 5893733K(7898752K)] 6069047K(8339648K), 0.4406510 secs] [Times: user=8.33 sys=0.01, real=0.44 secs] 
4575.821: [CMS-concurrent-sweep-start]
4582.477: [CMS-concurrent-sweep: 6.653/6.656 secs] [Times: user=7.34 sys=0.14, real=6.65 secs] 
4582.477: [CMS-concurrent-reset-start]
4582.522: [CMS-concurrent-reset: 0.046/0.046 secs] [Times: user=0.05 sys=0.00, real=0.05 secs] 
4584.524: [GC [1 CMS-initial-mark: 5884069K(7898752K)] 6112665K(8339648K), 0.6873670 secs] [Times: user=0.69 sys=0.00, real=0.69 secs] 
4585.212: [CMS-concurrent-mark-start]
4589.152: [CMS-concurrent-mark: 3.940/3.940 secs] [Times: user=23.76 sys=0.11, real=3.94 secs] 
4589.152: [CMS-concurrent-preclean-start]
4589.258: [CMS-concurrent-preclean: 0.102/0.106 secs] [Times: user=0.13 sys=0.00, real=0.11 secs] 
4589.258: [CMS-concurrent-abortable-preclean-start]
 CMS: abort preclean due to time 4594.416: [CMS-concurrent-abortable-preclean: 3.550/5.158 secs] [Times: user=4.03 sys=0.06, real=5.15 secs] 
4594.417: [GC[YG occupancy: 281588 K (440896 K)]4594.417: [Rescan (parallel) , 0.6649490 secs]4595.082: [weak refs processing, 0.0013680 secs]4595.084: [class unloading, 0.0268200 secs]4595.110: [scrub symbol & string tables, 0.0237880 secs] [1 CMS-remark: 5884069K(7898752K)] 6165658K(8339648K), 0.7316900 secs] [Times: user=14.48 sys=0.05, real=0.74 secs] 
4595.150: [CMS-concurrent-sweep-start]
4601.950: [CMS-concurrent-sweep: 6.800/6.800 secs] [Times: user=7.42 sys=0.04, real=6.80 secs] 
4601.950: [CMS-concurrent-reset-start]
4601.995: [CMS-concurrent-reset: 0.045/0.045 secs] [Times: user=0.04 sys=0.00, real=0.04 secs] 
4603.996: [GC [1 CMS-initial-mark: 5883239K(7898752K)] 6212359K(8339648K), 0.9605610 secs] [Times: user=0.96 sys=0.00, real=0.97 secs] 
4604.958: [CMS-concurrent-mark-start]
4608.837: [CMS-concurrent-mark: 3.877/3.879 secs] [Times: user=23.34 sys=0.16, real=3.87 secs] 
4608.837: [CMS-concurrent-preclean-start]
4608.938: [CMS-concurrent-preclean: 0.097/0.102 secs] [Times: user=0.12 sys=0.00, real=0.11 secs] 
4608.939: [CMS-concurrent-abortable-preclean-start]
 CMS: abort preclean due to time 4614.118: [CMS-concurrent-abortable-preclean: 3.572/5.179 secs] [Times: user=4.23 sys=0.03, real=5.18 secs] 
4614.119: [GC[YG occupancy: 383756 K (440896 K)]4614.119: [Rescan (parallel) , 0.9079260 secs]4615.027: [weak refs processing, 0.0012260 secs]4615.029: [class unloading, 0.0199410 secs]4615.049: [scrub symbol & string tables, 0.0186660 secs] [1 CMS-remark: 5883239K(7898752K)] 6266995K(8339648K), 0.9580540 secs] [Times: user=19.62 sys=0.04, real=0.95 secs] 
4615.078: [CMS-concurrent-sweep-start]
4621.643: [CMS-concurrent-sweep: 6.564/6.565 secs] [Times: user=7.38 sys=0.08, real=6.56 secs] 
4621.643: [CMS-concurrent-reset-start]
4621.690: [CMS-concurrent-reset: 0.047/0.047 secs] [Times: user=0.13 sys=0.00, real=0.05 secs] 
4621.896: [GC 4621.896: [ParNew: 431820K->48960K(440896K), 0.5768800 secs] 6314919K->6011850K(8339648K), 0.5773710 secs] [Times: user=8.67 sys=0.20, real=0.58 secs] 
4622.475: [GC [1 CMS-initial-mark: 5962890K(7898752K)] 6011942K(8339648K), 0.1556830 secs] [Times: user=0.16 sys=0.00, real=0.19 secs] 
4622.660: [CMS-concurrent-mark-start]
4626.322: [CMS-concurrent-mark: 3.662/3.662 secs] [Times: user=22.31 sys=0.05, real=3.66 secs] 
4626.322: [CMS-concurrent-preclean-start]
4626.479: [CMS-concurrent-preclean: 0.149/0.157 secs] [Times: user=0.16 sys=0.00, real=0.16 secs] 
4626.479: [CMS-concurrent-abortable-preclean-start]
 CMS: abort preclean due to time 4631.526: [CMS-concurrent-abortable-preclean: 4.561/5.047 secs] [Times: user=5.40 sys=0.14, real=5.04 secs] 
4631.527: [GC[YG occupancy: 128877 K (440896 K)]4631.527: [Rescan (parallel) , 0.1683320 secs]4631.696: [weak refs processing, 0.0017750 secs]4631.697: [class unloading, 0.0199630 secs]4631.717: [scrub symbol & string tables, 0.0187610 secs] [1 CMS-remark: 5962890K(7898752K)] 6091767K(8339648K), 0.2194580 secs] [Times: user=3.83 sys=0.00, real=0.22 secs] 
4631.748: [CMS-concurrent-sweep-start]
4639.339: [CMS-concurrent-sweep: 7.587/7.591 secs] [Times: user=9.64 sys=0.27, real=7.59 secs] 
4639.339: [CMS-concurrent-reset-start]
4639.383: [CMS-concurrent-reset: 0.044/0.044 secs] [Times: user=0.05 sys=0.00, real=0.04 secs] 
4640.135: [GC [1 CMS-initial-mark: 5674746K(7898752K)] 5975088K(8339648K), 0.8716570 secs] [Times: user=0.87 sys=0.01, real=0.87 secs] 
4641.007: [CMS-concurrent-mark-start]
4644.844: [GC 4644.844: [ParNew: 440896K->48960K(440896K), 0.1730470 secs] 6115642K->5783596K(8339648K), 0.1734550 secs] [Times: user=2.29 sys=0.02, real=0.18 secs] 
4645.197: [CMS-concurrent-mark: 4.006/4.190 secs] [Times: user=27.50 sys=0.29, real=4.20 secs] 
4645.197: [CMS-concurrent-preclean-start]
4645.889: [CMS-concurrent-preclean: 0.667/0.692 secs] [Times: user=0.92 sys=0.08, real=0.69 secs] 
4645.889: [CMS-concurrent-abortable-preclean-start]
4646.633: [CMS-concurrent-abortable-preclean: 0.742/0.744 secs] [Times: user=4.64 sys=0.02, real=0.74 secs] 
4646.635: [GC[YG occupancy: 253906 K (440896 K)]4646.635: [Rescan (parallel) , 0.1315850 secs]4646.767: [weak refs processing, 0.0011990 secs]4646.768: [class unloading, 0.0205880 secs]4646.788: [scrub symbol & string tables, 0.0187830 secs] [1 CMS-remark: 5734636K(7898752K)] 5988542K(8339648K), 0.1823340 secs] [Times: user=2.97 sys=0.01, real=0.19 secs] 
4646.818: [CMS-concurrent-sweep-start]
4647.527: [GC 4647.527: [ParNew: 440896K->43145K(440896K), 0.0990210 secs] 6175528K->5818205K(8339648K), 0.0993880 secs] [Times: user=0.96 sys=0.00, real=0.10 secs] 
4649.010: [GC 4649.010: [ParNew: 435081K->14249K(440896K), 0.0455650 secs] 6209786K->5788954K(8339648K), 0.0458480 secs] [Times: user=0.92 sys=0.00, real=0.04 secs] 
4650.431: [GC 4650.431: [ParNew: 406185K->14752K(440896K), 0.0298270 secs] 6180842K->5789408K(8339648K), 0.0301780 secs] [Times: user=0.47 sys=0.00, real=0.03 secs] 
4651.854: [GC 4651.854: [ParNew: 406688K->18866K(440896K), 0.0278350 secs] 6181344K->5793522K(8339648K), 0.0281640 secs] [Times: user=0.48 sys=0.00, real=0.03 secs] 
4653.104: [GC 4653.104: [ParNew: 410802K->22109K(440896K), 0.0363910 secs] 6185456K->5800889K(8339648K), 0.0367390 secs] [Times: user=0.46 sys=0.00, real=0.04 secs] 
4653.791: [CMS-concurrent-sweep: 6.723/6.973 secs] [Times: user=51.02 sys=0.17, real=6.97 secs] 
4653.791: [CMS-concurrent-reset-start]
4653.835: [CMS-concurrent-reset: 0.044/0.044 secs] [Times: user=0.28 sys=0.00, real=0.04 secs] 
4655.836: [GC [1 CMS-initial-mark: 5777684K(7898752K)] 6118067K(8339648K), 1.0847430 secs] [Times: user=1.10 sys=0.00, real=1.09 secs] 
4656.922: [CMS-concurrent-mark-start]
4658.132: [GC 4658.132: [ParNew: 414045K->21954K(440896K), 0.0357640 secs] 6191729K->5802877K(8339648K), 0.0361420 secs] [Times: user=0.66 sys=0.01, real=0.04 secs] 
4660.616: [CMS-concurrent-mark: 3.650/3.694 secs] [Times: user=26.64 sys=0.13, real=3.69 secs] 
4660.616: [CMS-concurrent-preclean-start]
4660.817: [CMS-concurrent-preclean: 0.194/0.201 secs] [Times: user=0.21 sys=0.00, real=0.20 secs] 
4660.817: [CMS-concurrent-abortable-preclean-start]
 CMS: abort preclean due to time 4665.878: [CMS-concurrent-abortable-preclean: 4.343/5.061 secs] [Times: user=6.40 sys=0.35, real=5.07 secs] 
4665.879: [GC[YG occupancy: 398721 K (440896 K)]4665.880: [Rescan (parallel) , 0.6954790 secs]4666.575: [weak refs processing, 0.0027470 secs]4666.578: [class unloading, 0.0200170 secs]4666.598: [scrub symbol & string tables, 0.0187730 secs] [1 CMS-remark: 5780923K(7898752K)] 6179644K(8339648K), 0.7479910 secs] [Times: user=15.57 sys=0.03, real=0.75 secs] 
4666.628: [CMS-concurrent-sweep-start]
4666.843: [GC 4666.843: [ParNew: 413890K->41602K(440896K), 0.0370470 secs] 6194811K->5825547K(8339648K), 0.0374360 secs] [Times: user=0.70 sys=0.00, real=0.04 secs] 
4672.922: [GC 4672.922: [ParNew: 433538K->48960K(440896K), 0.3612560 secs] 6208612K->5842639K(8339648K), 0.3616490 secs] [Times: user=7.36 sys=0.00, real=0.36 secs] 
4673.806: [CMS-concurrent-sweep: 6.755/7.178 secs] [Times: user=23.31 sys=0.87, real=7.17 secs] 
4673.806: [CMS-concurrent-reset-start]
4673.850: [CMS-concurrent-reset: 0.044/0.044 secs] [Times: user=0.40 sys=0.00, real=0.05 secs] 
4673.919: [GC [1 CMS-initial-mark: 5787087K(7898752K)] 6018978K(8339648K), 0.5924630 secs] [Times: user=0.59 sys=0.00, real=0.59 secs] 
4674.517: [CMS-concurrent-mark-start]
4675.376: [GC 4675.377: [ParNew: 440896K->46168K(440896K), 0.0685870 secs] 6227983K->5851808K(8339648K), 0.0689810 secs] [Times: user=1.07 sys=0.01, real=0.07 secs] 
4676.953: [GC 4676.953: [ParNew: 438104K->24989K(440896K), 0.0714290 secs] 6243744K->5848821K(8339648K), 0.0718060 secs] [Times: user=1.12 sys=0.03, real=0.07 secs] 
4678.543: [GC 4678.543: [ParNew: 416925K->30847K(440896K), 0.0248680 secs] 6240757K->5854679K(8339648K), 0.0252530 secs] [Times: user=0.46 sys=0.00, real=0.03 secs] 
4680.135: [GC 4680.135: [ParNew: 422783K->35532K(440896K), 0.0316750 secs] 6246615K->5859363K(8339648K), 0.0320530 secs] [Times: user=0.69 sys=0.00, real=0.04 secs] 
4680.178: [CMS-concurrent-mark: 5.290/5.661 secs] [Times: user=95.90 sys=1.97, real=5.67 secs] 
4680.179: [CMS-concurrent-preclean-start]
4680.536: [CMS-concurrent-preclean: 0.347/0.357 secs] [Times: user=5.47 sys=0.09, real=0.35 secs] 
4680.536: [CMS-concurrent-abortable-preclean-start]
4680.971: [CMS-concurrent-abortable-preclean: 0.416/0.435 secs] [Times: user=6.64 sys=0.15, real=0.44 secs] 
4680.973: [GC[YG occupancy: 232269 K (440896 K)]4680.973: [Rescan (parallel) , 0.1063330 secs]4681.079: [weak refs processing, 0.0015860 secs]4681.081: [class unloading, 0.0274160 secs]4681.108: [scrub symbol & string tables, 0.0237920 secs] [1 CMS-remark: 5823831K(7898752K)] 6056101K(8339648K), 0.1744980 secs] [Times: user=2.32 sys=0.00, real=0.17 secs] 
4681.148: [CMS-concurrent-sweep-start]
4682.144: [GC 4682.144: [ParNew: 427468K->34656K(440896K), 0.0448700 secs] 6251231K->5866658K(8339648K), 0.0452590 secs] [Times: user=0.70 sys=0.00, real=0.05 secs] 
4683.725: [GC 4683.725: [ParNew: 426592K->33397K(440896K), 0.0492650 secs] 6257580K->5869793K(8339648K), 0.0578880 secs] [Times: user=0.93 sys=0.00, real=0.06 secs] 
4685.195: [GC 4685.195: [ParNew: 425333K->29696K(440896K), 0.0700660 secs] 6258908K->5870690K(8339648K), 0.0704360 secs] [Times: user=1.39 sys=0.00, real=0.07 secs] 
4686.689: [GC 4686.689: [ParNew: 421632K->23919K(440896K), 0.0331390 secs] 6262563K->5869710K(8339648K), 0.0335050 secs] [Times: user=0.48 sys=0.00, real=0.03 secs] 
4688.196: [GC 4688.197: [ParNew: 415855K->24412K(440896K), 0.0337160 secs] 6261547K->5874478K(8339648K), 0.0340870 secs] [Times: user=0.64 sys=0.00, real=0.04 secs] 
4689.105: [CMS-concurrent-sweep: 7.685/7.957 secs] [Times: user=138.43 sys=1.26, real=7.95 secs] 
4689.105: [CMS-concurrent-reset-start]
4689.156: [CMS-concurrent-reset: 0.052/0.052 secs] [Times: user=0.85 sys=0.01, real=0.05 secs] 
4689.871: [GC 4689.871: [ParNew: 416348K->25032K(440896K), 0.0485990 secs] 6265272K->5879605K(8339648K), 0.0489650 secs] [Times: user=0.83 sys=0.00, real=0.05 secs] 
4689.921: [GC [1 CMS-initial-mark: 5854573K(7898752K)] 5880055K(8339648K), 0.0374930 secs] [Times: user=0.03 sys=0.00, real=0.04 secs] 
4689.959: [CMS-concurrent-mark-start]
4691.815: [GC 4691.815: [ParNew: 416968K->26353K(440896K), 0.0344460 secs] 6271541K->5882940K(8339648K), 0.0348170 secs] [Times: user=0.67 sys=0.00, real=0.04 secs] 
4693.461: [GC 4693.462: [ParNew: 418289K->25277K(440896K), 0.0339000 secs] 6274876K->5886549K(8339648K), 0.0342840 secs] [Times: user=0.45 sys=0.00, real=0.03 secs] 
4695.177: [GC 4695.178: [ParNew: 417213K->26572K(440896K), 0.0301820 secs] 6278485K->5891076K(8339648K), 0.0682630 secs] [Times: user=0.54 sys=0.01, real=0.06 secs] 
4696.701: [CMS-concurrent-mark: 6.545/6.742 secs] [Times: user=146.57 sys=0.56, real=6.74 secs] 
4696.701: [CMS-concurrent-preclean-start]
4696.914: [GC 4696.914: [ParNew: 418508K->24322K(440896K), 0.0329760 secs] 6283012K->5894477K(8339648K), 0.0333500 secs] [Times: user=0.56 sys=0.00, real=0.03 secs] 
4696.965: [CMS-concurrent-preclean: 0.215/0.264 secs] [Times: user=4.25 sys=0.04, real=0.26 secs] 
4696.965: [CMS-concurrent-abortable-preclean-start]
4697.761: [CMS-concurrent-abortable-preclean: 0.788/0.796 secs] [Times: user=13.85 sys=0.04, real=0.80 secs] 
4697.764: [GC[YG occupancy: 234043 K (440896 K)]4697.764: [Rescan (parallel) , 0.0479580 secs]4697.812: [weak refs processing, 0.0017250 secs]4697.814: [class unloading, 0.0201280 secs]4697.834: [scrub symbol & string tables, 0.0186250 secs] [1 CMS-remark: 5870155K(7898752K)] 6104198K(8339648K), 0.0989670 secs] [Times: user=1.03 sys=0.00, real=0.10 secs] 
4697.863: [CMS-concurrent-sweep-start]
4698.630: [GC 4698.630: [ParNew: 416258K->18922K(440896K), 0.0277650 secs] 6286385K->5892424K(8339648K), 0.0281320 secs] [Times: user=0.43 sys=0.01, real=0.03 secs] 
4700.345: [GC 4700.345: [ParNew: 410858K->20694K(440896K), 0.0333250 secs] 6281256K->5895308K(8339648K), 0.0337110 secs] [Times: user=0.56 sys=0.01, real=0.04 secs] 
4701.967: [GC 4701.967: [ParNew: 412630K->23284K(440896K), 0.0309510 secs] 6281878K->5895878K(8339648K), 0.0313080 secs] [Times: user=0.59 sys=0.00, real=0.04 secs] 
4703.658: [GC 4703.658: [ParNew: 415220K->24217K(440896K), 0.0291480 secs] 6287792K->5899549K(8339648K), 0.0295030 secs] [Times: user=0.50 sys=0.00, real=0.03 secs] 
4705.391: [GC 4705.391: [ParNew: 416153K->23888K(440896K), 0.0324000 secs] 6285921K->5897236K(8339648K), 0.0509320 secs] [Times: user=0.47 sys=0.00, real=0.05 secs] 
4705.462: [CMS-concurrent-sweep: 7.409/7.599 secs] [Times: user=130.05 sys=0.47, real=7.60 secs] 
4705.463: [CMS-concurrent-reset-start]
4705.508: [CMS-concurrent-reset: 0.045/0.045 secs] [Times: user=0.75 sys=0.00, real=0.05 secs] 
4705.827: [GC [1 CMS-initial-mark: 5873347K(7898752K)] 5990179K(8339648K), 0.2785240 secs] [Times: user=0.28 sys=0.00, real=0.27 secs] 
4706.106: [CMS-concurrent-mark-start]
4707.518: [GC 4707.519: [ParNew: 415824K->23119K(440896K), 0.0321190 secs] 6289172K->5901629K(8339648K), 0.0324960 secs] [Times: user=0.46 sys=0.00, real=0.03 secs] 
4709.133: [GC 4709.134: [ParNew: 415055K->24903K(440896K), 0.0265150 secs] 6293565K->5906629K(8339648K), 0.0268830 secs] [Times: user=0.47 sys=0.00, real=0.03 secs] 
4710.779: [GC 4710.780: [ParNew: 416839K->25592K(440896K), 0.0346520 secs] 6298565K->5911321K(8339648K), 0.0350180 secs] [Times: user=0.46 sys=0.00, real=0.03 secs] 
4712.277: [CMS-concurrent-mark: 6.066/6.171 secs] [Times: user=134.93 sys=0.34, real=6.18 secs] 
4712.277: [CMS-concurrent-preclean-start]
4712.372: [GC 4712.372: [ParNew: 417528K->30836K(440896K), 0.0285160 secs] 6303257K->5919620K(8339648K), 0.0289070 secs] [Times: user=0.47 sys=0.00, real=0.03 secs] 
4712.603: [CMS-concurrent-preclean: 0.285/0.326 secs] [Times: user=5.79 sys=0.04, real=0.32 secs] 
4712.603: [CMS-concurrent-abortable-preclean-start]
4713.121: [CMS-concurrent-abortable-preclean: 0.516/0.518 secs] [Times: user=9.47 sys=0.04, real=0.52 secs] 
4713.124: [GC[YG occupancy: 233893 K (440896 K)]4713.124: [Rescan (parallel) , 0.0615040 secs]4713.186: [weak refs processing, 0.0025060 secs]4713.188: [class unloading, 0.0203850 secs]4713.209: [scrub symbol & string tables, 0.0186400 secs] [1 CMS-remark: 5888784K(7898752K)] 6122677K(8339648K), 0.1139860 secs] [Times: user=1.38 sys=0.00, real=0.12 secs] 
4713.239: [CMS-concurrent-sweep-start]
4714.032: [GC 4714.033: [ParNew: 422772K->33468K(440896K), 0.0401010 secs] 6311537K->5926081K(8339648K), 0.0404750 secs] [Times: user=0.69 sys=0.01, real=0.04 secs] 
4715.744: [GC 4715.744: [ParNew: 425404K->32077K(440896K), 0.0393160 secs] 6312537K->5925027K(8339648K), 0.0398120 secs] [Times: user=0.70 sys=0.00, real=0.06 secs] 
4717.483: [GC 4717.484: [ParNew: 424013K->28667K(440896K), 0.0400500 secs] 6315149K->5922816K(8339648K), 0.0404190 secs] [Times: user=0.69 sys=0.01, real=0.04 secs] 
4719.185: [GC 4719.185: [ParNew: 420603K->30857K(440896K), 0.1349450 secs] 6314476K->5927805K(8339648K), 0.1352930 secs] [Times: user=2.94 sys=0.00, real=0.14 secs] 
4720.676: [CMS-concurrent-sweep: 7.151/7.437 secs] [Times: user=128.20 sys=0.32, real=7.43 secs] 
4720.676: [CMS-concurrent-reset-start]
4720.722: [CMS-concurrent-reset: 0.046/0.046 secs] [Times: user=0.87 sys=0.00, real=0.05 secs] 
4720.985: [GC 4720.986: [ParNew: 422793K->26711K(440896K), 0.1247020 secs] 6317504K->5929156K(8339648K), 0.1398890 secs] [Times: user=2.37 sys=0.02, real=0.14 secs] 
4721.127: [GC [1 CMS-initial-mark: 5902445K(7898752K)] 5929643K(8339648K), 0.0416810 secs] [Times: user=0.05 sys=0.00, real=0.05 secs] 
4721.169: [CMS-concurrent-mark-start]
4722.793: [GC 4722.793: [ParNew: 418647K->30549K(440896K), 0.0368330 secs] 6321092K->5936150K(8339648K), 0.0372500 secs] [Times: user=0.68 sys=0.00, real=0.04 secs] 
4724.443: [GC 4724.443: [ParNew: 422485K->29833K(440896K), 0.0552980 secs] 6328086K->5938640K(8339648K), 0.0556720 secs] [Times: user=1.13 sys=0.01, real=0.06 secs] 
4726.106: [GC 4726.106: [ParNew: 421769K->29527K(440896K), 0.0695700 secs] 6330576K->5945229K(8339648K), 0.0699560 secs] [Times: user=1.33 sys=0.02, real=0.07 secs] 
4727.778: [GC 4727.779: [ParNew: 421463K->29095K(440896K), 0.0286770 secs] 6337165K->5948223K(8339648K), 0.0290630 secs] [Times: user=0.48 sys=0.00, real=0.03 secs] 
4727.937: [CMS-concurrent-mark: 6.497/6.768 secs] [Times: user=146.73 sys=0.85, real=6.76 secs] 
4727.937: [CMS-concurrent-preclean-start]
4728.400: [CMS-concurrent-preclean: 0.445/0.463 secs] [Times: user=7.99 sys=0.03, real=0.47 secs] 
4728.400: [CMS-concurrent-abortable-preclean-start]
4728.679: [CMS-concurrent-abortable-preclean: 0.275/0.278 secs] [Times: user=4.73 sys=0.00, real=0.28 secs] 
4728.681: [GC[YG occupancy: 239175 K (440896 K)]4728.681: [Rescan (parallel) , 0.0726800 secs]4728.754: [weak refs processing, 0.0013280 secs]4728.755: [class unloading, 0.0194400 secs]4728.774: [scrub symbol & string tables, 0.0186290 secs] [1 CMS-remark: 5919127K(7898752K)] 6158303K(8339648K), 0.1223990 secs] [Times: user=1.55 sys=0.00, real=0.12 secs] 
4728.804: [CMS-concurrent-sweep-start]
4729.538: [GC 4729.538: [ParNew: 421031K->27690K(440896K), 0.0395910 secs] 6340140K->5953559K(8339648K), 0.0399670 secs] [Times: user=0.43 sys=0.01, real=0.04 secs] 
4731.087: [GC 4731.087: [ParNew: 419626K->24992K(440896K), 0.0296620 secs] 6344895K->5954283K(8339648K), 0.0300590 secs] [Times: user=0.42 sys=0.02, real=0.06 secs] 
4732.544: [GC 4732.544: [ParNew: 416928K->26105K(440896K), 0.0306260 secs] 6340175K->5954035K(8339648K), 0.0309990 secs] [Times: user=0.47 sys=0.00, real=0.03 secs] 
4734.225: [GC 4734.226: [ParNew: 418041K->26326K(440896K), 0.0309530 secs] 6345956K->5958568K(8339648K), 0.0313280 secs] [Times: user=0.45 sys=0.01, real=0.03 secs] 
4735.887: [GC 4735.887: [ParNew: 418262K->25663K(440896K), 0.0268410 secs] 6350453K->5961273K(8339648K), 0.0272140 secs] [Times: user=0.37 sys=0.00, real=0.03 secs] 
4736.508: [CMS-concurrent-sweep: 7.454/7.704 secs] [Times: user=129.75 sys=1.06, real=7.71 secs] 
4736.508: [CMS-concurrent-reset-start]
4736.554: [CMS-concurrent-reset: 0.046/0.046 secs] [Times: user=0.79 sys=0.00, real=0.04 secs] 
4737.602: [GC 4737.602: [ParNew: 417599K->25853K(440896K), 0.0314650 secs] 6350961K->5962966K(8339648K), 0.0318230 secs] [Times: user=0.46 sys=0.00, real=0.03 secs] 
4737.635: [GC [1 CMS-initial-mark: 5937112K(7898752K)] 5963135K(8339648K), 0.0391260 secs] [Times: user=0.04 sys=0.00, real=0.04 secs] 
4737.674: [CMS-concurrent-mark-start]
4739.341: [GC 4739.341: [ParNew: 417789K->28313K(440896K), 0.0397780 secs] 6354902K->5970850K(8339648K), 0.0401600 secs] [Times: user=0.67 sys=0.01, real=0.04 secs] 
4741.117: [GC 4741.117: [ParNew: 420249K->26871K(440896K), 0.0424530 secs] 6362786K->5973411K(8339648K), 0.0428270 secs] [Times: user=0.86 sys=0.01, real=0.05 secs] 
4742.851: [GC 4742.852: [ParNew: 418807K->28791K(440896K), 0.0347160 secs] 6365347K->5979086K(8339648K), 0.0350830 secs] [Times: user=0.60 sys=0.00, real=0.03 secs] 
4744.345: [CMS-concurrent-mark: 6.513/6.670 secs] [Times: user=146.62 sys=0.45, real=6.67 secs] 
4744.345: [CMS-concurrent-preclean-start]
4744.616: [GC 4744.616: [ParNew: 420727K->25670K(440896K), 0.0337340 secs] 6371022K->5979291K(8339648K), 0.0340940 secs] [Times: user=0.64 sys=0.00, real=0.04 secs] 
4744.950: [CMS-concurrent-preclean: 0.544/0.605 secs] [Times: user=10.41 sys=0.01, real=0.61 secs] 
4744.950: [CMS-concurrent-abortable-preclean-start]
4745.617: [CMS-concurrent-abortable-preclean: 0.662/0.667 secs] [Times: user=11.32 sys=0.02, real=0.66 secs] 
4745.620: [GC[YG occupancy: 245790 K (440896 K)]4745.620: [Rescan (parallel) , 0.0727080 secs]4745.693: [weak refs processing, 0.0015530 secs]4745.695: [class unloading, 0.0217720 secs]4745.716: [scrub symbol & string tables, 0.0203220 secs] [1 CMS-remark: 5953620K(7898752K)] 6199410K(8339648K), 0.1268930 secs] [Times: user=1.50 sys=0.00, real=0.12 secs] 
4745.748: [CMS-concurrent-sweep-start]
4746.524: [GC 4746.524: [ParNew: 417606K->25210K(440896K), 0.0393250 secs] 6371210K->5985759K(8339648K), 0.0397030 secs] [Times: user=0.68 sys=0.00, real=0.04 secs] 
4748.176: [GC 4748.176: [ParNew: 417146K->21103K(440896K), 0.0284570 secs] 6377483K->5984785K(8339648K), 0.0288180 secs] [Times: user=0.49 sys=0.01, real=0.03 secs] 
4749.847: [GC 4749.848: [ParNew: 413039K->22580K(440896K), 0.0280990 secs] 6366364K->5979752K(8339648K), 0.0284820 secs] [Times: user=0.34 sys=0.00, real=0.02 secs] 
4751.503: [GC 4751.503: [ParNew: 414516K->24491K(440896K), 0.0287250 secs] 6371626K->5984833K(8339648K), 0.0291090 secs] [Times: user=0.47 sys=0.00, real=0.03 secs] 
4753.120: [GC 4753.120: [ParNew: 416427K->23946K(440896K), 0.0331700 secs] 6376702K->5987467K(8339648K), 0.0335510 secs] [Times: user=0.42 sys=0.00, real=0.03 secs] 
4753.737: [CMS-concurrent-sweep: 7.784/7.990 secs] [Times: user=136.28 sys=0.45, real=7.99 secs] 
4753.738: [CMS-concurrent-reset-start]
4753.783: [CMS-concurrent-reset: 0.046/0.046 secs] [Times: user=0.80 sys=0.00, real=0.04 secs] 
4753.974: [GC [1 CMS-initial-mark: 5962544K(7898752K)] 6180375K(8339648K), 0.5184960 secs] [Times: user=0.53 sys=0.00, real=0.52 secs] 
4754.494: [CMS-concurrent-mark-start]
4755.513: [GC 4755.513: [ParNew: 415882K->25568K(440896K), 0.0405740 secs] 6378427K->5993106K(8339648K), 0.0409800 secs] [Times: user=0.65 sys=0.00, real=0.04 secs] 
4757.337: [GC 4757.337: [ParNew: 417504K->24214K(440896K), 0.0324690 secs] 6385042K->5995405K(8339648K), 0.0328710 secs] [Times: user=0.62 sys=0.00, real=0.04 secs] 
4759.026: [GC 4759.026: [ParNew: 416150K->28842K(440896K), 0.0313560 secs] 6387341K->6003904K(8339648K), 0.0317680 secs] [Times: user=0.55 sys=0.01, real=0.04 secs] 
4760.563: [GC 4760.563: [ParNew: 420778K->28601K(440896K), 0.0350220 secs] 6395840K->6007817K(8339648K), 0.0354220 secs] [Times: user=0.57 sys=0.00, real=0.04 secs] 
4761.234: [CMS-concurrent-mark: 6.423/6.740 secs] [Times: user=143.26 sys=1.16, real=6.74 secs] 
4761.234: [CMS-concurrent-preclean-start]
4761.517: [CMS-concurrent-preclean: 0.272/0.283 secs] [Times: user=4.83 sys=0.05, real=0.29 secs] 
4761.517: [CMS-concurrent-abortable-preclean-start]
4762.022: [GC 4762.022: [ParNew: 420537K->29596K(440896K), 0.0319520 secs] 6399753K->6012335K(8339648K), 0.0323480 secs] [Times: user=0.43 sys=0.01, real=0.03 secs] 
4762.848: [CMS-concurrent-abortable-preclean: 1.278/1.330 secs] [Times: user=22.89 sys=0.12, real=1.33 secs] 
4762.851: [GC[YG occupancy: 236094 K (440896 K)]4762.851: [Rescan (parallel) , 0.0560820 secs]4762.907: [weak refs processing, 0.0012380 secs]4762.908: [class unloading, 0.0203240 secs]4762.929: [scrub symbol & string tables, 0.0189660 secs] [1 CMS-remark: 5982738K(7898752K)] 6218833K(8339648K), 0.1068790 secs] [Times: user=1.18 sys=0.00, real=0.11 secs] 
4762.958: [CMS-concurrent-sweep-start]
4763.867: [GC 4763.867: [ParNew: 421532K->32391K(440896K), 0.0748240 secs] 6404255K->6018529K(8339648K), 0.0827430 secs] [Times: user=1.44 sys=0.02, real=0.09 secs] 
4765.700: [GC 4765.700: [ParNew: 424327K->27877K(440896K), 0.0971940 secs] 6409662K->6021429K(8339648K), 0.0975740 secs] [Times: user=1.48 sys=0.00, real=0.10 secs] 
4767.399: [GC 4767.399: [ParNew: 419813K->21632K(440896K), 0.1068810 secs] 6406428K->6012156K(8339648K), 0.1072720 secs] [Times: user=2.07 sys=0.00, real=0.10 secs] 
4769.067: [GC 4769.068: [ParNew: 413568K->25164K(440896K), 0.0888010 secs] 6404009K->6019217K(8339648K), 0.1214600 secs] [Times: user=1.69 sys=0.00, real=0.13 secs] 
4770.783: [GC 4770.783: [ParNew: 417100K->25023K(440896K), 0.1374550 secs] 6410745K->6024171K(8339648K), 0.1378350 secs] [Times: user=2.85 sys=0.02, real=0.14 secs] 
4771.167: [CMS-concurrent-sweep: 7.614/8.209 secs] [Times: user=139.76 sys=0.68, real=8.20 secs] 
4771.167: [CMS-concurrent-reset-start]
4771.213: [CMS-concurrent-reset: 0.045/0.045 secs] [Times: user=0.83 sys=0.00, real=0.05 secs] 
4771.897: [GC [1 CMS-initial-mark: 5998767K(7898752K)] 6266997K(8339648K), 0.6309330 secs] [Times: user=0.63 sys=0.00, real=0.64 secs] 
4772.528: [CMS-concurrent-mark-start]
4773.137: [GC 4773.137: [ParNew: 416959K->28571K(440896K), 0.0370520 secs] 6415726K->6029820K(8339648K), 0.0374740 secs] [Times: user=0.52 sys=0.02, real=0.04 secs] 
4774.935: [GC 4774.935: [ParNew: 420507K->29364K(440896K), 0.0394420 secs] 6421756K->6034766K(8339648K), 0.0398350 secs] [Times: user=0.68 sys=0.00, real=0.04 secs] 
4776.670: [GC 4776.670: [ParNew: 421300K->28182K(440896K), 0.0739260 secs] 6426702K->6037368K(8339648K), 0.0743250 secs] [Times: user=1.23 sys=0.02, real=0.07 secs] 
4778.325: [GC 4778.325: [ParNew: 420118K->29053K(440896K), 0.0543060 secs] 6429304K->6043850K(8339648K), 0.0547200 secs] [Times: user=0.90 sys=0.01, real=0.06 secs] 
4779.704: [CMS-concurrent-mark: 6.915/7.176 secs] [Times: user=157.04 sys=0.64, real=7.17 secs] 
4779.705: [CMS-concurrent-preclean-start]
4779.991: [CMS-concurrent-preclean: 0.277/0.287 secs] [Times: user=4.96 sys=0.02, real=0.29 secs] 
4779.991: [CMS-concurrent-abortable-preclean-start]
4780.014: [GC 4780.015: [ParNew: 420989K->26427K(440896K), 0.0608260 secs] 6435786K->6047120K(8339648K), 0.0882330 secs] [Times: user=1.14 sys=0.00, real=0.09 secs] 
4780.954: [CMS-concurrent-abortable-preclean: 0.853/0.963 secs] [Times: user=15.93 sys=0.14, real=0.96 secs] 
4780.958: [GC[YG occupancy: 234919 K (440896 K)]4780.958: [Rescan (parallel) , 0.0453490 secs]4781.003: [weak refs processing, 0.0012130 secs]4781.005: [class unloading, 0.0194730 secs]4781.024: [scrub symbol & string tables, 0.0186360 secs] [1 CMS-remark: 6020692K(7898752K)] 6255611K(8339648K), 0.0948100 secs] [Times: user=1.02 sys=0.02, real=0.09 secs] 
4781.053: [CMS-concurrent-sweep-start]
4781.786: [GC 4781.786: [ParNew: 418363K->26257K(440896K), 0.0308620 secs] 6438809K->6050211K(8339648K), 0.0312600 secs] [Times: user=0.59 sys=0.01, real=0.04 secs] 
4783.378: [GC 4783.378: [ParNew: 418193K->27515K(440896K), 0.0368010 secs] 6442112K->6056016K(8339648K), 0.0372060 secs] [Times: user=0.33 sys=0.01, real=0.03 secs] 
4784.993: [GC 4784.993: [ParNew: 419451K->27406K(440896K), 0.0334970 secs] 6442241K->6053391K(8339648K), 0.0338930 secs] [Times: user=0.46 sys=0.01, real=0.06 secs] 
4786.679: [GC 4786.679: [ParNew: 419342K->24947K(440896K), 0.0395090 secs] 6445303K->6055883K(8339648K), 0.0399170 secs] [Times: user=0.50 sys=0.01, real=0.04 secs] 
4788.405: [GC 4788.405: [ParNew: 416883K->23540K(440896K), 0.0319280 secs] 6447789K->6058738K(8339648K), 0.0323520 secs] [Times: user=0.50 sys=0.01, real=0.04 secs] 
4789.250: [CMS-concurrent-sweep: 7.944/8.196 secs] [Times: user=139.64 sys=0.76, real=8.20 secs] 
4789.250: [CMS-concurrent-reset-start]
4789.296: [CMS-concurrent-reset: 0.046/0.046 secs] [Times: user=0.68 sys=0.00, real=0.04 secs] 
4790.079: [GC [1 CMS-initial-mark: 6032810K(7898752K)] 6432888K(8339648K), 1.0452190 secs] [Times: user=1.04 sys=0.00, real=1.04 secs] 
4791.125: [CMS-concurrent-mark-start]
4791.180: [GC 4791.180: [ParNew: 415476K->24468K(440896K), 0.0379760 secs] 6448286K->6061898K(8339648K), 0.0384030 secs] [Times: user=0.53 sys=0.01, real=0.04 secs] 
4792.774: [GC 4792.774: [ParNew: 416404K->28484K(440896K), 0.0277420 secs] 6453834K->6069581K(8339648K), 0.0281730 secs] [Times: user=0.47 sys=0.00, real=0.03 secs] 
4794.163: [GC 4794.163: [ParNew: 420420K->28565K(440896K), 0.0317420 secs] 6461517K->6072898K(8339648K), 0.0321730 secs] [Times: user=0.43 sys=0.02, real=0.03 secs] 
4795.607: [GC 4795.607: [ParNew: 420501K->29016K(440896K), 0.0610220 secs] 6464834K->6076822K(8339648K), 0.0614430 secs] [Times: user=1.18 sys=0.01, real=0.07 secs] 
4797.222: [GC 4797.222: [ParNew: 420952K->29236K(440896K), 0.0538730 secs] 6468758K->6081131K(8339648K), 0.0542950 secs] [Times: user=0.82 sys=0.02, real=0.05 secs] 
4797.610: [CMS-concurrent-mark: 6.233/6.485 secs] [Times: user=142.18 sys=1.04, real=6.49 secs] 
4797.610: [CMS-concurrent-preclean-start]
4797.971: [CMS-concurrent-preclean: 0.342/0.361 secs] [Times: user=6.03 sys=0.02, real=0.36 secs] 
4797.971: [CMS-concurrent-abortable-preclean-start]
4798.893: [GC 4798.893: [ParNew: 421172K->27885K(440896K), 0.0694830 secs] 6473067K->6086410K(8339648K), 0.0699030 secs] [Times: user=1.15 sys=0.04, real=0.07 secs] 
4799.838: [CMS-concurrent-abortable-preclean: 1.769/1.868 secs] [Times: user=31.59 sys=0.20, real=1.87 secs] 
4799.841: [GC[YG occupancy: 237962 K (440896 K)]4799.841: [Rescan (parallel) , 0.0671170 secs]4799.909: [weak refs processing, 0.0013880 secs]4799.910: [class unloading, 0.0194900 secs]4799.930: [scrub symbol & string tables, 0.0203440 secs] [1 CMS-remark: 6058524K(7898752K)] 6296487K(8339648K), 0.1192140 secs] [Times: user=1.39 sys=0.02, real=0.12 secs] 
4799.961: [CMS-concurrent-sweep-start]
4800.943: [GC 4800.943: [ParNew: 419821K->24089K(440896K), 0.0669960 secs] 6478315K->6086791K(8339648K), 0.0674120 secs] [Times: user=1.37 sys=0.01, real=0.07 secs] 
4802.587: [GC 4802.587: [ParNew: 416025K->28639K(440896K), 0.0310980 secs] 6478662K->6095131K(8339648K), 0.0315290 secs] [Times: user=0.58 sys=0.00, real=0.04 secs] 
4804.156: [GC 4804.156: [ParNew: 420575K->30874K(440896K), 0.0405930 secs] 6481809K->6095744K(8339648K), 0.0410340 secs] [Times: user=0.69 sys=0.00, real=0.04 secs] 
4805.843: [GC 4805.843: [ParNew: 422810K->28557K(440896K), 0.0405090 secs] 6487505K->6097299K(8339648K), 0.0409450 secs] [Times: user=0.70 sys=0.01, real=0.04 secs] 
4807.505: [GC 4807.505: [ParNew: 420493K->28092K(440896K), 0.0426590 secs] 6489167K->6103165K(8339648K), 0.0430900 secs] [Times: user=0.54 sys=0.00, real=0.05 secs] 
4809.233: [GC 4809.233: [ParNew: 420028K->21719K(440896K), 0.0369720 secs] 6494952K->6101914K(8339648K), 0.0374010 secs] [Times: user=0.66 sys=0.02, real=0.04 secs] 
4810.897: [GC 4810.897: [ParNew: 413655K->20826K(440896K), 0.0336430 secs] 6493384K->6104474K(8339648K), 0.0343720 secs] [Times: user=0.53 sys=0.01, real=0.03 secs] 
4811.331: [CMS-concurrent-sweep: 10.986/11.370 secs] [Times: user=195.46 sys=1.27, real=11.37 secs] 
4811.331: [CMS-concurrent-reset-start]
4811.399: [CMS-concurrent-reset: 0.068/0.068 secs] [Times: user=1.17 sys=0.00, real=0.07 secs] 
4812.694: [GC 4812.694: [ParNew: 412762K->23739K(440896K), 0.0335980 secs] 6493499K->6108030K(8339648K), 0.0340300 secs] [Times: user=0.57 sys=0.01, real=0.04 secs] 
4812.730: [GC [1 CMS-initial-mark: 6084290K(7898752K)] 6108175K(8339648K), 0.0369950 secs] [Times: user=0.03 sys=0.00, real=0.03 secs] 
4812.767: [CMS-concurrent-mark-start]
4814.317: [GC 4814.317: [ParNew: 415675K->27558K(440896K), 0.0331470 secs] 6499966K->6115357K(8339648K), 0.0335760 secs] [Times: user=0.58 sys=0.00, real=0.04 secs] 
4817.805: [CMS-concurrent-mark: 4.994/5.038 secs] [Times: user=75.79 sys=0.40, real=5.04 secs] 
4817.806: [CMS-concurrent-preclean-start]
4817.992: [CMS-concurrent-preclean: 0.179/0.187 secs] [Times: user=0.19 sys=0.00, real=0.19 secs] 
4817.992: [CMS-concurrent-abortable-preclean-start]
4818.421: [GC 4818.421: [ParNew: 419494K->29590K(440896K), 0.0425430 secs] 6507293K->6120936K(8339648K), 0.0430540 secs] [Times: user=0.66 sys=0.02, real=0.04 secs] 
4819.496: [CMS-concurrent-abortable-preclean: 1.337/1.503 secs] [Times: user=23.11 sys=0.26, real=1.50 secs] 
4819.499: [GC[YG occupancy: 233952 K (440896 K)]4819.499: [Rescan (parallel) , 0.0657740 secs]4819.586: [weak refs processing, 0.0013190 secs]4819.587: [class unloading, 0.0198470 secs]4819.607: [scrub symbol & string tables, 0.0200650 secs] [1 CMS-remark: 6091345K(7898752K)] 6325297K(8339648K), 0.1387160 secs] [Times: user=1.35 sys=0.02, real=0.14 secs] 
4819.638: [CMS-concurrent-sweep-start]
4820.472: [GC 4820.473: [ParNew: 421526K->32393K(440896K), 0.0377250 secs] 6512795K->6127424K(8339648K), 0.0381500 secs] [Times: user=0.70 sys=0.00, real=0.04 secs] 
4824.677: [GC 4824.677: [ParNew: 424329K->37474K(440896K), 0.0394230 secs] 6515085K->6132995K(8339648K), 0.0398680 secs] [Times: user=0.59 sys=0.01, real=0.04 secs] 
4826.311: [GC 4826.312: [ParNew: 429410K->36795K(440896K), 0.0353510 secs] 6524878K->6136266K(8339648K), 0.0357850 secs] [Times: user=0.49 sys=0.01, real=0.03 secs] 
4827.582: [CMS-concurrent-sweep: 7.788/7.944 secs] [Times: user=93.91 sys=0.68, real=7.94 secs] 
4827.582: [CMS-concurrent-reset-start]
4827.628: [CMS-concurrent-reset: 0.046/0.046 secs] [Times: user=0.07 sys=0.00, real=0.05 secs] 
4828.446: [GC [1 CMS-initial-mark: 6091600K(7898752K)] 6422429K(8339648K), 1.1317850 secs] [Times: user=1.14 sys=0.00, real=1.13 secs] 
4829.579: [CMS-concurrent-mark-start]
4832.738: [GC 4832.739: [ParNew: 428731K->43434K(440896K), 0.0433590 secs] 6520332K->6141632K(8339648K), 0.0438060 secs] [Times: user=0.56 sys=0.03, real=0.04 secs] 
4834.546: [GC 4834.547: [ParNew: 435370K->41017K(440896K), 0.0586100 secs] 6533568K->6153807K(8339648K), 0.0590380 secs] [Times: user=0.70 sys=0.03, real=0.06 secs] 
4834.923: [CMS-concurrent-mark: 5.231/5.344 secs] [Times: user=68.75 sys=0.41, real=5.34 secs] 
4834.923: [CMS-concurrent-preclean-start]
4835.486: [CMS-concurrent-preclean: 0.539/0.563 secs] [Times: user=9.63 sys=0.03, real=0.56 secs] 
4835.486: [CMS-concurrent-abortable-preclean-start]
4838.167: [GC 4838.167: [ParNew: 432953K->35548K(440896K), 0.0368160 secs] 6545743K->6148338K(8339648K), 0.0373330 secs] [Times: user=0.83 sys=0.00, real=0.04 secs] 
4839.264: [CMS-concurrent-abortable-preclean: 3.207/3.778 secs] [Times: user=35.13 sys=0.19, real=3.78 secs] 
4839.267: [GC[YG occupancy: 251993 K (440896 K)]4839.267: [Rescan (parallel) , 0.0741750 secs]4839.341: [weak refs processing, 0.0014150 secs]4839.343: [class unloading, 0.0199960 secs]4839.363: [scrub symbol & string tables, 0.0199740 secs] [1 CMS-remark: 6112790K(7898752K)] 6364783K(8339648K), 0.1261220 secs] [Times: user=1.65 sys=0.00, real=0.13 secs] 
4839.394: [CMS-concurrent-sweep-start]
4846.434: [CMS-concurrent-sweep: 7.006/7.040 secs] [Times: user=10.86 sys=0.26, real=7.04 secs] 
4846.434: [CMS-concurrent-reset-start]
4846.473: [CMS-concurrent-reset: 0.039/0.039 secs] [Times: user=0.04 sys=0.00, real=0.04 secs] 
4847.360: [GC [1 CMS-initial-mark: 6108388K(7898752K)] 6469455K(8339648K), 1.0553960 secs] [Times: user=1.05 sys=0.00, real=1.05 secs] 
4848.416: [CMS-concurrent-mark-start]
4850.908: [GC 4850.909: [ParNew: 427484K->48332K(440896K), 0.0557400 secs] 6535872K->6172199K(8339648K), 0.0561940 secs] [Times: user=0.73 sys=0.00, real=0.05 secs] 
4852.649: [CMS-concurrent-mark: 4.170/4.233 secs] [Times: user=26.68 sys=0.16, real=4.24 secs] 
4852.649: [CMS-concurrent-preclean-start]
4852.901: [CMS-concurrent-preclean: 0.242/0.252 secs] [Times: user=0.42 sys=0.01, real=0.25 secs] 
4852.902: [CMS-concurrent-abortable-preclean-start]
 CMS: abort preclean due to time 4857.926: [CMS-concurrent-abortable-preclean: 4.718/5.025 secs] [Times: user=5.50 sys=0.25, real=5.02 secs] 
4857.928: [GC[YG occupancy: 212673 K (440896 K)]4857.928: [Rescan (parallel) , 0.5856220 secs]4858.514: [weak refs processing, 0.0013240 secs]4858.515: [class unloading, 0.0255630 secs]4858.541: [scrub symbol & string tables, 0.0240670 secs] [1 CMS-remark: 6123867K(7898752K)] 6336540K(8339648K), 0.6511380 secs] [Times: user=12.80 sys=0.05, real=0.65 secs] 
4858.580: [CMS-concurrent-sweep-start]
4865.562: [CMS-concurrent-sweep: 6.982/6.982 secs] [Times: user=8.06 sys=0.17, real=6.98 secs] 
4865.562: [CMS-concurrent-reset-start]
4865.602: [CMS-concurrent-reset: 0.040/0.040 secs] [Times: user=0.06 sys=0.00, real=0.04 secs] 
4866.035: [GC [1 CMS-initial-mark: 6121388K(7898752K)] 6427637K(8339648K), 0.8126500 secs] [Times: user=0.81 sys=0.00, real=0.82 secs] 
4866.848: [CMS-concurrent-mark-start]
4870.948: [CMS-concurrent-mark: 4.098/4.099 secs] [Times: user=25.20 sys=0.21, real=4.10 secs] 
4870.948: [CMS-concurrent-preclean-start]
4871.053: [CMS-concurrent-preclean: 0.100/0.105 secs] [Times: user=0.14 sys=0.00, real=0.10 secs] 
4871.053: [CMS-concurrent-abortable-preclean-start]
4872.929: [GC 4872.930: [ParNew: 440268K->48960K(440896K), 0.1494110 secs] 6561657K->6198093K(8339648K), 0.1499310 secs] [Times: user=2.45 sys=0.09, real=0.15 secs] 
4875.645: [CMS-concurrent-abortable-preclean: 4.324/4.593 secs] [Times: user=8.91 sys=0.38, real=4.59 secs] 
4875.648: [GC[YG occupancy: 267850 K (440896 K)]4875.649: [Rescan (parallel) , 0.2679030 secs]4875.917: [weak refs processing, 0.0017820 secs]4875.918: [class unloading, 0.0272970 secs]4875.946: [scrub symbol & string tables, 0.0242300 secs] [1 CMS-remark: 6149133K(7898752K)] 6416984K(8339648K), 0.3392140 secs] [Times: user=5.80 sys=0.01, real=0.33 secs] 
4875.988: [CMS-concurrent-sweep-start]
4883.255: [GC 4883.255: [ParNew: 440896K->48960K(440896K), 0.1356650 secs] 6589616K->6245530K(8339648K), 0.1360950 secs] [Times: user=1.58 sys=0.07, real=0.14 secs] 
4883.642: [CMS-concurrent-sweep: 7.511/7.654 secs] [Times: user=11.08 sys=0.38, real=7.65 secs] 
4883.643: [CMS-concurrent-reset-start]
4883.690: [CMS-concurrent-reset: 0.047/0.047 secs] [Times: user=0.05 sys=0.00, real=0.05 secs] 
4885.692: [GC [1 CMS-initial-mark: 6195277K(7898752K)] 6266488K(8339648K), 0.1262340 secs] [Times: user=0.12 sys=0.00, real=0.12 secs] 
4885.818: [CMS-concurrent-mark-start]
4890.355: [GC 4890.355: [ParNew: 440896K->41801K(440896K), 0.0444730 secs] 6636173K->6237079K(8339648K), 0.0449020 secs] [Times: user=0.93 sys=0.00, real=0.05 secs] 
4890.637: [CMS-concurrent-mark: 4.761/4.819 secs] [Times: user=55.40 sys=0.32, real=4.82 secs] 
4890.638: [CMS-concurrent-preclean-start]
4890.946: [CMS-concurrent-preclean: 0.295/0.308 secs] [Times: user=5.18 sys=0.04, real=0.30 secs] 
4890.946: [CMS-concurrent-abortable-preclean-start]
4891.953: [GC 4891.953: [ParNew: 433737K->38113K(440896K), 0.0721360 secs] 6629015K->6252546K(8339648K), 0.0725320 secs] [Times: user=0.77 sys=0.06, real=0.07 secs] 
4892.838: [CMS-concurrent-abortable-preclean: 1.795/1.893 secs] [Times: user=32.34 sys=0.42, real=1.90 secs] 
4892.841: [GC[YG occupancy: 250610 K (440896 K)]4892.842: [Rescan (parallel) , 0.0616120 secs]4892.903: [weak refs processing, 0.0022490 secs]4892.906: [class unloading, 0.0206860 secs]4892.926: [scrub symbol & string tables, 0.0190140 secs] [1 CMS-remark: 6214432K(7898752K)] 6465042K(8339648K), 0.1145720 secs] [Times: user=1.41 sys=0.00, real=0.11 secs] 
4892.957: [CMS-concurrent-sweep-start]
4893.741: [GC 4893.741: [ParNew: 430049K->32069K(440896K), 0.0384860 secs] 6644478K->6246498K(8339648K), 0.0388970 secs] [Times: user=0.70 sys=0.00, real=0.04 secs] 
4895.496: [GC 4895.496: [ParNew: 424005K->38320K(440896K), 0.0286870 secs] 6638402K->6252717K(8339648K), 0.0290750 secs] [Times: user=0.68 sys=0.00, real=0.03 secs] 
4901.905: [CMS-concurrent-sweep: 8.872/8.948 secs] [Times: user=68.69 sys=0.47, real=8.95 secs] 
4901.905: [CMS-concurrent-reset-start]
4901.945: [CMS-concurrent-reset: 0.040/0.040 secs] [Times: user=0.04 sys=0.00, real=0.04 secs] 
4903.585: [GC [1 CMS-initial-mark: 6207553K(7898752K)] 6569151K(8339648K), 1.1383130 secs] [Times: user=1.14 sys=0.00, real=1.14 secs] 
4904.724: [CMS-concurrent-mark-start]
4905.820: [GC 4905.820: [ParNew: 430256K->45218K(440896K), 0.0567670 secs] 6637809K->6266402K(8339648K), 0.0571940 secs] [Times: user=0.68 sys=0.02, real=0.06 secs] 
4909.027: [GC 4909.027: [ParNew: 437154K->48960K(440896K), 0.1805610 secs] 6658338K->6279584K(8339648K), 0.1809700 secs] [Times: user=3.71 sys=0.02, real=0.19 secs] 
4910.686: [CMS-concurrent-mark: 5.704/5.963 secs] [Times: user=88.94 sys=0.65, real=5.96 secs] 
4910.687: [CMS-concurrent-preclean-start]
4910.937: [GC 4910.938: [ParNew: 440896K->40843K(440896K), 0.1240690 secs] 6671520K->6293612K(8339648K), 0.1245000 secs] [Times: user=1.91 sys=0.03, real=0.12 secs] 
4911.657: [CMS-concurrent-preclean: 0.807/0.970 secs] [Times: user=16.83 sys=0.20, real=0.97 secs] 
4911.657: [CMS-concurrent-abortable-preclean-start]
4911.956: [CMS-concurrent-abortable-preclean: 0.295/0.299 secs] [Times: user=5.26 sys=0.04, real=0.30 secs] 
4911.958: [GC[YG occupancy: 252597 K (440896 K)]4911.958: [Rescan (parallel) , 0.0522680 secs]4912.011: [weak refs processing, 0.0012330 secs]4912.012: [class unloading, 0.0231150 secs]4912.035: [scrub symbol & string tables, 0.0189690 secs] [1 CMS-remark: 6252769K(7898752K)] 6505366K(8339648K), 0.1062870 secs] [Times: user=1.00 sys=0.00, real=0.10 secs] 
4912.065: [CMS-concurrent-sweep-start]
4912.856: [GC 4912.856: [ParNew: 432779K->24899K(440896K), 0.1008900 secs] 6685532K->6277652K(8339648K), 0.1012890 secs] [Times: user=2.07 sys=0.00, real=0.11 secs] 
4914.605: [GC 4914.605: [ParNew: 416835K->29572K(440896K), 0.0888110 secs] 6668589K->6281326K(8339648K), 0.0891700 secs] [Times: user=1.84 sys=0.00, real=0.09 secs] 
4916.298: [GC 4916.298: [ParNew: 421508K->30472K(440896K), 0.1045630 secs] 6673189K->6292030K(8339648K), 0.1049570 secs] [Times: user=2.03 sys=0.02, real=0.10 secs] 
4918.068: [GC 4918.068: [ParNew: 422408K->22980K(440896K), 0.0332650 secs] 6683947K->6288080K(8339648K), 0.0336500 secs] [Times: user=0.52 sys=0.00, real=0.03 secs] 
4919.613: [GC 4919.613: [ParNew: 414916K->25545K(440896K), 0.0420020 secs] 6679500K->6294383K(8339648K), 0.0423950 secs] [Times: user=0.64 sys=0.03, real=0.04 secs] 
4920.351: [CMS-concurrent-sweep: 7.748/8.286 secs] [Times: user=148.84 sys=1.00, real=8.29 secs] 
4920.352: [CMS-concurrent-reset-start]
4920.400: [CMS-concurrent-reset: 0.048/0.048 secs] [Times: user=1.05 sys=0.03, real=0.05 secs] 
4920.723: [GC 4920.723: [ParNew: 417481K->23587K(440896K), 0.0340140 secs] 6684262K->6294412K(8339648K), 0.0344080 secs] [Times: user=0.58 sys=0.01, real=0.04 secs] 
4920.759: [GC [1 CMS-initial-mark: 6270825K(7898752K)] 6294715K(8339648K), 0.0336740 secs] [Times: user=0.03 sys=0.00, real=0.03 secs] 
4920.793: [CMS-concurrent-mark-start]
4922.443: [GC 4922.443: [ParNew: 415523K->22747K(440896K), 0.0370870 secs] 6686348K->6298603K(8339648K), 0.0374700 secs] [Times: user=0.62 sys=0.00, real=0.04 secs] 
4924.150: [GC 4924.151: [ParNew: 414683K->17840K(440896K), 0.0441230 secs] 6690539K->6297738K(8339648K), 0.0445070 secs] [Times: user=0.58 sys=0.00, real=0.04 secs] 
4925.744: [GC 4925.744: [ParNew: 409776K->20492K(440896K), 0.0533250 secs] 6689674K->6303753K(8339648K), 0.0536930 secs] [Times: user=1.14 sys=0.00, real=0.06 secs] 
4926.792: [CMS-concurrent-mark: 5.849/5.999 secs] [Times: user=132.12 sys=0.34, real=6.00 secs] 
4926.792: [CMS-concurrent-preclean-start]
4927.018: [CMS-concurrent-preclean: 0.217/0.226 secs] [Times: user=3.66 sys=0.02, real=0.23 secs] 
4927.018: [CMS-concurrent-abortable-preclean-start]
4927.350: [GC 4927.350: [ParNew: 412428K->20626K(440896K), 0.0348000 secs] 6695689K->6306480K(8339648K), 0.0351820 secs] [Times: user=0.45 sys=0.01, real=0.03 secs] 
4928.233: [CMS-concurrent-abortable-preclean: 1.167/1.215 secs] [Times: user=20.51 sys=0.11, real=1.21 secs] 
4928.236: [GC[YG occupancy: 226115 K (440896 K)]4928.236: [Rescan (parallel) , 0.0477870 secs]4928.284: [weak refs processing, 0.0013540 secs]4928.286: [class unloading, 0.0206830 secs]4928.306: [scrub symbol & string tables, 0.0189440 secs] [1 CMS-remark: 6285853K(7898752K)] 6511969K(8339648K), 0.0992880 secs] [Times: user=1.15 sys=0.01, real=0.10 secs] 
4928.336: [CMS-concurrent-sweep-start]
4929.091: [GC 4929.092: [ParNew: 412562K->22662K(440896K), 0.0484960 secs] 6698388K->6311431K(8339648K), 0.0488930 secs] [Times: user=0.87 sys=0.03, real=0.05 secs] 
4930.817: [GC 4930.818: [ParNew: 414598K->21248K(440896K), 0.0542840 secs] 6702703K->6313555K(8339648K), 0.0546940 secs] [Times: user=0.86 sys=0.01, real=0.05 secs] 
4932.264: [GC 4932.264: [ParNew: 413184K->25032K(440896K), 0.0333430 secs] 6705172K->6320290K(8339648K), 0.0337460 secs] [Times: user=0.55 sys=0.00, real=0.04 secs] 
4933.917: [GC 4933.917: [ParNew: 416968K->23654K(440896K), 0.0323910 secs] 6712186K->6321980K(8339648K), 0.0328050 secs] [Times: user=0.62 sys=0.00, real=0.04 secs] 
4935.607: [GC 4935.607: [ParNew: 415590K->25578K(440896K), 0.0584830 secs] 6713706K->6327831K(8339648K), 0.0588890 secs] [Times: user=0.92 sys=0.02, real=0.06 secs] 
4936.571: [CMS-concurrent-sweep: 7.936/8.235 secs] [Times: user=140.97 sys=0.56, real=8.24 secs] 
4936.571: [CMS-concurrent-reset-start]
4936.622: [CMS-concurrent-reset: 0.051/0.051 secs] [Times: user=0.85 sys=0.00, real=0.05 secs] 
4936.633: [GC [1 CMS-initial-mark: 6289764K(7898752K)] 6542053K(8339648K), 0.7988740 secs] [Times: user=0.80 sys=0.00, real=0.80 secs] 
4937.432: [CMS-concurrent-mark-start]
4938.297: [GC 4938.297: [ParNew: 417514K->22171K(440896K), 0.0395200 secs] 6707278K->6315361K(8339648K), 0.0399400 secs] [Times: user=0.80 sys=0.00, real=0.04 secs] 
4940.184: [GC 4940.184: [ParNew: 414107K->24974K(440896K), 0.0295910 secs] 6707297K->6321735K(8339648K), 0.0300090 secs] [Times: user=0.43 sys=0.00, real=0.03 secs] 
4941.871: [GC 4941.871: [ParNew: 416910K->27071K(440896K), 0.0570660 secs] 6713671K->6328730K(8339648K), 0.0574820 secs] [Times: user=1.12 sys=0.02, real=0.06 secs] 
4943.628: [GC 4943.628: [ParNew: 419007K->24443K(440896K), 0.0311890 secs] 6720666K->6329495K(8339648K), 0.0316070 secs] [Times: user=0.36 sys=0.00, real=0.03 secs] 
4944.513: [CMS-concurrent-mark: 6.898/7.081 secs] [Times: user=154.88 sys=0.47, real=7.08 secs] 
4944.513: [CMS-concurrent-preclean-start]
4944.779: [CMS-concurrent-preclean: 0.258/0.266 secs] [Times: user=4.65 sys=0.00, real=0.27 secs] 
4944.779: [CMS-concurrent-abortable-preclean-start]
4945.289: [GC 4945.289: [ParNew: 416379K->24976K(440896K), 0.0402890 secs] 6721431K->6335677K(8339648K), 0.0406920 secs] [Times: user=0.50 sys=0.01, real=0.04 secs] 
4946.204: [CMS-concurrent-abortable-preclean: 1.373/1.424 secs] [Times: user=23.74 sys=0.05, real=1.42 secs] 
4946.207: [GC[YG occupancy: 228686 K (440896 K)]4946.207: [Rescan (parallel) , 0.0469150 secs]4946.254: [weak refs processing, 0.0011830 secs]4946.255: [class unloading, 0.0454600 secs]4946.301: [scrub symbol & string tables, 0.0202920 secs] [1 CMS-remark: 6310700K(7898752K)] 6539386K(8339648K), 0.1251250 secs] [Times: user=1.12 sys=0.00, real=0.13 secs] 
4946.333: [CMS-concurrent-sweep-start]
4947.163: [GC 4947.163: [ParNew: 416912K->24329K(440896K), 0.0367250 secs] 6727598K->6338456K(8339648K), 0.0371440 secs] [Times: user=0.70 sys=0.00, real=0.04 secs] 
4948.850: [GC 4948.850: [ParNew: 416265K->23234K(440896K), 0.0386630 secs] 6729589K->6341928K(8339648K), 0.0390780 secs] [Times: user=0.53 sys=0.00, real=0.04 secs] 
4950.562: [GC 4950.563: [ParNew: 415170K->18500K(440896K), 0.0493160 secs] 6733793K->6340735K(8339648K), 0.0497200 secs] [Times: user=0.88 sys=0.01, real=0.05 secs] 
4952.279: [GC 4952.280: [ParNew: 410436K->19307K(440896K), 0.0418820 secs] 6732587K->6345006K(8339648K), 0.0636510 secs] [Times: user=0.69 sys=0.02, real=0.06 secs] 
4953.976: [GC 4953.976: [ParNew: 411243K->22521K(440896K), 0.0358420 secs] 6736575K->6350818K(8339648K), 0.0362530 secs] [Times: user=0.67 sys=0.01, real=0.04 secs] 
4954.350: [CMS-concurrent-sweep: 7.777/8.017 secs] [Times: user=136.88 sys=0.47, real=8.02 secs] 
4954.350: [CMS-concurrent-reset-start]
4954.402: [CMS-concurrent-reset: 0.052/0.052 secs] [Times: user=0.77 sys=0.00, real=0.05 secs] 
4955.663: [GC 4955.663: [ParNew: 414457K->25055K(440896K), 0.0421900 secs] 6735511K->6349645K(8339648K), 0.0425950 secs] [Times: user=0.70 sys=0.00, real=0.04 secs] 
4955.706: [GC [1 CMS-initial-mark: 6324589K(7898752K)] 6350191K(8339648K), 0.0373510 secs] [Times: user=0.04 sys=0.00, real=0.04 secs] 
4955.744: [CMS-concurrent-mark-start]
4957.539: [GC 4957.539: [ParNew: 416991K->24669K(440896K), 0.0642620 secs] 6741581K->6352634K(8339648K), 0.1018800 secs] [Times: user=1.38 sys=0.00, real=0.10 secs] 
4959.389: [GC 4959.389: [ParNew: 416605K->24677K(440896K), 0.0294250 secs] 6744570K->6355465K(8339648K), 0.0298490 secs] [Times: user=0.46 sys=0.01, real=0.03 secs] 
4961.160: [GC 4961.160: [ParNew: 416613K->22983K(440896K), 0.0507820 secs] 6747401K->6360029K(8339648K), 0.0511890 secs] [Times: user=0.62 sys=0.02, real=0.05 secs] 
4962.930: [GC 4962.931: [ParNew: 414919K->21098K(440896K), 0.0455510 secs] 6751965K->6361630K(8339648K), 0.0459640 secs] [Times: user=0.85 sys=0.01, real=0.04 secs] 
4963.131: [CMS-concurrent-mark: 7.136/7.387 secs] [Times: user=159.86 sys=0.43, real=7.39 secs] 
4963.131: [CMS-concurrent-preclean-start]
4963.408: [CMS-concurrent-preclean: 0.267/0.277 secs] [Times: user=4.82 sys=0.01, real=0.28 secs] 
4963.408: [CMS-concurrent-abortable-preclean-start]
4963.842: [CMS-concurrent-abortable-preclean: 0.433/0.434 secs] [Times: user=7.43 sys=0.03, real=0.43 secs] 
4963.846: [GC[YG occupancy: 225143 K (440896 K)]4963.846: [Rescan (parallel) , 0.0894840 secs]4963.936: [weak refs processing, 0.0014040 secs]4963.937: [class unloading, 0.0202310 secs]4963.957: [scrub symbol & string tables, 0.0202640 secs] [1 CMS-remark: 6340532K(7898752K)] 6565675K(8339648K), 0.1424740 secs] [Times: user=2.04 sys=0.01, real=0.15 secs] 
4963.989: [CMS-concurrent-sweep-start]
4964.805: [GC 4964.805: [ParNew: 413034K->24413K(440896K), 0.0347180 secs] 6753534K->6368089K(8339648K), 0.0351200 secs] [Times: user=0.69 sys=0.01, real=0.04 secs] 
4966.537: [GC 4966.537: [ParNew: 416349K->25399K(440896K), 0.0420380 secs] 6758660K->6370885K(8339648K), 0.0424610 secs] [Times: user=0.83 sys=0.00, real=0.05 secs] 
4968.270: [GC 4968.271: [ParNew: 417335K->24616K(440896K), 0.0391400 secs] 6762809K->6373530K(8339648K), 0.0395590 secs] [Times: user=0.60 sys=0.02, real=0.04 secs] 
4969.999: [GC 4969.999: [ParNew: 416552K->23366K(440896K), 0.0608600 secs] 6765465K->6378683K(8339648K), 0.0612710 secs] [Times: user=0.81 sys=0.04, real=0.06 secs] 
4971.746: [GC 4971.746: [ParNew: 415302K->24470K(440896K), 0.0452110 secs] 6766483K->6380133K(8339648K), 0.0456170 secs] [Times: user=0.90 sys=0.00, real=0.05 secs] 
4971.931: [CMS-concurrent-sweep: 7.703/7.942 secs] [Times: user=135.09 sys=0.33, real=7.94 secs] 
4971.931: [CMS-concurrent-reset-start]
4971.982: [CMS-concurrent-reset: 0.050/0.050 secs] [Times: user=0.85 sys=0.00, real=0.05 secs] 
4973.484: [GC 4973.484: [ParNew: 416406K->23580K(440896K), 0.0321590 secs] 6768804K->6378998K(8339648K), 0.0481130 secs] [Times: user=0.44 sys=0.02, real=0.05 secs] 
4973.533: [GC [1 CMS-initial-mark: 6355418K(7898752K)] 6379473K(8339648K), 0.0366340 secs] [Times: user=0.04 sys=0.00, real=0.04 secs] 
4973.570: [CMS-concurrent-mark-start]
4975.429: [GC 4975.429: [ParNew: 415516K->22920K(440896K), 0.0325350 secs] 6770934K->6381896K(8339648K), 0.0329500 secs] [Times: user=0.44 sys=0.00, real=0.03 secs] 
4977.253: [GC 4977.253: [ParNew: 414856K->24646K(440896K), 0.0376830 secs] 6773832K->6387093K(8339648K), 0.0380840 secs] [Times: user=0.68 sys=0.02, real=0.04 secs] 
4979.046: [GC 4979.046: [ParNew: 416582K->20767K(440896K), 0.0483680 secs] 6779029K->6388763K(8339648K), 0.0487930 secs] [Times: user=0.69 sys=0.01, real=0.05 secs] 
4980.778: [GC 4980.779: [ParNew: 412703K->23008K(440896K), 0.0518720 secs] 6780699K->6394541K(8339648K), 0.0522730 secs] [Times: user=0.88 sys=0.00, real=0.05 secs] 
4981.458: [CMS-concurrent-mark: 7.704/7.888 secs] [Times: user=171.39 sys=0.38, real=7.89 secs] 
4981.458: [CMS-concurrent-preclean-start]
4981.900: [CMS-concurrent-preclean: 0.421/0.441 secs] [Times: user=7.62 sys=0.02, real=0.44 secs] 
4981.900: [CMS-concurrent-abortable-preclean-start]
4982.595: [GC 4982.596: [ParNew: 414944K->25439K(440896K), 0.0523130 secs] 6786477K->6399498K(8339648K), 0.0527360 secs] [Times: user=1.15 sys=0.00, real=0.06 secs] 
4983.609: [CMS-concurrent-abortable-preclean: 1.633/1.709 secs] [Times: user=29.80 sys=0.08, real=1.71 secs] 
4983.612: [GC[YG occupancy: 245561 K (440896 K)]4983.612: [Rescan (parallel) , 0.0638100 secs]4983.676: [weak refs processing, 0.0016370 secs]4983.678: [class unloading, 0.0201550 secs]4983.698: [scrub symbol & string tables, 0.0202630 secs] [1 CMS-remark: 6374059K(7898752K)] 6619620K(8339648K), 0.1172050 secs] [Times: user=1.41 sys=0.00, real=0.12 secs] 
4983.730: [CMS-concurrent-sweep-start]
4984.498: [GC 4984.499: [ParNew: 417375K->24889K(440896K), 0.0538620 secs] 6791426K->6402061K(8339648K), 0.0941530 secs] [Times: user=0.76 sys=0.05, real=0.09 secs] 
4986.297: [GC 4986.297: [ParNew: 416825K->26345K(440896K), 0.0488360 secs] 6793941K->6406907K(8339648K), 0.0492490 secs] [Times: user=0.85 sys=0.01, real=0.05 secs] 
4988.044: [GC 4988.045: [ParNew: 418281K->22492K(440896K), 0.0473220 secs] 6797732K->6407782K(8339648K), 0.0477380 secs] [Times: user=0.72 sys=0.00, real=0.05 secs] 
4989.755: [GC 4989.773: [ParNew: 414428K->25540K(440896K), 0.0413660 secs] 6799656K->6414565K(8339648K), 0.0418020 secs] [Times: user=0.67 sys=0.02, real=0.06 secs] 
4991.535: [GC 4991.535: [ParNew: 417476K->22572K(440896K), 0.0395490 secs] 6806440K->6414663K(8339648K), 0.0399540 secs] [Times: user=0.66 sys=0.00, real=0.04 secs] 
4993.252: [GC 4993.252: [ParNew: 414508K->24712K(440896K), 0.0330330 secs] 6806451K->6419951K(8339648K), 0.0334440 secs] [Times: user=0.47 sys=0.03, real=0.03 secs] 
4994.205: [CMS-concurrent-sweep: 10.133/10.475 secs] [Times: user=177.59 sys=0.43, real=10.47 secs] 
4994.205: [CMS-concurrent-reset-start]
4994.256: [CMS-concurrent-reset: 0.051/0.051 secs] [Times: user=0.85 sys=0.00, real=0.05 secs] 
4995.004: [GC 4995.005: [ParNew: 416648K->25266K(440896K), 0.0351540 secs] 6804315K->6416389K(8339648K), 0.0504490 secs] [Times: user=0.46 sys=0.01, real=0.05 secs] 
4995.056: [GC [1 CMS-initial-mark: 6391123K(7898752K)] 6416842K(8339648K), 0.0355390 secs] [Times: user=0.04 sys=0.00, real=0.04 secs] 
4995.092: [CMS-concurrent-mark-start]
4996.824: [GC 4996.825: [ParNew: 417202K->21599K(440896K), 0.0364640 secs] 6808325K->6418402K(8339648K), 0.0368690 secs] [Times: user=0.69 sys=0.00, real=0.04 secs] 
5000.086: [GC 5000.086: [ParNew: 413535K->24867K(440896K), 0.0428730 secs] 6810338K->6424733K(8339648K), 0.0834960 secs] [Times: user=0.79 sys=0.01, real=0.09 secs] 
5000.594: [CMS-concurrent-mark: 5.365/5.502 secs] [Times: user=91.70 sys=0.28, real=5.50 secs] 
5000.594: [CMS-concurrent-preclean-start]
5000.817: [CMS-concurrent-preclean: 0.215/0.223 secs] [Times: user=3.62 sys=0.01, real=0.22 secs] 
5000.817: [CMS-concurrent-abortable-preclean-start]
5001.738: [GC 5001.739: [ParNew: 416803K->29261K(440896K), 0.0340810 secs] 6816669K->6432425K(8339648K), 0.0344920 secs] [Times: user=0.37 sys=0.00, real=0.03 secs] 
5004.745: [CMS-concurrent-abortable-preclean: 3.473/3.928 secs] [Times: user=32.05 sys=0.14, real=3.93 secs] 
5004.749: [GC[YG occupancy: 238525 K (440896 K)]5004.749: [Rescan (parallel) , 0.1307470 secs]5004.880: [weak refs processing, 0.0016140 secs]5004.882: [class unloading, 0.0282180 secs]5004.910: [scrub symbol & string tables, 0.0255070 secs] [1 CMS-remark: 6403164K(7898752K)] 6641690K(8339648K), 0.2022690 secs] [Times: user=2.79 sys=0.01, real=0.20 secs] 
5004.952: [CMS-concurrent-sweep-start]
5005.995: [GC 5005.995: [ParNew: 421197K->31198K(440896K), 0.0331710 secs] 6824327K->6437356K(8339648K), 0.0335950 secs] [Times: user=0.66 sys=0.02, real=0.04 secs] 
5010.404: [GC 5010.404: [ParNew: 423134K->38759K(440896K), 0.0369070 secs] 6827491K->6446441K(8339648K), 0.0373310 secs] [Times: user=0.69 sys=0.01, real=0.04 secs] 
5012.031: [GC 5012.031: [ParNew: 430695K->36968K(440896K), 0.0439270 secs] 6838361K->6451443K(8339648K), 0.0443470 secs] [Times: user=0.52 sys=0.03, real=0.04 secs] 
5013.562: [CMS-concurrent-sweep: 8.486/8.610 secs] [Times: user=92.51 sys=0.24, real=8.61 secs] 
5013.562: [CMS-concurrent-reset-start]
5013.607: [CMS-concurrent-reset: 0.045/0.045 secs] [Times: user=0.08 sys=0.01, real=0.05 secs] 
5014.677: [GC [1 CMS-initial-mark: 6408636K(7898752K)] 6688880K(8339648K), 0.9297750 secs] [Times: user=0.93 sys=0.00, real=0.93 secs] 
5015.607: [CMS-concurrent-mark-start]
5016.344: [GC 5016.345: [ParNew: 428904K->38279K(440896K), 0.0552850 secs] 6837540K->6452183K(8339648K), 0.0938210 secs] [Times: user=0.98 sys=0.01, real=0.10 secs] 
5018.176: [GC 5018.176: [ParNew: 430215K->40558K(440896K), 0.0349630 secs] 6844119K->6460582K(8339648K), 0.0353870 secs] [Times: user=0.70 sys=0.00, real=0.04 secs] 
5019.796: [GC 5019.796: [ParNew: 432494K->29689K(440896K), 0.0463810 secs] 6852518K->6457892K(8339648K), 0.0467930 secs] [Times: user=0.77 sys=0.00, real=0.05 secs] 
5021.903: [CMS-concurrent-mark: 6.106/6.296 secs] [Times: user=127.29 sys=0.51, real=6.30 secs] 
5021.903: [CMS-concurrent-preclean-start]
5022.160: [CMS-concurrent-preclean: 0.247/0.256 secs] [Times: user=0.30 sys=0.00, real=0.26 secs] 
5022.160: [CMS-concurrent-abortable-preclean-start]
5023.663: [GC 5023.664: [ParNew: 421625K->34074K(440896K), 0.0576450 secs] 6849828K->6465087K(8339648K), 0.0581250 secs] [Times: user=1.16 sys=0.00, real=0.06 secs] 
5024.825: [CMS-concurrent-abortable-preclean: 2.079/2.665 secs] [Times: user=21.82 sys=0.12, real=2.66 secs] 
5024.828: [GC[YG occupancy: 243945 K (440896 K)]5024.828: [Rescan (parallel) , 0.0819840 secs]5024.910: [weak refs processing, 0.0012460 secs]5024.912: [class unloading, 0.0208140 secs]5024.933: [scrub symbol & string tables, 0.0202800 secs] [1 CMS-remark: 6431013K(7898752K)] 6674958K(8339648K), 0.1355230 secs] [Times: user=1.83 sys=0.01, real=0.13 secs] 
5024.964: [CMS-concurrent-sweep-start]
5025.773: [GC 5025.773: [ParNew: 426010K->34357K(440896K), 0.0575000 secs] 6857021K->6474134K(8339648K), 0.0579100 secs] [Times: user=0.83 sys=0.01, real=0.06 secs] 
5028.841: [GC 5028.842: [ParNew: 426293K->29257K(440896K), 0.0463060 secs] 6865524K->6471351K(8339648K), 0.0467890 secs] [Times: user=0.91 sys=0.00, real=0.05 secs] 
5030.840: [GC 5030.841: [ParNew: 421193K->31543K(440896K), 0.0407860 secs] 6863238K->6478919K(8339648K), 0.0411900 secs] [Times: user=0.64 sys=0.02, real=0.04 secs] 
5034.284: [GC 5034.284: [ParNew: 423479K->34450K(440896K), 0.0471450 secs] 6870284K->6487071K(8339648K), 0.0637100 secs] [Times: user=0.79 sys=0.03, real=0.07 secs] 
5035.095: [CMS-concurrent-sweep: 9.908/10.131 secs] [Times: user=126.57 sys=0.48, real=10.13 secs] 
5035.095: [CMS-concurrent-reset-start]
5035.160: [CMS-concurrent-reset: 0.065/0.065 secs] [Times: user=1.21 sys=0.00, real=0.07 secs] 
5037.162: [GC [1 CMS-initial-mark: 6449296K(7898752K)] 6809008K(8339648K), 1.1421990 secs] [Times: user=1.14 sys=0.00, real=1.14 secs] 
5038.305: [CMS-concurrent-mark-start]
5039.581: [GC 5039.581: [ParNew: 426386K->36307K(440896K), 0.0410760 secs] 6875682K->6490956K(8339648K), 0.0696110 secs] [Times: user=0.67 sys=0.00, real=0.07 secs] 
5041.264: [GC 5041.264: [ParNew: 428243K->36232K(440896K), 0.0370390 secs] 6882892K->6496699K(8339648K), 0.0374620 secs] [Times: user=0.66 sys=0.01, real=0.04 secs] 
5043.734: [CMS-concurrent-mark: 5.314/5.429 secs] [Times: user=82.10 sys=0.18, real=5.43 secs] 
5043.734: [CMS-concurrent-preclean-start]
5043.978: [CMS-concurrent-preclean: 0.235/0.244 secs] [Times: user=0.28 sys=0.01, real=0.25 secs] 
5043.979: [CMS-concurrent-abortable-preclean-start]
5044.805: [GC 5044.805: [ParNew: 428168K->37555K(440896K), 0.0551540 secs] 6888635K->6501218K(8339648K), 0.0556270 secs] [Times: user=1.13 sys=0.00, real=0.06 secs] 
5045.863: [CMS-concurrent-abortable-preclean: 1.609/1.884 secs] [Times: user=26.69 sys=0.10, real=1.88 secs] 
5045.866: [GC[YG occupancy: 248628 K (440896 K)]5045.866: [Rescan (parallel) , 0.0620030 secs]5045.928: [weak refs processing, 0.0012890 secs]5045.930: [class unloading, 0.0206600 secs]5045.950: [scrub symbol & string tables, 0.0202560 secs] [1 CMS-remark: 6463662K(7898752K)] 6712291K(8339648K), 0.1152830 secs] [Times: user=1.38 sys=0.00, real=0.12 secs] 
5045.982: [CMS-concurrent-sweep-start]
5046.753: [GC 5046.754: [ParNew: 429491K->40008K(440896K), 0.0402880 secs] 6893111K->6509479K(8339648K), 0.0407010 secs] [Times: user=0.53 sys=0.05, real=0.04 secs] 
5049.897: [GC 5049.897: [ParNew: 431944K->35235K(440896K), 0.0520370 secs] 6899884K->6513178K(8339648K), 0.0689050 secs] [Times: user=0.68 sys=0.05, real=0.07 secs] 
5051.651: [GC 5051.651: [ParNew: 427171K->27457K(440896K), 0.0334010 secs] 6905102K->6508646K(8339648K), 0.0338110 secs] [Times: user=0.46 sys=0.00, real=0.03 secs] 
5053.802: [CMS-concurrent-sweep: 7.666/7.821 secs] [Times: user=80.56 sys=0.35, real=7.82 secs] 
5053.803: [CMS-concurrent-reset-start]
5053.847: [CMS-concurrent-reset: 0.044/0.044 secs] [Times: user=0.04 sys=0.00, real=0.04 secs] 
5055.838: [GC 5055.838: [ParNew: 419393K->34419K(440896K), 0.0439190 secs] 6897281K->6517682K(8339648K), 0.0443470 secs] [Times: user=0.70 sys=0.03, real=0.04 secs] 
5055.884: [GC [1 CMS-initial-mark: 6483263K(7898752K)] 6518130K(8339648K), 0.0506670 secs] [Times: user=0.05 sys=0.00, real=0.05 secs] 
5055.935: [CMS-concurrent-mark-start]
5059.353: [GC 5059.353: [ParNew: 426355K->35632K(440896K), 0.0468060 secs] 6909618K->6524013K(8339648K), 0.0472360 secs] [Times: user=0.92 sys=0.01, real=0.05 secs] 
5061.132: [GC 5061.132: [ParNew: 427568K->34856K(440896K), 0.0414600 secs] 6915949K->6529012K(8339648K), 0.0785520 secs] [Times: user=0.54 sys=0.01, real=0.08 secs] 
5062.239: [CMS-concurrent-mark: 6.168/6.304 secs] [Times: user=112.42 sys=0.37, real=6.31 secs] 
5062.239: [CMS-concurrent-preclean-start]
5062.470: [CMS-concurrent-preclean: 0.224/0.231 secs] [Times: user=4.04 sys=0.00, real=0.23 secs] 
5062.470: [CMS-concurrent-abortable-preclean-start]
5064.801: [GC 5064.802: [ParNew: 426792K->38603K(440896K), 0.0489540 secs] 6920948K->6535786K(8339648K), 0.0494230 secs] [Times: user=0.91 sys=0.01, real=0.05 secs] 
5065.885: [CMS-concurrent-abortable-preclean: 2.844/3.415 secs] [Times: user=28.66 sys=0.13, real=3.41 secs] 
5065.888: [GC[YG occupancy: 250510 K (440896 K)]5065.888: [Rescan (parallel) , 0.0650570 secs]5065.953: [weak refs processing, 0.0013810 secs]5065.955: [class unloading, 0.0207900 secs]5065.975: [scrub symbol & string tables, 0.0202940 secs] [1 CMS-remark: 6497183K(7898752K)] 6747693K(8339648K), 0.1184510 secs] [Times: user=1.41 sys=0.00, real=0.11 secs] 
5066.007: [CMS-concurrent-sweep-start]
5069.484: [GC 5069.484: [ParNew: 430539K->40397K(440896K), 0.0687650 secs] 6927175K->6545010K(8339648K), 0.0692550 secs] [Times: user=1.21 sys=0.01, real=0.07 secs] 
5071.458: [GC 5071.458: [ParNew: 432333K->35987K(440896K), 0.0403790 secs] 6936874K->6546193K(8339648K), 0.0408050 secs] [Times: user=0.56 sys=0.00, real=0.04 secs] 
5073.912: [CMS-concurrent-sweep: 7.787/7.905 secs] [Times: user=74.09 sys=0.14, real=7.91 secs] 
5073.912: [CMS-concurrent-reset-start]
5073.956: [CMS-concurrent-reset: 0.044/0.044 secs] [Times: user=0.04 sys=0.00, real=0.04 secs] 
5074.619: [GC 5074.619: [ParNew: 427923K->38175K(440896K), 0.0418790 secs] 6934732K->6547882K(8339648K), 0.0423670 secs] [Times: user=0.69 sys=0.02, real=0.04 secs] 
5074.663: [GC [1 CMS-initial-mark: 6509707K(7898752K)] 6548367K(8339648K), 0.0897750 secs] [Times: user=0.09 sys=0.00, real=0.09 secs] 
5074.753: [CMS-concurrent-mark-start]
5076.668: [GC 5076.668: [ParNew: 430111K->36758K(440896K), 0.0486660 secs] 6939818K->6554690K(8339648K), 0.0490910 secs] [Times: user=0.60 sys=0.02, real=0.04 secs] 
5080.222: [GC 5080.223: [ParNew: 428694K->36482K(440896K), 0.0528030 secs] 6946626K->6562759K(8339648K), 0.0532270 secs] [Times: user=0.71 sys=0.01, real=0.05 secs] 
5080.515: [CMS-concurrent-mark: 5.654/5.762 secs] [Times: user=95.37 sys=0.25, real=5.76 secs] 
5080.515: [CMS-concurrent-preclean-start]
5080.756: [CMS-concurrent-preclean: 0.233/0.240 secs] [Times: user=4.08 sys=0.01, real=0.24 secs] 
5080.756: [CMS-concurrent-abortable-preclean-start]
5081.933: [GC 5081.934: [ParNew: 428418K->29363K(440896K), 0.0306210 secs] 6954695K->6558370K(8339648K), 0.0310340 secs] [Times: user=0.47 sys=0.00, real=0.03 secs] 
5084.932: [CMS-concurrent-abortable-preclean: 3.725/4.176 secs] [Times: user=37.83 sys=0.21, real=4.18 secs] 
5084.935: [GC[YG occupancy: 226043 K (440896 K)]5084.935: [Rescan (parallel) , 0.0704050 secs]5085.006: [weak refs processing, 0.0011440 secs]5085.007: [class unloading, 0.0200230 secs]5085.027: [scrub symbol & string tables, 0.0202520 secs] [1 CMS-remark: 6529006K(7898752K)] 6755049K(8339648K), 0.1230020 secs] [Times: user=1.64 sys=0.00, real=0.13 secs] 
5085.059: [CMS-concurrent-sweep-start]
5085.950: [GC 5085.950: [ParNew: 421299K->34020K(440896K), 0.0376140 secs] 6950305K->6569182K(8339648K), 0.0380440 secs] [Times: user=0.59 sys=0.00, real=0.04 secs] 
5087.749: [GC 5087.749: [ParNew: 425956K->33621K(440896K), 0.0432570 secs] 6960947K->6574198K(8339648K), 0.0436550 secs] [Times: user=0.54 sys=0.01, real=0.04 secs] 
5091.012: [GC 5091.013: [ParNew: 425557K->36537K(440896K), 0.0431030 secs] 6965359K->6581793K(8339648K), 0.0775170 secs] [Times: user=0.73 sys=0.01, real=0.08 secs] 
5092.889: [GC 5092.889: [ParNew: 428473K->28544K(440896K), 0.0367770 secs] 6973712K->6576871K(8339648K), 0.0372090 secs] [Times: user=0.55 sys=0.02, real=0.03 secs] 
5094.018: [CMS-concurrent-sweep: 8.749/8.959 secs] [Times: user=108.78 sys=0.39, real=8.96 secs] 
5094.018: [CMS-concurrent-reset-start]
5094.063: [CMS-concurrent-reset: 0.045/0.045 secs] [Times: user=0.05 sys=0.00, real=0.04 secs] 
5096.066: [GC [1 CMS-initial-mark: 6546606K(7898752K)] 6959119K(8339648K), 1.2004700 secs] [Times: user=1.20 sys=0.00, real=1.20 secs] 
5097.267: [CMS-concurrent-mark-start]
5097.314: [GC 5097.315: [ParNew: 420480K->31091K(440896K), 0.0561090 secs] 6967087K->6586841K(8339648K), 0.0565140 secs] [Times: user=0.64 sys=0.01, real=0.06 secs] 
5100.686: [GC 5100.686: [ParNew: 423027K->30589K(440896K), 0.0331540 secs] 6978777K->6589310K(8339648K), 0.0335830 secs] [Times: user=0.67 sys=0.00, real=0.04 secs] 
5102.514: [GC 5102.515: [ParNew: 422525K->33303K(440896K), 0.0432530 secs] 6981246K->6597505K(8339648K), 0.0436760 secs] [Times: user=0.76 sys=0.02, real=0.05 secs] 
5103.558: [CMS-concurrent-mark: 6.146/6.291 secs] [Times: user=101.33 sys=0.33, real=6.30 secs] 
5103.558: [CMS-concurrent-preclean-start]
5103.790: [CMS-concurrent-preclean: 0.224/0.232 secs] [Times: user=0.27 sys=0.02, real=0.23 secs] 
5103.790: [CMS-concurrent-abortable-preclean-start]
5105.694: [GC 5105.694: [ParNew: 425239K->35915K(440896K), 0.0349980 secs] 6989441K->6603418K(8339648K), 0.0354440 secs] [Times: user=0.70 sys=0.00, real=0.04 secs] 
5106.577: [CMS-concurrent-abortable-preclean: 2.435/2.787 secs] [Times: user=39.59 sys=0.11, real=2.78 secs] 
5106.580: [GC[YG occupancy: 244610 K (440896 K)]5106.580: [Rescan (parallel) , 0.0598760 secs]5106.640: [weak refs processing, 0.0009810 secs]5106.641: [class unloading, 0.0213790 secs]5106.662: [scrub symbol & string tables, 0.0207980 secs] [1 CMS-remark: 6567503K(7898752K)] 6812113K(8339648K), 0.1142650 secs] [Times: user=1.17 sys=0.01, real=0.11 secs] 
5106.694: [CMS-concurrent-sweep-start]
5107.438: [GC 5107.439: [ParNew: 427851K->35894K(440896K), 0.0451610 secs] 6995312K->6609180K(8339648K), 0.0455840 secs] [Times: user=0.48 sys=0.03, real=0.04 secs] 
5110.787: [GC 5110.787: [ParNew: 427830K->32916K(440896K), 0.0552040 secs] 7000155K->6615049K(8339648K), 0.0556380 secs] [Times: user=0.66 sys=0.02, real=0.06 secs] 
5114.275: [CMS-concurrent-sweep: 7.473/7.581 secs] [Times: user=61.43 sys=0.24, real=7.58 secs] 
5114.275: [CMS-concurrent-reset-start]
5114.328: [CMS-concurrent-reset: 0.052/0.052 secs] [Times: user=0.90 sys=0.00, real=0.06 secs] 
5115.008: [GC 5115.008: [ParNew: 424852K->30283K(440896K), 0.0373440 secs] 7003847K->6613000K(8339648K), 0.0377890 secs] [Times: user=0.47 sys=0.04, real=0.03 secs] 
5115.049: [GC [1 CMS-initial-mark: 6582717K(7898752K)] 6615906K(8339648K), 0.0501980 secs] [Times: user=0.05 sys=0.00, real=0.05 secs] 
5115.100: [CMS-concurrent-mark-start]
5116.842: [GC 5116.842: [ParNew: 422219K->34039K(440896K), 0.0472470 secs] 7004936K->6622260K(8339648K), 0.0476820 secs] [Times: user=0.91 sys=0.01, real=0.05 secs] 
5120.449: [CMS-concurrent-mark: 5.285/5.349 secs] [Times: user=84.77 sys=0.36, real=5.35 secs] 
5120.449: [CMS-concurrent-preclean-start]
5120.575: [GC 5120.576: [ParNew: 425975K->36880K(440896K), 0.0360590 secs] 7014196K->6627712K(8339648K), 0.0681600 secs] [Times: user=0.60 sys=0.00, real=0.07 secs] 
5121.019: [CMS-concurrent-preclean: 0.473/0.570 secs] [Times: user=9.04 sys=0.03, real=0.57 secs] 
5121.019: [CMS-concurrent-abortable-preclean-start]
5121.534: [CMS-concurrent-abortable-preclean: 0.511/0.514 secs] [Times: user=8.73 sys=0.02, real=0.51 secs] 
5121.537: [GC[YG occupancy: 239483 K (440896 K)]5121.537: [Rescan (parallel) , 0.0799230 secs]5121.617: [weak refs processing, 0.0010610 secs]5121.618: [class unloading, 0.0215620 secs]5121.639: [scrub symbol & string tables, 0.0207830 secs] [1 CMS-remark: 6590831K(7898752K)] 6830315K(8339648K), 0.1344460 secs] [Times: user=1.77 sys=0.02, real=0.14 secs] 
5121.672: [CMS-concurrent-sweep-start]
5126.558: [GC 5126.558: [ParNew: 428816K->47174K(440896K), 0.0501510 secs] 7018699K->6642978K(8339648K), 0.0507240 secs] [Times: user=0.71 sys=0.02, real=0.05 secs] 
5129.451: [CMS-concurrent-sweep: 7.726/7.779 secs] [Times: user=18.73 sys=0.26, real=7.78 secs] 
5129.451: [CMS-concurrent-reset-start]
5129.515: [CMS-concurrent-reset: 0.064/0.064 secs] [Times: user=1.05 sys=0.00, real=0.06 secs] 
5130.967: [GC 5130.967: [ParNew: 439110K->48798K(440896K), 0.0594670 secs] 7031823K->6649750K(8339648K), 0.0599080 secs] [Times: user=1.01 sys=0.01, real=0.06 secs] 
5131.028: [GC [1 CMS-initial-mark: 6600952K(7898752K)] 6650226K(8339648K), 0.0674770 secs] [Times: user=0.07 sys=0.01, real=0.06 secs] 
5131.096: [CMS-concurrent-mark-start]
5132.929: [GC 5132.929: [ParNew: 440734K->44216K(440896K), 0.0674260 secs] 7041686K->6656737K(8339648K), 0.0678750 secs] [Times: user=1.00 sys=0.04, real=0.06 secs] 
5134.807: [GC 5134.808: [ParNew: 436152K->37263K(440896K), 0.0342260 secs] 7048673K->6649784K(8339648K), 0.0346330 secs] [Times: user=0.58 sys=0.00, real=0.04 secs] 
5136.595: [GC 5136.595: [ParNew: 429199K->34672K(440896K), 0.0532460 secs] 7041720K->6658730K(8339648K), 0.0536770 secs] [Times: user=0.75 sys=0.00, real=0.06 secs] 
5138.280: [GC 5138.281: [ParNew: 426608K->21384K(440896K), 0.0427830 secs] 7050666K->6653289K(8339648K), 0.0431670 secs] [Times: user=0.59 sys=0.02, real=0.04 secs] 
5139.488: [CMS-concurrent-mark: 8.108/8.392 secs] [Times: user=174.49 sys=0.67, real=8.40 secs] 
5139.488: [CMS-concurrent-preclean-start]
5140.125: [CMS-concurrent-preclean: 0.594/0.637 secs] [Times: user=10.76 sys=0.24, real=0.63 secs] 
5140.125: [CMS-concurrent-abortable-preclean-start]
5140.520: [GC 5140.520: [ParNew: 413320K->23346K(440896K), 0.0328360 secs] 7045225K->6658954K(8339648K), 0.0331840 secs] [Times: user=0.41 sys=0.01, real=0.03 secs] 
5141.432: [CMS-concurrent-abortable-preclean: 1.252/1.307 secs] [Times: user=22.13 sys=0.03, real=1.31 secs] 
5141.435: [GC[YG occupancy: 233211 K (440896 K)]5141.435: [Rescan (parallel) , 0.0643680 secs]5141.500: [weak refs processing, 0.0011710 secs]5141.501: [class unloading, 0.0216520 secs]5141.523: [scrub symbol & string tables, 0.0206070 secs] [1 CMS-remark: 6635608K(7898752K)] 6868819K(8339648K), 0.1185070 secs] [Times: user=1.36 sys=0.01, real=0.12 secs] 
5141.554: [CMS-concurrent-sweep-start]
5144.633: [GC 5144.633: [ParNew: 415282K->27710K(440896K), 0.0401710 secs] 7050463K->6666626K(8339648K), 0.0405660 secs] [Times: user=0.68 sys=0.01, real=0.04 secs] 
5146.476: [GC 5146.476: [ParNew: 419646K->31165K(440896K), 0.0436230 secs] 7058526K->6673983K(8339648K), 0.0439560 secs] [Times: user=0.91 sys=0.00, real=0.05 secs] 
5150.368: [CMS-concurrent-sweep: 8.720/8.814 secs] [Times: user=74.35 sys=0.13, real=8.82 secs] 
5150.369: [CMS-concurrent-reset-start]
5150.420: [CMS-concurrent-reset: 0.052/0.052 secs] [Times: user=0.91 sys=0.00, real=0.05 secs] 
5150.657: [GC 5150.657: [ParNew: 423101K->33159K(440896K), 0.0397530 secs] 7064850K->6677914K(8339648K), 0.0401000 secs] [Times: user=0.76 sys=0.00, real=0.04 secs] 
5150.699: [GC [1 CMS-initial-mark: 6644755K(7898752K)] 6678379K(8339648K), 0.0529940 secs] [Times: user=0.05 sys=0.00, real=0.05 secs] 
5150.752: [CMS-concurrent-mark-start]
5152.625: [GC 5152.625: [ParNew: 425095K->33881K(440896K), 0.0376040 secs] 7069850K->6683315K(8339648K), 0.0379470 secs] [Times: user=0.65 sys=0.01, real=0.04 secs] 
5155.910: [GC 5155.910: [ParNew: 425817K->33457K(440896K), 0.0506440 secs] 7075251K->6690424K(8339648K), 0.0539930 secs] [Times: user=0.69 sys=0.02, real=0.05 secs] 
5157.678: [GC 5157.678: [ParNew: 425393K->32038K(440896K), 0.0459990 secs] 7082360K->6692330K(8339648K), 0.0463380 secs] [Times: user=0.67 sys=0.03, real=0.04 secs] 
5157.831: [CMS-concurrent-mark: 6.931/7.079 secs] [Times: user=131.08 sys=0.36, real=7.08 secs] 
5157.831: [CMS-concurrent-preclean-start]
5158.159: [CMS-concurrent-preclean: 0.313/0.327 secs] [Times: user=3.64 sys=0.00, real=0.33 secs] 
5158.159: [CMS-concurrent-abortable-preclean-start]
5159.984: [CMS-concurrent-abortable-preclean: 1.519/1.825 secs] [Times: user=12.23 sys=0.04, real=1.82 secs] 
5159.986: [GC[YG occupancy: 243994 K (440896 K)]5159.986: [Rescan (parallel) , 0.0667290 secs]5160.053: [weak refs processing, 0.0019590 secs]5160.055: [class unloading, 0.0466880 secs]5160.102: [scrub symbol & string tables, 0.0206380 secs] [1 CMS-remark: 6660292K(7898752K)] 6904286K(8339648K), 0.1472480 secs] [Times: user=1.58 sys=0.02, real=0.15 secs] 
5160.134: [CMS-concurrent-sweep-start]
5160.875: [GC 5160.875: [ParNew: 423974K->34452K(440896K), 0.0580000 secs] 7084206K->6702583K(8339648K), 0.0641930 secs] [Times: user=0.84 sys=0.04, real=0.07 secs] 
5164.579: [GC 5164.579: [ParNew: 426388K->33767K(440896K), 0.0441570 secs] 7092351K->6702965K(8339648K), 0.0445680 secs] [Times: user=0.70 sys=0.01, real=0.04 secs] 
5166.458: [GC 5166.459: [ParNew: 425703K->33392K(440896K), 0.0419300 secs] 7094896K->6708418K(8339648K), 0.0610180 secs] [Times: user=0.62 sys=0.00, real=0.06 secs] 
5168.146: [GC 5168.146: [ParNew: 425328K->30897K(440896K), 0.0446900 secs] 7099860K->6710671K(8339648K), 0.0450160 secs] [Times: user=0.74 sys=0.00, real=0.05 secs] 
5169.051: [CMS-concurrent-sweep: 8.685/8.917 secs] [Times: user=108.89 sys=0.33, real=8.92 secs] 
5169.051: [CMS-concurrent-reset-start]
5169.095: [CMS-concurrent-reset: 0.043/0.043 secs] [Times: user=0.06 sys=0.00, real=0.04 secs] 
5170.793: [GC 5170.794: [ParNew: 422833K->23984K(440896K), 0.0416300 secs] 7099298K->6706500K(8339648K), 0.0419720 secs] [Times: user=0.69 sys=0.00, real=0.04 secs] 
5170.837: [GC [1 CMS-initial-mark: 6682515K(7898752K)] 6706947K(8339648K), 0.0417600 secs] [Times: user=0.04 sys=0.00, real=0.05 secs] 
5170.879: [CMS-concurrent-mark-start]
5174.704: [GC 5174.704: [ParNew: 415920K->30711K(440896K), 0.0376640 secs] 7098436K->6718886K(8339648K), 0.0380150 secs] [Times: user=0.69 sys=0.01, real=0.04 secs] 
5176.452: [GC 5176.452: [ParNew: 422647K->32171K(440896K), 0.0319900 secs] 7110822K->6723496K(8339648K), 0.0323250 secs] [Times: user=0.43 sys=0.01, real=0.03 secs] 
5177.370: [CMS-concurrent-mark: 6.406/6.491 secs] [Times: user=110.00 sys=0.33, real=6.49 secs] 
5177.370: [CMS-concurrent-preclean-start]
5177.758: [CMS-concurrent-preclean: 0.363/0.388 secs] [Times: user=5.42 sys=0.06, real=0.38 secs] 
5177.758: [CMS-concurrent-abortable-preclean-start]
5179.888: [GC 5179.888: [ParNew: 424107K->34721K(440896K), 0.0323770 secs] 7115432K->6728890K(8339648K), 0.0326930 secs] [Times: user=0.50 sys=0.00, real=0.03 secs] 
5180.795: [CMS-concurrent-abortable-preclean: 2.685/3.037 secs] [Times: user=26.43 sys=0.13, real=3.04 secs] 
5180.795: [GC[YG occupancy: 249551 K (440896 K)]5180.796: [Rescan (parallel) , 0.0632350 secs]5180.859: [weak refs processing, 0.0015780 secs]5180.860: [class unloading, 0.0213560 secs]5180.882: [scrub symbol & string tables, 0.0206540 secs] [1 CMS-remark: 6694169K(7898752K)] 6943720K(8339648K), 0.1177970 secs] [Times: user=1.42 sys=0.00, real=0.12 secs] 
5180.914: [CMS-concurrent-sweep-start]
5185.062: [GC 5185.062: [ParNew: 426657K->42293K(440896K), 0.0555510 secs] 7119743K->6741267K(8339648K), 0.0558570 secs] [Times: user=0.81 sys=0.03, real=0.05 secs] 
5186.857: [GC 5186.857: [ParNew: 434229K->38991K(440896K), 0.0508590 secs] 7133164K->6746001K(8339648K), 0.0511570 secs] [Times: user=0.68 sys=0.02, real=0.06 secs] 
5189.670: [GC 5189.671: [ParNew: 430927K->40336K(440896K), 0.0411980 secs] 7137419K->6749763K(8339648K), 0.0415490 secs] [Times: user=0.70 sys=0.00, real=0.04 secs] 
5190.099: [CMS-concurrent-sweep: 9.020/9.186 secs] [Times: user=84.86 sys=0.26, real=9.19 secs] 
5190.100: [CMS-concurrent-reset-start]
5190.165: [CMS-concurrent-reset: 0.065/0.065 secs] [Times: user=1.02 sys=0.00, real=0.06 secs] 
5191.232: [GC [1 CMS-initial-mark: 6707941K(7898752K)] 7079858K(8339648K), 0.9494660 secs] [Times: user=0.94 sys=0.00, real=0.95 secs] 
5192.182: [CMS-concurrent-mark-start]
5192.487: [GC 5192.487: [ParNew: 432272K->37176K(440896K), 0.0492160 secs] 7140214K->6750704K(8339648K), 0.0495770 secs] [Times: user=0.77 sys=0.02, real=0.05 secs] 
5194.441: [GC 5194.441: [ParNew: 429112K->32660K(440896K), 0.0608830 secs] 7142640K->6757396K(8339648K), 0.0611810 secs] [Times: user=0.63 sys=0.01, real=0.06 secs] 
5196.125: [GC 5196.125: [ParNew: 424596K->24821K(440896K), 0.0308500 secs] 7149332K->6752600K(8339648K), 0.0311420 secs] [Times: user=0.61 sys=0.00, real=0.03 secs] 
5198.813: [CMS-concurrent-mark: 6.474/6.630 secs] [Times: user=123.12 sys=0.30, real=6.63 secs] 
5198.813: [CMS-concurrent-preclean-start]
5199.068: [CMS-concurrent-preclean: 0.246/0.256 secs] [Times: user=0.34 sys=0.05, real=0.26 secs] 
5199.069: [CMS-concurrent-abortable-preclean-start]
5199.533: [GC 5199.533: [ParNew: 416757K->27575K(440896K), 0.0472380 secs] 7144536K->6761016K(8339648K), 0.0475750 secs] [Times: user=0.79 sys=0.03, real=0.05 secs] 
5200.543: [CMS-concurrent-abortable-preclean: 1.310/1.474 secs] [Times: user=22.95 sys=0.24, real=1.47 secs] 
5200.546: [GC[YG occupancy: 228531 K (440896 K)]5200.546: [Rescan (parallel) , 0.0611820 secs]5200.607: [weak refs processing, 0.0014480 secs]5200.609: [class unloading, 0.0206210 secs]5200.629: [scrub symbol & string tables, 0.0206990 secs] [1 CMS-remark: 6733440K(7898752K)] 6961972K(8339648K), 0.1147920 secs] [Times: user=1.42 sys=0.00, real=0.12 secs] 
5200.661: [CMS-concurrent-sweep-start]
5201.482: [GC 5201.482: [ParNew: 419511K->28484K(440896K), 0.0408580 secs] 7152808K->6767058K(8339648K), 0.0411280 secs] [Times: user=0.66 sys=0.02, real=0.04 secs] 
5208.421: [CMS-concurrent-sweep: 7.702/7.760 secs] [Times: user=24.64 sys=0.01, real=7.76 secs] 
5208.421: [CMS-concurrent-reset-start]
5208.467: [CMS-concurrent-reset: 0.046/0.046 secs] [Times: user=0.04 sys=0.00, real=0.05 secs] 
5208.580: [GC [1 CMS-initial-mark: 6685489K(7898752K)] 6813327K(8339648K), 0.2519950 secs] [Times: user=0.24 sys=0.00, real=0.25 secs] 
5208.832: [CMS-concurrent-mark-start]
5210.509: [GC 5210.509: [ParNew: 420420K->39255K(440896K), 0.0484510 secs] 7105909K->6727905K(8339648K), 0.0487220 secs] [Times: user=0.70 sys=0.01, real=0.04 secs] 
5212.235: [GC 5212.235: [ParNew: 431191K->38311K(440896K), 0.0448140 secs] 7119841K->6735683K(8339648K), 0.0450570 secs] [Times: user=0.71 sys=0.00, real=0.05 secs] 
5213.986: [GC 5213.986: [ParNew: 430247K->39159K(440896K), 0.0261450 secs] 7127619K->6736532K(8339648K), 0.0263900 secs] [Times: user=0.53 sys=0.00, real=0.03 secs] 
5215.703: [GC 5215.703: [ParNew: 431095K->37076K(440896K), 0.0467200 secs] 7128468K->6739618K(8339648K), 0.0469650 secs] [Times: user=0.74 sys=0.00, real=0.05 secs] 
5216.022: [CMS-concurrent-mark: 7.002/7.190 secs] [Times: user=151.43 sys=0.11, real=7.19 secs] 
5216.022: [CMS-concurrent-preclean-start]
5216.363: [CMS-concurrent-preclean: 0.328/0.341 secs] [Times: user=5.80 sys=0.00, real=0.34 secs] 
5216.363: [CMS-concurrent-abortable-preclean-start]
5217.362: [GC 5217.362: [ParNew: 429012K->31340K(440896K), 0.0532450 secs] 7131554K->6748521K(8339648K), 0.0534910 secs] [Times: user=0.67 sys=0.02, real=0.05 secs] 
5219.946: [CMS-concurrent-abortable-preclean: 2.857/3.583 secs] [Times: user=35.59 sys=0.05, real=3.58 secs] 
5219.948: [GC[YG occupancy: 233736 K (440896 K)]5219.948: [Rescan (parallel) , 0.0517270 secs]5220.000: [weak refs processing, 0.0016610 secs]5220.002: [class unloading, 0.0209700 secs]5220.023: [scrub symbol & string tables, 0.0206260 secs] [1 CMS-remark: 6717180K(7898752K)] 6950917K(8339648K), 0.1061280 secs] [Times: user=0.96 sys=0.01, real=0.10 secs] 
5220.055: [CMS-concurrent-sweep-start]
5220.846: [GC 5220.846: [ParNew: 423276K->23954K(440896K), 0.0381610 secs] 7140390K->6743802K(8339648K), 0.0383860 secs] [Times: user=0.68 sys=0.02, real=0.04 secs] 
5222.521: [GC 5222.521: [ParNew: 415890K->28128K(440896K), 0.0412390 secs] 7134979K->6750773K(8339648K), 0.0414860 secs] [Times: user=0.70 sys=0.00, real=0.04 secs] 
5225.957: [GC 5225.957: [ParNew: 420064K->29141K(440896K), 0.0464160 secs] 7142636K->6754988K(8339648K), 0.0466660 secs] [Times: user=0.84 sys=0.01, real=0.05 secs] 
5228.539: [CMS-concurrent-sweep: 8.344/8.485 secs] [Times: user=101.77 sys=0.12, real=8.49 secs] 
5228.539: [CMS-concurrent-reset-start]
5228.584: [CMS-concurrent-reset: 0.045/0.045 secs] [Times: user=0.11 sys=0.00, real=0.04 secs] 
5228.790: [GC [1 CMS-initial-mark: 6723410K(7898752K)] 7125535K(8339648K), 1.1926130 secs] [Times: user=1.19 sys=0.00, real=1.19 secs] 
5229.985: [CMS-concurrent-mark-start]
5230.216: [GC 5230.216: [ParNew: 421077K->37194K(440896K), 0.0559060 secs] 7144487K->6763807K(8339648K), 0.0561760 secs] [Times: user=1.15 sys=0.00, real=0.06 secs] 
5232.270: [GC 5232.271: [ParNew: 429130K->39313K(440896K), 0.0558750 secs] 7155743K->6773375K(8339648K), 0.0561190 secs] [Times: user=0.82 sys=0.00, real=0.05 secs] 
5235.213: [GC 5235.213: [ParNew: 431249K->39497K(440896K), 0.0485780 secs] 7165311K->6776455K(8339648K), 0.0488640 secs] [Times: user=0.91 sys=0.01, real=0.05 secs] 
5236.863: [CMS-concurrent-mark: 6.704/6.878 secs] [Times: user=129.64 sys=0.16, real=6.88 secs] 
5236.863: [CMS-concurrent-preclean-start]
5237.260: [CMS-concurrent-preclean: 0.386/0.397 secs] [Times: user=0.46 sys=0.01, real=0.40 secs] 
5237.260: [CMS-concurrent-abortable-preclean-start]
5237.517: [GC 5237.517: [ParNew: 431433K->42530K(440896K), 0.0563080 secs] 7168391K->6784757K(8339648K), 0.0565960 secs] [Times: user=0.90 sys=0.01, real=0.06 secs] 
5241.062: [CMS-concurrent-abortable-preclean: 3.013/3.801 secs] [Times: user=21.32 sys=0.07, real=3.80 secs] 
5241.064: [GC[YG occupancy: 252882 K (440896 K)]5241.065: [Rescan (parallel) , 0.1080000 secs]5241.173: [weak refs processing, 0.0016790 secs]5241.174: [class unloading, 0.0216190 secs]5241.196: [scrub symbol & string tables, 0.0206070 secs] [1 CMS-remark: 6742227K(7898752K)] 6995110K(8339648K), 0.1631590 secs] [Times: user=2.34 sys=0.01, real=0.16 secs] 
5241.228: [CMS-concurrent-sweep-start]
5242.086: [GC 5242.086: [ParNew: 434466K->41661K(440896K), 0.0541710 secs] 7176411K->6793381K(8339648K), 0.0544180 secs] [Times: user=0.91 sys=0.00, real=0.06 secs] 
5243.812: [GC 5243.813: [ParNew: 433597K->31675K(440896K), 0.0402040 secs] 7164996K->6768140K(8339648K), 0.0404510 secs] [Times: user=0.64 sys=0.00, real=0.04 secs] 
5246.518: [GC 5246.518: [ParNew: 423611K->33768K(440896K), 0.0451360 secs] 6841946K->6457501K(8339648K), 0.0453680 secs] [Times: user=0.63 sys=0.00, real=0.04 secs] 
5248.160: [GC 5248.160: [ParNew: 425704K->34234K(440896K), 0.0342040 secs] 6847094K->6460870K(8339648K), 0.0344640 secs] [Times: user=0.47 sys=0.00, real=0.03 secs] 
5250.200: [CMS-concurrent-sweep: 8.785/8.972 secs] [Times: user=109.28 sys=0.19, real=8.97 secs] 
5250.200: [CMS-concurrent-reset-start]
5250.246: [CMS-concurrent-reset: 0.046/0.046 secs] [Times: user=0.67 sys=0.00, real=0.04 secs] 
5251.774: [GC 5251.774: [ParNew: 426170K->26568K(440896K), 0.0625670 secs] 6829162K->6437228K(8339648K), 0.0628150 secs] [Times: user=1.11 sys=0.01, real=0.06 secs] 
5251.838: [GC [1 CMS-initial-mark: 6410659K(7898752K)] 6437840K(8339648K), 0.0398590 secs] [Times: user=0.04 sys=0.00, real=0.03 secs] 
5251.878: [CMS-concurrent-mark-start]
5256.315: [GC 5256.315: [ParNew: 418504K->34372K(440896K), 0.0366890 secs] 6829164K->6448076K(8339648K), 0.0369380 secs] [Times: user=0.70 sys=0.00, real=0.04 secs] 
5257.177: [CMS-concurrent-mark: 5.258/5.299 secs] [Times: user=72.00 sys=0.02, real=5.30 secs] 
5257.177: [CMS-concurrent-preclean-start]
5257.544: [CMS-concurrent-preclean: 0.352/0.366 secs] [Times: user=6.32 sys=0.00, real=0.36 secs] 
5257.544: [CMS-concurrent-abortable-preclean-start]
5257.948: [GC 5257.948: [ParNew: 426308K->31829K(440896K), 0.0388720 secs] 6840012K->6451170K(8339648K), 0.0391260 secs] [Times: user=0.51 sys=0.00, real=0.04 secs] 
5260.846: [CMS-concurrent-abortable-preclean: 2.435/3.302 secs] [Times: user=25.77 sys=0.04, real=3.30 secs] 
5260.850: [GC[YG occupancy: 238348 K (440896 K)]5260.850: [Rescan (parallel) , 0.0860310 secs]5260.936: [weak refs processing, 0.0014380 secs]5260.938: [class unloading, 0.0217780 secs]5260.959: [scrub symbol & string tables, 0.0205190 secs] [1 CMS-remark: 6419340K(7898752K)] 6657689K(8339648K), 0.1407200 secs] [Times: user=1.83 sys=0.01, real=0.14 secs] 
5260.991: [CMS-concurrent-sweep-start]
5261.780: [GC 5261.780: [ParNew: 423765K->37741K(440896K), 0.0374850 secs] 6842952K->6459792K(8339648K), 0.0377370 secs] [Times: user=0.47 sys=0.00, real=0.04 secs] 
5263.469: [GC 5263.469: [ParNew: 429677K->37000K(440896K), 0.0550800 secs] 6850796K->6463283K(8339648K), 0.0553170 secs] [Times: user=0.86 sys=0.00, real=0.05 secs] 
5266.596: [GC 5266.596: [ParNew: 428936K->34350K(440896K), 0.0469120 secs] 6817631K->6431068K(8339648K), 0.0471560 secs] [Times: user=0.63 sys=0.00, real=0.05 secs] 
5269.388: [CMS-concurrent-sweep: 8.242/8.397 secs] [Times: user=90.12 sys=0.11, real=8.39 secs] 
5269.388: [CMS-concurrent-reset-start]
5269.433: [CMS-concurrent-reset: 0.045/0.045 secs] [Times: user=0.05 sys=0.00, real=0.05 secs] 
5271.088: [GC 5271.088: [ParNew: 426286K->33017K(440896K), 0.0384260 secs] 6821356K->6431186K(8339648K), 0.0386690 secs] [Times: user=0.55 sys=0.00, real=0.03 secs] 
5271.127: [GC [1 CMS-initial-mark: 6398168K(7898752K)] 6431585K(8339648K), 0.0521550 secs] [Times: user=0.06 sys=0.00, real=0.05 secs] 
5271.180: [CMS-concurrent-mark-start]
5272.821: [GC 5272.821: [ParNew: 424953K->33988K(440896K), 0.0481890 secs] 6823122K->6439961K(8339648K), 0.0484240 secs] [Times: user=0.71 sys=0.00, real=0.05 secs] 
5275.958: [GC 5275.958: [ParNew: 425924K->30720K(440896K), 0.0334790 secs] 6831897K->6439387K(8339648K), 0.0337150 secs] [Times: user=0.52 sys=0.01, real=0.03 secs] 
5276.792: [CMS-concurrent-mark: 5.525/5.612 secs] [Times: user=97.18 sys=0.11, real=5.61 secs] 
5276.792: [CMS-concurrent-preclean-start]
5277.138: [CMS-concurrent-preclean: 0.331/0.346 secs] [Times: user=5.88 sys=0.00, real=0.35 secs] 
5277.138: [CMS-concurrent-abortable-preclean-start]
5277.642: [GC 5277.642: [ParNew: 422656K->33818K(440896K), 0.0398430 secs] 6831323K->6447637K(8339648K), 0.0400700 secs] [Times: user=0.70 sys=0.00, real=0.04 secs] 
5280.644: [CMS-concurrent-abortable-preclean: 2.545/3.506 secs] [Times: user=27.80 sys=0.02, real=3.50 secs] 
5280.647: [GC[YG occupancy: 248700 K (440896 K)]5280.647: [Rescan (parallel) , 0.1212130 secs]5280.769: [weak refs processing, 0.0013270 secs]5280.770: [class unloading, 0.0286030 secs]5280.799: [scrub symbol & string tables, 0.0241690 secs] [1 CMS-remark: 6413818K(7898752K)] 6662518K(8339648K), 0.1914950 secs] [Times: user=2.57 sys=0.02, real=0.19 secs] 
5280.839: [CMS-concurrent-sweep-start]
5281.791: [GC 5281.792: [ParNew: 425754K->32056K(440896K), 0.0505510 secs] 6839570K->6454618K(8339648K), 0.0508190 secs] [Times: user=0.65 sys=0.00, real=0.05 secs] 
5286.086: [GC 5286.087: [ParNew: 423992K->33254K(440896K), 0.0383730 secs] 6843933K->6456015K(8339648K), 0.0386140 secs] [Times: user=0.64 sys=0.01, real=0.04 secs] 
5287.802: [GC 5287.802: [ParNew: 425190K->35689K(440896K), 0.0433020 secs] 6847852K->6463661K(8339648K), 0.0435470 secs] [Times: user=0.70 sys=0.00, real=0.04 secs] 
5289.482: [CMS-concurrent-sweep: 8.500/8.642 secs] [Times: user=92.13 sys=0.12, real=8.64 secs] 
5289.482: [CMS-concurrent-reset-start]
5289.527: [CMS-concurrent-reset: 0.045/0.045 secs] [Times: user=0.04 sys=0.00, real=0.04 secs] 
5291.275: [GC 5291.275: [ParNew: 427625K->33756K(440896K), 0.0447120 secs] 6853288K->6463928K(8339648K), 0.0449580 secs] [Times: user=0.66 sys=0.00, real=0.05 secs] 
5291.321: [GC [1 CMS-initial-mark: 6430171K(7898752K)] 6464884K(8339648K), 0.0518890 secs] [Times: user=0.05 sys=0.00, real=0.05 secs] 
5291.373: [CMS-concurrent-mark-start]
5293.247: [GC 5293.247: [ParNew: 425692K->37735K(440896K), 0.0405790 secs] 6855864K->6474085K(8339648K), 0.0408170 secs] [Times: user=0.63 sys=0.00, real=0.05 secs] 
5296.031: [GC 5296.031: [ParNew: 429671K->27724K(440896K), 0.0438790 secs] 6866021K->6472778K(8339648K), 0.0441190 secs] [Times: user=0.70 sys=0.00, real=0.04 secs] 
5296.991: [CMS-concurrent-mark: 5.527/5.618 secs] [Times: user=100.97 sys=0.10, real=5.62 secs] 
5296.991: [CMS-concurrent-preclean-start]
5297.347: [CMS-concurrent-preclean: 0.343/0.356 secs] [Times: user=0.39 sys=0.00, real=0.35 secs] 
5297.347: [CMS-concurrent-abortable-preclean-start]
5300.598: [GC 5300.598: [ParNew: 419660K->32710K(440896K), 0.0479260 secs] 6864714K->6480170K(8339648K), 0.0482150 secs] [Times: user=0.75 sys=0.01, real=0.04 secs] 
5301.738: [CMS-concurrent-abortable-preclean: 3.029/4.390 secs] [Times: user=31.28 sys=0.07, real=4.39 secs] 
5301.741: [GC[YG occupancy: 244938 K (440896 K)]5301.741: [Rescan (parallel) , 0.0635340 secs]5301.804: [weak refs processing, 0.0012650 secs]5301.806: [class unloading, 0.0268810 secs]5301.833: [scrub symbol & string tables, 0.0227740 secs] [1 CMS-remark: 6447459K(7898752K)] 6692398K(8339648K), 0.1292270 secs] [Times: user=1.34 sys=0.00, real=0.13 secs] 
5301.870: [CMS-concurrent-sweep-start]
5302.855: [GC 5302.855: [ParNew: 424646K->34534K(440896K), 0.0452260 secs] 6870839K->6488116K(8339648K), 0.0454540 secs] [Times: user=0.62 sys=0.01, real=0.05 secs] 
5305.918: [GC 5305.918: [ParNew: 426470K->28664K(440896K), 0.0358310 secs] 6879153K->6484311K(8339648K), 0.0393950 secs] [Times: user=0.55 sys=0.00, real=0.03 secs] 
5307.559: [GC 5307.559: [ParNew: 420600K->31486K(440896K), 0.0381750 secs] 6876214K->6492128K(8339648K), 0.0384090 secs] [Times: user=0.52 sys=0.01, real=0.04 secs] 
5310.629: [CMS-concurrent-sweep: 8.625/8.758 secs] [Times: user=97.17 sys=0.15, real=8.76 secs] 
5310.629: [CMS-concurrent-reset-start]
5310.681: [CMS-concurrent-reset: 0.052/0.052 secs] [Times: user=0.94 sys=0.00, real=0.05 secs] 
5311.291: [GC 5311.291: [ParNew: 423422K->33363K(440896K), 0.0451310 secs] 6883424K->6501514K(8339648K), 0.0453760 secs] [Times: user=0.70 sys=0.00, real=0.04 secs] 
5311.338: [GC [1 CMS-initial-mark: 6468150K(7898752K)] 6502696K(8339648K), 0.0406880 secs] [Times: user=0.05 sys=0.00, real=0.04 secs] 
5311.379: [CMS-concurrent-mark-start]
5315.795: [GC 5315.795: [ParNew: 425299K->32681K(440896K), 0.0404110 secs] 6893450K->6503972K(8339648K), 0.0406590 secs] [Times: user=0.68 sys=0.01, real=0.04 secs] 
5316.230: [CMS-concurrent-mark: 4.806/4.851 secs] [Times: user=62.37 sys=0.09, real=4.85 secs] 
5316.230: [CMS-concurrent-preclean-start]
5316.446: [CMS-concurrent-preclean: 0.209/0.216 secs] [Times: user=3.58 sys=0.00, real=0.21 secs] 
5316.446: [CMS-concurrent-abortable-preclean-start]
5317.475: [GC 5317.475: [ParNew: 424617K->33989K(440896K), 0.0368580 secs] 6895908K->6510438K(8339648K), 0.0370860 secs] [Times: user=0.70 sys=0.00, real=0.04 secs] 
5320.087: [CMS-concurrent-abortable-preclean: 2.880/3.641 secs] [Times: user=33.41 sys=0.03, real=3.64 secs] 
5320.090: [GC[YG occupancy: 243166 K (440896 K)]5320.090: [Rescan (parallel) , 0.0871990 secs]5320.178: [weak refs processing, 0.0018240 secs]5320.179: [class unloading, 0.0292980 secs]5320.209: [scrub symbol & string tables, 0.0241300 secs] [1 CMS-remark: 6476448K(7898752K)] 6719614K(8339648K), 0.1583410 secs] [Times: user=1.92 sys=0.00, real=0.16 secs] 
5320.249: [CMS-concurrent-sweep-start]
5321.199: [GC 5321.199: [ParNew: 425925K->36695K(440896K), 0.0343490 secs] 6901954K->6515718K(8339648K), 0.0345870 secs] [Times: user=0.48 sys=0.00, real=0.03 secs] 
5322.864: [GC 5322.865: [ParNew: 428631K->35751K(440896K), 0.0435640 secs] 6906815K->6521712K(8339648K), 0.0438060 secs] [Times: user=0.67 sys=0.01, real=0.05 secs] 
5326.079: [GC 5326.080: [ParNew: 427687K->35490K(440896K), 0.0474600 secs] 6912999K->6528763K(8339648K), 0.0477060 secs] [Times: user=0.67 sys=0.00, real=0.05 secs] 
5328.862: [CMS-concurrent-sweep: 8.476/8.613 secs] [Times: user=101.39 sys=0.09, real=8.61 secs] 
5328.862: [CMS-concurrent-reset-start]
5328.907: [CMS-concurrent-reset: 0.045/0.045 secs] [Times: user=0.04 sys=0.00, real=0.04 secs] 
5330.424: [GC 5330.424: [ParNew: 427426K->33437K(440896K), 0.0469220 secs] 6916305K->6525240K(8339648K), 0.0472160 secs] [Times: user=0.93 sys=0.00, real=0.05 secs] 
5330.472: [GC [1 CMS-initial-mark: 6491802K(7898752K)] 6525697K(8339648K), 0.0808670 secs] [Times: user=0.08 sys=0.00, real=0.08 secs] 
5330.553: [CMS-concurrent-mark-start]
5332.309: [GC 5332.309: [ParNew: 425373K->37844K(440896K), 0.0439230 secs] 6917176K->6534923K(8339648K), 0.0441600 secs] [Times: user=0.68 sys=0.00, real=0.04 secs] 
5335.519: [GC 5335.519: [ParNew: 429780K->29200K(440896K), 0.0346340 secs] 6926859K->6531661K(8339648K), 0.0349050 secs] [Times: user=0.43 sys=0.02, real=0.03 secs] 
5335.742: [CMS-concurrent-mark: 5.104/5.189 secs] [Times: user=87.05 sys=0.08, real=5.19 secs] 
5335.742: [CMS-concurrent-preclean-start]
5335.945: [CMS-concurrent-preclean: 0.196/0.203 secs] [Times: user=3.41 sys=0.01, real=0.20 secs] 
5335.945: [CMS-concurrent-abortable-preclean-start]
5337.164: [GC 5337.164: [ParNew: 421136K->30107K(440896K), 0.0347220 secs] 6923597K->6537778K(8339648K), 0.0349590 secs] [Times: user=0.66 sys=0.00, real=0.04 secs] 
5338.045: [CMS-concurrent-abortable-preclean: 2.051/2.100 secs] [Times: user=35.77 sys=0.06, real=2.10 secs] 
5338.048: [GC[YG occupancy: 241992 K (440896 K)]5338.048: [Rescan (parallel) , 0.0527390 secs]5338.100: [weak refs processing, 0.0013940 secs]5338.102: [class unloading, 0.0204280 secs]5338.122: [scrub symbol & string tables, 0.0202750 secs] [1 CMS-remark: 6507671K(7898752K)] 6749663K(8339648K), 0.1059670 secs] [Times: user=1.07 sys=0.00, real=0.10 secs] 
5338.154: [CMS-concurrent-sweep-start]
5340.869: [GC 5340.869: [ParNew: 422043K->31140K(440896K), 0.0388080 secs] 6928827K->6545715K(8339648K), 0.0391530 secs] [Times: user=0.43 sys=0.03, real=0.04 secs] 
5345.414: [GC 5345.414: [ParNew: 423076K->32173K(440896K), 0.0458780 secs] 6936913K->6548848K(8339648K), 0.0461420 secs] [Times: user=0.93 sys=0.00, real=0.05 secs] 
5346.313: [CMS-concurrent-sweep: 8.068/8.159 secs] [Times: user=63.18 sys=0.11, real=8.16 secs] 
5346.313: [CMS-concurrent-reset-start]
5346.361: [CMS-concurrent-reset: 0.048/0.048 secs] [Times: user=0.85 sys=0.00, real=0.05 secs] 
5347.251: [GC 5347.251: [ParNew: 424109K->36326K(440896K), 0.0403490 secs] 6940675K->6558027K(8339648K), 0.0405900 secs] [Times: user=0.66 sys=0.00, real=0.04 secs] 
5347.293: [GC [1 CMS-initial-mark: 6521701K(7898752K)] 6558473K(8339648K), 0.0493310 secs] [Times: user=0.05 sys=0.00, real=0.05 secs] 
5347.342: [CMS-concurrent-mark-start]
5350.519: [GC 5350.519: [ParNew: 428262K->37250K(440896K), 0.0392490 secs] 6949963K->6561797K(8339648K), 0.0394870 secs] [Times: user=0.69 sys=0.01, real=0.04 secs] 
5352.131: [GC 5352.131: [ParNew: 429186K->33828K(440896K), 0.0432740 secs] 6953733K->6566374K(8339648K), 0.0435180 secs] [Times: user=0.68 sys=0.00, real=0.04 secs] 
5352.832: [CMS-concurrent-mark: 5.402/5.490 secs] [Times: user=97.51 sys=0.09, real=5.49 secs] 
5352.832: [CMS-concurrent-preclean-start]
5353.141: [CMS-concurrent-preclean: 0.298/0.309 secs] [Times: user=5.52 sys=0.01, real=0.31 secs] 
5353.141: [CMS-concurrent-abortable-preclean-start]
5355.765: [GC 5355.765: [ParNew: 425764K->27396K(440896K), 0.0494980 secs] 6958310K->6567502K(8339648K), 0.0497910 secs] [Times: user=0.72 sys=0.00, real=0.05 secs] 
5356.775: [CMS-concurrent-abortable-preclean: 2.760/3.634 secs] [Times: user=31.38 sys=0.02, real=3.63 secs] 
5356.778: [GC[YG occupancy: 225646 K (440896 K)]5356.778: [Rescan (parallel) , 0.0551700 secs]5356.833: [weak refs processing, 0.0015260 secs]5356.834: [class unloading, 0.0207490 secs]5356.855: [scrub symbol & string tables, 0.0202560 secs] [1 CMS-remark: 6540106K(7898752K)] 6765753K(8339648K), 0.1088270 secs] [Times: user=1.27 sys=0.01, real=0.10 secs] 
5356.887: [CMS-concurrent-sweep-start]
5360.023: [GC 5360.023: [ParNew: 419332K->31119K(440896K), 0.0392400 secs] 6958341K->6573245K(8339648K), 0.0394870 secs] [Times: user=0.69 sys=0.00, real=0.04 secs] 
5361.865: [GC 5361.865: [ParNew: 423055K->34504K(440896K), 0.0386640 secs] 6965108K->6581896K(8339648K), 0.0388980 secs] [Times: user=0.69 sys=0.01, real=0.04 secs] 
5365.263: [GC 5365.263: [ParNew: 426440K->36912K(440896K), 0.0399130 secs] 6973747K->6587060K(8339648K), 0.0402130 secs] [Times: user=0.70 sys=0.00, real=0.04 secs] 
5365.586: [CMS-concurrent-sweep: 8.571/8.699 secs] [Times: user=84.54 sys=0.06, real=8.70 secs] 
5365.586: [CMS-concurrent-reset-start]
5365.639: [CMS-concurrent-reset: 0.053/0.053 secs] [Times: user=0.95 sys=0.00, real=0.06 secs] 
5367.124: [GC 5367.124: [ParNew: 428848K->35256K(440896K), 0.0423940 secs] 6978994K->6593202K(8339648K), 0.0426290 secs] [Times: user=0.68 sys=0.00, real=0.04 secs] 
5367.168: [GC [1 CMS-initial-mark: 6557946K(7898752K)] 6594069K(8339648K), 0.0411160 secs] [Times: user=0.05 sys=0.00, real=0.04 secs] 
5367.209: [CMS-concurrent-mark-start]
5370.444: [GC 5370.444: [ParNew: 427192K->27084K(440896K), 0.0334360 secs] 6985138K->6590451K(8339648K), 0.0337250 secs] [Times: user=0.64 sys=0.01, real=0.04 secs] 
5372.344: [CMS-concurrent-mark: 5.098/5.134 secs] [Times: user=79.41 sys=0.04, real=5.13 secs] 
5372.344: [CMS-concurrent-preclean-start]
5372.609: [CMS-concurrent-preclean: 0.254/0.265 secs] [Times: user=0.27 sys=0.00, real=0.27 secs] 
5372.609: [CMS-concurrent-abortable-preclean-start]
5375.159: [GC 5375.159: [ParNew: 419020K->31780K(440896K), 0.0504840 secs] 6982387K->6600098K(8339648K), 0.0508470 secs] [Times: user=0.90 sys=0.02, real=0.05 secs] 
5376.234: [CMS-concurrent-abortable-preclean: 2.555/3.625 secs] [Times: user=22.40 sys=0.10, real=3.62 secs] 
5376.237: [GC[YG occupancy: 249271 K (440896 K)]5376.237: [Rescan (parallel) , 0.0580480 secs]5376.295: [weak refs processing, 0.0016120 secs]5376.297: [class unloading, 0.0225790 secs]5376.319: [scrub symbol & string tables, 0.0207700 secs] [1 CMS-remark: 6568318K(7898752K)] 6817590K(8339648K), 0.1144940 secs] [Times: user=1.31 sys=0.00, real=0.12 secs] 
5376.352: [CMS-concurrent-sweep-start]
5377.148: [GC 5377.148: [ParNew: 423716K->39559K(440896K), 0.0507750 secs] 6991838K->6613073K(8339648K), 0.0510170 secs] [Times: user=0.89 sys=0.00, real=0.05 secs] 
5378.978: [GC 5378.978: [ParNew: 431495K->39990K(440896K), 0.1327310 secs] 7004483K->6615883K(8339648K), 0.1329680 secs] [Times: user=2.80 sys=0.01, real=0.13 secs] 
5381.896: [GC 5381.896: [ParNew: 431926K->38597K(440896K), 0.1079160 secs] 7007535K->6619497K(8339648K), 0.1081460 secs] [Times: user=2.26 sys=0.00, real=0.11 secs] 
5384.490: [GC 5384.490: [ParNew: 430533K->45382K(440896K), 0.1766230 secs] 7010806K->6634123K(8339648K), 0.1769040 secs] [Times: user=3.66 sys=0.00, real=0.17 secs] 
5385.625: [CMS-concurrent-sweep: 8.789/9.273 secs] [Times: user=123.50 sys=0.15, real=9.27 secs] 
5385.625: [CMS-concurrent-reset-start]
5385.677: [CMS-concurrent-reset: 0.052/0.052 secs] [Times: user=0.90 sys=0.01, real=0.05 secs] 
5385.770: [GC [1 CMS-initial-mark: 6588693K(7898752K)] 6764262K(8339648K), 0.5869590 secs] [Times: user=0.58 sys=0.00, real=0.58 secs] 
5386.357: [CMS-concurrent-mark-start]
5387.620: [GC 5387.620: [ParNew: 437318K->47868K(440896K), 0.2494200 secs] 7026012K->6649095K(8339648K), 0.2496680 secs] [Times: user=5.28 sys=0.00, real=0.25 secs] 
5391.505: [GC 5391.505: [ParNew: 439804K->35044K(440896K), 0.0567100 secs] 7041031K->6658692K(8339648K), 0.0569760 secs] [Times: user=0.78 sys=0.02, real=0.06 secs] 
5392.694: [CMS-concurrent-mark: 6.004/6.337 secs] [Times: user=107.41 sys=0.16, real=6.33 secs] 
5392.694: [CMS-concurrent-preclean-start]
5393.228: [GC 5393.228: [ParNew: 426980K->28070K(440896K), 0.0308760 secs] 7050628K->6651718K(8339648K), 0.0311160 secs] [Times: user=0.52 sys=0.03, real=0.03 secs] 
5393.273: [CMS-concurrent-preclean: 0.502/0.579 secs] [Times: user=9.22 sys=0.06, real=0.58 secs] 
5393.273: [CMS-concurrent-abortable-preclean-start]
5395.862: [CMS-concurrent-abortable-preclean: 1.770/2.589 secs] [Times: user=13.88 sys=0.05, real=2.59 secs] 
5395.866: [GC[YG occupancy: 232082 K (440896 K)]5395.866: [Rescan (parallel) , 0.0936870 secs]5395.960: [weak refs processing, 0.0013100 secs]5395.962: [class unloading, 0.0279630 secs]5395.990: [scrub symbol & string tables, 0.0254570 secs] [1 CMS-remark: 6623648K(7898752K)] 6855730K(8339648K), 0.1644360 secs] [Times: user=2.05 sys=0.00, real=0.17 secs] 
5396.031: [CMS-concurrent-sweep-start]
5397.005: [GC 5397.005: [ParNew: 420006K->43366K(440896K), 0.0392300 secs] 7043585K->6666945K(8339648K), 0.0395200 secs] [Times: user=0.92 sys=0.00, real=0.04 secs] 
5398.777: [GC 5398.777: [ParNew: 435302K->33649K(440896K), 0.0502020 secs] 7058733K->6671840K(8339648K), 0.0504450 secs] [Times: user=0.81 sys=0.00, real=0.06 secs] 
5401.767: [GC 5401.767: [ParNew: 425585K->28633K(440896K), 0.0235040 secs] 7062733K->6665781K(8339648K), 0.0237540 secs] [Times: user=0.39 sys=0.00, real=0.03 secs] 
5406.154: [CMS-concurrent-sweep: 9.977/10.122 secs] [Times: user=111.33 sys=0.26, real=10.12 secs] 
5406.154: [CMS-concurrent-reset-start]
5406.218: [CMS-concurrent-reset: 0.064/0.064 secs] [Times: user=1.09 sys=0.00, real=0.07 secs] 
5406.447: [GC 5406.447: [ParNew: 420569K->36060K(440896K), 0.0318290 secs] 7056301K->6675535K(8339648K), 0.0320770 secs] [Times: user=0.56 sys=0.02, real=0.04 secs] 
5406.480: [GC [1 CMS-initial-mark: 6639475K(7898752K)] 6676031K(8339648K), 0.0532960 secs] [Times: user=0.05 sys=0.00, real=0.05 secs] 
5406.534: [CMS-concurrent-mark-start]
5408.204: [GC 5408.204: [ParNew: 427996K->34961K(440896K), 0.0337390 secs] 7067471K->6682669K(8339648K), 0.0339830 secs] [Times: user=0.46 sys=0.00, real=0.04 secs] 
5411.266: [GC 5411.266: [ParNew: 426897K->37039K(440896K), 0.1181580 secs] 7074605K->6688812K(8339648K), 0.1184190 secs] [Times: user=2.54 sys=0.00, real=0.12 secs] 
5412.427: [CMS-concurrent-mark: 5.727/5.893 secs] [Times: user=102.89 sys=-0.20, real=5.89 secs] 
5412.427: [CMS-concurrent-preclean-start]
5412.827: [CMS-concurrent-preclean: 0.386/0.400 secs] [Times: user=6.84 sys=0.01, real=0.41 secs] 
5412.827: [CMS-concurrent-abortable-preclean-start]
5413.105: [GC 5413.105: [ParNew: 428975K->42371K(440896K), 0.0545710 secs] 7080748K->6699433K(8339648K), 0.0548070 secs] [Times: user=1.16 sys=0.00, real=0.06 secs] 
5414.096: [CMS-concurrent-abortable-preclean: 1.197/1.269 secs] [Times: user=20.00 sys=0.03, real=1.26 secs] 
5414.098: [GC[YG occupancy: 249501 K (440896 K)]5414.098: [Rescan (parallel) , 0.0773060 secs]5414.175: [weak refs processing, 0.0047240 secs]5414.180: [class unloading, 0.0202490 secs]5414.200: [scrub symbol & string tables, 0.0203000 secs] [1 CMS-remark: 6657061K(7898752K)] 6906563K(8339648K), 0.1362360 secs] [Times: user=1.72 sys=0.00, real=0.13 secs] 
5414.234: [CMS-concurrent-sweep-start]
5416.187: [GC 5416.187: [ParNew: 434307K->43001K(440896K), 0.1210180 secs] 7072389K->6688767K(8339648K), 0.1213040 secs] [Times: user=2.46 sys=0.00, real=0.13 secs] 
5418.082: [GC 5418.082: [ParNew: 434937K->36731K(440896K), 0.1578130 secs] 7061628K->6678768K(8339648K), 0.1580590 secs] [Times: user=3.23 sys=0.01, real=0.16 secs] 
5423.935: [CMS-concurrent-sweep: 9.409/9.701 secs] [Times: user=85.52 sys=0.22, real=9.70 secs] 
5423.935: [CMS-concurrent-reset-start]
5423.975: [CMS-concurrent-reset: 0.040/0.040 secs] [Times: user=0.08 sys=0.00, real=0.04 secs] 
5424.243: [GC 5424.244: [ParNew: 428667K->46345K(440896K), 0.2086500 secs] 7068235K->6685912K(8339648K), 0.2089410 secs] [Times: user=4.62 sys=0.00, real=0.21 secs] 
5424.454: [GC [1 CMS-initial-mark: 6639567K(7898752K)] 6686002K(8339648K), 0.1521730 secs] [Times: user=0.15 sys=0.00, real=0.15 secs] 
5424.606: [CMS-concurrent-mark-start]
5429.090: [CMS-concurrent-mark: 4.478/4.484 secs] [Times: user=29.06 sys=0.09, real=4.49 secs] 
5429.090: [CMS-concurrent-preclean-start]
5429.239: [CMS-concurrent-preclean: 0.144/0.149 secs] [Times: user=0.15 sys=0.00, real=0.15 secs] 
5429.239: [CMS-concurrent-abortable-preclean-start]
 CMS: abort preclean due to time 5434.326: [CMS-concurrent-abortable-preclean: 3.866/5.086 secs] [Times: user=4.23 sys=0.02, real=5.08 secs] 
5434.327: [GC[YG occupancy: 200491 K (440896 K)]5434.327: [Rescan (parallel) , 0.4588720 secs]5434.786: [weak refs processing, 0.0014290 secs]5434.788: [class unloading, 0.0271840 secs]5434.815: [scrub symbol & string tables, 0.0258710 secs] [1 CMS-remark: 6639567K(7898752K)] 6840058K(8339648K), 0.5299620 secs] [Times: user=10.29 sys=0.02, real=0.53 secs] 
5434.858: [CMS-concurrent-sweep-start]
5442.002: [GC 5442.002: [ParNew: 438281K->48960K(440896K), 0.5673220 secs] 6747104K->6394267K(8339648K), 0.5675740 secs] [Times: user=11.51 sys=0.02, real=0.57 secs] 
5444.306: [GC 5444.306: [ParNew: 440896K->45543K(440896K), 0.1771100 secs] 6784773K->6436358K(8339648K), 0.1773540 secs] [Times: user=1.39 sys=0.02, real=0.18 secs] 
5444.951: [CMS-concurrent-sweep: 9.339/10.094 secs] [Times: user=76.88 sys=0.10, real=10.09 secs] 
5444.952: [CMS-concurrent-reset-start]
5445.003: [CMS-concurrent-reset: 0.052/0.052 secs] [Times: user=0.85 sys=0.00, real=0.05 secs] 
5446.182: [GC 5446.182: [ParNew: 437479K->14814K(440896K), 0.0233660 secs] 6828061K->6405395K(8339648K), 0.0235970 secs] [Times: user=0.46 sys=0.00, real=0.02 secs] 
5446.207: [GC [1 CMS-initial-mark: 6390581K(7898752K)] 6405819K(8339648K), 0.0202370 secs] [Times: user=0.02 sys=0.00, real=0.02 secs] 
5446.227: [CMS-concurrent-mark-start]
5450.320: [CMS-concurrent-mark: 4.092/4.093 secs] [Times: user=31.99 sys=0.02, real=4.10 secs] 
5450.320: [CMS-concurrent-preclean-start]
5450.387: [CMS-concurrent-preclean: 0.065/0.067 secs] [Times: user=0.06 sys=0.00, real=0.07 secs] 
5450.388: [CMS-concurrent-abortable-preclean-start]
 CMS: abort preclean due to time 5455.396: [CMS-concurrent-abortable-preclean: 2.400/5.009 secs] [Times: user=2.86 sys=0.04, real=5.00 secs] 
5455.398: [GC[YG occupancy: 171612 K (440896 K)]5455.398: [Rescan (parallel) , 0.5101230 secs]5455.908: [weak refs processing, 0.0029120 secs]5455.911: [class unloading, 0.0278140 secs]5455.939: [scrub symbol & string tables, 0.0234340 secs] [1 CMS-remark: 6390581K(7898752K)] 6562194K(8339648K), 0.5812620 secs] [Times: user=11.06 sys=0.03, real=0.58 secs] 
5455.979: [CMS-concurrent-sweep-start]
5463.974: [CMS-concurrent-sweep: 7.991/7.995 secs] [Times: user=9.98 sys=0.10, real=7.99 secs] 
5463.974: [CMS-concurrent-reset-start]
5464.018: [CMS-concurrent-reset: 0.044/0.044 secs] [Times: user=0.08 sys=0.00, real=0.05 secs] 
5466.020: [GC [1 CMS-initial-mark: 6355390K(7898752K)] 6634633K(8339648K), 0.9465020 secs] [Times: user=0.94 sys=0.00, real=0.94 secs] 
5466.967: [CMS-concurrent-mark-start]
5471.274: [CMS-concurrent-mark: 4.307/4.307 secs] [Times: user=26.22 sys=0.01, real=4.31 secs] 
5471.274: [CMS-concurrent-preclean-start]
5471.396: [CMS-concurrent-preclean: 0.117/0.122 secs] [Times: user=0.12 sys=0.00, real=0.12 secs] 
5471.396: [CMS-concurrent-abortable-preclean-start]
 CMS: abort preclean due to time 5476.404: [CMS-concurrent-abortable-preclean: 2.399/5.008 secs] [Times: user=2.87 sys=0.03, real=5.01 secs] 
5476.405: [GC[YG occupancy: 329312 K (440896 K)]5476.405: [Rescan (parallel) , 0.8868050 secs]5477.309: [weak refs processing, 0.0015530 secs]5477.311: [class unloading, 0.0211400 secs]5477.332: [scrub symbol & string tables, 0.0188130 secs] [1 CMS-remark: 6355390K(7898752K)] 6684702K(8339648K), 0.9560850 secs] [Times: user=19.21 sys=0.05, real=0.96 secs] 
5477.362: [CMS-concurrent-sweep-start]
5480.614: [GC 5480.614: [ParNew: 406750K->48960K(440896K), 0.4612010 secs] 6761059K->6436505K(8339648K), 0.4614810 secs] [Times: user=9.00 sys=0.01, real=0.46 secs] 
5482.947: [GC 5482.947: [ParNew: 440896K->40827K(440896K), 0.0860480 secs] 6828432K->6477646K(8339648K), 0.0862830 secs] [Times: user=0.98 sys=0.01, real=0.09 secs] 
5484.706: [GC 5484.706: [ParNew: 432763K->13608K(440896K), 0.0201740 secs] 6869582K->6450427K(8339648K), 0.0203560 secs] [Times: user=0.44 sys=0.00, real=0.02 secs] 
5486.482: [GC 5486.482: [ParNew: 405544K->17743K(440896K), 0.0294330 secs] 6842228K->6454427K(8339648K), 0.0296390 secs] [Times: user=0.46 sys=0.00, real=0.03 secs] 
5488.109: [CMS-concurrent-sweep: 10.116/10.748 secs] [Times: user=136.18 sys=0.14, real=10.75 secs] 
5488.110: [CMS-concurrent-reset-start]
5488.173: [CMS-concurrent-reset: 0.064/0.064 secs] [Times: user=1.07 sys=0.00, real=0.06 secs] 
5488.203: [GC 5488.203: [ParNew: 409679K->22530K(440896K), 0.0341870 secs] 6846362K->6459213K(8339648K), 0.0344070 secs] [Times: user=0.69 sys=0.00, real=0.04 secs] 
5488.238: [GC [1 CMS-initial-mark: 6436682K(7898752K)] 6460142K(8339648K), 0.0382000 secs] [Times: user=0.04 sys=0.00, real=0.03 secs] 
5488.277: [CMS-concurrent-mark-start]
5489.990: [GC 5489.991: [ParNew: 414466K->26527K(440896K), 0.0563870 secs] 6851149K->6466358K(8339648K), 0.0566230 secs] [Times: user=1.15 sys=0.00, real=0.05 secs] 
5491.779: [GC 5491.779: [ParNew: 418463K->25272K(440896K), 0.0619280 secs] 6858294K->6470699K(8339648K), 0.0621620 secs] [Times: user=1.16 sys=0.01, real=0.06 secs] 
5493.590: [GC 5493.590: [ParNew: 417208K->26784K(440896K), 0.0504060 secs] 6862635K->6475611K(8339648K), 0.0506410 secs] [Times: user=0.93 sys=0.00, real=0.05 secs] 
5495.434: [GC 5495.435: [ParNew: 418720K->29155K(440896K), 0.0368850 secs] 6867547K->6481301K(8339648K), 0.0371110 secs] [Times: user=0.70 sys=0.00, real=0.04 secs] 
5495.577: [CMS-concurrent-mark: 7.083/7.300 secs] [Times: user=159.90 sys=0.14, real=7.31 secs] 
5495.578: [CMS-concurrent-preclean-start]
5496.176: [CMS-concurrent-preclean: 0.586/0.598 secs] [Times: user=10.16 sys=0.00, real=0.59 secs] 
5496.176: [CMS-concurrent-abortable-preclean-start]
5496.475: [CMS-concurrent-abortable-preclean: 0.297/0.299 secs] [Times: user=5.09 sys=0.01, real=0.30 secs] 
5496.478: [GC[YG occupancy: 257273 K (440896 K)]5496.478: [Rescan (parallel) , 0.0947970 secs]5496.573: [weak refs processing, 0.0018700 secs]5496.575: [class unloading, 0.0210490 secs]5496.596: [scrub symbol & string tables, 0.0188820 secs] [1 CMS-remark: 6452146K(7898752K)] 6709419K(8339648K), 0.1481330 secs] [Times: user=1.98 sys=0.00, real=0.14 secs] 
5496.627: [CMS-concurrent-sweep-start]
5497.411: [GC 5497.411: [ParNew: 421091K->27182K(440896K), 0.0430860 secs] 6871752K->6484144K(8339648K), 0.0433180 secs] [Times: user=0.70 sys=0.00, real=0.04 secs] 
5499.133: [GC 5499.133: [ParNew: 419118K->21993K(440896K), 0.0397780 secs] 6875281K->6481420K(8339648K), 0.0400010 secs] [Times: user=0.69 sys=0.00, real=0.04 secs] 
5500.878: [GC 5500.879: [ParNew: 413929K->21215K(440896K), 0.0439230 secs] 6871529K->6483842K(8339648K), 0.0441490 secs] [Times: user=0.66 sys=0.01, real=0.04 secs] 
5502.603: [GC 5502.603: [ParNew: 413151K->22862K(440896K), 0.0473120 secs] 6677691K->6291415K(8339648K), 0.0475410 secs] [Times: user=0.93 sys=0.00, real=0.05 secs] 
5504.358: [GC 5504.358: [ParNew: 414798K->23707K(440896K), 0.0310700 secs] 6558616K->6170466K(8339648K), 0.0313010 secs] [Times: user=0.52 sys=0.01, real=0.03 secs] 
5506.082: [GC 5506.082: [ParNew: 415643K->22894K(440896K), 0.0423440 secs] 6561818K->6172203K(8339648K), 0.0425660 secs] [Times: user=0.68 sys=0.00, real=0.04 secs] 
5507.828: [GC 5507.828: [ParNew: 414830K->21986K(440896K), 0.0503360 secs] 6561847K->6172193K(8339648K), 0.0505470 secs] [Times: user=0.97 sys=0.00, real=0.05 secs] 
5509.583: [GC 5509.583: [ParNew: 413922K->21260K(440896K), 0.0340690 secs] 6562886K->6175546K(8339648K), 0.0343020 secs] [Times: user=0.47 sys=0.01, real=0.03 secs] 
5510.294: [CMS-concurrent-sweep: 13.306/13.667 secs] [Times: user=232.27 sys=0.20, real=13.66 secs] 
5510.294: [CMS-concurrent-reset-start]
5510.359: [CMS-concurrent-reset: 0.065/0.065 secs] [Times: user=1.25 sys=0.00, real=0.07 secs] 
5511.338: [GC 5511.338: [ParNew: 413196K->19053K(440896K), 0.0466650 secs] 6567230K->6176680K(8339648K), 0.0468840 secs] [Times: user=0.74 sys=0.00, real=0.04 secs] 
5511.386: [GC [1 CMS-initial-mark: 6157627K(7898752K)] 6178691K(8339648K), 0.0297560 secs] [Times: user=0.03 sys=0.00, real=0.03 secs] 
5511.416: [CMS-concurrent-mark-start]
5513.283: [GC 5513.283: [ParNew: 410989K->22296K(440896K), 0.0384360 secs] 6568616K->6183186K(8339648K), 0.0386590 secs] [Times: user=0.69 sys=0.01, real=0.04 secs] 
5515.085: [GC 5515.086: [ParNew: 414232K->22942K(440896K), 0.0298080 secs] 6575122K->6186867K(8339648K), 0.0300310 secs] [Times: user=0.46 sys=0.01, real=0.03 secs] 
5516.805: [GC 5516.805: [ParNew: 414878K->23339K(440896K), 0.0330000 secs] 6578803K->6190493K(8339648K), 0.0332270 secs] [Times: user=0.48 sys=0.00, real=0.04 secs] 
5518.252: [CMS-concurrent-mark: 6.709/6.836 secs] [Times: user=149.02 sys=0.09, real=6.84 secs] 
5518.252: [CMS-concurrent-preclean-start]
5518.428: [GC 5518.428: [ParNew: 415275K->24133K(440896K), 0.0305910 secs] 6582429K->6194666K(8339648K), 0.0308030 secs] [Times: user=0.52 sys=0.01, real=0.04 secs] 
5518.869: [CMS-concurrent-preclean: 0.556/0.617 secs] [Times: user=10.35 sys=0.02, real=0.62 secs] 
5518.869: [CMS-concurrent-abortable-preclean-start]
5519.375: [CMS-concurrent-abortable-preclean: 0.501/0.505 secs] [Times: user=8.61 sys=0.02, real=0.50 secs] 
5519.378: [GC[YG occupancy: 236818 K (440896 K)]5519.378: [Rescan (parallel) , 0.0600890 secs]5519.438: [weak refs processing, 0.0014320 secs]5519.439: [class unloading, 0.0207010 secs]5519.460: [scrub symbol & string tables, 0.0188230 secs] [1 CMS-remark: 6170533K(7898752K)] 6407352K(8339648K), 0.1122450 secs] [Times: user=1.22 sys=0.02, real=0.11 secs] 
5519.490: [CMS-concurrent-sweep-start]
5520.286: [GC 5520.286: [ParNew: 416069K->20060K(440896K), 0.0391560 secs] 6585916K->6195373K(8339648K), 0.0393930 secs] [Times: user=0.70 sys=0.00, real=0.04 secs] 
5522.040: [GC 5522.040: [ParNew: 411996K->21540K(440896K), 0.0448260 secs] 6587158K->6199535K(8339648K), 0.0450430 secs] [Times: user=0.71 sys=0.00, real=0.04 secs] 
5523.830: [GC 5523.830: [ParNew: 413476K->22017K(440896K), 0.0495890 secs] 6590033K->6201922K(8339648K), 0.0498230 secs] [Times: user=0.91 sys=0.01, real=0.05 secs] 
5525.636: [GC 5525.636: [ParNew: 413953K->22071K(440896K), 0.0465840 secs] 6587325K->6198607K(8339648K), 0.0467950 secs] [Times: user=0.93 sys=0.00, real=0.05 secs] 
5527.441: [GC 5527.442: [ParNew: 414007K->22370K(440896K), 0.0505200 secs] 6590524K->6201921K(8339648K), 0.0507140 secs] [Times: user=0.93 sys=0.00, real=0.05 secs] 
5529.251: [GC 5529.251: [ParNew: 414306K->21170K(440896K), 0.0510000 secs] 6593786K->6206005K(8339648K), 0.0512180 secs] [Times: user=0.83 sys=0.02, real=0.05 secs] 
5531.016: [CMS-concurrent-sweep: 11.224/11.525 secs] [Times: user=196.81 sys=0.16, real=11.52 secs] 
5531.016: [CMS-concurrent-reset-start]
5531.046: [GC 5531.060: [ParNew: 413106K->19888K(440896K), 0.0381850 secs] 6597772K->6208071K(8339648K), 0.0384330 secs] [Times: user=0.57 sys=0.01, real=0.06 secs] 
5531.134: [CMS-concurrent-reset: 0.063/0.118 secs] [Times: user=1.64 sys=0.02, real=0.12 secs] 
5532.742: [GC 5532.742: [ParNew: 411824K->26423K(440896K), 0.0938950 secs] 6600007K->6217854K(8339648K), 0.0941200 secs] [Times: user=1.83 sys=0.02, real=0.09 secs] 
5532.837: [GC [1 CMS-initial-mark: 6191431K(7898752K)] 6218338K(8339648K), 0.0631310 secs] [Times: user=0.07 sys=0.00, real=0.07 secs] 
5532.900: [CMS-concurrent-mark-start]
5534.519: [GC 5534.519: [ParNew: 418359K->25511K(440896K), 0.0371130 secs] 6609790K->6220017K(8339648K), 0.0373330 secs] [Times: user=0.45 sys=0.01, real=0.03 secs] 
5536.183: [GC 5536.184: [ParNew: 417447K->27970K(440896K), 0.0406630 secs] 6611953K->6225461K(8339648K), 0.0408930 secs] [Times: user=0.70 sys=0.00, real=0.04 secs] 
5537.819: [GC 5537.820: [ParNew: 419906K->27977K(440896K), 0.0432760 secs] 6617397K->6228850K(8339648K), 0.0435070 secs] [Times: user=0.71 sys=0.00, real=0.04 secs] 
5538.795: [CMS-concurrent-mark: 5.761/5.895 secs] [Times: user=128.84 sys=0.12, real=5.89 secs] 
5538.795: [CMS-concurrent-preclean-start]
5539.545: [GC 5539.545: [ParNew: 419913K->24634K(440896K), 0.0642140 secs] 6620786K->6234067K(8339648K), 0.0644370 secs] [Times: user=0.51 sys=0.01, real=0.07 secs] 
5539.625: [CMS-concurrent-preclean: 0.732/0.830 secs] [Times: user=13.49 sys=0.02, real=0.83 secs] 
5539.625: [CMS-concurrent-abortable-preclean-start]
5540.507: [CMS-concurrent-abortable-preclean: 0.849/0.882 secs] [Times: user=15.01 sys=0.01, real=0.88 secs] 
5540.510: [GC[YG occupancy: 226746 K (440896 K)]5540.510: [Rescan (parallel) , 0.0374030 secs]5540.548: [weak refs processing, 0.0015590 secs]5540.549: [class unloading, 0.0203110 secs]5540.569: [scrub symbol & string tables, 0.0188230 secs] [1 CMS-remark: 6209432K(7898752K)] 6436179K(8339648K), 0.0897340 secs] [Times: user=0.75 sys=0.01, real=0.09 secs] 
5540.600: [CMS-concurrent-sweep-start]
5541.471: [GC 5541.471: [ParNew: 416570K->18390K(440896K), 0.0418370 secs] 6624602K->6229697K(8339648K), 0.0420510 secs] [Times: user=0.70 sys=0.00, real=0.04 secs] 
5543.250: [GC 5543.250: [ParNew: 410326K->21976K(440896K), 0.0524680 secs] 6619706K->6234559K(8339648K), 0.0526920 secs] [Times: user=0.90 sys=0.00, real=0.05 secs] 
5545.026: [GC 5545.026: [ParNew: 413912K->23129K(440896K), 0.0351320 secs] 6623138K->6235452K(8339648K), 0.0353480 secs] [Times: user=0.68 sys=0.01, real=0.04 secs] 
5546.765: [GC 5546.765: [ParNew: 415065K->24119K(440896K), 0.0477300 secs] 6448185K->6060346K(8339648K), 0.0517730 secs] [Times: user=0.76 sys=0.01, real=0.05 secs] 
5548.518: [GC 5548.518: [ParNew: 416055K->23783K(440896K), 0.0367230 secs] 6329078K->5939787K(8339648K), 0.0369400 secs] [Times: user=0.50 sys=0.00, real=0.03 secs] 
5550.313: [GC 5550.313: [ParNew: 415719K->20972K(440896K), 0.0393940 secs] 6329408K->5940305K(8339648K), 0.0396150 secs] [Times: user=0.61 sys=0.01, real=0.04 secs] 
5552.106: [GC 5552.106: [ParNew: 412908K->17065K(440896K), 0.0284350 secs] 6331261K->5938463K(8339648K), 0.0286550 secs] [Times: user=0.47 sys=0.01, real=0.03 secs] 
5553.855: [GC 5553.856: [ParNew: 409001K->20413K(440896K), 0.0298910 secs] 6329206K->5943586K(8339648K), 0.0301050 secs] [Times: user=0.55 sys=0.00, real=0.03 secs] 
5553.912: [CMS-concurrent-sweep: 12.971/13.312 secs] [Times: user=226.70 sys=0.15, real=13.31 secs] 
5553.912: [CMS-concurrent-reset-start]
5553.976: [CMS-concurrent-reset: 0.063/0.063 secs] [Times: user=1.02 sys=0.00, real=0.06 secs] 
5555.979: [GC [1 CMS-initial-mark: 5923173K(7898752K)] 6068004K(8339648K), 0.5668130 secs] [Times: user=0.57 sys=0.00, real=0.56 secs] 
5556.546: [CMS-concurrent-mark-start]
5557.907: [GC 5557.907: [ParNew: 412349K->24630K(440896K), 0.0304280 secs] 6335522K->5950779K(8339648K), 0.0306550 secs] [Times: user=0.56 sys=0.00, real=0.04 secs] 
5561.039: [GC 5561.039: [ParNew: 416566K->27691K(440896K), 0.0322270 secs] 6342715K->5956888K(8339648K), 0.0324470 secs] [Times: user=0.47 sys=0.00, real=0.03 secs] 
5561.988: [CMS-concurrent-mark: 5.373/5.442 secs] [Times: user=96.06 sys=0.06, real=5.45 secs] 
5561.988: [CMS-concurrent-preclean-start]
5562.245: [CMS-concurrent-preclean: 0.248/0.257 secs] [Times: user=4.33 sys=0.00, real=0.25 secs] 
5562.245: [CMS-concurrent-abortable-preclean-start]
5562.649: [GC 5562.649: [ParNew: 419627K->31373K(440896K), 0.0334730 secs] 6348824K->5963766K(8339648K), 0.0336880 secs] [Times: user=0.47 sys=0.00, real=0.03 secs] 
5563.521: [CMS-concurrent-abortable-preclean: 1.230/1.276 secs] [Times: user=21.61 sys=0.00, real=1.28 secs] 
5563.524: [GC[YG occupancy: 227903 K (440896 K)]5563.524: [Rescan (parallel) , 0.0600390 secs]5563.584: [weak refs processing, 0.0012760 secs]5563.585: [class unloading, 0.0196100 secs]5563.605: [scrub symbol & string tables, 0.0188570 secs] [1 CMS-remark: 5932392K(7898752K)] 6160296K(8339648K), 0.1116930 secs] [Times: user=1.32 sys=0.00, real=0.11 secs] 
5563.636: [CMS-concurrent-sweep-start]
5566.161: [GC 5566.161: [ParNew: 423309K->34821K(440896K), 0.0459890 secs] 6354566K->5971461K(8339648K), 0.0462590 secs] [Times: user=0.70 sys=0.00, real=0.04 secs] 
5568.003: [GC 5568.003: [ParNew: 426757K->31776K(440896K), 0.0346300 secs] 6359269K->5969687K(8339648K), 0.0431220 secs] [Times: user=0.46 sys=0.01, real=0.04 secs] 
5571.543: [CMS-concurrent-sweep: 7.812/7.907 secs] [Times: user=70.38 sys=0.04, real=7.91 secs] 
5571.543: [CMS-concurrent-reset-start]
5571.593: [CMS-concurrent-reset: 0.050/0.050 secs] [Times: user=0.90 sys=0.00, real=0.05 secs] 
5572.223: [GC 5572.223: [ParNew: 423712K->27144K(440896K), 0.0396660 secs] 6360424K->5968780K(8339648K), 0.0398930 secs] [Times: user=0.69 sys=0.00, real=0.04 secs] 
5572.264: [GC [1 CMS-initial-mark: 5941636K(7898752K)] 5970090K(8339648K), 0.0443860 secs] [Times: user=0.04 sys=0.00, real=0.05 secs] 
5572.309: [CMS-concurrent-mark-start]
5575.774: [GC 5575.774: [ParNew: 419080K->32689K(440896K), 0.0386640 secs] 6360716K->5979801K(8339648K), 0.0389210 secs] [Times: user=0.69 sys=0.00, real=0.04 secs] 
5577.212: [GC 5577.212: [ParNew: 424625K->30936K(440896K), 0.0315230 secs] 6371737K->5983001K(8339648K), 0.0317470 secs] [Times: user=0.47 sys=0.00, real=0.03 secs] 
5577.264: [CMS-concurrent-mark: 4.879/4.955 secs] [Times: user=81.74 sys=0.08, real=4.95 secs] 
5577.264: [CMS-concurrent-preclean-start]
5577.703: [CMS-concurrent-preclean: 0.418/0.439 secs] [Times: user=7.47 sys=0.00, real=0.44 secs] 
5577.704: [CMS-concurrent-abortable-preclean-start]
5578.130: [CMS-concurrent-abortable-preclean: 0.423/0.426 secs] [Times: user=7.30 sys=0.00, real=0.43 secs] 
5578.133: [GC[YG occupancy: 240752 K (440896 K)]5578.133: [Rescan (parallel) , 0.0660000 secs]5578.199: [weak refs processing, 0.0012680 secs]5578.200: [class unloading, 0.0196050 secs]5578.220: [scrub symbol & string tables, 0.0188170 secs] [1 CMS-remark: 5952065K(7898752K)] 6192818K(8339648K), 0.1166300 secs] [Times: user=1.38 sys=0.00, real=0.12 secs] 
5578.250: [CMS-concurrent-sweep-start]
5581.144: [GC 5581.144: [ParNew: 422872K->35300K(440896K), 0.0455070 secs] 6374206K->5989573K(8339648K), 0.0457790 secs] [Times: user=0.91 sys=0.00, real=0.05 secs] 
5582.923: [GC 5582.923: [ParNew: 427236K->34916K(440896K), 0.0454600 secs] 6380674K->5995676K(8339648K), 0.0456710 secs] [Times: user=0.69 sys=0.00, real=0.05 secs] 
5586.080: [CMS-concurrent-sweep: 7.733/7.830 secs] [Times: user=61.65 sys=0.04, real=7.83 secs] 
5586.080: [CMS-concurrent-reset-start]
5586.131: [CMS-concurrent-reset: 0.050/0.050 secs] [Times: user=0.86 sys=0.00, real=0.05 secs] 
5587.157: [GC 5587.157: [ParNew: 426852K->29422K(440896K), 0.0412910 secs] 6387441K->5995378K(8339648K), 0.0415160 secs] [Times: user=0.65 sys=0.00, real=0.05 secs] 
5587.199: [GC [1 CMS-initial-mark: 5965956K(7898752K)] 5996503K(8339648K), 0.0448390 secs] [Times: user=0.04 sys=0.00, real=0.04 secs] 
5587.245: [CMS-concurrent-mark-start]
5591.076: [GC 5591.076: [ParNew: 421358K->34102K(440896K), 0.0353860 secs] 6387314K->6003047K(8339648K), 0.0356100 secs] [Times: user=0.70 sys=0.00, real=0.04 secs] 
5592.187: [CMS-concurrent-mark: 4.904/4.942 secs] [Times: user=73.34 sys=0.00, real=4.94 secs] 
5592.187: [CMS-concurrent-preclean-start]
5592.408: [CMS-concurrent-preclean: 0.214/0.221 secs] [Times: user=3.76 sys=0.00, real=0.23 secs] 
5592.408: [CMS-concurrent-abortable-preclean-start]
5592.742: [GC 5592.742: [ParNew: 426038K->37463K(440896K), 0.0404940 secs] 6394983K->6013966K(8339648K), 0.0407180 secs] [Times: user=0.52 sys=0.00, real=0.04 secs] 
5593.656: [CMS-concurrent-abortable-preclean: 1.194/1.248 secs] [Times: user=21.43 sys=0.03, real=1.24 secs] 
5593.660: [GC[YG occupancy: 245236 K (440896 K)]5593.660: [Rescan (parallel) , 0.0554350 secs]5593.715: [weak refs processing, 0.0013970 secs]5593.717: [class unloading, 0.0209500 secs]5593.738: [scrub symbol & string tables, 0.0188550 secs] [1 CMS-remark: 5976502K(7898752K)] 6221738K(8339648K), 0.1084830 secs] [Times: user=1.19 sys=0.00, real=0.11 secs] 
5593.769: [CMS-concurrent-sweep-start]
5596.376: [GC 5596.376: [ParNew: 429399K->31341K(440896K), 0.0333090 secs] 6405819K->6010692K(8339648K), 0.0335290 secs] [Times: user=0.69 sys=0.00, real=0.04 secs] 
5598.159: [GC 5598.159: [ParNew: 423277K->33081K(440896K), 0.0575520 secs] 6401661K->6019133K(8339648K), 0.0705780 secs] [Times: user=0.92 sys=0.00, real=0.07 secs] 
5602.297: [GC 5602.297: [ParNew: 425017K->29265K(440896K), 0.0460600 secs] 6410847K->6021443K(8339648K), 0.0462860 secs] [Times: user=0.78 sys=0.01, real=0.04 secs] 
5603.507: [CMS-concurrent-sweep: 9.566/9.738 secs] [Times: user=103.91 sys=0.10, real=9.74 secs] 
5603.508: [CMS-concurrent-reset-start]
5603.566: [CMS-concurrent-reset: 0.058/0.058 secs] [Times: user=1.00 sys=0.00, real=0.05 secs] 
5605.567: [GC [1 CMS-initial-mark: 5992177K(7898752K)] 6363332K(8339648K), 1.1812140 secs] [Times: user=1.18 sys=0.00, real=1.18 secs] 
5606.753: [CMS-concurrent-mark-start]
5607.005: [GC 5607.005: [ParNew: 421201K->33069K(440896K), 0.0449550 secs] 6413378K->6029340K(8339648K), 0.0452190 secs] [Times: user=0.93 sys=0.00, real=0.05 secs] 
5608.970: [GC 5608.970: [ParNew: 425005K->32743K(440896K), 0.0356440 secs] 6421276K->6034360K(8339648K), 0.0358690 secs] [Times: user=0.45 sys=0.00, real=0.03 secs] 
5611.199: [GC 5611.199: [ParNew: 424679K->34109K(440896K), 0.0372880 secs] 6426296K->6038708K(8339648K), 0.0375680 secs] [Times: user=0.56 sys=0.00, real=0.03 secs] 
5612.914: [GC 5612.915: [ParNew: 426045K->31627K(440896K), 0.0485650 secs] 6430644K->6043536K(8339648K), 0.0487770 secs] [Times: user=0.85 sys=0.00, real=0.05 secs] 
5613.391: [CMS-concurrent-mark: 6.458/6.638 secs] [Times: user=135.20 sys=0.09, real=6.64 secs] 
5613.391: [CMS-concurrent-preclean-start]
5613.806: [CMS-concurrent-preclean: 0.398/0.415 secs] [Times: user=0.46 sys=0.01, real=0.41 secs] 
5613.807: [CMS-concurrent-abortable-preclean-start]
5617.148: [GC 5617.149: [ParNew: 423563K->31972K(440896K), 0.0425190 secs] 6435472K->6051617K(8339648K), 0.0427470 secs] [Times: user=0.47 sys=0.01, real=0.04 secs] 
5618.047: [CMS-concurrent-abortable-preclean: 3.262/4.240 secs] [Times: user=39.45 sys=0.06, real=4.24 secs] 
5618.050: [GC[YG occupancy: 232834 K (440896 K)]5618.050: [Rescan (parallel) , 0.0683610 secs]5618.118: [weak refs processing, 0.0011700 secs]5618.119: [class unloading, 0.0199150 secs]5618.139: [scrub symbol & string tables, 0.0187090 secs] [1 CMS-remark: 6019644K(7898752K)] 6252478K(8339648K), 0.1192890 secs] [Times: user=1.36 sys=0.01, real=0.12 secs] 
5618.169: [CMS-concurrent-sweep-start]
5621.115: [GC 5621.115: [ParNew: 423908K->35343K(440896K), 0.0468390 secs] 6443085K->6057288K(8339648K), 0.0471010 secs] [Times: user=0.92 sys=0.00, real=0.05 secs] 
5622.938: [GC 5622.938: [ParNew: 427279K->32308K(440896K), 0.0329350 secs] 6448583K->6059043K(8339648K), 0.0331410 secs] [Times: user=0.54 sys=0.01, real=0.03 secs] 
5626.290: [GC 5626.290: [ParNew: 424244K->33141K(440896K), 0.0337260 secs] 6450752K->6062582K(8339648K), 0.0339470 secs] [Times: user=0.46 sys=0.01, real=0.03 secs] 
5627.402: [CMS-concurrent-sweep: 9.110/9.233 secs] [Times: user=99.11 sys=0.09, real=9.23 secs] 
5627.402: [CMS-concurrent-reset-start]
5627.461: [CMS-concurrent-reset: 0.058/0.058 secs] [Times: user=1.02 sys=0.00, real=0.06 secs] 
5628.044: [GC 5628.044: [ParNew: 425077K->32469K(440896K), 0.0404110 secs] 6454500K->6069541K(8339648K), 0.0531040 secs] [Times: user=0.59 sys=0.01, real=0.06 secs] 
5628.098: [GC [1 CMS-initial-mark: 6037072K(7898752K)] 6070342K(8339648K), 0.0384730 secs] [Times: user=0.04 sys=0.00, real=0.03 secs] 
5628.137: [CMS-concurrent-mark-start]
5632.391: [GC 5632.391: [ParNew: 424405K->26959K(440896K), 0.0418740 secs] 6461477K->6071366K(8339648K), 0.0420980 secs] [Times: user=0.57 sys=0.01, real=0.04 secs] 
5633.318: [CMS-concurrent-mark: 5.135/5.181 secs] [Times: user=73.87 sys=0.08, real=5.18 secs] 
5633.318: [CMS-concurrent-preclean-start]
5633.710: [CMS-concurrent-preclean: 0.375/0.392 secs] [Times: user=6.77 sys=0.00, real=0.39 secs] 
5633.710: [CMS-concurrent-abortable-preclean-start]
5635.974: [GC 5635.974: [ParNew: 418895K->30224K(440896K), 0.0471080 secs] 6463302K->6077226K(8339648K), 0.0473720 secs] [Times: user=0.93 sys=0.00, real=0.05 secs] 
5637.111: [CMS-concurrent-abortable-preclean: 2.531/3.401 secs] [Times: user=29.41 sys=0.03, real=3.40 secs] 
5637.113: [GC[YG occupancy: 241122 K (440896 K)]5637.113: [Rescan (parallel) , 0.0628120 secs]5637.176: [weak refs processing, 0.0014960 secs]5637.178: [class unloading, 0.0202960 secs]5637.198: [scrub symbol & string tables, 0.0187090 secs] [1 CMS-remark: 6047002K(7898752K)] 6288124K(8339648K), 0.1142410 secs] [Times: user=1.41 sys=0.00, real=0.12 secs] 
5637.228: [CMS-concurrent-sweep-start]
5638.015: [GC 5638.015: [ParNew: 422160K->33925K(440896K), 0.0371330 secs] 6468872K->6086034K(8339648K), 0.0373420 secs] [Times: user=0.69 sys=0.00, real=0.04 secs] 
5641.488: [GC 5641.488: [ParNew: 425861K->34571K(440896K), 0.0504880 secs] 6476690K->6088303K(8339648K), 0.0507210 secs] [Times: user=1.02 sys=0.00, real=0.05 secs] 
5643.343: [GC 5643.343: [ParNew: 426507K->33759K(440896K), 0.0400660 secs] 6480213K->6095169K(8339648K), 0.0402860 secs] [Times: user=0.70 sys=0.00, real=0.04 secs] 
5645.154: [CMS-concurrent-sweep: 7.791/7.926 secs] [Times: user=84.48 sys=0.05, real=7.92 secs] 
5645.154: [CMS-concurrent-reset-start]
5645.199: [CMS-concurrent-reset: 0.045/0.045 secs] [Times: user=0.05 sys=0.00, real=0.05 secs] 
5647.202: [GC [1 CMS-initial-mark: 6061260K(7898752K)] 6430073K(8339648K), 0.8587190 secs] [Times: user=0.86 sys=0.00, real=0.88 secs] 
5648.083: [CMS-concurrent-mark-start]
5648.412: [GC 5648.412: [ParNew: 425695K->31844K(440896K), 0.0465350 secs] 6486955K->6098244K(8339648K), 0.0468070 secs] [Times: user=0.88 sys=0.00, real=0.05 secs] 
5650.442: [GC 5650.442: [ParNew: 423780K->34399K(440896K), 0.0381340 secs] 6490180K->6105931K(8339648K), 0.0384150 secs] [Times: user=0.69 sys=0.00, real=0.04 secs] 
5652.148: [GC 5652.148: [ParNew: 426335K->32470K(440896K), 0.0302980 secs] 6497867K->6109348K(8339648K), 0.0305250 secs] [Times: user=0.50 sys=0.00, real=0.03 secs] 
5654.144: [CMS-concurrent-mark: 5.933/6.061 secs] [Times: user=117.47 sys=0.06, real=6.06 secs] 
5654.144: [CMS-concurrent-preclean-start]
5654.392: [CMS-concurrent-preclean: 0.238/0.248 secs] [Times: user=0.27 sys=0.00, real=0.25 secs] 
5654.392: [CMS-concurrent-abortable-preclean-start]
5655.719: [GC 5655.719: [ParNew: 424406K->31691K(440896K), 0.0415770 secs] 6501284K->6111594K(8339648K), 0.0418360 secs] [Times: user=0.71 sys=0.00, real=0.04 secs] 
5656.893: [CMS-concurrent-abortable-preclean: 2.035/2.501 secs] [Times: user=30.87 sys=0.03, real=2.50 secs] 
5656.895: [GC[YG occupancy: 247832 K (440896 K)]5656.896: [Rescan (parallel) , 0.0760420 secs]5656.972: [weak refs processing, 0.0015880 secs]5656.973: [class unloading, 0.0246140 secs]5656.998: [scrub symbol & string tables, 0.0212660 secs] [1 CMS-remark: 6079902K(7898752K)] 6327734K(8339648K), 0.1372510 secs] [Times: user=1.79 sys=0.00, real=0.14 secs] 
5657.033: [CMS-concurrent-sweep-start]
5657.799: [GC 5657.800: [ParNew: 423627K->32311K(440896K), 0.0432350 secs] 6503271K->6121955K(8339648K), 0.0434560 secs] [Times: user=0.46 sys=0.00, real=0.04 secs] 
5661.740: [GC 5661.740: [ParNew: 424247K->26722K(440896K), 0.0323680 secs] 6512947K->6118324K(8339648K), 0.0326000 secs] [Times: user=0.48 sys=0.00, real=0.03 secs] 
5665.239: [CMS-concurrent-sweep: 8.116/8.206 secs] [Times: user=77.84 sys=0.07, real=8.21 secs] 
5665.239: [CMS-concurrent-reset-start]
5665.295: [GC 5665.296: [ParNew: 418658K->35108K(440896K), 0.0427440 secs] 6510033K->6129325K(8339648K), 0.0429740 secs] [Times: user=0.92 sys=0.00, real=0.05 secs] 
5665.341: [CMS-concurrent-reset: 0.057/0.102 secs] [Times: user=1.84 sys=0.00, real=0.10 secs] 
5667.172: [GC 5667.172: [ParNew: 427044K->33909K(440896K), 0.0500530 secs] 6521261K->6135669K(8339648K), 0.0502830 secs] [Times: user=0.90 sys=0.00, real=0.05 secs] 
5667.223: [GC [1 CMS-initial-mark: 6101759K(7898752K)] 6136231K(8339648K), 0.0713480 secs] [Times: user=0.07 sys=0.00, real=0.07 secs] 
5667.295: [CMS-concurrent-mark-start]
5670.543: [GC 5670.543: [ParNew: 425845K->34320K(440896K), 0.0464670 secs] 6527605K->6139012K(8339648K), 0.0466970 secs] [Times: user=0.93 sys=0.00, real=0.05 secs] 
5672.419: [GC 5672.419: [ParNew: 426256K->36915K(440896K), 0.0425160 secs] 6530948K->6148742K(8339648K), 0.0427930 secs] [Times: user=0.70 sys=0.00, real=0.04 secs] 
5673.465: [CMS-concurrent-mark: 6.076/6.171 secs] [Times: user=103.25 sys=0.02, real=6.17 secs] 
5673.465: [CMS-concurrent-preclean-start]
5673.717: [CMS-concurrent-preclean: 0.246/0.252 secs] [Times: user=0.27 sys=0.01, real=0.25 secs] 
5673.718: [CMS-concurrent-abortable-preclean-start]
5676.566: [GC 5676.567: [ParNew: 428851K->34957K(440896K), 0.0427290 secs] 6540678K->6152587K(8339648K), 0.0429600 secs] [Times: user=0.72 sys=0.01, real=0.05 secs] 
5677.508: [CMS-concurrent-abortable-preclean: 3.132/3.791 secs] [Times: user=42.02 sys=0.03, real=3.80 secs] 
5677.511: [GC[YG occupancy: 250709 K (440896 K)]5677.511: [Rescan (parallel) , 0.0802460 secs]5677.591: [weak refs processing, 0.0015550 secs]5677.593: [class unloading, 0.0209880 secs]5677.614: [scrub symbol & string tables, 0.0186870 secs] [1 CMS-remark: 6117629K(7898752K)] 6368339K(8339648K), 0.1325090 secs] [Times: user=1.70 sys=0.02, real=0.13 secs] 
5677.644: [CMS-concurrent-sweep-start]
5680.678: [GC 5680.678: [ParNew: 426893K->36925K(440896K), 0.0850130 secs] 6541823K->6157715K(8339648K), 0.0852880 secs] [Times: user=1.14 sys=0.01, real=0.08 secs] 
5682.631: [GC 5682.631: [ParNew: 428861K->38109K(440896K), 0.0401970 secs] 6319619K->5934130K(8339648K), 0.0404500 secs] [Times: user=0.69 sys=0.00, real=0.04 secs] 
5685.678: [GC 5685.678: [ParNew: 430045K->36930K(440896K), 0.0428170 secs] 6262995K->5874922K(8339648K), 0.0430500 secs] [Times: user=0.69 sys=0.00, real=0.04 secs] 
5686.959: [CMS-concurrent-sweep: 9.137/9.315 secs] [Times: user=103.42 sys=0.10, real=9.32 secs] 
5686.959: [CMS-concurrent-reset-start]
5687.011: [CMS-concurrent-reset: 0.052/0.052 secs] [Times: user=0.87 sys=0.00, real=0.05 secs] 
5687.533: [GC 5687.533: [ParNew: 428866K->33612K(440896K), 0.0385000 secs] 6265959K->5876870K(8339648K), 0.0387200 secs] [Times: user=0.70 sys=0.00, real=0.04 secs] 
5687.573: [GC [1 CMS-initial-mark: 5843257K(7898752K)] 5877330K(8339648K), 0.0425650 secs] [Times: user=0.04 sys=0.00, real=0.04 secs] 
5687.616: [CMS-concurrent-mark-start]
5691.821: [GC 5691.822: [ParNew: 425548K->32935K(440896K), 0.0357720 secs] 6268806K->5882822K(8339648K), 0.0360040 secs] [Times: user=0.47 sys=0.00, real=0.04 secs] 
5693.069: [CMS-concurrent-mark: 5.413/5.452 secs] [Times: user=82.09 sys=0.07, real=5.46 secs] 
5693.069: [CMS-concurrent-preclean-start]
5693.291: [CMS-concurrent-preclean: 0.214/0.222 secs] [Times: user=4.04 sys=0.00, real=0.22 secs] 
5693.291: [CMS-concurrent-abortable-preclean-start]
5695.433: [GC 5695.433: [ParNew: 424871K->34041K(440896K), 0.0535110 secs] 6274758K->5889051K(8339648K), 0.0537790 secs] [Times: user=0.93 sys=0.00, real=0.06 secs] 
5696.565: [CMS-concurrent-abortable-preclean: 2.399/3.275 secs] [Times: user=26.04 sys=0.04, real=3.27 secs] 
5696.572: [GC[YG occupancy: 245825 K (440896 K)]5696.572: [Rescan (parallel) , 0.0643400 secs]5696.636: [weak refs processing, 0.0015330 secs]5696.638: [class unloading, 0.0210680 secs]5696.659: [scrub symbol & string tables, 0.0187530 secs] [1 CMS-remark: 5855009K(7898752K)] 6100835K(8339648K), 0.1169940 secs] [Times: user=1.39 sys=0.00, real=0.12 secs] 
5696.689: [CMS-concurrent-sweep-start]
5697.470: [GC 5697.470: [ParNew: 425977K->30770K(440896K), 0.0427600 secs] 6280696K->5891057K(8339648K), 0.0429830 secs] [Times: user=0.61 sys=0.01, real=0.04 secs] 
5700.625: [GC 5700.625: [ParNew: 422706K->33062K(440896K), 0.0396700 secs] 6281997K->5895211K(8339648K), 0.0399260 secs] [Times: user=0.69 sys=0.00, real=0.04 secs] 
5702.424: [GC 5702.424: [ParNew: 424998K->33687K(440896K), 0.0394680 secs] 6287081K->5903191K(8339648K), 0.0396950 secs] [Times: user=0.67 sys=0.00, real=0.04 secs] 
5704.525: [CMS-concurrent-sweep: 7.705/7.835 secs] [Times: user=82.31 sys=0.09, real=7.83 secs] 
5704.525: [CMS-concurrent-reset-start]
5704.570: [CMS-concurrent-reset: 0.045/0.045 secs] [Times: user=0.05 sys=0.00, real=0.05 secs] 
5706.578: [GC [1 CMS-initial-mark: 5869327K(7898752K)] 6271849K(8339648K), 0.9487650 secs] [Times: user=0.95 sys=0.00, real=0.94 secs] 
5707.527: [CMS-concurrent-mark-start]
5707.643: [GC 5707.643: [ParNew: 425623K->30503K(440896K), 0.0435240 secs] 6294950K->5905367K(8339648K), 0.0437600 secs] [Times: user=0.70 sys=0.00, real=0.04 secs] 
5710.948: [GC 5710.949: [ParNew: 422439K->34852K(440896K), 0.0403230 secs] 6297303K->5912567K(8339648K), 0.0405380 secs] [Times: user=0.72 sys=0.00, real=0.04 secs] 
5712.797: [GC 5712.797: [ParNew: 426788K->35395K(440896K), 0.0435730 secs] 6304503K->5920281K(8339648K), 0.0438070 secs] [Times: user=0.53 sys=0.01, real=0.04 secs] 
5713.641: [CMS-concurrent-mark: 5.979/6.115 secs] [Times: user=112.10 sys=0.06, real=6.12 secs] 
5713.641: [CMS-concurrent-preclean-start]
5714.028: [CMS-concurrent-preclean: 0.372/0.386 secs] [Times: user=6.45 sys=0.00, real=0.39 secs] 
5714.028: [CMS-concurrent-abortable-preclean-start]
5716.136: [GC 5716.136: [ParNew: 427331K->38595K(440896K), 0.0543010 secs] 6312217K->5926856K(8339648K), 0.0545710 secs] [Times: user=1.14 sys=0.00, real=0.06 secs] 
5717.222: [CMS-concurrent-abortable-preclean: 2.517/3.194 secs] [Times: user=30.65 sys=0.04, real=3.19 secs] 
5717.227: [GC[YG occupancy: 253874 K (440896 K)]5717.227: [Rescan (parallel) , 0.0595830 secs]5717.287: [weak refs processing, 0.0012860 secs]5717.288: [class unloading, 0.0207380 secs]5717.309: [scrub symbol & string tables, 0.0186960 secs] [1 CMS-remark: 5888260K(7898752K)] 6142134K(8339648K), 0.1110290 secs] [Times: user=1.36 sys=0.00, real=0.12 secs] 
5717.338: [CMS-concurrent-sweep-start]
5718.034: [GC 5718.035: [ParNew: 430531K->33575K(440896K), 0.0508030 secs] 6318685K->5929353K(8339648K), 0.0510560 secs] [Times: user=0.90 sys=0.00, real=0.05 secs] 
5722.054: [GC 5722.055: [ParNew: 425511K->29707K(440896K), 0.0391170 secs] 6320085K->5929724K(8339648K), 0.0393470 secs] [Times: user=0.67 sys=0.00, real=0.04 secs] 
5724.760: [CMS-concurrent-sweep: 7.325/7.422 secs] [Times: user=72.27 sys=0.09, real=7.42 secs] 
5724.760: [CMS-concurrent-reset-start]
5724.806: [CMS-concurrent-reset: 0.045/0.045 secs] [Times: user=0.08 sys=0.00, real=0.04 secs] 
5725.541: [GC 5725.541: [ParNew: 421643K->33081K(440896K), 0.0551210 secs] 6321527K->5938416K(8339648K), 0.0553880 secs] [Times: user=0.93 sys=0.00, real=0.05 secs] 
5725.597: [GC [1 CMS-initial-mark: 5905334K(7898752K)] 5938420K(8339648K), 0.1050990 secs] [Times: user=0.11 sys=0.00, real=0.11 secs] 
5725.702: [CMS-concurrent-mark-start]
5727.537: [GC 5727.537: [ParNew: 425017K->35265K(440896K), 0.0433210 secs] 6330352K->5945791K(8339648K), 0.0435450 secs] [Times: user=0.69 sys=0.00, real=0.05 secs] 
5730.754: [GC 5730.754: [ParNew: 427201K->39088K(440896K), 0.0363840 secs] 6337727K->5952501K(8339648K), 0.0366120 secs] [Times: user=0.69 sys=0.01, real=0.04 secs] 
5731.597: [CMS-concurrent-mark: 5.808/5.894 secs] [Times: user=104.49 sys=0.07, real=5.89 secs] 
5731.597: [CMS-concurrent-preclean-start]
5731.914: [CMS-concurrent-preclean: 0.309/0.317 secs] [Times: user=5.42 sys=0.00, real=0.32 secs] 
5731.914: [CMS-concurrent-abortable-preclean-start]
5732.492: [GC 5732.493: [ParNew: 431024K->38539K(440896K), 0.0468860 secs] 6344437K->5959118K(8339648K), 0.0471110 secs] [Times: user=0.70 sys=0.00, real=0.05 secs] 
5736.044: [CMS-concurrent-abortable-preclean: 3.167/4.130 secs] [Times: user=28.46 sys=0.02, real=4.13 secs] 
5736.047: [GC[YG occupancy: 246771 K (440896 K)]5736.047: [Rescan (parallel) , 0.1269180 secs]5736.174: [weak refs processing, 0.0014930 secs]5736.176: [class unloading, 0.0278050 secs]5736.203: [scrub symbol & string tables, 0.0235180 secs] [1 CMS-remark: 5920579K(7898752K)] 6167350K(8339648K), 0.1970030 secs] [Times: user=2.83 sys=0.00, real=0.20 secs] 
5736.244: [CMS-concurrent-sweep-start]
5737.247: [GC 5737.247: [ParNew: 430475K->28746K(440896K), 0.0703980 secs] 6295713K->5902484K(8339648K), 0.0706560 secs] [Times: user=0.83 sys=0.01, real=0.08 secs] 
5740.733: [GC 5740.733: [ParNew: 420682K->34413K(440896K), 0.0526820 secs] 6104910K->5722404K(8339648K), 0.0529130 secs] [Times: user=0.93 sys=0.00, real=0.05 secs] 
5742.591: [GC 5742.591: [ParNew: 426349K->34102K(440896K), 0.0414070 secs] 6064552K->5679184K(8339648K), 0.0416360 secs] [Times: user=0.64 sys=0.00, real=0.04 secs] 
5744.588: [CMS-concurrent-sweep: 8.169/8.344 secs] [Times: user=106.12 sys=0.05, real=8.35 secs] 
5744.588: [CMS-concurrent-reset-start]
5744.633: [CMS-concurrent-reset: 0.045/0.045 secs] [Times: user=0.04 sys=0.00, real=0.04 secs] 
5745.787: [GC 5745.787: [ParNew: 426038K->36549K(440896K), 0.0463030 secs] 6069650K->5683136K(8339648K), 0.0465680 secs] [Times: user=0.87 sys=0.00, real=0.05 secs] 
5745.835: [GC [1 CMS-initial-mark: 5646586K(7898752K)] 5683503K(8339648K), 0.0792230 secs] [Times: user=0.08 sys=0.00, real=0.08 secs] 
5745.914: [CMS-concurrent-mark-start]
5747.890: [GC 5747.890: [ParNew: 428485K->33469K(440896K), 0.0412490 secs] 6075072K->5687128K(8339648K), 0.0414760 secs] [Times: user=0.38 sys=0.00, real=0.04 secs] 
5751.142: [CMS-concurrent-mark: 5.183/5.228 secs] [Times: user=80.52 sys=0.03, real=5.23 secs] 
5751.142: [CMS-concurrent-preclean-start]
5751.766: [GC 5751.766: [ParNew: 425405K->29923K(440896K), 0.0491240 secs] 6079064K->5689040K(8339648K), 0.0493580 secs] [Times: user=0.75 sys=0.00, real=0.05 secs] 
5751.830: [CMS-concurrent-preclean: 0.600/0.688 secs] [Times: user=11.74 sys=0.00, real=0.69 secs] 
5751.830: [CMS-concurrent-abortable-preclean-start]
5752.810: [CMS-concurrent-abortable-preclean: 0.944/0.980 secs] [Times: user=16.52 sys=0.04, real=0.98 secs] 
5752.813: [GC[YG occupancy: 248639 K (440896 K)]5752.813: [Rescan (parallel) , 0.0713180 secs]5752.884: [weak refs processing, 0.0015430 secs]5752.886: [class unloading, 0.0207370 secs]5752.907: [scrub symbol & string tables, 0.0187050 secs] [1 CMS-remark: 5659117K(7898752K)] 5907756K(8339648K), 0.1241670 secs] [Times: user=1.59 sys=0.00, real=0.12 secs] 
5752.937: [CMS-concurrent-sweep-start]
5755.678: [GC 5755.678: [ParNew: 421859K->34483K(440896K), 0.0571820 secs] 6080344K->5697320K(8339648K), 0.0574130 secs] [Times: user=0.97 sys=0.00, real=0.05 secs] 
5757.608: [GC 5757.608: [ParNew: 426419K->32889K(440896K), 0.0473680 secs] 6088466K->5701238K(8339648K), 0.0475940 secs] [Times: user=0.54 sys=0.01, real=0.04 secs] 
5760.809: [GC 5760.810: [ParNew: 424825K->34353K(440896K), 0.0487480 secs] 6093078K->5705527K(8339648K), 0.0489780 secs] [Times: user=0.77 sys=0.00, real=0.05 secs] 
5761.724: [CMS-concurrent-sweep: 8.612/8.787 secs] [Times: user=96.49 sys=0.07, real=8.78 secs] 
5761.724: [CMS-concurrent-reset-start]
5761.776: [CMS-concurrent-reset: 0.052/0.052 secs] [Times: user=0.85 sys=0.00, real=0.05 secs] 
5762.736: [GC 5762.737: [ParNew: 426289K->34963K(440896K), 0.0553280 secs] 6097424K->5713710K(8339648K), 0.0555560 secs] [Times: user=0.84 sys=0.00, real=0.06 secs] 
5762.796: [GC [1 CMS-initial-mark: 5678746K(7898752K)] 5718622K(8339648K), 0.0420640 secs] [Times: user=0.05 sys=0.00, real=0.05 secs] 
5762.838: [CMS-concurrent-mark-start]
5766.651: [GC 5766.651: [ParNew: 426899K->28791K(440896K), 0.0454390 secs] 6105646K->5712868K(8339648K), 0.0456720 secs] [Times: user=0.70 sys=0.00, real=0.04 secs] 
5767.653: [CMS-concurrent-mark: 4.767/4.815 secs] [Times: user=72.07 sys=0.10, real=4.81 secs] 
5767.653: [CMS-concurrent-preclean-start]
5767.946: [CMS-concurrent-preclean: 0.281/0.293 secs] [Times: user=4.94 sys=0.01, real=0.29 secs] 
5767.946: [CMS-concurrent-abortable-preclean-start]
5770.584: [GC 5770.584: [ParNew: 420727K->33022K(440896K), 0.0507560 secs] 6104804K->5721626K(8339648K), 0.0510270 secs] [Times: user=0.93 sys=0.00, real=0.05 secs] 
5771.473: [CMS-concurrent-abortable-preclean: 2.553/3.527 secs] [Times: user=22.76 sys=0.04, real=3.53 secs] 
5771.475: [GC[YG occupancy: 247871 K (440896 K)]5771.476: [Rescan (parallel) , 0.0873830 secs]5771.563: [weak refs processing, 0.0014240 secs]5771.564: [class unloading, 0.0209030 secs]5771.585: [scrub symbol & string tables, 0.0186880 secs] [1 CMS-remark: 5688603K(7898752K)] 5936474K(8339648K), 0.1392500 secs] [Times: user=2.06 sys=0.00, real=0.14 secs] 
5771.615: [CMS-concurrent-sweep-start]
5772.396: [GC 5772.396: [ParNew: 424958K->34625K(440896K), 0.0421540 secs] 6113319K->5729202K(8339648K), 0.0423810 secs] [Times: user=0.68 sys=0.00, real=0.05 secs] 
5774.080: [GC 5774.080: [ParNew: 426561K->25490K(440896K), 0.0316410 secs] 6120805K->5722647K(8339648K), 0.0318640 secs] [Times: user=0.46 sys=0.00, real=0.03 secs] 
5777.060: [GC 5777.060: [ParNew: 417426K->27539K(440896K), 0.0458510 secs] 6113959K->5731941K(8339648K), 0.0460800 secs] [Times: user=0.68 sys=0.00, real=0.04 secs] 
5779.302: [CMS-concurrent-sweep: 7.554/7.687 secs] [Times: user=93.17 sys=0.09, real=7.69 secs] 
5779.302: [CMS-concurrent-reset-start]
5779.347: [CMS-concurrent-reset: 0.045/0.045 secs] [Times: user=0.04 sys=0.00, real=0.04 secs] 
5781.274: [GC 5781.274: [ParNew: 419475K->30553K(440896K), 0.0394990 secs] 6123690K->5740282K(8339648K), 0.0397300 secs] [Times: user=0.69 sys=0.00, real=0.04 secs] 
5781.315: [GC [1 CMS-initial-mark: 5709728K(7898752K)] 5741589K(8339648K), 0.0404830 secs] [Times: user=0.04 sys=0.00, real=0.04 secs] 
5781.356: [CMS-concurrent-mark-start]
5783.119: [GC 5783.120: [ParNew: 422489K->36199K(440896K), 0.0281680 secs] 6132218K->5748744K(8339648K), 0.0283880 secs] [Times: user=0.45 sys=0.00, real=0.03 secs] 
5786.347: [GC 5786.347: [ParNew: 428135K->36783K(440896K), 0.0327480 secs] 6140680K->5752215K(8339648K), 0.0330650 secs] [Times: user=0.65 sys=0.00, real=0.04 secs] 
5787.529: [CMS-concurrent-mark: 6.107/6.174 secs] [Times: user=113.83 sys=0.16, real=6.18 secs] 
5787.529: [CMS-concurrent-preclean-start]
5787.781: [CMS-concurrent-preclean: 0.243/0.251 secs] [Times: user=4.42 sys=0.01, real=0.25 secs] 
5787.781: [CMS-concurrent-abortable-preclean-start]
5788.146: [GC 5788.146: [ParNew: 428719K->36985K(440896K), 0.0421000 secs] 6144151K->5759768K(8339648K), 0.0423410 secs] [Times: user=0.61 sys=0.01, real=0.05 secs] 
5789.041: [CMS-concurrent-abortable-preclean: 1.199/1.260 secs] [Times: user=21.18 sys=0.01, real=1.26 secs] 
5789.044: [GC[YG occupancy: 238367 K (440896 K)]5789.044: [Rescan (parallel) , 0.0565940 secs]5789.101: [weak refs processing, 0.0013070 secs]5789.102: [class unloading, 0.0217500 secs]5789.124: [scrub symbol & string tables, 0.0191590 secs] [1 CMS-remark: 5722783K(7898752K)] 5961150K(8339648K), 0.1099740 secs] [Times: user=1.36 sys=0.00, real=0.11 secs] 
5789.155: [CMS-concurrent-sweep-start]
5791.452: [GC 5791.452: [ParNew: 428921K->27261K(440896K), 0.0365320 secs] 6151077K->5754955K(8339648K), 0.0367920 secs] [Times: user=0.47 sys=0.01, real=0.04 secs] 
5795.074: [GC 5795.075: [ParNew: 419197K->32026K(440896K), 0.0407030 secs] 6146078K->5764128K(8339648K), 0.0409800 secs] [Times: user=0.70 sys=0.00, real=0.04 secs] 
5796.692: [CMS-concurrent-sweep: 7.455/7.537 secs] [Times: user=67.11 sys=0.09, real=7.54 secs] 
5796.692: [CMS-concurrent-reset-start]
5796.743: [CMS-concurrent-reset: 0.051/0.051 secs] [Times: user=0.82 sys=0.00, real=0.05 secs] 
5797.414: [GC 5797.415: [ParNew: 423962K->33475K(440896K), 0.0405610 secs] 6155962K->5771049K(8339648K), 0.0408080 secs] [Times: user=0.70 sys=0.00, real=0.04 secs] 
5797.457: [GC [1 CMS-initial-mark: 5737574K(7898752K)] 5771830K(8339648K), 0.0401890 secs] [Times: user=0.04 sys=0.00, real=0.04 secs] 
5797.497: [CMS-concurrent-mark-start]
5801.134: [GC 5801.135: [ParNew: 425411K->30350K(440896K), 0.0431350 secs] 6162985K->5771047K(8339648K), 0.0433790 secs] [Times: user=0.92 sys=0.00, real=0.05 secs] 
5801.653: [CMS-concurrent-mark: 4.109/4.155 secs] [Times: user=58.26 sys=0.03, real=4.15 secs] 
5801.653: [CMS-concurrent-preclean-start]
5801.842: [CMS-concurrent-preclean: 0.183/0.189 secs] [Times: user=3.14 sys=0.00, real=0.19 secs] 
5801.842: [CMS-concurrent-abortable-preclean-start]
5802.792: [GC 5802.792: [ParNew: 422286K->33076K(440896K), 0.0354870 secs] 6162983K->5779068K(8339648K), 0.0357390 secs] [Times: user=0.46 sys=0.01, real=0.03 secs] 
5803.637: [CMS-concurrent-abortable-preclean: 1.747/1.795 secs] [Times: user=30.30 sys=0.05, real=1.79 secs] 
5803.640: [GC[YG occupancy: 232730 K (440896 K)]5803.640: [Rescan (parallel) , 0.0563360 secs]5803.696: [weak refs processing, 0.0013160 secs]5803.698: [class unloading, 0.0218620 secs]5803.720: [scrub symbol & string tables, 0.0194510 secs] [1 CMS-remark: 5745991K(7898752K)] 5978721K(8339648K), 0.1099430 secs] [Times: user=1.17 sys=0.00, real=0.11 secs] 
5803.750: [CMS-concurrent-sweep-start]
5806.183: [GC 5806.183: [ParNew: 425012K->30773K(440896K), 0.0473800 secs] 6170572K->5783606K(8339648K), 0.0476540 secs] [Times: user=0.71 sys=0.00, real=0.05 secs] 
5808.178: [GC 5808.178: [ParNew: 422709K->30715K(440896K), 0.0319390 secs] 6174923K->5785993K(8339648K), 0.0321730 secs] [Times: user=0.56 sys=0.01, real=0.03 secs] 
5811.859: [CMS-concurrent-sweep: 8.024/8.109 secs] [Times: user=78.37 sys=0.05, real=8.11 secs] 
5811.859: [CMS-concurrent-reset-start]
5811.911: [CMS-concurrent-reset: 0.051/0.051 secs] [Times: user=0.86 sys=0.00, real=0.05 secs] 
5812.242: [GC 5812.243: [ParNew: 422651K->29760K(440896K), 0.0530350 secs] 6177657K->5792335K(8339648K), 0.0532760 secs] [Times: user=0.92 sys=0.00, real=0.05 secs] 
5812.303: [GC [1 CMS-initial-mark: 5762574K(7898752K)] 5799877K(8339648K), 0.0427650 secs] [Times: user=0.04 sys=0.00, real=0.04 secs] 
5812.347: [CMS-concurrent-mark-start]
5816.041: [GC 5816.041: [ParNew: 421696K->33524K(440896K), 0.0424220 secs] 6184271K->5799131K(8339648K), 0.0426530 secs] [Times: user=0.70 sys=0.00, real=0.04 secs] 
5817.438: [CMS-concurrent-mark: 5.046/5.092 secs] [Times: user=80.97 sys=0.06, real=5.10 secs] 
5817.439: [CMS-concurrent-preclean-start]
5817.663: [CMS-concurrent-preclean: 0.217/0.224 secs] [Times: user=3.90 sys=0.00, real=0.22 secs] 
5817.663: [CMS-concurrent-abortable-preclean-start]
5817.828: [GC 5817.828: [ParNew: 425460K->34295K(440896K), 0.0411100 secs] 6191067K->5805154K(8339648K), 0.0413340 secs] [Times: user=0.49 sys=0.02, real=0.04 secs] 
5818.771: [CMS-concurrent-abortable-preclean: 1.055/1.109 secs] [Times: user=18.40 sys=0.04, real=1.11 secs] 
5818.773: [GC[YG occupancy: 245105 K (440896 K)]5818.774: [Rescan (parallel) , 0.0572080 secs]5818.831: [weak refs processing, 0.0013250 secs]5818.832: [class unloading, 0.0214160 secs]5818.854: [scrub symbol & string tables, 0.0174850 secs] [1 CMS-remark: 5770858K(7898752K)] 6015963K(8339648K), 0.1080070 secs] [Times: user=1.28 sys=0.00, real=0.11 secs] 
5818.882: [CMS-concurrent-sweep-start]
5821.218: [GC 5821.218: [ParNew: 426231K->37606K(440896K), 0.0333410 secs] 6196701K->5810942K(8339648K), 0.0400180 secs] [Times: user=0.65 sys=0.00, real=0.04 secs] 
5822.954: [GC 5822.954: [ParNew: 429542K->33897K(440896K), 0.0408290 secs] 6202129K->5813731K(8339648K), 0.0410310 secs] [Times: user=0.70 sys=0.00, real=0.04 secs] 
5826.417: [CMS-concurrent-sweep: 7.448/7.535 secs] [Times: user=66.93 sys=0.02, real=7.53 secs] 
5826.417: [CMS-concurrent-reset-start]
5826.468: [CMS-concurrent-reset: 0.052/0.052 secs] [Times: user=1.01 sys=0.00, real=0.06 secs] 
5827.129: [GC 5827.129: [ParNew: 425833K->29517K(440896K), 0.0436980 secs] 6205578K->5815792K(8339648K), 0.0439290 secs] [Times: user=0.66 sys=0.03, real=0.04 secs] 
5827.174: [GC [1 CMS-initial-mark: 5786274K(7898752K)] 5816737K(8339648K), 0.0437120 secs] [Times: user=0.04 sys=0.00, real=0.05 secs] 
5827.219: [CMS-concurrent-mark-start]
5831.139: [GC 5831.139: [ParNew: 421453K->34260K(440896K), 0.0473060 secs] 6207728K->5824744K(8339648K), 0.0475300 secs] [Times: user=0.69 sys=0.00, real=0.04 secs] 
5832.396: [CMS-concurrent-mark: 5.126/5.177 secs] [Times: user=79.78 sys=0.05, real=5.17 secs] 
5832.396: [CMS-concurrent-preclean-start]
5832.808: [CMS-concurrent-preclean: 0.393/0.412 secs] [Times: user=7.06 sys=0.00, real=0.42 secs] 
5832.808: [CMS-concurrent-abortable-preclean-start]
5832.973: [GC 5832.974: [ParNew: 426196K->34861K(440896K), 0.0398170 secs] 6216680K->5830883K(8339648K), 0.0400340 secs] [Times: user=0.70 sys=0.00, real=0.04 secs] 
5833.909: [CMS-concurrent-abortable-preclean: 1.038/1.101 secs] [Times: user=19.21 sys=0.00, real=1.10 secs] 
5833.912: [GC[YG occupancy: 233905 K (440896 K)]5833.912: [Rescan (parallel) , 0.0693270 secs]5833.982: [weak refs processing, 0.0013380 secs]5833.983: [class unloading, 0.0210110 secs]5834.004: [scrub symbol & string tables, 0.0174780 secs] [1 CMS-remark: 5796022K(7898752K)] 6029927K(8339648K), 0.1200390 secs] [Times: user=1.57 sys=0.00, real=0.12 secs] 
5834.033: [CMS-concurrent-sweep-start]
5836.135: [GC 5836.135: [ParNew: 426797K->32285K(440896K), 0.0456440 secs] 6222497K->5830913K(8339648K), 0.0459090 secs] [Times: user=0.92 sys=0.00, real=0.05 secs] 
5838.030: [GC 5838.030: [ParNew: 424221K->32044K(440896K), 0.0460770 secs] 6222325K->5837903K(8339648K), 0.0463430 secs] [Times: user=0.69 sys=0.01, real=0.04 secs] 
5842.249: [GC 5842.249: [ParNew: 423980K->32893K(440896K), 0.0415560 secs] 6229469K->5843662K(8339648K), 0.0417880 secs] [Times: user=0.66 sys=0.00, real=0.04 secs] 
5842.824: [CMS-concurrent-sweep: 8.647/8.791 secs] [Times: user=93.94 sys=0.08, real=8.79 secs] 
5842.824: [CMS-concurrent-reset-start]
5842.889: [CMS-concurrent-reset: 0.065/0.065 secs] [Times: user=1.15 sys=0.00, real=0.07 secs] 
5844.891: [GC [1 CMS-initial-mark: 5810759K(7898752K)] 6195844K(8339648K), 1.2619790 secs] [Times: user=1.26 sys=0.00, real=1.26 secs] 
5846.153: [CMS-concurrent-mark-start]
5846.342: [GC 5846.342: [ParNew: 424829K->36697K(440896K), 0.0444330 secs] 6235589K->5852652K(8339648K), 0.0446610 secs] [Times: user=0.70 sys=0.00, real=0.04 secs] 
5848.907: [GC 5848.907: [ParNew: 428633K->33686K(440896K), 0.0342710 secs] 6244588K->5854920K(8339648K), 0.0344930 secs] [Times: user=0.61 sys=0.01, real=0.04 secs] 
5851.496: [CMS-concurrent-mark: 5.260/5.343 secs] [Times: user=86.26 sys=0.06, real=5.34 secs] 
5851.496: [CMS-concurrent-preclean-start]
5851.741: [CMS-concurrent-preclean: 0.235/0.245 secs] [Times: user=0.25 sys=0.00, real=0.25 secs] 
5851.741: [CMS-concurrent-abortable-preclean-start]
5852.422: [GC 5852.422: [ParNew: 425622K->37500K(440896K), 0.0434990 secs] 6246856K->5861642K(8339648K), 0.0437710 secs] [Times: user=0.80 sys=0.01, real=0.04 secs] 
5853.475: [CMS-concurrent-abortable-preclean: 1.465/1.734 secs] [Times: user=23.08 sys=0.01, real=1.73 secs] 
5853.478: [GC[YG occupancy: 239792 K (440896 K)]5853.478: [Rescan (parallel) , 0.0903040 secs]5853.568: [weak refs processing, 0.0013020 secs]5853.570: [class unloading, 0.0215090 secs]5853.591: [scrub symbol & string tables, 0.0174700 secs] [1 CMS-remark: 5824141K(7898752K)] 6063933K(8339648K), 0.1413510 secs] [Times: user=1.91 sys=0.00, real=0.14 secs] 
5853.620: [CMS-concurrent-sweep-start]
5854.397: [GC 5854.397: [ParNew: 429436K->37885K(440896K), 0.0542790 secs] 6253402K->5869665K(8339648K), 0.0544900 secs] [Times: user=1.02 sys=0.00, real=0.06 secs] 
5857.288: [GC 5857.288: [ParNew: 429821K->28621K(440896K), 0.0444290 secs] 6260766K->5867265K(8339648K), 0.0446920 secs] [Times: user=0.65 sys=0.01, real=0.04 secs] 
5859.232: [GC 5859.232: [ParNew: 420557K->31501K(440896K), 0.0294170 secs] 6259085K->5872655K(8339648K), 0.0296540 secs] [Times: user=0.47 sys=0.00, real=0.03 secs] 
5861.544: [CMS-concurrent-sweep: 7.787/7.924 secs] [Times: user=97.24 sys=0.06, real=7.92 secs] 
5861.544: [CMS-concurrent-reset-start]
5861.588: [CMS-concurrent-reset: 0.044/0.044 secs] [Times: user=0.05 sys=0.00, real=0.05 secs] 
5862.872: [GC 5862.872: [ParNew: 423437K->29791K(440896K), 0.0417090 secs] 6264388K->5878517K(8339648K), 0.0419350 secs] [Times: user=0.68 sys=0.01, real=0.04 secs] 
5862.915: [GC [1 CMS-initial-mark: 5848725K(7898752K)] 5879769K(8339648K), 0.0414840 secs] [Times: user=0.04 sys=0.00, real=0.04 secs] 
5862.956: [CMS-concurrent-mark-start]
5866.274: [GC 5866.274: [ParNew: 421727K->31380K(440896K), 0.0368820 secs] 6270453K->5883195K(8339648K), 0.0371080 secs] [Times: user=0.70 sys=0.00, real=0.04 secs] 
5868.217: [GC 5868.217: [ParNew: 423316K->29249K(440896K), 0.0323000 secs] 6275131K->5886571K(8339648K), 0.0325700 secs] [Times: user=0.65 sys=0.01, real=0.04 secs] 
5869.187: [CMS-concurrent-mark: 6.155/6.231 secs] [Times: user=112.91 sys=0.08, real=6.24 secs] 
5869.187: [CMS-concurrent-preclean-start]
5869.393: [CMS-concurrent-preclean: 0.200/0.206 secs] [Times: user=2.56 sys=0.00, real=0.20 secs] 
5869.394: [CMS-concurrent-abortable-preclean-start]
5871.922: [GC 5871.923: [ParNew: 421185K->34305K(440896K), 0.0522050 secs] 6278507K->5894524K(8339648K), 0.0524710 secs] [Times: user=0.92 sys=0.01, real=0.05 secs] 
5872.944: [CMS-concurrent-abortable-preclean: 2.683/3.551 secs] [Times: user=31.45 sys=0.02, real=3.55 secs] 
5872.947: [GC[YG occupancy: 235968 K (440896 K)]5872.947: [Rescan (parallel) , 0.0618830 secs]5873.009: [weak refs processing, 0.0013930 secs]5873.010: [class unloading, 0.0210530 secs]5873.031: [scrub symbol & string tables, 0.0174790 secs] [1 CMS-remark: 5860218K(7898752K)] 6096187K(8339648K), 0.1125540 secs] [Times: user=1.35 sys=0.00, real=0.12 secs] 
5873.060: [CMS-concurrent-sweep-start]
5873.880: [GC 5873.880: [ParNew: 426241K->29101K(440896K), 0.0387060 secs] 6286204K->5896339K(8339648K), 0.0389310 secs] [Times: user=0.48 sys=0.01, real=0.04 secs] 
5875.625: [GC 5875.625: [ParNew: 421037K->27626K(440896K), 0.0407430 secs] 6287967K->5899573K(8339648K), 0.0409660 secs] [Times: user=0.69 sys=0.00, real=0.04 secs] 
5880.927: [CMS-concurrent-sweep: 7.782/7.867 secs] [Times: user=75.13 sys=0.10, real=7.86 secs] 
5880.927: [CMS-concurrent-reset-start]
5880.971: [CMS-concurrent-reset: 0.044/0.044 secs] [Times: user=0.10 sys=0.00, real=0.05 secs] 
5881.372: [GC 5881.372: [ParNew: 419562K->37139K(440896K), 0.0528740 secs] 6290773K->5911197K(8339648K), 0.0531410 secs] [Times: user=1.00 sys=0.00, real=0.05 secs] 
5881.427: [GC [1 CMS-initial-mark: 5874057K(7898752K)] 5911792K(8339648K), 0.1122370 secs] [Times: user=0.11 sys=0.00, real=0.12 secs] 
5881.539: [CMS-concurrent-mark-start]
5883.403: [GC 5883.403: [ParNew: 429075K->34014K(440896K), 0.0441550 secs] 6303133K->5915420K(8339648K), 0.0443800 secs] [Times: user=0.70 sys=0.00, real=0.04 secs] 
5886.811: [GC 5886.812: [ParNew: 425950K->39620K(440896K), 0.0395280 secs] 6307356K->5923938K(8339648K), 0.0397540 secs] [Times: user=0.70 sys=0.00, real=0.04 secs] 
5887.275: [CMS-concurrent-mark: 5.646/5.735 secs] [Times: user=99.40 sys=0.08, real=5.73 secs] 
5887.275: [CMS-concurrent-preclean-start]
5887.761: [CMS-concurrent-preclean: 0.474/0.486 secs] [Times: user=8.33 sys=0.00, real=0.49 secs] 
5887.761: [CMS-concurrent-abortable-preclean-start]
5888.564: [GC 5888.564: [ParNew: 431556K->40638K(440896K), 0.0400870 secs] 6315874K->5927770K(8339648K), 0.0403050 secs] [Times: user=0.69 sys=0.00, real=0.04 secs] 
5891.342: [CMS-concurrent-abortable-preclean: 2.926/3.581 secs] [Times: user=31.31 sys=0.05, real=3.58 secs] 
5891.345: [GC[YG occupancy: 254921 K (440896 K)]5891.345: [Rescan (parallel) , 0.1460380 secs]5891.492: [weak refs processing, 0.0017380 secs]5891.493: [class unloading, 0.0292300 secs]5891.523: [scrub symbol & string tables, 0.0222510 secs] [1 CMS-remark: 5887131K(7898752K)] 6142053K(8339648K), 0.2149490 secs] [Times: user=3.27 sys=0.02, real=0.22 secs] 
5891.561: [CMS-concurrent-sweep-start]
5892.491: [GC 5892.491: [ParNew: 432574K->35917K(440896K), 0.0676670 secs] 6289869K->5905889K(8339648K), 0.0678970 secs] [Times: user=0.66 sys=0.00, real=0.07 secs] 
5896.429: [GC 5896.429: [ParNew: 427853K->30317K(440896K), 0.0456860 secs] 6039075K->5644606K(8339648K), 0.0459160 secs] [Times: user=0.69 sys=0.00, real=0.04 secs] 
5898.287: [GC 5898.287: [ParNew: 422253K->31759K(440896K), 0.0364260 secs] 6032686K->5649772K(8339648K), 0.0366500 secs] [Times: user=0.57 sys=0.00, real=0.03 secs] 
5900.092: [CMS-concurrent-sweep: 8.371/8.532 secs] [Times: user=96.61 sys=0.11, real=8.53 secs] 
5900.093: [CMS-concurrent-reset-start]
5900.136: [CMS-concurrent-reset: 0.044/0.044 secs] [Times: user=0.04 sys=0.00, real=0.04 secs] 
5902.015: [GC 5902.015: [ParNew: 423695K->32094K(440896K), 0.0418270 secs] 6040367K->5651649K(8339648K), 0.0420600 secs] [Times: user=0.89 sys=0.00, real=0.04 secs] 
5902.058: [GC [1 CMS-initial-mark: 5619554K(7898752K)] 5652503K(8339648K), 0.0500050 secs] [Times: user=0.05 sys=0.00, real=0.05 secs] 
5902.109: [CMS-concurrent-mark-start]
5904.010: [GC 5904.010: [ParNew: 424030K->34473K(440896K), 0.0365960 secs] 6043585K->5659203K(8339648K), 0.0368250 secs] [Times: user=0.43 sys=0.02, real=0.03 secs] 
5905.925: [GC 5905.925: [ParNew: 426409K->31488K(440896K), 0.0455830 secs] 6051139K->5663776K(8339648K), 0.0458020 secs] [Times: user=0.71 sys=0.00, real=0.05 secs] 
5908.624: [CMS-concurrent-mark: 6.428/6.515 secs] [Times: user=123.35 sys=0.06, real=6.51 secs] 
5908.624: [CMS-concurrent-preclean-start]
5908.971: [CMS-concurrent-preclean: 0.331/0.347 secs] [Times: user=0.35 sys=0.00, real=0.35 secs] 
5908.971: [CMS-concurrent-abortable-preclean-start]
5911.563: [GC 5911.563: [ParNew: 423424K->32521K(440896K), 0.0479620 secs] 6055712K->5667673K(8339648K), 0.0482390 secs] [Times: user=0.93 sys=0.00, real=0.05 secs] 
5912.569: [CMS-concurrent-abortable-preclean: 2.526/3.598 secs] [Times: user=25.36 sys=0.01, real=3.60 secs] 
5912.572: [GC[YG occupancy: 229071 K (440896 K)]5912.572: [Rescan (parallel) , 0.0660660 secs]5912.638: [weak refs processing, 0.0013600 secs]5912.639: [class unloading, 0.0212270 secs]5912.661: [scrub symbol & string tables, 0.0174750 secs] [1 CMS-remark: 5635151K(7898752K)] 5864223K(8339648K), 0.1172100 secs] [Times: user=1.27 sys=0.00, real=0.11 secs] 
5912.689: [CMS-concurrent-sweep-start]
5913.534: [GC 5913.534: [ParNew: 424457K->32827K(440896K), 0.0440910 secs] 6059292K->5675565K(8339648K), 0.0443160 secs] [Times: user=0.68 sys=0.00, real=0.05 secs] 
5916.800: [GC 5916.800: [ParNew: 424763K->35901K(440896K), 0.0358700 secs] 6066538K->5680598K(8339648K), 0.0361400 secs] [Times: user=0.49 sys=0.00, real=0.03 secs] 
5918.518: [GC 5918.518: [ParNew: 427837K->37896K(440896K), 0.0356670 secs] 6072491K->5685212K(8339648K), 0.0358900 secs] [Times: user=0.53 sys=0.00, real=0.03 secs] 
5920.295: [CMS-concurrent-sweep: 7.481/7.605 secs] [Times: user=90.33 sys=0.08, real=7.60 secs] 
5920.295: [CMS-concurrent-reset-start]
5920.338: [CMS-concurrent-reset: 0.043/0.043 secs] [Times: user=0.05 sys=0.00, real=0.05 secs] 
5922.187: [GC 5922.187: [ParNew: 429832K->34793K(440896K), 0.0618440 secs] 6077056K->5692275K(8339648K), 0.0620830 secs] [Times: user=1.02 sys=0.01, real=0.06 secs] 
5922.250: [GC [1 CMS-initial-mark: 5657482K(7898752K)] 5692748K(8339648K), 0.0399810 secs] [Times: user=0.04 sys=0.00, real=0.04 secs] 
5922.291: [CMS-concurrent-mark-start]
5926.387: [GC 5926.387: [ParNew: 426729K->28927K(440896K), 0.0380340 secs] 6084211K->5690177K(8339648K), 0.0382630 secs] [Times: user=0.63 sys=0.01, real=0.04 secs] 
5927.518: [CMS-concurrent-mark: 5.187/5.228 secs] [Times: user=77.92 sys=0.06, real=5.23 secs] 
5927.518: [CMS-concurrent-preclean-start]
5927.746: [CMS-concurrent-preclean: 0.220/0.227 secs] [Times: user=3.80 sys=0.00, real=0.22 secs] 
5927.746: [CMS-concurrent-abortable-preclean-start]
5928.219: [GC 5928.219: [ParNew: 420863K->30420K(440896K), 0.0402980 secs] 6082113K->5698628K(8339648K), 0.0405230 secs] [Times: user=0.47 sys=0.01, real=0.04 secs] 
5929.082: [CMS-concurrent-abortable-preclean: 1.280/1.336 secs] [Times: user=22.39 sys=0.02, real=1.34 secs] 
5929.084: [GC[YG occupancy: 227477 K (440896 K)]5929.084: [Rescan (parallel) , 0.0575090 secs]5929.142: [weak refs processing, 0.0014960 secs]5929.143: [class unloading, 0.0214570 secs]5929.165: [scrub symbol & string tables, 0.0174850 secs] [1 CMS-remark: 5668207K(7898752K)] 5895684K(8339648K), 0.1088020 secs] [Times: user=1.33 sys=0.01, real=0.11 secs] 
5929.193: [CMS-concurrent-sweep-start]
5931.796: [GC 5931.796: [ParNew: 422356K->35166K(440896K), 0.0424310 secs] 6089849K->5705493K(8339648K), 0.0426590 secs] [Times: user=0.90 sys=0.00, real=0.05 secs] 
5933.535: [GC 5933.535: [ParNew: 427102K->34758K(440896K), 0.0357730 secs] 6096725K->5709423K(8339648K), 0.0360470 secs] [Times: user=0.69 sys=0.01, real=0.04 secs] 
5935.268: [GC 5935.269: [ParNew: 426694K->29769K(440896K), 0.0373260 secs] 6101292K->5711705K(8339648K), 0.0375510 secs] [Times: user=0.45 sys=0.02, real=0.03 secs] 
5936.829: [CMS-concurrent-sweep: 7.511/7.635 secs] [Times: user=91.73 sys=0.14, real=7.64 secs] 
5936.829: [CMS-concurrent-reset-start]
5936.879: [CMS-concurrent-reset: 0.050/0.050 secs] [Times: user=0.86 sys=0.00, real=0.05 secs] 
5938.881: [GC [1 CMS-initial-mark: 5681792K(7898752K)] 6043607K(8339648K), 1.2006320 secs] [Times: user=1.20 sys=0.00, real=1.20 secs] 
5940.082: [CMS-concurrent-mark-start]
5942.297: [GC 5942.297: [ParNew: 421705K->33451K(440896K), 0.0370720 secs] 6103498K->5718179K(8339648K), 0.0373130 secs] [Times: user=0.65 sys=0.00, real=0.04 secs] 
5944.192: [GC 5944.192: [ParNew: 425387K->34295K(440896K), 0.0413240 secs] 6110115K->5726792K(8339648K), 0.0415860 secs] [Times: user=0.60 sys=0.02, real=0.04 secs] 
5945.765: [CMS-concurrent-mark: 5.600/5.684 secs] [Times: user=85.91 sys=0.08, real=5.68 secs] 
5945.765: [CMS-concurrent-preclean-start]
5946.055: [CMS-concurrent-preclean: 0.278/0.289 secs] [Times: user=0.29 sys=0.00, real=0.29 secs] 
5946.055: [CMS-concurrent-abortable-preclean-start]
5947.903: [GC 5947.904: [ParNew: 426231K->35300K(440896K), 0.0391440 secs] 6118728K->5730697K(8339648K), 0.0393740 secs] [Times: user=0.70 sys=0.00, real=0.04 secs] 
5948.821: [CMS-concurrent-abortable-preclean: 2.211/2.766 secs] [Times: user=30.19 sys=0.03, real=2.77 secs] 
5948.824: [GC[YG occupancy: 242899 K (440896 K)]5948.824: [Rescan (parallel) , 0.0649400 secs]5948.889: [weak refs processing, 0.0014060 secs]5948.890: [class unloading, 0.0214740 secs]5948.912: [scrub symbol & string tables, 0.0174740 secs] [1 CMS-remark: 5695396K(7898752K)] 5938296K(8339648K), 0.1163330 secs] [Times: user=1.38 sys=0.01, real=0.12 secs] 
5948.940: [CMS-concurrent-sweep-start]
5949.737: [GC 5949.737: [ParNew: 427236K->37902K(440896K), 0.0414060 secs] 6122383K->5736083K(8339648K), 0.0416280 secs] [Times: user=0.85 sys=0.00, real=0.05 secs] 
5952.930: [GC 5952.930: [ParNew: 429838K->35505K(440896K), 0.0521630 secs] 6127179K->5745086K(8339648K), 0.0523980 secs] [Times: user=0.67 sys=0.01, real=0.05 secs] 
5956.506: [CMS-concurrent-sweep: 7.464/7.566 secs] [Times: user=76.50 sys=0.10, real=7.56 secs] 
5956.506: [CMS-concurrent-reset-start]
5956.550: [CMS-concurrent-reset: 0.044/0.044 secs] [Times: user=0.09 sys=0.00, real=0.05 secs] 
5956.701: [GC 5956.702: [ParNew: 427441K->31366K(440896K), 0.0425920 secs] 6136849K->5743529K(8339648K), 0.0428660 secs] [Times: user=0.70 sys=0.00, real=0.04 secs] 
5956.745: [GC [1 CMS-initial-mark: 5712163K(7898752K)] 5743583K(8339648K), 0.0892040 secs] [Times: user=0.09 sys=0.00, real=0.09 secs] 
5956.835: [CMS-concurrent-mark-start]
5959.069: [GC 5959.069: [ParNew: 423302K->37916K(440896K), 0.0457200 secs] 6135465K->5755358K(8339648K), 0.0459430 secs] [Times: user=0.69 sys=0.01, real=0.04 secs] 
5962.654: [GC 5962.654: [ParNew: 429852K->40118K(440896K), 0.0431120 secs] 6147294K->5762871K(8339648K), 0.0433630 secs] [Times: user=0.69 sys=0.01, real=0.05 secs] 
5963.068: [CMS-concurrent-mark: 6.136/6.233 secs] [Times: user=104.51 sys=0.10, real=6.24 secs] 
5963.068: [CMS-concurrent-preclean-start]
5963.578: [CMS-concurrent-preclean: 0.496/0.510 secs] [Times: user=9.17 sys=0.02, real=0.50 secs] 
5963.578: [CMS-concurrent-abortable-preclean-start]
5964.467: [GC 5964.467: [ParNew: 432054K->34575K(440896K), 0.0427310 secs] 6154807K->5762620K(8339648K), 0.0429610 secs] [Times: user=0.78 sys=0.01, real=0.05 secs] 
5965.406: [CMS-concurrent-abortable-preclean: 1.771/1.828 secs] [Times: user=31.01 sys=0.03, real=1.83 secs] 
5965.408: [GC[YG occupancy: 246270 K (440896 K)]5965.408: [Rescan (parallel) , 0.0802540 secs]5965.489: [weak refs processing, 0.0013320 secs]5965.490: [class unloading, 0.0209590 secs]5965.511: [scrub symbol & string tables, 0.0174700 secs] [1 CMS-remark: 5728045K(7898752K)] 5974316K(8339648K), 0.1307970 secs] [Times: user=1.66 sys=0.01, real=0.12 secs] 
5965.540: [CMS-concurrent-sweep-start]
5966.303: [GC 5966.303: [ParNew: 426511K->34401K(440896K), 0.0494870 secs] 6153932K->5768528K(8339648K), 0.0497130 secs] [Times: user=0.90 sys=0.00, real=0.05 secs] 
5969.167: [GC 5969.167: [ParNew: 426337K->34902K(440896K), 0.0533300 secs] 6157502K->5772591K(8339648K), 0.0535620 secs] [Times: user=0.78 sys=0.01, real=0.06 secs] 
5973.928: [GC 5973.928: [ParNew: 426838K->30341K(440896K), 0.0431960 secs] 5884447K->5493560K(8339648K), 0.0434280 secs] [Times: user=0.66 sys=0.00, real=0.04 secs] 
5974.510: [CMS-concurrent-sweep: 8.817/8.970 secs] [Times: user=89.43 sys=0.07, real=8.97 secs] 
5974.510: [CMS-concurrent-reset-start]
5974.561: [CMS-concurrent-reset: 0.051/0.051 secs] [Times: user=0.85 sys=0.00, real=0.05 secs] 
5976.563: [GC [1 CMS-initial-mark: 5463015K(7898752K)] 5793241K(8339648K), 1.0467740 secs] [Times: user=1.05 sys=0.00, real=1.05 secs] 
5977.610: [CMS-concurrent-mark-start]
5978.082: [GC 5978.082: [ParNew: 422277K->39729K(440896K), 0.0427700 secs] 5885292K->5505717K(8339648K), 0.0429990 secs] [Times: user=0.69 sys=0.00, real=0.04 secs] 
5979.968: [GC 5979.968: [ParNew: 431665K->36370K(440896K), 0.0385520 secs] 5897653K->5507737K(8339648K), 0.0387760 secs] [Times: user=0.50 sys=0.01, real=0.03 secs] 
5982.192: [GC 5982.192: [ParNew: 428306K->35763K(440896K), 0.0345350 secs] 5899673K->5512004K(8339648K), 0.0347610 secs] [Times: user=0.46 sys=0.00, real=0.04 secs] 
5984.031: [GC 5984.031: [ParNew: 427699K->34667K(440896K), 0.0549710 secs] 5903940K->5519352K(8339648K), 0.0552020 secs] [Times: user=0.70 sys=0.01, real=0.05 secs] 
5984.111: [CMS-concurrent-mark: 6.317/6.501 secs] [Times: user=136.16 sys=0.11, real=6.50 secs] 
5984.111: [CMS-concurrent-preclean-start]
5984.544: [CMS-concurrent-preclean: 0.415/0.433 secs] [Times: user=3.78 sys=0.00, real=0.43 secs] 
5984.544: [CMS-concurrent-abortable-preclean-start]
5987.367: [CMS-concurrent-abortable-preclean: 1.913/2.823 secs] [Times: user=14.15 sys=0.02, real=2.82 secs] 
5987.370: [GC[YG occupancy: 243540 K (440896 K)]5987.370: [Rescan (parallel) , 0.0769540 secs]5987.447: [weak refs processing, 0.0013490 secs]5987.449: [class unloading, 0.0212360 secs]5987.470: [scrub symbol & string tables, 0.0174780 secs] [1 CMS-remark: 5484684K(7898752K)] 5728225K(8339648K), 0.1278670 secs] [Times: user=1.48 sys=0.00, real=0.13 secs] 
5987.498: [CMS-concurrent-sweep-start]
5988.316: [GC 5988.317: [ParNew: 426603K->24083K(440896K), 0.0446350 secs] 5911044K->5516253K(8339648K), 0.0448610 secs] [Times: user=0.69 sys=0.01, real=0.05 secs] 
5991.786: [GC 5991.786: [ParNew: 416019K->28955K(440896K), 0.0561810 secs] 5907221K->5523320K(8339648K), 0.0564460 secs] [Times: user=1.12 sys=0.00, real=0.06 secs] 
5993.712: [GC 5993.712: [ParNew: 420891K->32980K(440896K), 0.0352960 secs] 5913707K->5528753K(8339648K), 0.0355160 secs] [Times: user=0.49 sys=0.00, real=0.04 secs] 
5995.381: [GC 5995.381: [ParNew: 424916K->32411K(440896K), 0.0315980 secs] 5920593K->5530799K(8339648K), 0.0318210 secs] [Times: user=0.46 sys=0.01, real=0.03 secs] 
5995.881: [CMS-concurrent-sweep: 8.203/8.383 secs] [Times: user=114.82 sys=0.07, real=8.38 secs] 
5995.882: [CMS-concurrent-reset-start]
5995.933: [CMS-concurrent-reset: 0.051/0.051 secs] [Times: user=0.84 sys=0.01, real=0.05 secs] 
5997.515: [GC 5997.515: [ParNew: 424347K->31587K(440896K), 0.0440550 secs] 5922727K->5537333K(8339648K), 0.0442780 secs] [Times: user=0.68 sys=0.02, real=0.04 secs] 
5997.560: [GC [1 CMS-initial-mark: 5505746K(7898752K)] 5538092K(8339648K), 0.0356300 secs] [Times: user=0.03 sys=0.00, real=0.03 secs] 
5997.596: [CMS-concurrent-mark-start]
6001.755: [CMS-concurrent-mark: 4.159/4.159 secs] [Times: user=34.32 sys=0.01, real=4.16 secs] 
6001.756: [CMS-concurrent-preclean-start]
6001.874: [CMS-concurrent-preclean: 0.115/0.119 secs] [Times: user=2.04 sys=0.00, real=0.12 secs] 
6001.874: [CMS-concurrent-abortable-preclean-start]
6002.922: [GC 6002.922: [ParNew: 423523K->26204K(440896K), 0.0456280 secs] 5929269K->5539755K(8339648K), 0.0458490 secs] [Times: user=0.70 sys=0.00, real=0.05 secs] 
6003.840: [CMS-concurrent-abortable-preclean: 1.900/1.965 secs] [Times: user=33.80 sys=0.01, real=1.97 secs] 
6003.843: [GC[YG occupancy: 235733 K (440896 K)]6003.843: [Rescan (parallel) , 0.0538950 secs]6003.897: [weak refs processing, 0.0011480 secs]6003.898: [class unloading, 0.0207350 secs]6003.919: [scrub symbol & string tables, 0.0174970 secs] [1 CMS-remark: 5513550K(7898752K)] 5749284K(8339648K), 0.1042930 secs] [Times: user=1.20 sys=0.00, real=0.10 secs] 
6003.947: [CMS-concurrent-sweep-start]
6004.745: [GC 6004.745: [ParNew: 418140K->28966K(440896K), 0.0334390 secs] 5931431K->5545169K(8339648K), 0.0336560 secs] [Times: user=0.69 sys=0.00, real=0.04 secs] 
6008.320: [GC 6008.320: [ParNew: 420902K->34491K(440896K), 0.0364600 secs] 5935901K->5552240K(8339648K), 0.0366780 secs] [Times: user=0.50 sys=0.00, real=0.03 secs] 
6011.227: [CMS-concurrent-sweep: 7.203/7.279 secs] [Times: user=73.69 sys=0.05, real=7.27 secs] 
6011.227: [CMS-concurrent-reset-start]
6011.271: [CMS-concurrent-reset: 0.045/0.045 secs] [Times: user=0.09 sys=0.00, real=0.05 secs] 
6011.712: [GC 6011.712: [ParNew: 426427K->39560K(440896K), 0.0553490 secs] 5943976K->5560400K(8339648K), 0.0556150 secs] [Times: user=0.92 sys=0.00, real=0.06 secs] 
6011.769: [GC [1 CMS-initial-mark: 5520839K(7898752K)] 5561822K(8339648K), 0.1154240 secs] [Times: user=0.12 sys=0.00, real=0.11 secs] 
6011.885: [CMS-concurrent-mark-start]
6013.959: [GC 6013.960: [ParNew: 431496K->38482K(440896K), 0.0540670 secs] 5952336K->5569064K(8339648K), 0.0542940 secs] [Times: user=0.69 sys=0.00, real=0.05 secs] 
6017.273: [CMS-concurrent-mark: 5.330/5.388 secs] [Times: user=87.43 sys=0.09, real=5.39 secs] 
6017.273: [CMS-concurrent-preclean-start]
6017.676: [GC 6017.676: [ParNew: 430418K->34546K(440896K), 0.0410560 secs] 5961000K->5567967K(8339648K), 0.0412780 secs] [Times: user=0.76 sys=0.01, real=0.04 secs] 
6018.268: [CMS-concurrent-preclean: 0.917/0.995 secs] [Times: user=16.95 sys=0.02, real=1.00 secs] 
6018.268: [CMS-concurrent-abortable-preclean-start]
6018.615: [CMS-concurrent-abortable-preclean: 0.344/0.347 secs] [Times: user=5.96 sys=0.00, real=0.34 secs] 
6018.618: [GC[YG occupancy: 252734 K (440896 K)]6018.618: [Rescan (parallel) , 0.1127700 secs]6018.731: [weak refs processing, 0.0014280 secs]6018.732: [class unloading, 0.0214220 secs]6018.754: [scrub symbol & string tables, 0.0174750 secs] [1 CMS-remark: 5533420K(7898752K)] 5786154K(8339648K), 0.1638510 secs] [Times: user=2.29 sys=0.02, real=0.16 secs] 
6018.782: [CMS-concurrent-sweep-start]
6019.522: [GC 6019.522: [ParNew: 426482K->37981K(440896K), 0.0501840 secs] 5959456K->5579001K(8339648K), 0.0503910 secs] [Times: user=0.67 sys=0.01, real=0.05 secs] 
6023.635: [GC 6023.635: [ParNew: 429917K->29698K(440896K), 0.0968590 secs] 5894200K->5501505K(8339648K), 0.0971220 secs] [Times: user=1.09 sys=0.01, real=0.10 secs] 
6025.538: [GC 6025.539: [ParNew: 421634K->32091K(440896K), 0.0331480 secs] 5697802K->5311395K(8339648K), 0.0333720 secs] [Times: user=0.48 sys=0.00, real=0.03 secs] 
6027.527: [GC 6027.527: [ParNew: 424027K->30969K(440896K), 0.0434210 secs] 5702092K->5316735K(8339648K), 0.0436860 secs] [Times: user=0.69 sys=0.00, real=0.05 secs] 
6027.728: [CMS-concurrent-sweep: 8.711/8.946 secs] [Times: user=115.86 sys=0.12, real=8.95 secs] 
6027.728: [CMS-concurrent-reset-start]
6027.780: [CMS-concurrent-reset: 0.052/0.052 secs] [Times: user=0.96 sys=0.00, real=0.05 secs] 
6029.782: [GC [1 CMS-initial-mark: 5285736K(7898752K)] 5506602K(8339648K), 0.8579240 secs] [Times: user=0.86 sys=0.00, real=0.86 secs] 
6030.640: [CMS-concurrent-mark-start]
6032.536: [GC 6032.536: [ParNew: 422905K->30040K(440896K), 0.0324340 secs] 5708642K->5318614K(8339648K), 0.0326650 secs] [Times: user=0.64 sys=0.00, real=0.04 secs] 
6034.409: [GC 6034.409: [ParNew: 421976K->32459K(440896K), 0.0406550 secs] 5710550K->5329153K(8339648K), 0.0408800 secs] [Times: user=0.47 sys=0.00, real=0.04 secs] 
6036.055: [CMS-concurrent-mark: 5.336/5.415 secs] [Times: user=82.71 sys=0.11, real=5.41 secs] 
6036.055: [CMS-concurrent-preclean-start]
6036.278: [CMS-concurrent-preclean: 0.215/0.224 secs] [Times: user=0.22 sys=0.00, real=0.22 secs] 
6036.278: [CMS-concurrent-abortable-preclean-start]
6038.155: [GC 6038.155: [ParNew: 424395K->30022K(440896K), 0.0324970 secs] 5721089K->5329423K(8339648K), 0.0327230 secs] [Times: user=0.68 sys=0.00, real=0.04 secs] 
6039.117: [CMS-concurrent-abortable-preclean: 2.678/2.838 secs] [Times: user=42.60 sys=0.02, real=2.84 secs] 
6039.119: [GC[YG occupancy: 241538 K (440896 K)]6039.119: [Rescan (parallel) , 0.0671880 secs]6039.187: [weak refs processing, 0.0013520 secs]6039.188: [class unloading, 0.0211750 secs]6039.209: [scrub symbol & string tables, 0.0174900 secs] [1 CMS-remark: 5299401K(7898752K)] 5540940K(8339648K), 0.1181660 secs] [Times: user=1.33 sys=0.01, real=0.12 secs] 
6039.238: [CMS-concurrent-sweep-start]
6040.027: [GC 6040.027: [ParNew: 421958K->34947K(440896K), 0.0322610 secs] 5721242K->5337940K(8339648K), 0.0324900 secs] [Times: user=0.64 sys=0.00, real=0.04 secs] 
6043.288: [GC 6043.288: [ParNew: 426883K->34560K(440896K), 0.0485100 secs] 5728999K->5345887K(8339648K), 0.0487430 secs] [Times: user=0.73 sys=0.01, real=0.04 secs] 
6047.257: [CMS-concurrent-sweep: 7.932/8.019 secs] [Times: user=78.82 sys=0.11, real=8.01 secs] 
6047.257: [CMS-concurrent-reset-start]
6047.321: [CMS-concurrent-reset: 0.064/0.064 secs] [Times: user=1.19 sys=0.00, real=0.07 secs] 
6047.520: [GC 6047.520: [ParNew: 426496K->31322K(440896K), 0.0497930 secs] 5737410K->5345246K(8339648K), 0.0500250 secs] [Times: user=0.93 sys=0.00, real=0.05 secs] 
6047.571: [GC [1 CMS-initial-mark: 5313923K(7898752K)] 5346723K(8339648K), 0.0505540 secs] [Times: user=0.05 sys=0.00, real=0.05 secs] 
6047.622: [CMS-concurrent-mark-start]
6049.393: [GC 6049.393: [ParNew: 423258K->37059K(440896K), 0.0366620 secs] 5737182K->5356849K(8339648K), 0.0368880 secs] [Times: user=0.53 sys=0.00, real=0.04 secs] 
6052.928: [GC 6052.928: [ParNew: 428995K->30174K(440896K), 0.0360100 secs] 5748785K->5354876K(8339648K), 0.0362380 secs] [Times: user=0.57 sys=0.00, real=0.03 secs] 
6053.688: [CMS-concurrent-mark: 5.987/6.066 secs] [Times: user=107.16 sys=0.04, real=6.07 secs] 
6053.688: [CMS-concurrent-preclean-start]
6054.191: [CMS-concurrent-preclean: 0.484/0.504 secs] [Times: user=8.62 sys=0.00, real=0.50 secs] 
6054.191: [CMS-concurrent-abortable-preclean-start]
6054.744: [GC 6054.745: [ParNew: 422110K->34759K(440896K), 0.0429620 secs] 5746812K->5364825K(8339648K), 0.0431860 secs] [Times: user=0.70 sys=0.00, real=0.05 secs] 
6055.706: [CMS-concurrent-abortable-preclean: 1.446/1.515 secs] [Times: user=25.67 sys=0.01, real=1.51 secs] 
6055.709: [GC[YG occupancy: 245836 K (440896 K)]6055.709: [Rescan (parallel) , 0.0685760 secs]6055.777: [weak refs processing, 0.0014590 secs]6055.779: [class unloading, 0.0215100 secs]6055.801: [scrub symbol & string tables, 0.0175010 secs] [1 CMS-remark: 5330066K(7898752K)] 5575902K(8339648K), 0.1199120 secs] [Times: user=1.33 sys=0.00, real=0.12 secs] 
6055.829: [CMS-concurrent-sweep-start]
6056.773: [GC 6056.773: [ParNew: 426695K->29646K(440896K), 0.0470620 secs] 5756507K->5367230K(8339648K), 0.0473230 secs] [Times: user=0.71 sys=0.00, real=0.05 secs] 
6062.272: [GC 6062.272: [ParNew: 421582K->30365K(440896K), 0.0384910 secs] 5758034K->5369839K(8339648K), 0.0387640 secs] [Times: user=0.70 sys=0.00, real=0.04 secs] 
6063.339: [CMS-concurrent-sweep: 7.418/7.510 secs] [Times: user=69.18 sys=0.07, real=7.51 secs] 
6063.339: [CMS-concurrent-reset-start]
6063.392: [CMS-concurrent-reset: 0.052/0.052 secs] [Times: user=0.90 sys=0.00, real=0.05 secs] 
6064.097: [GC 6064.097: [ParNew: 422301K->33115K(440896K), 0.0396380 secs] 5761722K->5377485K(8339648K), 0.0398680 secs] [Times: user=0.63 sys=0.00, real=0.04 secs] 
6064.138: [GC [1 CMS-initial-mark: 5344369K(7898752K)] 5378906K(8339648K), 0.0442890 secs] [Times: user=0.05 sys=0.00, real=0.04 secs] 
6064.183: [CMS-concurrent-mark-start]
6067.573: [GC 6067.573: [ParNew: 425051K->35214K(440896K), 0.0358040 secs] 5769421K->5384944K(8339648K), 0.0360450 secs] [Times: user=0.47 sys=0.02, real=0.04 secs] 
6069.474: [GC 6069.474: [ParNew: 427150K->35558K(440896K), 0.0311490 secs] 5776880K->5388168K(8339648K), 0.0313700 secs] [Times: user=0.46 sys=0.01, real=0.03 secs] 
6070.307: [CMS-concurrent-mark: 6.051/6.124 secs] [Times: user=108.67 sys=0.08, real=6.12 secs] 
6070.307: [CMS-concurrent-preclean-start]
6070.521: [CMS-concurrent-preclean: 0.206/0.214 secs] [Times: user=0.22 sys=0.00, real=0.22 secs] 
6070.521: [CMS-concurrent-abortable-preclean-start]
6072.904: [GC 6072.904: [ParNew: 427494K->34275K(440896K), 0.0471300 secs] 5780104K->5397263K(8339648K), 0.0473600 secs] [Times: user=0.68 sys=0.00, real=0.05 secs] 
6073.808: [CMS-concurrent-abortable-preclean: 2.816/3.287 secs] [Times: user=37.56 sys=0.01, real=3.29 secs] 
6073.811: [GC[YG occupancy: 238573 K (440896 K)]6073.811: [Rescan (parallel) , 0.0554300 secs]6073.867: [weak refs processing, 0.0014190 secs]6073.868: [class unloading, 0.0211900 secs]6073.889: [scrub symbol & string tables, 0.0174910 secs] [1 CMS-remark: 5362987K(7898752K)] 5601561K(8339648K), 0.1061580 secs] [Times: user=1.14 sys=0.01, real=0.10 secs] 
6073.918: [CMS-concurrent-sweep-start]
6077.054: [GC 6077.054: [ParNew: 426211K->28743K(440896K), 0.0460170 secs] 5788420K->5393861K(8339648K), 0.0462870 secs] [Times: user=0.93 sys=0.00, real=0.05 secs] 
6078.844: [GC 6078.844: [ParNew: 420679K->33102K(440896K), 0.0394770 secs] 5785444K->5403112K(8339648K), 0.0396900 secs] [Times: user=0.69 sys=0.00, real=0.04 secs] 
6080.975: [CMS-concurrent-sweep: 6.962/7.057 secs] [Times: user=61.95 sys=0.07, real=7.05 secs] 
6080.975: [CMS-concurrent-reset-start]
6081.020: [CMS-concurrent-reset: 0.044/0.044 secs] [Times: user=0.05 sys=0.00, real=0.05 secs] 
6082.718: [GC 6082.719: [ParNew: 425038K->35631K(440896K), 0.0598460 secs] 5794929K->5409111K(8339648K), 0.0600710 secs] [Times: user=1.18 sys=0.00, real=0.06 secs] 
6082.780: [GC [1 CMS-initial-mark: 5373479K(7898752K)] 5409585K(8339648K), 0.0496730 secs] [Times: user=0.05 sys=0.00, real=0.05 secs] 
6082.830: [CMS-concurrent-mark-start]
6084.500: [GC 6084.500: [ParNew: 427567K->34928K(440896K), 0.0394240 secs] 5801047K->5415536K(8339648K), 0.0397070 secs] [Times: user=0.58 sys=0.01, real=0.04 secs] 
6086.196: [GC 6086.196: [ParNew: 426785K->27391K(440896K), 0.0343850 secs] 5807393K->5413656K(8339648K), 0.0346080 secs] [Times: user=0.66 sys=0.01, real=0.04 secs] 
6088.445: [CMS-concurrent-mark: 5.534/5.615 secs] [Times: user=109.47 sys=0.09, real=5.61 secs] 
6088.445: [CMS-concurrent-preclean-start]
6088.652: [CMS-concurrent-preclean: 0.200/0.207 secs] [Times: user=0.21 sys=0.00, real=0.21 secs] 
6088.652: [CMS-concurrent-abortable-preclean-start]
6092.028: [GC 6092.028: [ParNew: 419327K->32942K(440896K), 0.0547390 secs] 5805592K->5424384K(8339648K), 0.0550120 secs] [Times: user=1.00 sys=0.00, real=0.05 secs] 
6093.072: [CMS-concurrent-abortable-preclean: 2.943/4.419 secs] [Times: user=25.70 sys=0.04, real=4.42 secs] 
6093.075: [GC[YG occupancy: 233026 K (440896 K)]6093.075: [Rescan (parallel) , 0.0733810 secs]6093.148: [weak refs processing, 0.0013050 secs]6093.150: [class unloading, 0.0219380 secs]6093.172: [scrub symbol & string tables, 0.0174680 secs] [1 CMS-remark: 5391441K(7898752K)] 5624468K(8339648K), 0.1248200 secs] [Times: user=1.61 sys=0.02, real=0.13 secs] 
6093.200: [CMS-concurrent-sweep-start]
6094.180: [GC 6094.180: [ParNew: 424878K->35107K(440896K), 0.0348980 secs] 5816075K->5431771K(8339648K), 0.0351260 secs] [Times: user=0.47 sys=0.00, real=0.03 secs] 
6097.311: [GC 6097.311: [ParNew: 427043K->34709K(440896K), 0.0391190 secs] 5822685K->5433931K(8339648K), 0.0393460 secs] [Times: user=0.69 sys=0.00, real=0.04 secs] 
6099.032: [GC 6099.032: [ParNew: 426645K->36151K(440896K), 0.0330120 secs] 5825440K->5439550K(8339648K), 0.0332320 secs] [Times: user=0.47 sys=0.00, real=0.03 secs] 
6100.597: [CMS-concurrent-sweep: 7.281/7.397 secs] [Times: user=93.26 sys=0.07, real=7.39 secs] 
6100.597: [CMS-concurrent-reset-start]
6100.641: [CMS-concurrent-reset: 0.044/0.044 secs] [Times: user=0.05 sys=0.00, real=0.05 secs] 
6102.644: [GC [1 CMS-initial-mark: 5403279K(7898752K)] 5812184K(8339648K), 1.1131070 secs] [Times: user=1.11 sys=0.02, real=1.11 secs] 
6103.757: [CMS-concurrent-mark-start]
6103.861: [GC 6103.861: [ParNew: 428087K->33564K(440896K), 0.0495500 secs] 5831366K->5444509K(8339648K), 0.0497820 secs] [Times: user=0.70 sys=0.00, real=0.05 secs] 
6106.798: [GC 6106.798: [ParNew: 425500K->32165K(440896K), 0.0386290 secs] 5836445K->5448321K(8339648K), 0.0388520 secs] [Times: user=0.47 sys=0.01, real=0.03 secs] 
6108.513: [GC 6108.513: [ParNew: 424101K->32598K(440896K), 0.0421880 secs] 5840257K->5454072K(8339648K), 0.0424130 secs] [Times: user=0.69 sys=0.01, real=0.04 secs] 
6109.620: [CMS-concurrent-mark: 5.724/5.863 secs] [Times: user=112.64 sys=0.10, real=5.86 secs] 
6109.620: [CMS-concurrent-preclean-start]
6109.915: [CMS-concurrent-preclean: 0.282/0.294 secs] [Times: user=1.79 sys=0.00, real=0.29 secs] 
6109.915: [CMS-concurrent-abortable-preclean-start]
6112.440: [GC 6112.441: [ParNew: 424534K->37561K(440896K), 0.0562680 secs] 5846008K->5461959K(8339648K), 0.0565430 secs] [Times: user=0.94 sys=0.00, real=0.05 secs] 
6113.479: [CMS-concurrent-abortable-preclean: 2.587/3.564 secs] [Times: user=30.17 sys=0.03, real=3.57 secs] 
6113.482: [GC[YG occupancy: 235153 K (440896 K)]6113.482: [Rescan (parallel) , 0.0687870 secs]6113.551: [weak refs processing, 0.0015250 secs]6113.581: [class unloading, 0.0266730 secs]6113.608: [scrub symbol & string tables, 0.0210280 secs] [1 CMS-remark: 5424397K(7898752K)] 5659551K(8339648K), 0.1618260 secs] [Times: user=1.43 sys=0.00, real=0.16 secs] 
6113.644: [CMS-concurrent-sweep-start]
6114.560: [GC 6114.560: [ParNew: 429497K->35633K(440896K), 0.0515930 secs] 5853617K->5467269K(8339648K), 0.0518200 secs] [Times: user=0.88 sys=0.00, real=0.05 secs] 
6116.219: [GC 6116.219: [ParNew: 427569K->26787K(440896K), 0.0354750 secs] 5859001K->5463626K(8339648K), 0.0356930 secs] [Times: user=0.42 sys=0.01, real=0.03 secs] 
6120.936: [CMS-concurrent-sweep: 7.198/7.292 secs] [Times: user=73.78 sys=0.03, real=7.29 secs] 
6120.936: [CMS-concurrent-reset-start]
6120.981: [CMS-concurrent-reset: 0.045/0.045 secs] [Times: user=0.09 sys=0.00, real=0.05 secs] 
6121.834: [GC 6121.834: [ParNew: 418723K->33210K(440896K), 0.0562480 secs] 5854654K->5472555K(8339648K), 0.0565140 secs] [Times: user=1.16 sys=0.01, real=0.06 secs] 
6121.892: [GC [1 CMS-initial-mark: 5439345K(7898752K)] 5473044K(8339648K), 0.1084950 secs] [Times: user=0.11 sys=0.00, real=0.11 secs] 
6122.001: [CMS-concurrent-mark-start]
6123.972: [GC 6123.972: [ParNew: 425146K->38670K(440896K), 0.0432300 secs] 5864491K->5484915K(8339648K), 0.0434560 secs] [Times: user=0.70 sys=0.00, real=0.04 secs] 
6127.176: [GC 6127.176: [ParNew: 430606K->36916K(440896K), 0.0418850 secs] 5876851K->5487613K(8339648K), 0.0421120 secs] [Times: user=0.72 sys=0.00, real=0.05 secs] 
6128.500: [CMS-concurrent-mark: 6.407/6.499 secs] [Times: user=121.83 sys=0.07, real=6.50 secs] 
6128.500: [CMS-concurrent-preclean-start]
6128.981: [CMS-concurrent-preclean: 0.467/0.481 secs] [Times: user=8.18 sys=0.00, real=0.48 secs] 
6128.981: [CMS-concurrent-abortable-preclean-start]
6129.119: [GC 6129.119: [ParNew: 428852K->36257K(440896K), 0.0397970 secs] 5879549K->5490759K(8339648K), 0.0456860 secs] [Times: user=0.69 sys=0.00, real=0.04 secs] 
6130.142: [CMS-concurrent-abortable-preclean: 1.096/1.161 secs] [Times: user=19.71 sys=0.00, real=1.16 secs] 
6130.145: [GC[YG occupancy: 258036 K (440896 K)]6130.145: [Rescan (parallel) , 0.0996870 secs]6130.245: [weak refs processing, 0.0012370 secs]6130.246: [class unloading, 0.0202260 secs]6130.266: [scrub symbol & string tables, 0.0174860 secs] [1 CMS-remark: 5454501K(7898752K)] 5712538K(8339648K), 0.1494640 secs] [Times: user=2.25 sys=0.02, real=0.15 secs] 
6130.295: [CMS-concurrent-sweep-start]
6132.487: [GC 6132.488: [ParNew: 428193K->36238K(440896K), 0.0831150 secs] 5725188K->5343342K(8339648K), 0.0833790 secs] [Times: user=0.97 sys=0.02, real=0.09 secs] 
6134.341: [GC 6134.341: [ParNew: 428174K->27014K(440896K), 0.0436320 secs] 5727047K->5331218K(8339648K), 0.0621350 secs] [Times: user=0.67 sys=0.02, real=0.06 secs] 
6138.488: [GC 6138.488: [ParNew: 418950K->30255K(440896K), 0.0421000 secs] 5616575K->5233121K(8339648K), 0.0423280 secs] [Times: user=0.64 sys=0.00, real=0.04 secs] 
6138.703: [CMS-concurrent-sweep: 8.210/8.408 secs] [Times: user=86.19 sys=0.09, real=8.41 secs] 
6138.703: [CMS-concurrent-reset-start]
6138.754: [CMS-concurrent-reset: 0.051/0.051 secs] [Times: user=0.85 sys=0.00, real=0.05 secs] 
6140.756: [GC [1 CMS-initial-mark: 5202830K(7898752K)] 5520603K(8339648K), 1.1230460 secs] [Times: user=1.12 sys=0.00, real=1.13 secs] 
6141.879: [CMS-concurrent-mark-start]
6142.500: [GC 6142.500: [ParNew: 422191K->33642K(440896K), 0.0491350 secs] 5625021K->5239348K(8339648K), 0.0494070 secs] [Times: user=0.83 sys=0.00, real=0.05 secs] 
6144.343: [GC 6144.344: [ParNew: 425070K->39250K(440896K), 0.0419230 secs] 5630776K->5250386K(8339648K), 0.0421440 secs] [Times: user=0.53 sys=0.00, real=0.04 secs] 
6147.241: [CMS-concurrent-mark: 5.258/5.362 secs] [Times: user=87.45 sys=0.08, real=5.36 secs] 
6147.241: [CMS-concurrent-preclean-start]
6147.995: [CMS-concurrent-preclean: 0.715/0.753 secs] [Times: user=12.84 sys=0.00, real=0.75 secs] 
6147.995: [CMS-concurrent-abortable-preclean-start]
6148.115: [GC 6148.115: [ParNew: 431186K->43945K(440896K), 0.0518420 secs] 5642322K->5260384K(8339648K), 0.0520600 secs] [Times: user=0.90 sys=0.02, real=0.05 secs] 
6149.144: [CMS-concurrent-abortable-preclean: 1.067/1.149 secs] [Times: user=19.45 sys=0.04, real=1.15 secs] 
6149.147: [GC[YG occupancy: 263775 K (440896 K)]6149.147: [Rescan (parallel) , 0.0740920 secs]6149.222: [weak refs processing, 0.0014810 secs]6149.223: [class unloading, 0.0215240 secs]6149.245: [scrub symbol & string tables, 0.0174930 secs] [1 CMS-remark: 5216439K(7898752K)] 5480215K(8339648K), 0.1251870 secs] [Times: user=1.56 sys=0.01, real=0.13 secs] 
6149.273: [CMS-concurrent-sweep-start]
6150.014: [GC 6150.014: [ParNew: 435881K->39730K(440896K), 0.0728400 secs] 5651998K->5268879K(8339648K), 0.0730470 secs] [Times: user=0.91 sys=0.00, real=0.08 secs] 
6153.250: [GC 6153.250: [ParNew: 431666K->33428K(440896K), 0.0356250 secs] 5659806K->5261568K(8339648K), 0.0551780 secs] [Times: user=0.70 sys=0.00, real=0.05 secs] 
6154.970: [GC 6154.970: [ParNew: 425364K->35474K(440896K), 0.0571830 secs] 5653290K->5268603K(8339648K), 0.0574050 secs] [Times: user=0.92 sys=0.01, real=0.05 secs] 
6156.458: [CMS-concurrent-sweep: 6.991/7.185 secs] [Times: user=78.57 sys=0.12, real=7.18 secs] 
6156.458: [CMS-concurrent-reset-start]
6156.502: [CMS-concurrent-reset: 0.045/0.045 secs] [Times: user=0.07 sys=0.01, real=0.05 secs] 
6158.505: [GC [1 CMS-initial-mark: 5233043K(7898752K)] 5619729K(8339648K), 1.0353070 secs] [Times: user=1.04 sys=0.00, real=1.04 secs] 
6159.541: [CMS-concurrent-mark-start]
6159.741: [GC 6159.741: [ParNew: 427410K->37469K(440896K), 0.0795760 secs] 5660453K->5282682K(8339648K), 0.0798130 secs] [Times: user=1.16 sys=0.01, real=0.08 secs] 
6162.607: [GC 6162.607: [ParNew: 429405K->29907K(440896K), 0.0336440 secs] 5674618K->5278031K(8339648K), 0.0338730 secs] [Times: user=0.68 sys=0.00, real=0.04 secs] 
6164.437: [GC 6164.446: [ParNew: 421843K->33963K(440896K), 0.0384810 secs] 5669967K->5287541K(8339648K), 0.0387360 secs] [Times: user=0.70 sys=0.00, real=0.05 secs] 
6165.537: [CMS-concurrent-mark: 5.825/5.997 secs] [Times: user=109.50 sys=0.08, real=6.00 secs] 
6165.537: [CMS-concurrent-preclean-start]
6165.950: [CMS-concurrent-preclean: 0.395/0.413 secs] [Times: user=0.43 sys=0.00, real=0.41 secs] 
6165.950: [CMS-concurrent-abortable-preclean-start]
6168.852: [GC 6168.852: [ParNew: 425899K->40588K(440896K), 0.0393490 secs] 5679477K->5296967K(8339648K), 0.0395710 secs] [Times: user=0.70 sys=0.00, real=0.04 secs] 
6169.743: [CMS-concurrent-abortable-preclean: 3.034/3.792 secs] [Times: user=38.58 sys=0.02, real=3.79 secs] 
6169.745: [GC[YG occupancy: 238910 K (440896 K)]6169.745: [Rescan (parallel) , 0.0652050 secs]6169.811: [weak refs processing, 0.0012330 secs]6169.812: [class unloading, 0.0212500 secs]6169.833: [scrub symbol & string tables, 0.0174810 secs] [1 CMS-remark: 5256379K(7898752K)] 5495289K(8339648K), 0.1158720 secs] [Times: user=1.44 sys=0.01, real=0.12 secs] 
6169.861: [CMS-concurrent-sweep-start]
6170.727: [GC 6170.727: [ParNew: 432524K->34466K(440896K), 0.0706310 secs] 5688639K->5300593K(8339648K), 0.0708540 secs] [Times: user=1.24 sys=0.00, real=0.07 secs] 
6174.369: [GC 6174.369: [ParNew: 426402K->28057K(440896K), 0.0445880 secs] 5690174K->5297090K(8339648K), 0.0448200 secs] [Times: user=0.67 sys=0.00, real=0.04 secs] 
6176.069: [GC 6176.069: [ParNew: 419993K->30784K(440896K), 0.0310880 secs] 5688879K->5302599K(8339648K), 0.0313220 secs] [Times: user=0.48 sys=0.00, real=0.03 secs] 
6177.188: [CMS-concurrent-sweep: 7.171/7.326 secs] [Times: user=92.52 sys=0.06, real=7.33 secs] 
6177.188: [CMS-concurrent-reset-start]
6177.233: [CMS-concurrent-reset: 0.045/0.045 secs] [Times: user=0.04 sys=0.00, real=0.04 secs] 
6178.290: [GC 6178.290: [ParNew: 422720K->34356K(440896K), 0.0546120 secs] 5694478K->5313960K(8339648K), 0.0548370 secs] [Times: user=0.85 sys=0.01, real=0.05 secs] 
6178.346: [GC [1 CMS-initial-mark: 5279604K(7898752K)] 5315284K(8339648K), 0.0478420 secs] [Times: user=0.05 sys=0.00, real=0.05 secs] 
6178.395: [CMS-concurrent-mark-start]
6182.136: [CMS-concurrent-mark: 3.742/3.742 secs] [Times: user=34.27 sys=0.04, real=3.74 secs] 
6182.136: [CMS-concurrent-preclean-start]
6182.205: [CMS-concurrent-preclean: 0.066/0.068 secs] [Times: user=0.07 sys=0.00, real=0.07 secs] 
6182.205: [CMS-concurrent-abortable-preclean-start]
6183.607: [GC 6183.608: [ParNew: 426292K->42287K(440896K), 0.0645840 secs] 5705896K->5324746K(8339648K), 0.0648220 secs] [Times: user=1.26 sys=0.01, real=0.06 secs] 
6184.539: [CMS-concurrent-abortable-preclean: 2.051/2.334 secs] [Times: user=34.53 sys=0.04, real=2.34 secs] 
6184.541: [GC[YG occupancy: 245610 K (440896 K)]6184.541: [Rescan (parallel) , 0.0645400 secs]6184.606: [weak refs processing, 0.0013810 secs]6184.607: [class unloading, 0.0218130 secs]6184.629: [scrub symbol & string tables, 0.0193590 secs] [1 CMS-remark: 5282459K(7898752K)] 5528070K(8339648K), 0.1177090 secs] [Times: user=1.39 sys=0.00, real=0.12 secs] 
6184.659: [CMS-concurrent-sweep-start]
6185.665: [GC 6185.665: [ParNew: 434223K->43752K(440896K), 0.0504460 secs] 5714318K->5328902K(8339648K), 0.0506780 secs] [Times: user=0.93 sys=0.00, real=0.05 secs] 
6189.184: [GC 6189.184: [ParNew: 435688K->41910K(440896K), 0.0474900 secs] 5714536K->5324680K(8339648K), 0.0477100 secs] [Times: user=0.93 sys=0.00, real=0.05 secs] 
6190.907: [GC 6190.907: [ParNew: 433846K->37020K(440896K), 0.1085220 secs] 5716520K->5328000K(8339648K), 0.1087440 secs] [Times: user=2.07 sys=0.00, real=0.11 secs] 
6191.905: [CMS-concurrent-sweep: 7.030/7.245 secs] [Times: user=83.77 sys=0.07, real=7.24 secs] 
6191.905: [CMS-concurrent-reset-start]
6191.951: [CMS-concurrent-reset: 0.046/0.046 secs] [Times: user=0.05 sys=0.00, real=0.05 secs] 
6193.958: [GC [1 CMS-initial-mark: 5290956K(7898752K)] 5636854K(8339648K), 0.7705700 secs] [Times: user=0.77 sys=0.00, real=0.77 secs] 
6194.729: [CMS-concurrent-mark-start]
6195.168: [GC 6195.168: [ParNew: 428956K->31656K(440896K), 0.2072590 secs] 5719912K->5333641K(8339648K), 0.2074890 secs] [Times: user=4.09 sys=0.01, real=0.20 secs] 
6198.264: [GC 6198.265: [ParNew: 423592K->40392K(440896K), 0.0975820 secs] 5725577K->5345374K(8339648K), 0.0978040 secs] [Times: user=2.08 sys=0.00, real=0.10 secs] 
6200.128: [GC 6200.128: [ParNew: 432328K->39299K(440896K), 0.0675860 secs] 5737310K->5349078K(8339648K), 0.0678060 secs] [Times: user=1.18 sys=0.01, real=0.06 secs] 
6200.748: [CMS-concurrent-mark: 5.637/6.019 secs] [Times: user=114.31 sys=0.11, real=6.02 secs] 
6200.748: [CMS-concurrent-preclean-start]
6201.047: [CMS-concurrent-preclean: 0.288/0.299 secs] [Times: user=0.58 sys=0.00, real=0.29 secs] 
6201.047: [CMS-concurrent-abortable-preclean-start]
6203.895: [GC 6203.895: [ParNew: 431235K->48960K(440896K), 0.1905000 secs] 5741014K->5361536K(8339648K), 0.1907120 secs] [Times: user=4.14 sys=0.00, real=0.19 secs] 
6205.077: [CMS-concurrent-abortable-preclean: 3.122/4.030 secs] [Times: user=42.45 sys=0.03, real=4.04 secs] 
6205.080: [GC[YG occupancy: 269145 K (440896 K)]6205.080: [Rescan (parallel) , 0.0804250 secs]6205.161: [weak refs processing, 0.0014740 secs]6205.198: [class unloading, 0.0216310 secs]6205.220: [scrub symbol & string tables, 0.0187590 secs] [1 CMS-remark: 5312576K(7898752K)] 5581722K(8339648K), 0.1694610 secs] [Times: user=1.62 sys=0.00, real=0.17 secs] 
6205.250: [CMS-concurrent-sweep-start]
6206.013: [GC 6206.013: [ParNew: 440896K->40649K(440896K), 0.3982320 secs] 5752505K->5365228K(8339648K), 0.3984460 secs] [Times: user=8.54 sys=0.00, real=0.40 secs] 
6208.080: [GC 6208.080: [ParNew: 432585K->30470K(440896K), 0.0817860 secs] 5756671K->5359881K(8339648K), 0.0820010 secs] [Times: user=1.61 sys=0.00, real=0.08 secs] 
6212.719: [CMS-concurrent-sweep: 6.982/7.469 secs] [Times: user=73.66 sys=0.05, real=7.47 secs] 
6212.719: [CMS-concurrent-reset-start]
6212.769: [CMS-concurrent-reset: 0.050/0.050 secs] [Times: user=0.75 sys=0.00, real=0.05 secs] 
6213.180: [GC 6213.180: [ParNew: 422406K->41689K(440896K), 0.0697880 secs] 5748538K->5370291K(8339648K), 0.0700170 secs] [Times: user=1.39 sys=0.00, real=0.07 secs] 
6213.251: [GC [1 CMS-initial-mark: 5328601K(7898752K)] 5370724K(8339648K), 0.0639220 secs] [Times: user=0.06 sys=0.00, real=0.06 secs] 
6213.315: [CMS-concurrent-mark-start]
6215.202: [GC 6215.202: [ParNew: 433625K->42041K(440896K), 0.2746710 secs] 5762227K->5383673K(8339648K), 0.2748900 secs] [Times: user=5.74 sys=0.00, real=0.27 secs] 
6218.461: [GC 6218.461: [ParNew: 433977K->45800K(440896K), 0.1010630 secs] 5775609K->5390123K(8339648K), 0.1012840 secs] [Times: user=2.08 sys=0.00, real=0.10 secs] 
6218.954: [CMS-concurrent-mark: 5.257/5.639 secs] [Times: user=103.86 sys=0.16, real=5.64 secs] 
6218.954: [CMS-concurrent-preclean-start]
6219.281: [CMS-concurrent-preclean: 0.317/0.327 secs] [Times: user=5.63 sys=0.00, real=0.33 secs] 
6219.281: [CMS-concurrent-abortable-preclean-start]
6220.266: [GC 6220.266: [ParNew: 437736K->42302K(440896K), 0.1953190 secs] 5782059K->5391795K(8339648K), 0.1955350 secs] [Times: user=4.35 sys=0.00, real=0.20 secs] 
6222.986: [CMS-concurrent-abortable-preclean: 2.792/3.704 secs] [Times: user=37.98 sys=0.01, real=3.70 secs] 
6222.988: [GC[YG occupancy: 249883 K (440896 K)]6222.989: [Rescan (parallel) , 0.1452050 secs]6223.134: [weak refs processing, 0.0012840 secs]6223.135: [class unloading, 0.0285700 secs]6223.164: [scrub symbol & string tables, 0.0235870 secs] [1 CMS-remark: 5349492K(7898752K)] 5599376K(8339648K), 0.2150370 secs] [Times: user=3.22 sys=0.00, real=0.21 secs] 
6223.204: [CMS-concurrent-sweep-start]
6224.193: [GC 6224.193: [ParNew: 434238K->44807K(440896K), 0.1152140 secs] 5781438K->5400075K(8339648K), 0.1154510 secs] [Times: user=2.29 sys=0.01, real=0.12 secs] 
6228.136: [GC 6228.136: [ParNew: 436743K->33357K(440896K), 0.2215180 secs] 5786898K->5393123K(8339648K), 0.2217810 secs] [Times: user=4.60 sys=0.00, real=0.23 secs] 
6230.215: [GC 6230.215: [ParNew: 425293K->33299K(440896K), 0.0425210 secs] 5784551K->5398549K(8339648K), 0.0427320 secs] [Times: user=0.69 sys=0.00, real=0.04 secs] 
6231.660: [CMS-concurrent-sweep: 8.067/8.456 secs] [Times: user=103.51 sys=0.11, real=8.46 secs] 
6231.660: [CMS-concurrent-reset-start]
6231.705: [CMS-concurrent-reset: 0.045/0.045 secs] [Times: user=0.04 sys=0.00, real=0.04 secs] 
6233.541: [GC 6233.542: [ParNew: 425235K->41848K(440896K), 0.1235840 secs] 5790361K->5409612K(8339648K), 0.1238430 secs] [Times: user=2.53 sys=0.00, real=0.12 secs] 
6233.667: [GC [1 CMS-initial-mark: 5367763K(7898752K)] 5410465K(8339648K), 0.0980270 secs] [Times: user=0.10 sys=0.00, real=0.10 secs] 
6233.765: [CMS-concurrent-mark-start]
6235.324: [GC 6235.324: [ParNew: 433784K->42563K(440896K), 0.0507540 secs] 5801548K->5418270K(8339648K), 0.0936210 secs] [Times: user=0.82 sys=0.00, real=0.10 secs] 
6236.923: [GC 6236.923: [ParNew: 434499K->31965K(440896K), 0.0783140 secs] 5810206K->5413155K(8339648K), 0.0785280 secs] [Times: user=1.59 sys=0.00, real=0.08 secs] 
6238.764: [CMS-concurrent-mark: 4.822/4.999 secs] [Times: user=100.67 sys=0.08, real=5.00 secs] 
6238.764: [CMS-concurrent-preclean-start]
6239.123: [CMS-concurrent-preclean: 0.342/0.359 secs] [Times: user=3.18 sys=0.00, real=0.36 secs] 
6239.123: [CMS-concurrent-abortable-preclean-start]
6242.829: [GC 6242.829: [ParNew: 423901K->37907K(440896K), 0.1309540 secs] 5805091K->5424563K(8339648K), 0.1312110 secs] [Times: user=2.54 sys=0.01, real=0.13 secs] 
6244.011: [CMS-concurrent-abortable-preclean: 3.170/4.888 secs] [Times: user=23.89 sys=0.06, real=4.89 secs] 
6244.014: [GC[YG occupancy: 248178 K (440896 K)]6244.014: [Rescan (parallel) , 0.0971780 secs]6244.112: [weak refs processing, 0.0013440 secs]6244.113: [class unloading, 0.0219950 secs]6244.135: [scrub symbol & string tables, 0.0187620 secs] [1 CMS-remark: 5386655K(7898752K)] 5634833K(8339648K), 0.1499680 secs] [Times: user=2.23 sys=0.01, real=0.15 secs] 
6244.165: [CMS-concurrent-sweep-start]
6245.173: [GC 6245.174: [ParNew: 429843K->33262K(440896K), 0.2574860 secs] 5816285K->5430291K(8339648K), 0.2577050 secs] [Times: user=5.54 sys=0.00, real=0.26 secs] 
6248.079: [GC 6248.079: [ParNew: 425198K->30168K(440896K), 0.0446950 secs] 5817237K->5425032K(8339648K), 0.0449450 secs] [Times: user=0.70 sys=0.00, real=0.04 secs] 
6249.913: [GC 6249.913: [ParNew: 422104K->31824K(440896K), 0.0342790 secs] 5814928K->5427727K(8339648K), 0.0344900 secs] [Times: user=0.66 sys=0.00, real=0.03 secs] 
6253.350: [GC 6253.351: [ParNew: 423760K->32996K(440896K), 0.0517430 secs] 5814876K->5434079K(8339648K), 0.0520090 secs] [Times: user=0.71 sys=0.00, real=0.05 secs] 
6253.617: [CMS-concurrent-sweep: 9.051/9.452 secs] [Times: user=122.53 sys=0.17, real=9.45 secs] 
6253.617: [CMS-concurrent-reset-start]
6253.669: [CMS-concurrent-reset: 0.052/0.052 secs] [Times: user=0.99 sys=0.00, real=0.06 secs] 
6253.817: [GC [1 CMS-initial-mark: 5401078K(7898752K)] 5515825K(8339648K), 0.3632420 secs] [Times: user=0.37 sys=0.00, real=0.37 secs] 
6254.180: [CMS-concurrent-mark-start]
6255.816: [GC 6255.816: [ParNew: 424932K->29484K(440896K), 0.0368820 secs] 5826011K->5433308K(8339648K), 0.0371320 secs] [Times: user=0.67 sys=0.00, real=0.04 secs] 
6259.024: [GC 6259.025: [ParNew: 421420K->41328K(440896K), 0.0461680 secs] 5825244K->5451090K(8339648K), 0.0463820 secs] [Times: user=0.86 sys=0.00, real=0.05 secs] 
6259.405: [CMS-concurrent-mark: 5.115/5.224 secs] [Times: user=86.26 sys=0.17, real=5.22 secs] 
6259.405: [CMS-concurrent-preclean-start]
6259.794: [CMS-concurrent-preclean: 0.373/0.389 secs] [Times: user=6.99 sys=0.03, real=0.39 secs] 
6259.794: [CMS-concurrent-abortable-preclean-start]
6262.907: [GC 6262.907: [ParNew: 433264K->39797K(440896K), 0.1145510 secs] 5843026K->5459592K(8339648K), 0.1148100 secs] [Times: user=2.22 sys=0.00, real=0.12 secs] 
6264.086: [CMS-concurrent-abortable-preclean: 3.241/4.293 secs] [Times: user=38.08 sys=0.06, real=4.29 secs] 
6264.089: [GC[YG occupancy: 259671 K (440896 K)]6264.089: [Rescan (parallel) , 0.0852830 secs]6264.195: [weak refs processing, 0.0012520 secs]6264.196: [class unloading, 0.0218520 secs]6264.218: [scrub symbol & string tables, 0.0187580 secs] [1 CMS-remark: 5419794K(7898752K)] 5679465K(8339648K), 0.1583570 secs] [Times: user=1.70 sys=0.01, real=0.16 secs] 
6264.248: [CMS-concurrent-sweep-start]
6264.984: [GC 6264.984: [ParNew: 431733K->37217K(440896K), 0.0638910 secs] 5850308K->5461854K(8339648K), 0.0641180 secs] [Times: user=1.15 sys=0.01, real=0.06 secs] 
6266.720: [GC 6266.720: [ParNew: 429153K->36596K(440896K), 0.0495060 secs] 5852675K->5460118K(8339648K), 0.0497110 secs] [Times: user=0.93 sys=0.00, real=0.05 secs] 
6268.820: [GC 6268.820: [ParNew: 428532K->38031K(440896K), 0.0728160 secs] 5849683K->5468520K(8339648K), 0.0730340 secs] [Times: user=1.28 sys=0.00, real=0.07 secs] 
6271.759: [CMS-concurrent-sweep: 7.315/7.511 secs] [Times: user=86.59 sys=0.09, real=7.51 secs] 
6271.759: [CMS-concurrent-reset-start]
6271.799: [CMS-concurrent-reset: 0.040/0.040 secs] [Times: user=0.05 sys=0.00, real=0.04 secs] 
6273.801: [GC [1 CMS-initial-mark: 5429064K(7898752K)] 5765802K(8339648K), 0.9880160 secs] [Times: user=0.99 sys=0.00, real=0.99 secs] 
6274.790: [CMS-concurrent-mark-start]
6275.227: [GC 6275.227: [ParNew: 429967K->31794K(440896K), 0.0580800 secs] 5859031K->5469385K(8339648K), 0.0583490 secs] [Times: user=1.01 sys=0.01, real=0.05 secs] 
6277.017: [GC 6277.017: [ParNew: 423730K->34227K(440896K), 0.0310920 secs] 5861321K->5477290K(8339648K), 0.0313220 secs] [Times: user=0.59 sys=0.00, real=0.03 secs] 
6279.175: [GC 6279.175: [ParNew: 426163K->33141K(440896K), 0.0468520 secs] 5869226K->5479146K(8339648K), 0.0470670 secs] [Times: user=0.93 sys=0.00, real=0.05 secs] 
6279.715: [CMS-concurrent-mark: 4.780/4.925 secs] [Times: user=98.10 sys=0.07, real=4.92 secs] 
6279.715: [CMS-concurrent-preclean-start]
6279.954: [CMS-concurrent-preclean: 0.232/0.240 secs] [Times: user=4.11 sys=0.00, real=0.24 secs] 
6279.954: [CMS-concurrent-abortable-preclean-start]
6280.804: [GC 6280.805: [ParNew: 425077K->33189K(440896K), 0.0293750 secs] 5871082K->5481721K(8339648K), 0.0295800 secs] [Times: user=0.50 sys=0.00, real=0.03 secs] 
6283.765: [CMS-concurrent-abortable-preclean: 2.965/3.811 secs] [Times: user=32.86 sys=0.02, real=3.81 secs] 
6283.768: [GC[YG occupancy: 231594 K (440896 K)]6283.769: [Rescan (parallel) , 0.0728500 secs]6283.842: [weak refs processing, 0.0013660 secs]6283.843: [class unloading, 0.0270840 secs]6283.870: [scrub symbol & string tables, 0.0223390 secs] [1 CMS-remark: 5448532K(7898752K)] 5680126K(8339648K), 0.1388380 secs] [Times: user=1.55 sys=0.00, real=0.14 secs] 
6283.908: [CMS-concurrent-sweep-start]
6284.743: [GC 6284.743: [ParNew: 425125K->30414K(440896K), 0.0628880 secs] 5872160K->5490320K(8339648K), 0.0631120 secs] [Times: user=0.97 sys=0.01, real=0.06 secs] 
6287.959: [GC 6287.959: [ParNew: 422350K->25255K(440896K), 0.0304290 secs] 5879956K->5485739K(8339648K), 0.0306730 secs] [Times: user=0.49 sys=0.00, real=0.03 secs] 
6289.648: [GC 6289.648: [ParNew: 417191K->26681K(440896K), 0.0293620 secs] 5876404K->5488720K(8339648K), 0.0295640 secs] [Times: user=0.52 sys=0.00, real=0.03 secs] 
6291.034: [CMS-concurrent-sweep: 6.995/7.126 secs] [Times: user=80.73 sys=0.09, real=7.12 secs] 
6291.034: [CMS-concurrent-reset-start]
6291.078: [CMS-concurrent-reset: 0.043/0.043 secs] [Times: user=0.04 sys=0.00, real=0.05 secs] 
6293.080: [GC [1 CMS-initial-mark: 5461944K(7898752K)] 5769091K(8339648K), 0.7376010 secs] [Times: user=0.73 sys=0.01, real=0.73 secs] 
6293.818: [CMS-concurrent-mark-start]
6294.415: [GC 6294.415: [ParNew: 418617K->34430K(440896K), 0.0499330 secs] 5880562K->5499187K(8339648K), 0.0501980 secs] [Times: user=0.93 sys=0.00, real=0.05 secs] 
6296.231: [GC 6296.231: [ParNew: 426366K->36569K(440896K), 0.0417910 secs] 5891123K->5509280K(8339648K), 0.0420040 secs] [Times: user=0.69 sys=0.00, real=0.04 secs] 
6297.733: [GC 6297.733: [ParNew: 428505K->26241K(440896K), 0.0330790 secs] 5901216K->5504081K(8339648K), 0.0332980 secs] [Times: user=0.46 sys=0.01, real=0.03 secs] 
6299.121: [CMS-concurrent-mark: 5.167/5.302 secs] [Times: user=106.58 sys=0.11, real=5.30 secs] 
6299.121: [CMS-concurrent-preclean-start]
6299.347: [CMS-concurrent-preclean: 0.218/0.227 secs] [Times: user=0.22 sys=0.00, real=0.23 secs] 
6299.347: [CMS-concurrent-abortable-preclean-start]
6302.741: [GC 6302.741: [ParNew: 418177K->38471K(440896K), 0.0814080 secs] 5896017K->5519211K(8339648K), 0.0816240 secs] [Times: user=1.62 sys=0.00, real=0.08 secs] 
6303.689: [CMS-concurrent-abortable-preclean: 3.242/4.341 secs] [Times: user=32.73 sys=0.02, real=4.34 secs] 
6303.692: [GC[YG occupancy: 253943 K (440896 K)]6303.692: [Rescan (parallel) , 0.0724640 secs]6303.764: [weak refs processing, 0.0015640 secs]6303.766: [class unloading, 0.0216280 secs]6303.788: [scrub symbol & string tables, 0.0187760 secs] [1 CMS-remark: 5480739K(7898752K)] 5734682K(8339648K), 0.1255280 secs] [Times: user=1.51 sys=0.00, real=0.13 secs] 
6303.818: [CMS-concurrent-sweep-start]
6304.559: [GC 6304.559: [ParNew: 430407K->40283K(440896K), 0.0509180 secs] 5910489K->5528395K(8339648K), 0.0511340 secs] [Times: user=0.78 sys=0.02, real=0.05 secs] 
6307.987: [GC 6307.987: [ParNew: 432219K->33134K(440896K), 0.0575640 secs] 5916966K->5523026K(8339648K), 0.0577860 secs] [Times: user=1.10 sys=0.00, real=0.06 secs] 
6309.637: [GC 6309.637: [ParNew: 425070K->37788K(440896K), 0.0572410 secs] 5913373K->5528822K(8339648K), 0.0574550 secs] [Times: user=1.03 sys=0.00, real=0.05 secs] 
6311.022: [CMS-concurrent-sweep: 7.028/7.205 secs] [Times: user=81.83 sys=0.07, real=7.20 secs] 
6311.023: [CMS-concurrent-reset-start]
6311.066: [CMS-concurrent-reset: 0.043/0.043 secs] [Times: user=0.04 sys=0.00, real=0.04 secs] 
6313.069: [GC [1 CMS-initial-mark: 5490976K(7898752K)] 5856876K(8339648K), 0.8674430 secs] [Times: user=0.87 sys=0.01, real=0.86 secs] 
6313.936: [CMS-concurrent-mark-start]
6314.296: [GC 6314.296: [ParNew: 429724K->34375K(440896K), 0.1501750 secs] 5920700K->5538322K(8339648K), 0.1504410 secs] [Times: user=2.98 sys=0.00, real=0.15 secs] 
6317.501: [GC 6317.501: [ParNew: 426311K->35526K(440896K), 0.0351230 secs] 5930258K->5542301K(8339648K), 0.0353490 secs] [Times: user=0.69 sys=0.00, real=0.03 secs] 
6319.288: [GC 6319.288: [ParNew: 427462K->33950K(440896K), 0.0341820 secs] 5934237K->5545618K(8339648K), 0.0344030 secs] [Times: user=0.44 sys=0.00, real=0.03 secs] 
6319.931: [CMS-concurrent-mark: 5.760/5.995 secs] [Times: user=113.58 sys=0.10, real=6.00 secs] 
6319.931: [CMS-concurrent-preclean-start]
6320.167: [CMS-concurrent-preclean: 0.227/0.236 secs] [Times: user=0.26 sys=0.00, real=0.23 secs] 
6320.167: [CMS-concurrent-abortable-preclean-start]
6323.160: [GC 6323.160: [ParNew: 425886K->39935K(440896K), 0.0394090 secs] 5937554K->5556487K(8339648K), 0.0396380 secs] [Times: user=0.63 sys=0.01, real=0.04 secs] 
6324.009: [CMS-concurrent-abortable-preclean: 2.985/3.842 secs] [Times: user=36.14 sys=0.05, real=3.85 secs] 
6324.011: [GC[YG occupancy: 237128 K (440896 K)]6324.012: [Rescan (parallel) , 0.0603400 secs]6324.072: [weak refs processing, 0.0015250 secs]6324.074: [class unloading, 0.0216090 secs]6324.095: [scrub symbol & string tables, 0.0187640 secs] [1 CMS-remark: 5516552K(7898752K)] 5753681K(8339648K), 0.1134490 secs] [Times: user=1.32 sys=0.01, real=0.11 secs] 
6324.125: [CMS-concurrent-sweep-start]
6325.131: [GC 6325.132: [ParNew: 431871K->33870K(440896K), 0.0449700 secs] 5947862K->5557840K(8339648K), 0.0451890 secs] [Times: user=0.69 sys=0.00, real=0.04 secs] 
6327.361: [GC 6327.362: [ParNew: 425806K->24151K(440896K), 0.0385310 secs] 5948919K->5552824K(8339648K), 0.0387540 secs] [Times: user=0.70 sys=0.00, real=0.04 secs] 
6330.891: [CMS-concurrent-sweep: 6.675/6.766 secs] [Times: user=69.17 sys=0.12, real=6.77 secs] 
6330.891: [CMS-concurrent-reset-start]
6330.936: [CMS-concurrent-reset: 0.044/0.044 secs] [Times: user=0.08 sys=0.00, real=0.04 secs] 
6331.404: [GC [1 CMS-initial-mark: 5527487K(7898752K)] 5852596K(8339648K), 1.0132000 secs] [Times: user=1.01 sys=0.00, real=1.02 secs] 
6332.418: [CMS-concurrent-mark-start]
6332.854: [GC 6332.854: [ParNew: 416087K->40298K(440896K), 0.0527550 secs] 5943574K->5570707K(8339648K), 0.0530340 secs] [Times: user=1.14 sys=0.01, real=0.05 secs] 
6334.569: [GC 6334.569: [ParNew: 432234K->41813K(440896K), 0.0706600 secs] 5962643K->5582875K(8339648K), 0.0708950 secs] [Times: user=1.08 sys=0.02, real=0.07 secs] 
6337.056: [CMS-concurrent-mark: 4.506/4.638 secs] [Times: user=80.79 sys=0.16, real=4.63 secs] 
6337.056: [CMS-concurrent-preclean-start]
6337.273: [CMS-concurrent-preclean: 0.210/0.218 secs] [Times: user=0.24 sys=0.00, real=0.22 secs] 
6337.273: [CMS-concurrent-abortable-preclean-start]
6337.946: [GC 6337.946: [ParNew: 433749K->34910K(440896K), 0.0592390 secs] 5974811K->5575972K(8339648K), 0.0594670 secs] [Times: user=1.38 sys=0.00, real=0.06 secs] 
6338.989: [CMS-concurrent-abortable-preclean: 1.545/1.715 secs] [Times: user=26.97 sys=0.01, real=1.72 secs] 
6338.991: [GC[YG occupancy: 239386 K (440896 K)]6338.991: [Rescan (parallel) , 0.0943450 secs]6339.086: [weak refs processing, 0.0014490 secs]6339.087: [class unloading, 0.0213820 secs]6339.109: [scrub symbol & string tables, 0.0200900 secs] [1 CMS-remark: 5541062K(7898752K)] 5780448K(8339648K), 0.1495910 secs] [Times: user=2.08 sys=0.00, real=0.15 secs] 
6339.141: [CMS-concurrent-sweep-start]
6340.078: [GC 6340.078: [ParNew: 426846K->30416K(440896K), 0.0808750 secs] 5967306K->5589147K(8339648K), 0.0810920 secs] [Times: user=0.98 sys=0.04, real=0.08 secs] 
6343.424: [GC 6343.424: [ParNew: 422352K->26573K(440896K), 0.0282680 secs] 5976151K->5580372K(8339648K), 0.0284700 secs] [Times: user=0.50 sys=0.00, real=0.03 secs] 
6345.103: [GC 6345.103: [ParNew: 418509K->29765K(440896K), 0.0426610 secs] 5971116K->5587029K(8339648K), 0.0428780 secs] [Times: user=0.68 sys=0.01, real=0.04 secs] 
6346.341: [CMS-concurrent-sweep: 7.039/7.199 secs] [Times: user=97.68 sys=0.09, real=7.20 secs] 
6346.341: [CMS-concurrent-reset-start]
6346.392: [CMS-concurrent-reset: 0.051/0.051 secs] [Times: user=0.85 sys=0.00, real=0.05 secs] 
6346.812: [GC 6346.812: [ParNew: 421701K->28143K(440896K), 0.0374950 secs] 5978925K->5590330K(8339648K), 0.0377410 secs] [Times: user=0.55 sys=0.03, real=0.04 secs] 
6346.851: [GC [1 CMS-initial-mark: 5562187K(7898752K)] 5592223K(8339648K), 0.0351120 secs] [Times: user=0.03 sys=0.00, real=0.03 secs] 
6346.886: [CMS-concurrent-mark-start]
6350.018: [GC 6350.018: [ParNew: 420079K->29032K(440896K), 0.0379210 secs] 5982266K->5596418K(8339648K), 0.0381390 secs] [Times: user=0.53 sys=0.00, real=0.03 secs] 
6351.272: [CMS-concurrent-mark: 4.345/4.386 secs] [Times: user=56.85 sys=0.02, real=4.39 secs] 
6351.272: [CMS-concurrent-preclean-start]
6351.428: [CMS-concurrent-preclean: 0.151/0.156 secs] [Times: user=0.16 sys=0.00, real=0.16 secs] 
6351.428: [CMS-concurrent-abortable-preclean-start]
6353.842: [GC 6353.842: [ParNew: 420968K->31401K(440896K), 0.0372380 secs] 5988354K->5604104K(8339648K), 0.0374560 secs] [Times: user=0.70 sys=0.00, real=0.04 secs] 
6354.724: [CMS-concurrent-abortable-preclean: 2.741/3.295 secs] [Times: user=41.89 sys=0.13, real=3.29 secs] 
6354.727: [GC[YG occupancy: 236045 K (440896 K)]6354.727: [Rescan (parallel) , 0.0661750 secs]6354.793: [weak refs processing, 0.0014690 secs]6354.795: [class unloading, 0.0211910 secs]6354.816: [scrub symbol & string tables, 0.0187680 secs] [1 CMS-remark: 5572703K(7898752K)] 5808749K(8339648K), 0.1188090 secs] [Times: user=1.52 sys=0.00, real=0.12 secs] 
6354.846: [CMS-concurrent-sweep-start]
6355.668: [GC 6355.668: [ParNew: 423337K->38523K(440896K), 0.0377730 secs] 5995521K->5613678K(8339648K), 0.0379920 secs] [Times: user=0.62 sys=0.00, real=0.03 secs] 
6358.969: [GC 6358.969: [ParNew: 430459K->40513K(440896K), 0.0490700 secs] 6001002K->5614095K(8339648K), 0.0492810 secs] [Times: user=0.93 sys=0.00, real=0.05 secs] 
6360.652: [GC 6360.652: [ParNew: 432449K->44189K(440896K), 0.0444040 secs] 6003901K->5621136K(8339648K), 0.0640080 secs] [Times: user=0.70 sys=0.00, real=0.06 secs] 
6361.989: [CMS-concurrent-sweep: 6.984/7.143 secs] [Times: user=81.31 sys=0.06, real=7.15 secs] 
6361.989: [CMS-concurrent-reset-start]
6362.034: [CMS-concurrent-reset: 0.045/0.045 secs] [Times: user=0.04 sys=0.00, real=0.04 secs] 
6364.035: [GC [1 CMS-initial-mark: 5576877K(7898752K)] 5970867K(8339648K), 1.1341030 secs] [Times: user=1.14 sys=0.00, real=1.14 secs] 
6365.170: [CMS-concurrent-mark-start]
6368.285: [GC 6368.285: [ParNew: 436125K->43791K(440896K), 0.0637140 secs] 6013002K->5632112K(8339648K), 0.0639470 secs] [Times: user=1.14 sys=0.01, real=0.07 secs] 
6369.919: [CMS-concurrent-mark: 4.682/4.749 secs] [Times: user=56.08 sys=0.06, real=4.75 secs] 
6369.919: [CMS-concurrent-preclean-start]
6370.154: [CMS-concurrent-preclean: 0.227/0.235 secs] [Times: user=3.93 sys=0.01, real=0.23 secs] 
6370.154: [CMS-concurrent-abortable-preclean-start]
6370.199: [GC 6370.199: [ParNew: 435727K->41639K(440896K), 0.0483620 secs] 6024048K->5635791K(8339648K), 0.0485770 secs] [Times: user=0.74 sys=0.00, real=0.04 secs] 
6371.140: [CMS-concurrent-abortable-preclean: 0.926/0.985 secs] [Times: user=16.75 sys=0.00, real=0.99 secs] 
6371.142: [GC[YG occupancy: 252361 K (440896 K)]6371.143: [Rescan (parallel) , 0.0686370 secs]6371.211: [weak refs processing, 0.0015820 secs]6371.213: [class unloading, 0.0219200 secs]6371.235: [scrub symbol & string tables, 0.0187580 secs] [1 CMS-remark: 5594151K(7898752K)] 5846513K(8339648K), 0.1217320 secs] [Times: user=1.52 sys=0.00, real=0.12 secs] 
6371.265: [CMS-concurrent-sweep-start]
6373.930: [GC 6373.931: [ParNew: 433575K->42228K(440896K), 0.0744320 secs] 6026990K->5640649K(8339648K), 0.0746630 secs] [Times: user=1.41 sys=0.01, real=0.07 secs] 
6375.866: [GC 6375.866: [ParNew: 434164K->41202K(440896K), 0.0381360 secs] 6030764K->5643416K(8339648K), 0.0383610 secs] [Times: user=0.69 sys=0.00, real=0.04 secs] 
6377.586: [GC 6377.586: [ParNew: 433138K->36254K(440896K), 0.0494460 secs] 6035278K->5650771K(8339648K), 0.0496750 secs] [Times: user=0.72 sys=0.00, real=0.05 secs] 
6378.502: [CMS-concurrent-sweep: 7.060/7.237 secs] [Times: user=94.80 sys=0.12, real=7.24 secs] 
6378.502: [CMS-concurrent-reset-start]
6378.550: [CMS-concurrent-reset: 0.048/0.048 secs] [Times: user=0.90 sys=0.00, real=0.05 secs] 
6379.392: [GC 6379.392: [ParNew: 428190K->24640K(440896K), 0.0315210 secs] 6042688K->5641759K(8339648K), 0.0318180 secs] [Times: user=0.46 sys=0.00, real=0.03 secs] 
6379.425: [GC [1 CMS-initial-mark: 5617118K(7898752K)] 5643580K(8339648K), 0.0377060 secs] [Times: user=0.04 sys=0.00, real=0.04 secs] 
6379.463: [CMS-concurrent-mark-start]
6383.364: [CMS-concurrent-mark: 3.901/3.901 secs] [Times: user=33.64 sys=0.03, real=3.90 secs] 
6383.364: [CMS-concurrent-preclean-start]
6383.442: [CMS-concurrent-preclean: 0.076/0.078 secs] [Times: user=1.36 sys=0.00, real=0.08 secs] 
6383.442: [CMS-concurrent-abortable-preclean-start]
6384.509: [GC 6384.509: [ParNew: 416576K->30692K(440896K), 0.0399470 secs] 6033695K->5653302K(8339648K), 0.0402480 secs] [Times: user=0.70 sys=0.01, real=0.04 secs] 
6385.423: [CMS-concurrent-abortable-preclean: 1.924/1.981 secs] [Times: user=34.00 sys=0.05, real=1.98 secs] 
6385.426: [GC[YG occupancy: 228933 K (440896 K)]6385.426: [Rescan (parallel) , 0.0546260 secs]6385.481: [weak refs processing, 0.0014940 secs]6385.482: [class unloading, 0.0217980 secs]6385.504: [scrub symbol & string tables, 0.0187920 secs] [1 CMS-remark: 5622610K(7898752K)] 5851543K(8339648K), 0.1079480 secs] [Times: user=1.32 sys=0.00, real=0.11 secs] 
6385.534: [CMS-concurrent-sweep-start]
6386.371: [GC 6386.372: [ParNew: 422628K->29873K(440896K), 0.0347720 secs] 6044677K->5657330K(8339648K), 0.0349850 secs] [Times: user=0.51 sys=0.00, real=0.03 secs] 
6389.658: [GC 6389.658: [ParNew: 421809K->31689K(440896K), 0.0330930 secs] 6044626K->5657451K(8339648K), 0.0334010 secs] [Times: user=0.56 sys=0.00, real=0.03 secs] 
6391.368: [GC 6391.368: [ParNew: 423625K->32791K(440896K), 0.0300940 secs] 6047442K->5659413K(8339648K), 0.0303170 secs] [Times: user=0.55 sys=0.00, real=0.03 secs] 
6392.712: [CMS-concurrent-sweep: 7.071/7.178 secs] [Times: user=83.56 sys=0.08, real=7.18 secs] 
6392.712: [CMS-concurrent-reset-start]
6392.757: [CMS-concurrent-reset: 0.045/0.045 secs] [Times: user=0.04 sys=0.00, real=0.04 secs] 
6394.758: [GC [1 CMS-initial-mark: 5626551K(7898752K)] 6036725K(8339648K), 1.1871400 secs] [Times: user=1.19 sys=0.00, real=1.18 secs] 
6395.946: [CMS-concurrent-mark-start]
6397.959: [GC 6397.959: [ParNew: 424727K->35745K(440896K), 0.0397740 secs] 6051278K->5671059K(8339648K), 0.0400390 secs] [Times: user=0.45 sys=0.01, real=0.04 secs] 
6399.501: [GC 6399.501: [ParNew: 427681K->40546K(440896K), 0.0444990 secs] 6062995K->5679818K(8339648K), 0.0447220 secs] [Times: user=0.69 sys=0.01, real=0.04 secs] 
6401.352: [CMS-concurrent-mark: 5.312/5.406 secs] [Times: user=81.34 sys=0.14, real=5.41 secs] 
6401.352: [CMS-concurrent-preclean-start]
6401.572: [CMS-concurrent-preclean: 0.211/0.220 secs] [Times: user=0.22 sys=0.00, real=0.22 secs] 
6401.572: [CMS-concurrent-abortable-preclean-start]
6403.262: [GC 6403.262: [ParNew: 432482K->43254K(440896K), 0.0612550 secs] 6071754K->5687792K(8339648K), 0.0615260 secs] [Times: user=1.16 sys=0.00, real=0.06 secs] 
6404.393: [CMS-concurrent-abortable-preclean: 2.240/2.821 secs] [Times: user=26.13 sys=0.04, real=2.82 secs] 
6404.396: [GC[YG occupancy: 253736 K (440896 K)]6404.396: [Rescan (parallel) , 0.1025650 secs]6404.499: [weak refs processing, 0.0013870 secs]6404.500: [class unloading, 0.0219920 secs]6404.522: [scrub symbol & string tables, 0.0187630 secs] [1 CMS-remark: 5644538K(7898752K)] 5898274K(8339648K), 0.1557750 secs] [Times: user=2.26 sys=0.01, real=0.16 secs] 
6404.552: [CMS-concurrent-sweep-start]
6405.440: [GC 6405.440: [ParNew: 435190K->39360K(440896K), 0.0715560 secs] 6079195K->5696152K(8339648K), 0.0717850 secs] [Times: user=1.16 sys=0.00, real=0.07 secs] 
6407.212: [GC 6407.212: [ParNew: 431296K->34891K(440896K), 0.0356840 secs] 6087697K->5691293K(8339648K), 0.0358980 secs] [Times: user=0.69 sys=0.00, real=0.04 secs] 
6408.906: [GC 6408.906: [ParNew: 426827K->34717K(440896K), 0.0482910 secs] 6082448K->5698007K(8339648K), 0.0485180 secs] [Times: user=0.93 sys=0.00, real=0.05 secs] 
6412.085: [CMS-concurrent-sweep: 7.369/7.533 secs] [Times: user=88.35 sys=0.05, real=7.53 secs] 
6412.085: [CMS-concurrent-reset-start]
6412.130: [CMS-concurrent-reset: 0.045/0.045 secs] [Times: user=0.05 sys=0.00, real=0.05 secs] 
6414.133: [GC [1 CMS-initial-mark: 5662802K(7898752K)] 6087965K(8339648K), 1.0184870 secs] [Times: user=1.02 sys=0.00, real=1.02 secs] 
6415.152: [CMS-concurrent-mark-start]
6415.156: [GC 6415.156: [ParNew: 426653K->34484K(440896K), 0.0568820 secs] 6089455K->5707269K(8339648K), 0.0571100 secs] [Times: user=1.10 sys=0.02, real=0.06 secs] 
6417.196: [GC 6417.196: [ParNew: 426420K->29431K(440896K), 0.0329750 secs] 6099205K->5705178K(8339648K), 0.0332080 secs] [Times: user=0.68 sys=0.00, real=0.04 secs] 
6419.224: [GC 6419.225: [ParNew: 421367K->33621K(440896K), 0.0319030 secs] 6097114K->5714828K(8339648K), 0.0321170 secs] [Times: user=0.59 sys=0.00, real=0.03 secs] 
6420.902: [GC 6420.902: [ParNew: 425557K->33627K(440896K), 0.0356830 secs] 6106764K->5717701K(8339648K), 0.0359060 secs] [Times: user=0.69 sys=0.00, real=0.04 secs] 
6421.537: [CMS-concurrent-mark: 6.217/6.385 secs] [Times: user=134.54 sys=0.09, real=6.39 secs] 
6421.537: [CMS-concurrent-preclean-start]
6421.776: [CMS-concurrent-preclean: 0.231/0.239 secs] [Times: user=0.24 sys=0.00, real=0.23 secs] 
6421.777: [CMS-concurrent-abortable-preclean-start]
6424.481: [GC 6424.482: [ParNew: 425563K->32001K(440896K), 0.0360620 secs] 6109637K->5723996K(8339648K), 0.0362930 secs] [Times: user=0.59 sys=0.00, real=0.04 secs] 
 CMS: abort preclean due to time 6426.881: [CMS-concurrent-abortable-preclean: 3.542/5.105 secs] [Times: user=27.98 sys=0.04, real=5.11 secs] 
6426.883: [GC[YG occupancy: 79167 K (440896 K)]6426.883: [Rescan (parallel) , 0.0365060 secs]6426.920: [weak refs processing, 0.0014300 secs]6426.921: [class unloading, 0.0284520 secs]6426.950: [scrub symbol & string tables, 0.0235470 secs] [1 CMS-remark: 5691995K(7898752K)] 5771162K(8339648K), 0.1067900 secs] [Times: user=0.77 sys=0.00, real=0.11 secs] 
6426.990: [CMS-concurrent-sweep-start]
6429.795: [GC 6429.795: [ParNew: 423937K->30409K(440896K), 0.0369330 secs] 6114995K->5726616K(8339648K), 0.0371590 secs] [Times: user=0.70 sys=0.00, real=0.04 secs] 
6433.418: [GC 6433.418: [ParNew: 422345K->34670K(440896K), 0.0537270 secs] 6115404K->5732890K(8339648K), 0.0539900 secs] [Times: user=0.95 sys=0.00, real=0.05 secs] 
6434.740: [CMS-concurrent-sweep: 7.650/7.749 secs] [Times: user=83.78 sys=0.04, real=7.75 secs] 
6434.740: [CMS-concurrent-reset-start]
6434.790: [CMS-concurrent-reset: 0.050/0.050 secs] [Times: user=0.85 sys=0.00, real=0.05 secs] 
6435.288: [GC 6435.288: [ParNew: 426606K->37145K(440896K), 0.0346330 secs] 6124785K->5738068K(8339648K), 0.0348530 secs] [Times: user=0.54 sys=0.01, real=0.03 secs] 
6435.324: [GC [1 CMS-initial-mark: 5700923K(7898752K)] 5739564K(8339648K), 0.0503810 secs] [Times: user=0.05 sys=0.00, real=0.05 secs] 
6435.375: [CMS-concurrent-mark-start]
6437.110: [GC 6437.111: [ParNew: 429081K->38389K(440896K), 0.0308650 secs] 6130004K->5744625K(8339648K), 0.0310720 secs] [Times: user=0.46 sys=0.00, real=0.03 secs] 
6438.991: [GC 6438.991: [ParNew: 430325K->23955K(440896K), 0.0443490 secs] 6136561K->5740193K(8339648K), 0.0445760 secs] [Times: user=0.69 sys=0.00, real=0.04 secs] 
6441.184: [CMS-concurrent-mark: 5.724/5.809 secs] [Times: user=106.36 sys=0.09, real=5.81 secs] 
6441.184: [CMS-concurrent-preclean-start]
6441.390: [CMS-concurrent-preclean: 0.199/0.206 secs] [Times: user=0.21 sys=0.00, real=0.21 secs] 
6441.390: [CMS-concurrent-abortable-preclean-start]
6444.069: [GC 6444.069: [ParNew: 415891K->28773K(440896K), 0.0430670 secs] 6132129K->5750574K(8339648K), 0.0588370 secs] [Times: user=0.70 sys=0.00, real=0.06 secs] 
6445.181: [CMS-concurrent-abortable-preclean: 2.907/3.792 secs] [Times: user=35.50 sys=0.03, real=3.79 secs] 
6445.184: [GC[YG occupancy: 234848 K (440896 K)]6445.184: [Rescan (parallel) , 0.0644110 secs]6445.249: [weak refs processing, 0.0012380 secs]6445.250: [class unloading, 0.0216220 secs]6445.272: [scrub symbol & string tables, 0.0187490 secs] [1 CMS-remark: 5721800K(7898752K)] 5956648K(8339648K), 0.1167200 secs] [Times: user=1.39 sys=0.00, real=0.12 secs] 
6445.302: [CMS-concurrent-sweep-start]
6446.121: [GC 6446.121: [ParNew: 420709K->31528K(440896K), 0.0322830 secs] 6141893K->5755792K(8339648K), 0.0325010 secs] [Times: user=0.47 sys=0.00, real=0.03 secs] 
6448.871: [GC 6448.871: [ParNew: 423464K->38723K(440896K), 0.0451990 secs] 6146612K->5764723K(8339648K), 0.0454680 secs] [Times: user=0.69 sys=0.00, real=0.04 secs] 
6450.603: [GC 6450.603: [ParNew: 430659K->41199K(440896K), 0.0358490 secs] 6152959K->5768034K(8339648K), 0.0360820 secs] [Times: user=0.68 sys=0.00, real=0.04 secs] 
6452.894: [CMS-concurrent-sweep: 7.447/7.592 secs] [Times: user=93.94 sys=0.46, real=7.59 secs] 
6452.894: [CMS-concurrent-reset-start]
6452.938: [CMS-concurrent-reset: 0.043/0.043 secs] [Times: user=0.04 sys=0.00, real=0.05 secs] 
6453.759: [GC 6453.759: [ParNew: 433135K->39636K(440896K), 0.0529480 secs] 6159845K->5774023K(8339648K), 0.0532270 secs] [Times: user=0.68 sys=0.01, real=0.05 secs] 
6453.813: [GC [1 CMS-initial-mark: 5734386K(7898752K)] 5775364K(8339648K), 0.0931290 secs] [Times: user=0.09 sys=0.00, real=0.09 secs] 
6453.907: [CMS-concurrent-mark-start]
6458.067: [CMS-concurrent-mark: 4.157/4.160 secs] [Times: user=39.74 sys=0.11, real=4.16 secs] 
6458.067: [CMS-concurrent-preclean-start]
6458.140: [CMS-concurrent-preclean: 0.072/0.074 secs] [Times: user=0.09 sys=0.01, real=0.08 secs] 
6458.141: [CMS-concurrent-abortable-preclean-start]
6458.821: [GC 6458.821: [ParNew: 431572K->42603K(440896K), 0.0425270 secs] 6165959K->5783802K(8339648K), 0.0427870 secs] [Times: user=0.69 sys=0.00, real=0.04 secs] 
6459.747: [CMS-concurrent-abortable-preclean: 1.551/1.607 secs] [Times: user=27.31 sys=0.06, real=1.61 secs] 
6459.750: [GC[YG occupancy: 256211 K (440896 K)]6459.750: [Rescan (parallel) , 0.0702360 secs]6459.821: [weak refs processing, 0.0012560 secs]6459.822: [class unloading, 0.0212720 secs]6459.843: [scrub symbol & string tables, 0.0193110 secs] [1 CMS-remark: 5741198K(7898752K)] 5997409K(8339648K), 0.1232710 secs] [Times: user=1.41 sys=0.01, real=0.12 secs] 
6459.874: [CMS-concurrent-sweep-start]
6460.580: [GC 6460.580: [ParNew: 434539K->40555K(440896K), 0.0409550 secs] 6173856K->5786067K(8339648K), 0.0411780 secs] [Times: user=0.70 sys=0.00, real=0.04 secs] 
6463.596: [GC 6463.597: [ParNew: 432491K->40648K(440896K), 0.0611700 secs] 6176422K->5790478K(8339648K), 0.0614490 secs] [Times: user=1.12 sys=0.00, real=0.07 secs] 
6465.371: [GC 6465.371: [ParNew: 432584K->39942K(440896K), 0.0449860 secs] 6182105K->5796134K(8339648K), 0.0452180 secs] [Times: user=0.70 sys=0.00, real=0.04 secs] 
6467.031: [GC 6467.031: [ParNew: 431878K->37047K(440896K), 0.0532020 secs] 6186807K->5800965K(8339648K), 0.0538560 secs] [Times: user=0.69 sys=0.01, real=0.05 secs] 
6468.094: [CMS-concurrent-sweep: 8.003/8.220 secs] [Times: user=115.69 sys=0.75, real=8.22 secs] 
6468.095: [CMS-concurrent-reset-start]
6468.138: [CMS-concurrent-reset: 0.044/0.044 secs] [Times: user=0.04 sys=0.00, real=0.05 secs] 
6468.892: [GC 6468.892: [ParNew: 428983K->29268K(440896K), 0.0354130 secs] 6192197K->5796149K(8339648K), 0.0357310 secs] [Times: user=0.53 sys=0.00, real=0.04 secs] 
6468.929: [GC [1 CMS-initial-mark: 5766881K(7898752K)] 5796541K(8339648K), 0.0484060 secs] [Times: user=0.04 sys=0.00, real=0.04 secs] 
6468.977: [CMS-concurrent-mark-start]
6473.718: [CMS-concurrent-mark: 4.741/4.741 secs] [Times: user=57.42 sys=0.08, real=4.74 secs] 
6473.718: [CMS-concurrent-preclean-start]
6473.763: [GC 6473.763: [ParNew: 421204K->31203K(440896K), 0.0451650 secs] 6188085K->5805571K(8339648K), 0.0454400 secs] [Times: user=0.71 sys=0.00, real=0.05 secs] 
6473.825: [CMS-concurrent-preclean: 0.057/0.107 secs] [Times: user=1.66 sys=0.00, real=0.10 secs] 
6473.825: [CMS-concurrent-abortable-preclean-start]
6474.743: [CMS-concurrent-abortable-preclean: 0.891/0.918 secs] [Times: user=15.73 sys=0.06, real=0.92 secs] 
6474.745: [GC[YG occupancy: 238332 K (440896 K)]6474.745: [Rescan (parallel) , 0.0742630 secs]6474.820: [weak refs processing, 0.0016400 secs]6474.821: [class unloading, 0.0264070 secs]6474.848: [scrub symbol & string tables, 0.0219060 secs] [1 CMS-remark: 5774368K(7898752K)] 6012700K(8339648K), 0.1379740 secs] [Times: user=1.63 sys=0.01, real=0.14 secs] 
6474.884: [CMS-concurrent-sweep-start]
6475.735: [GC 6475.735: [ParNew: 423139K->32353K(440896K), 0.0379680 secs] 6196873K->5809948K(8339648K), 0.0381960 secs] [Times: user=0.70 sys=0.00, real=0.04 secs] 
6478.965: [GC 6478.966: [ParNew: 424289K->31684K(440896K), 0.0467670 secs] 6199573K->5812916K(8339648K), 0.0470340 secs] [Times: user=0.83 sys=0.01, real=0.05 secs] 
6480.778: [GC 6480.779: [ParNew: 423620K->31871K(440896K), 0.0384610 secs] 6203242K->5814784K(8339648K), 0.0386970 secs] [Times: user=0.52 sys=0.01, real=0.04 secs] 
6482.357: [CMS-concurrent-sweep: 7.336/7.474 secs] [Times: user=96.30 sys=0.04, real=7.47 secs] 
6482.357: [CMS-concurrent-reset-start]
6482.396: [CMS-concurrent-reset: 0.039/0.039 secs] [Times: user=0.05 sys=0.00, real=0.04 secs] 
6482.426: [GC [1 CMS-initial-mark: 5782320K(7898752K)] 6049527K(8339648K), 0.9148020 secs] [Times: user=0.92 sys=0.00, real=0.92 secs] 
6483.341: [CMS-concurrent-mark-start]
6485.071: [GC 6485.071: [ParNew: 423807K->33589K(440896K), 0.0489670 secs] 6206127K->5823604K(8339648K), 0.0492220 secs] [Times: user=0.71 sys=0.01, real=0.05 secs] 
6488.185: [CMS-concurrent-mark: 4.790/4.844 secs] [Times: user=52.46 sys=0.10, real=4.84 secs] 
6488.185: [CMS-concurrent-preclean-start]
6488.384: [CMS-concurrent-preclean: 0.191/0.199 secs] [Times: user=0.89 sys=0.00, real=0.20 secs] 
6488.384: [CMS-concurrent-abortable-preclean-start]
6489.439: [GC 6489.439: [ParNew: 425525K->33528K(440896K), 0.0362480 secs] 6215540K->5826476K(8339648K), 0.0364730 secs] [Times: user=0.57 sys=0.00, real=0.03 secs] 
6490.256: [CMS-concurrent-abortable-preclean: 1.820/1.872 secs] [Times: user=31.49 sys=0.02, real=1.87 secs] 
6490.260: [GC[YG occupancy: 230099 K (440896 K)]6490.260: [Rescan (parallel) , 0.0626110 secs]6490.322: [weak refs processing, 0.0015950 secs]6490.324: [class unloading, 0.0215160 secs]6490.346: [scrub symbol & string tables, 0.0196060 secs] [1 CMS-remark: 5792948K(7898752K)] 6023047K(8339648K), 0.1165710 secs] [Times: user=1.37 sys=0.00, real=0.11 secs] 
6490.377: [CMS-concurrent-sweep-start]
6491.210: [GC 6491.210: [ParNew: 425464K->36472K(440896K), 0.0323730 secs] 6217696K->5833939K(8339648K), 0.0325890 secs] [Times: user=0.46 sys=0.00, real=0.03 secs] 
6494.949: [GC 6494.949: [ParNew: 428408K->35137K(440896K), 0.0363960 secs] 6219670K->5831544K(8339648K), 0.0366840 secs] [Times: user=0.47 sys=0.00, real=0.03 secs] 
6496.590: [GC 6496.590: [ParNew: 427073K->35769K(440896K), 0.0389650 secs] 6223214K->5839435K(8339648K), 0.0392410 secs] [Times: user=0.46 sys=0.00, real=0.04 secs] 
6497.703: [CMS-concurrent-sweep: 7.205/7.326 secs] [Times: user=91.55 sys=0.08, real=7.33 secs] 
6497.703: [CMS-concurrent-reset-start]
6497.743: [CMS-concurrent-reset: 0.040/0.040 secs] [Times: user=0.06 sys=0.00, real=0.04 secs] 
6499.063: [GC 6499.063: [ParNew: 427705K->26283K(440896K), 0.0436590 secs] 6231004K->5834940K(8339648K), 0.0439090 secs] [Times: user=0.70 sys=0.00, real=0.04 secs] 
6499.108: [GC [1 CMS-initial-mark: 5808657K(7898752K)] 5836364K(8339648K), 0.0419440 secs] [Times: user=0.04 sys=0.00, real=0.04 secs] 
6499.150: [CMS-concurrent-mark-start]
6503.451: [CMS-concurrent-mark: 4.300/4.300 secs] [Times: user=46.13 sys=0.06, real=4.30 secs] 
6503.451: [CMS-concurrent-preclean-start]
6503.520: [CMS-concurrent-preclean: 0.068/0.070 secs] [Times: user=1.18 sys=0.01, real=0.07 secs] 
6503.521: [CMS-concurrent-abortable-preclean-start]
6503.815: [GC 6503.815: [ParNew: 418219K->31732K(440896K), 0.0495810 secs] 6226876K->5844914K(8339648K), 0.0498070 secs] [Times: user=0.95 sys=0.00, real=0.05 secs] 
6504.677: [CMS-concurrent-abortable-preclean: 1.096/1.157 secs] [Times: user=20.10 sys=0.02, real=1.16 secs] 
6504.680: [GC[YG occupancy: 229771 K (440896 K)]6504.680: [Rescan (parallel) , 0.0553370 secs]6504.736: [weak refs processing, 0.0015090 secs]6504.737: [class unloading, 0.0223250 secs]6504.760: [scrub symbol & string tables, 0.0191920 secs] [1 CMS-remark: 5813181K(7898752K)] 6042953K(8339648K), 0.1096120 secs] [Times: user=1.15 sys=0.01, real=0.11 secs] 
6504.790: [CMS-concurrent-sweep-start]
6505.613: [GC 6505.614: [ParNew: 423668K->32223K(440896K), 0.0409480 secs] 6236592K->5851457K(8339648K), 0.0411700 secs] [Times: user=0.70 sys=0.00, real=0.04 secs] 
6509.014: [GC 6509.014: [ParNew: 424159K->27011K(440896K), 0.0392860 secs] 6242629K->5848268K(8339648K), 0.0395480 secs] [Times: user=0.69 sys=0.00, real=0.04 secs] 
6510.731: [GC 6510.731: [ParNew: 418947K->30531K(440896K), 0.0339910 secs] 6239967K->5856518K(8339648K), 0.0342150 secs] [Times: user=0.46 sys=0.00, real=0.03 secs] 
6512.287: [CMS-concurrent-sweep: 7.374/7.497 secs] [Times: user=93.71 sys=0.07, real=7.49 secs] 
6512.287: [CMS-concurrent-reset-start]
6512.327: [CMS-concurrent-reset: 0.039/0.039 secs] [Times: user=0.04 sys=0.00, real=0.04 secs] 
6514.095: [GC 6514.095: [ParNew: 422467K->30548K(440896K), 0.0396500 secs] 6248371K->5863802K(8339648K), 0.0398710 secs] [Times: user=0.70 sys=0.00, real=0.04 secs] 
6514.136: [GC [1 CMS-initial-mark: 5833253K(7898752K)] 5864174K(8339648K), 0.0422450 secs] [Times: user=0.05 sys=0.00, real=0.05 secs] 
6514.178: [CMS-concurrent-mark-start]
6518.290: [CMS-concurrent-mark: 4.106/4.112 secs] [Times: user=34.77 sys=0.04, real=4.11 secs] 
6518.290: [CMS-concurrent-preclean-start]
6518.358: [CMS-concurrent-preclean: 0.067/0.069 secs] [Times: user=0.07 sys=0.00, real=0.07 secs] 
6518.359: [CMS-concurrent-abortable-preclean-start]
6519.491: [GC 6519.491: [ParNew: 422484K->36647K(440896K), 0.0333160 secs] 6255738K->5872595K(8339648K), 0.0374540 secs] [Times: user=0.46 sys=0.00, real=0.04 secs] 
6520.383: [CMS-concurrent-abortable-preclean: 1.973/2.024 secs] [Times: user=33.84 sys=0.01, real=2.02 secs] 
6520.391: [GC[YG occupancy: 238439 K (440896 K)]6520.391: [Rescan (parallel) , 0.0628200 secs]6520.454: [weak refs processing, 0.0014560 secs]6520.456: [class unloading, 0.0221060 secs]6520.478: [scrub symbol & string tables, 0.0190980 secs] [1 CMS-remark: 5835947K(7898752K)] 6074387K(8339648K), 0.1165470 secs] [Times: user=1.35 sys=0.01, real=0.12 secs] 
6520.508: [CMS-concurrent-sweep-start]
6521.329: [GC 6521.329: [ParNew: 428583K->38623K(440896K), 0.0418870 secs] 6264497K->5879974K(8339648K), 0.0421050 secs] [Times: user=0.69 sys=0.01, real=0.04 secs] 
6525.117: [GC 6525.117: [ParNew: 430559K->37676K(440896K), 0.0394460 secs] 6270942K->5883220K(8339648K), 0.0396760 secs] [Times: user=0.60 sys=0.01, real=0.04 secs] 
6526.818: [GC 6526.818: [ParNew: 429612K->36239K(440896K), 0.0361950 secs] 6275029K->5886530K(8339648K), 0.0364140 secs] [Times: user=0.47 sys=0.01, real=0.03 secs] 
6528.090: [CMS-concurrent-sweep: 7.450/7.582 secs] [Times: user=94.11 sys=0.09, real=7.58 secs] 
6528.090: [CMS-concurrent-reset-start]
6528.129: [CMS-concurrent-reset: 0.039/0.039 secs] [Times: user=0.04 sys=0.00, real=0.04 secs] 
6529.200: [GC 6529.200: [ParNew: 428175K->30595K(440896K), 0.0489450 secs] 6278396K->5890145K(8339648K), 0.0491630 secs] [Times: user=0.67 sys=0.01, real=0.05 secs] 
6529.250: [GC [1 CMS-initial-mark: 5859550K(7898752K)] 5890753K(8339648K), 0.0371770 secs] [Times: user=0.04 sys=0.00, real=0.03 secs] 
6529.287: [CMS-concurrent-mark-start]
6533.933: [CMS-concurrent-mark: 4.645/4.645 secs] [Times: user=55.31 sys=0.05, real=4.64 secs] 
6533.933: [CMS-concurrent-preclean-start]
6534.016: [GC 6534.016: [ParNew: 422531K->28144K(440896K), 0.0336140 secs] 6282081K->5891795K(8339648K), 0.0338470 secs] [Times: user=0.69 sys=0.00, real=0.04 secs] 
6534.051: [CMS-concurrent-preclean: 0.080/0.118 secs] [Times: user=2.06 sys=0.00, real=0.12 secs] 
6534.052: [GC[YG occupancy: 29986 K (440896 K)]6534.052: [Rescan (parallel) , 0.0147560 secs]6534.067: [weak refs processing, 0.0013710 secs]6534.068: [class unloading, 0.0219750 secs]6534.090: [scrub symbol & string tables, 0.0188090 secs] [1 CMS-remark: 5863650K(7898752K)] 5893637K(8339648K), 0.0679300 secs] [Times: user=0.29 sys=0.00, real=0.07 secs] 
6534.120: [CMS-concurrent-sweep-start]
6535.980: [GC 6535.980: [ParNew: 420080K->30703K(440896K), 0.0364750 secs] 6283268K->5899501K(8339648K), 0.0366980 secs] [Times: user=0.47 sys=0.01, real=0.03 secs] 
6539.214: [GC 6539.214: [ParNew: 422639K->32579K(440896K), 0.0409700 secs] 6290499K->5902933K(8339648K), 0.0411920 secs] [Times: user=0.72 sys=0.01, real=0.04 secs] 
6540.868: [GC 6540.868: [ParNew: 424515K->30894K(440896K), 0.0320540 secs] 6294795K->5906443K(8339648K), 0.0322740 secs] [Times: user=0.48 sys=0.00, real=0.03 secs] 
6541.889: [CMS-concurrent-sweep: 7.646/7.769 secs] [Times: user=106.62 sys=0.08, real=7.77 secs] 
6541.889: [CMS-concurrent-reset-start]
6541.929: [CMS-concurrent-reset: 0.039/0.039 secs] [Times: user=0.04 sys=0.00, real=0.04 secs] 
6543.933: [GC [1 CMS-initial-mark: 5875496K(7898752K)] 6213284K(8339648K), 0.8633210 secs] [Times: user=0.86 sys=0.00, real=0.86 secs] 
6544.796: [CMS-concurrent-mark-start]
6545.251: [GC 6545.251: [ParNew: 422830K->33002K(440896K), 0.0448180 secs] 6298326K->5916354K(8339648K), 0.0450480 secs] [Times: user=0.70 sys=0.00, real=0.04 secs] 
6549.155: [GC 6549.156: [ParNew: 424938K->35262K(440896K), 0.0315020 secs] 6308290K->5921305K(8339648K), 0.0317460 secs] [Times: user=0.69 sys=0.00, real=0.04 secs] 
6551.022: [GC 6551.022: [ParNew: 427198K->33913K(440896K), 0.0357280 secs] 6313241K->5927352K(8339648K), 0.0359570 secs] [Times: user=0.44 sys=0.01, real=0.04 secs] 
6551.290: [CMS-concurrent-mark: 6.372/6.493 secs] [Times: user=112.18 sys=0.12, real=6.50 secs] 
6551.290: [CMS-concurrent-preclean-start]
6551.546: [CMS-concurrent-preclean: 0.247/0.256 secs] [Times: user=4.24 sys=0.00, real=0.25 secs] 
6551.546: [CMS-concurrent-abortable-preclean-start]
6553.294: [GC 6553.294: [ParNew: 425849K->29754K(440896K), 0.0450860 secs] 6319288K->5925778K(8339648K), 0.0453850 secs] [Times: user=0.93 sys=0.00, real=0.05 secs] 
6554.398: [CMS-concurrent-abortable-preclean: 2.574/2.852 secs] [Times: user=41.15 sys=0.02, real=2.86 secs] 
6554.401: [GC[YG occupancy: 236136 K (440896 K)]6554.401: [Rescan (parallel) , 0.0612430 secs]6554.462: [weak refs processing, 0.0009960 secs]6554.463: [class unloading, 0.0219170 secs]6554.485: [scrub symbol & string tables, 0.0191750 secs] [1 CMS-remark: 5896024K(7898752K)] 6132161K(8339648K), 0.1143070 secs] [Times: user=1.17 sys=0.00, real=0.11 secs] 
6554.515: [CMS-concurrent-sweep-start]
6555.320: [GC 6555.320: [ParNew: 421690K->28479K(440896K), 0.0414150 secs] 6317451K->5932226K(8339648K), 0.0416560 secs] [Times: user=0.66 sys=0.00, real=0.04 secs] 
6558.617: [GC 6558.617: [ParNew: 420415K->24364K(440896K), 0.0338040 secs] 6323606K->5933104K(8339648K), 0.0340530 secs] [Times: user=0.59 sys=0.01, real=0.03 secs] 
6561.986: [CMS-concurrent-sweep: 7.390/7.471 secs] [Times: user=66.10 sys=0.03, real=7.47 secs] 
6561.986: [CMS-concurrent-reset-start]
6562.025: [CMS-concurrent-reset: 0.039/0.039 secs] [Times: user=0.04 sys=0.00, real=0.04 secs] 
6563.644: [GC 6563.644: [ParNew: 416300K->31666K(440896K), 0.0350980 secs] 6324750K->5943334K(8339648K), 0.0353450 secs] [Times: user=0.70 sys=0.00, real=0.04 secs] 
6563.680: [GC [1 CMS-initial-mark: 5911668K(7898752K)] 5943815K(8339648K), 0.0466490 secs] [Times: user=0.04 sys=0.00, real=0.04 secs] 
6563.727: [CMS-concurrent-mark-start]
6565.362: [GC 6565.363: [ParNew: 423602K->33110K(440896K), 0.0367650 secs] 6335270K->5949169K(8339648K), 0.0370080 secs] [Times: user=0.70 sys=0.00, real=0.04 secs] 
6568.553: [GC 6568.554: [ParNew: 425046K->37024K(440896K), 0.0311310 secs] 6341105K->5955985K(8339648K), 0.0313800 secs] [Times: user=0.61 sys=0.00, real=0.03 secs] 
6569.386: [CMS-concurrent-mark: 5.585/5.659 secs] [Times: user=100.83 sys=0.04, real=5.65 secs] 
6569.386: [CMS-concurrent-preclean-start]
6569.766: [CMS-concurrent-preclean: 0.363/0.380 secs] [Times: user=6.46 sys=0.00, real=0.38 secs] 
6569.766: [CMS-concurrent-abortable-preclean-start]
6570.255: [GC 6570.255: [ParNew: 428960K->34029K(440896K), 0.0388140 secs] 6347921K->5960658K(8339648K), 0.0390580 secs] [Times: user=0.69 sys=0.00, real=0.04 secs] 
6571.191: [CMS-concurrent-abortable-preclean: 1.366/1.425 secs] [Times: user=23.59 sys=0.02, real=1.43 secs] 
6571.193: [GC[YG occupancy: 231993 K (440896 K)]6571.193: [Rescan (parallel) , 0.0616920 secs]6571.255: [weak refs processing, 0.0012750 secs]6571.256: [class unloading, 0.0219670 secs]6571.278: [scrub symbol & string tables, 0.0191290 secs] [1 CMS-remark: 5926628K(7898752K)] 6158622K(8339648K), 0.1153800 secs] [Times: user=1.42 sys=0.00, real=0.12 secs] 
6571.309: [CMS-concurrent-sweep-start]
6573.770: [GC 6573.770: [ParNew: 425965K->28072K(440896K), 0.0412260 secs] 6351862K->5961501K(8339648K), 0.0414810 secs] [Times: user=0.60 sys=0.03, real=0.04 secs] 
6578.937: [CMS-concurrent-sweep: 7.583/7.628 secs] [Times: user=47.48 sys=0.07, real=7.62 secs] 
6578.937: [CMS-concurrent-reset-start]
6578.988: [CMS-concurrent-reset: 0.051/0.051 secs] [Times: user=0.91 sys=0.00, real=0.05 secs] 
6579.246: [GC 6579.247: [ParNew: 420008K->34634K(440896K), 0.0355560 secs] 6352446K->5970121K(8339648K), 0.0709740 secs] [Times: user=0.69 sys=0.00, real=0.07 secs] 
6579.321: [GC [1 CMS-initial-mark: 5935486K(7898752K)] 5971676K(8339648K), 0.0513320 secs] [Times: user=0.05 sys=0.00, real=0.05 secs] 
6579.373: [CMS-concurrent-mark-start]
6581.129: [GC 6581.129: [ParNew: 426570K->34873K(440896K), 0.0338990 secs] 6362057K->5975542K(8339648K), 0.0341140 secs] [Times: user=0.44 sys=0.01, real=0.03 secs] 
6583.079: [GC 6583.079: [ParNew: 426809K->34539K(440896K), 0.0379620 secs] 6367478K->5978135K(8339648K), 0.0381720 secs] [Times: user=0.69 sys=0.00, real=0.03 secs] 
6584.779: [GC 6584.779: [ParNew: 426475K->32646K(440896K), 0.0430580 secs] 6370071K->5984185K(8339648K), 0.0432700 secs] [Times: user=0.62 sys=0.00, real=0.04 secs] 
6585.851: [CMS-concurrent-mark: 6.350/6.478 secs] [Times: user=136.59 sys=0.14, real=6.48 secs] 
6585.851: [CMS-concurrent-preclean-start]
6586.075: [CMS-concurrent-preclean: 0.217/0.224 secs] [Times: user=0.98 sys=0.00, real=0.22 secs] 
6586.075: [CMS-concurrent-abortable-preclean-start]
6588.576: [GC 6588.576: [ParNew: 424582K->25675K(440896K), 0.0421640 secs] 6376121K->5984771K(8339648K), 0.0423960 secs] [Times: user=0.58 sys=0.04, real=0.05 secs] 
6589.517: [CMS-concurrent-abortable-preclean: 2.583/3.442 secs] [Times: user=29.50 sys=0.07, real=3.45 secs] 
6589.520: [GC[YG occupancy: 226328 K (440896 K)]6589.520: [Rescan (parallel) , 0.0615650 secs]6589.582: [weak refs processing, 0.0015520 secs]6589.584: [class unloading, 0.0218790 secs]6589.605: [scrub symbol & string tables, 0.0187520 secs] [1 CMS-remark: 5959095K(7898752K)] 6185424K(8339648K), 0.1144650 secs] [Times: user=1.38 sys=0.00, real=0.11 secs] 
6589.635: [CMS-concurrent-sweep-start]
6593.255: [GC 6593.256: [ParNew: 417611K->37705K(440896K), 0.0482500 secs] 6376017K->5998763K(8339648K), 0.0485210 secs] [Times: user=0.93 sys=0.01, real=0.05 secs] 
6595.076: [GC 6595.076: [ParNew: 429641K->38361K(440896K), 0.0410980 secs] 6390343K->6003967K(8339648K), 0.0413220 secs] [Times: user=0.68 sys=0.01, real=0.04 secs] 
6597.242: [CMS-concurrent-sweep: 7.482/7.607 secs] [Times: user=69.28 sys=0.26, real=7.61 secs] 
6597.242: [CMS-concurrent-reset-start]
6597.288: [CMS-concurrent-reset: 0.046/0.046 secs] [Times: user=0.16 sys=0.00, real=0.05 secs] 
6597.605: [GC 6597.605: [ParNew: 430297K->44288K(440896K), 0.0517480 secs] 6395781K->6012681K(8339648K), 0.0520200 secs] [Times: user=0.96 sys=0.00, real=0.05 secs] 
6597.658: [GC [1 CMS-initial-mark: 5968393K(7898752K)] 6012961K(8339648K), 0.1311510 secs] [Times: user=0.13 sys=0.00, real=0.13 secs] 
6597.790: [CMS-concurrent-mark-start]
6599.689: [GC 6599.689: [ParNew: 436224K->43323K(440896K), 0.0429450 secs] 6404617K->6019327K(8339648K), 0.0431870 secs] [Times: user=0.66 sys=0.03, real=0.04 secs] 
6601.413: [GC 6601.413: [ParNew: 435259K->38520K(440896K), 0.0468050 secs] 6411263K->6024833K(8339648K), 0.0470410 secs] [Times: user=0.71 sys=0.00, real=0.05 secs] 
6603.621: [GC 6603.622: [ParNew: 430456K->46520K(440896K), 0.0353770 secs] 6416769K->6036097K(8339648K), 0.0356280 secs] [Times: user=0.59 sys=0.00, real=0.03 secs] 
6605.302: [GC 6605.302: [ParNew: 438456K->38611K(440896K), 0.0427970 secs] 6428033K->6037227K(8339648K), 0.0430380 secs] [Times: user=0.70 sys=0.00, real=0.04 secs] 
6605.684: [CMS-concurrent-mark: 7.654/7.894 secs] [Times: user=158.02 sys=1.20, real=7.89 secs] 
6605.684: [CMS-concurrent-preclean-start]
6606.278: [CMS-concurrent-preclean: 0.579/0.594 secs] [Times: user=8.80 sys=0.05, real=0.60 secs] 
6606.278: [CMS-concurrent-abortable-preclean-start]
6608.134: [GC 6608.134: [ParNew: 430547K->46074K(440896K), 0.0463320 secs] 6429163K->6050857K(8339648K), 0.0466120 secs] [Times: user=0.71 sys=0.01, real=0.05 secs] 
6609.119: [CMS-concurrent-abortable-preclean: 2.627/2.841 secs] [Times: user=25.22 sys=0.57, real=2.84 secs] 
6609.121: [GC[YG occupancy: 262009 K (440896 K)]6609.121: [Rescan (parallel) , 0.0986650 secs]6609.220: [weak refs processing, 0.0014590 secs]6609.221: [class unloading, 0.0273980 secs]6609.249: [scrub symbol & string tables, 0.0226750 secs] [1 CMS-remark: 6004782K(7898752K)] 6266791K(8339648K), 0.1649460 secs] [Times: user=2.09 sys=0.02, real=0.16 secs] 
6609.286: [CMS-concurrent-sweep-start]
6610.165: [GC 6610.165: [ParNew: 438010K->38903K(440896K), 0.0523570 secs] 6423610K->6037134K(8339648K), 0.0525870 secs] [Times: user=0.71 sys=0.01, real=0.06 secs] 
6613.184: [GC 6613.185: [ParNew: 430839K->38161K(440896K), 0.0375530 secs] 6177109K->5784431K(8339648K), 0.0378160 secs] [Times: user=0.73 sys=0.00, real=0.04 secs] 
6614.746: [GC 6614.746: [ParNew: 430097K->31177K(440896K), 0.0495940 secs] 6159278K->5773701K(8339648K), 0.0498320 secs] [Times: user=0.70 sys=0.00, real=0.05 secs] 
6617.108: [GC 6617.121: [ParNew: 423113K->33720K(440896K), 0.0396270 secs] 6153282K->5763889K(8339648K), 0.0399000 secs] [Times: user=0.69 sys=0.00, real=0.05 secs] 
6618.699: [CMS-concurrent-sweep: 9.170/9.413 secs] [Times: user=114.12 sys=1.55, real=9.42 secs] 
6618.699: [CMS-concurrent-reset-start]
6618.754: [CMS-concurrent-reset: 0.051/0.054 secs] [Times: user=0.94 sys=0.01, real=0.05 secs] 
6618.755: [GC [1 CMS-initial-mark: 5728932K(7898752K)] 6040155K(8339648K), 0.8621760 secs] [Times: user=0.86 sys=0.00, real=0.86 secs] 
6619.617: [CMS-concurrent-mark-start]
6620.142: [GC 6620.142: [ParNew: 425656K->42384K(440896K), 0.0421590 secs] 6154589K->5775562K(8339648K), 0.0424240 secs] [Times: user=0.70 sys=0.00, real=0.04 secs] 
6621.803: [GC 6621.803: [ParNew: 434320K->43269K(440896K), 0.0444200 secs] 6167498K->5785325K(8339648K), 0.0446700 secs] [Times: user=0.67 sys=0.01, real=0.05 secs] 
6623.523: [GC 6623.523: [ParNew: 435205K->41347K(440896K), 0.0455710 secs] 6177261K->5788188K(8339648K), 0.0458240 secs] [Times: user=0.71 sys=0.00, real=0.05 secs] 
6626.084: [GC 6626.084: [ParNew: 433283K->42645K(440896K), 0.0460520 secs] 6180124K->5794625K(8339648K), 0.0463070 secs] [Times: user=0.70 sys=0.00, real=0.05 secs] 
6626.361: [CMS-concurrent-mark: 6.483/6.743 secs] [Times: user=126.57 sys=1.47, real=6.74 secs] 
6626.361: [CMS-concurrent-preclean-start]
6626.799: [CMS-concurrent-preclean: 0.417/0.438 secs] [Times: user=0.78 sys=0.05, real=0.44 secs] 
6626.799: [CMS-concurrent-abortable-preclean-start]
6628.055: [CMS-concurrent-abortable-preclean: 1.247/1.256 secs] [Times: user=8.53 sys=0.23, real=1.25 secs] 
6628.058: [GC[YG occupancy: 242427 K (440896 K)]6628.058: [Rescan (parallel) , 0.1014780 secs]6628.160: [weak refs processing, 0.0014570 secs]6628.161: [class unloading, 0.0215690 secs]6628.183: [scrub symbol & string tables, 0.0190760 secs] [1 CMS-remark: 5751979K(7898752K)] 5994407K(8339648K), 0.1546590 secs] [Times: user=2.15 sys=0.04, real=0.15 secs] 
6628.213: [CMS-concurrent-sweep-start]
6628.920: [GC 6628.920: [ParNew: 434581K->46052K(440896K), 0.0656960 secs] 6184193K->5803639K(8339648K), 0.0659870 secs] [Times: user=0.72 sys=0.01, real=0.06 secs] 
6630.547: [GC 6630.547: [ParNew: 437988K->43437K(440896K), 0.0491680 secs] 6191134K->5802766K(8339648K), 0.0494290 secs] [Times: user=0.62 sys=0.00, real=0.05 secs] 
6632.883: [GC 6632.883: [ParNew: 435373K->41151K(440896K), 0.0545810 secs] 6190770K->5801763K(8339648K), 0.0548870 secs] [Times: user=0.70 sys=0.00, real=0.06 secs] 
6634.413: [GC 6634.413: [ParNew: 433087K->40513K(440896K), 0.0607990 secs] 6192334K->5807597K(8339648K), 0.0610930 secs] [Times: user=0.80 sys=0.00, real=0.06 secs] 
6635.993: [GC 6635.994: [ParNew: 432449K->38444K(440896K), 0.0472800 secs] 6199421K->5812561K(8339648K), 0.0475390 secs] [Times: user=0.66 sys=0.00, real=0.05 secs] 
6636.479: [CMS-concurrent-sweep: 7.925/8.266 secs] [Times: user=126.62 sys=1.65, real=8.27 secs] 
6636.480: [CMS-concurrent-reset-start]
6636.525: [CMS-concurrent-reset: 0.045/0.045 secs] [Times: user=0.04 sys=0.00, real=0.04 secs] 
6637.523: [GC [1 CMS-initial-mark: 5774092K(7898752K)] 5944053K(8339648K), 0.5279790 secs] [Times: user=0.53 sys=0.00, real=0.53 secs] 
6638.051: [CMS-concurrent-mark-start]
6639.135: [GC 6639.135: [ParNew: 430380K->38536K(440896K), 0.0437530 secs] 6204473K->5819159K(8339648K), 0.0440090 secs] [Times: user=0.70 sys=0.00, real=0.05 secs] 
6640.729: [GC 6640.730: [ParNew: 430472K->37259K(440896K), 0.0425730 secs] 6211095K->5823596K(8339648K), 0.0428360 secs] [Times: user=0.49 sys=0.01, real=0.04 secs] 
6643.820: [GC 6643.820: [ParNew: 429195K->40423K(440896K), 0.0464440 secs] 6215532K->5831328K(8339648K), 0.0467130 secs] [Times: user=0.70 sys=0.00, real=0.05 secs] 
6644.094: [CMS-concurrent-mark: 5.833/6.042 secs] [Times: user=102.89 sys=1.65, real=6.04 secs] 
6644.094: [CMS-concurrent-preclean-start]
6644.522: [CMS-concurrent-preclean: 0.407/0.428 secs] [Times: user=7.54 sys=0.04, real=0.43 secs] 
6644.522: [CMS-concurrent-abortable-preclean-start]
6645.405: [GC 6645.405: [ParNew: 432359K->37487K(440896K), 0.0499480 secs] 6223264K->5841334K(8339648K), 0.0502140 secs] [Times: user=0.52 sys=0.00, real=0.05 secs] 
6646.248: [CMS-concurrent-abortable-preclean: 1.659/1.726 secs] [Times: user=30.52 sys=0.40, real=1.73 secs] 
6646.251: [GC[YG occupancy: 250124 K (440896 K)]6646.251: [Rescan (parallel) , 0.0552650 secs]6646.306: [weak refs processing, 0.0012090 secs]6646.307: [class unloading, 0.0208900 secs]6646.328: [scrub symbol & string tables, 0.0176500 secs] [1 CMS-remark: 5803846K(7898752K)] 6053970K(8339648K), 0.1057720 secs] [Times: user=1.18 sys=0.01, real=0.10 secs] 
6646.357: [CMS-concurrent-sweep-start]
6648.339: [GC 6648.339: [ParNew: 429423K->38629K(440896K), 0.0330960 secs] 6222936K->5832142K(8339648K), 0.0333560 secs] [Times: user=0.46 sys=0.00, real=0.03 secs] 
6649.855: [GC 6649.855: [ParNew: 430565K->36413K(440896K), 0.0644850 secs] 6221946K->5841701K(8339648K), 0.0647510 secs] [Times: user=0.70 sys=0.00, real=0.07 secs] 
6651.415: [GC 6651.415: [ParNew: 428349K->31418K(440896K), 0.0234560 secs] 6230427K->5833496K(8339648K), 0.0237120 secs] [Times: user=0.45 sys=0.00, real=0.03 secs] 
6653.788: [CMS-concurrent-sweep: 7.251/7.431 secs] [Times: user=79.34 sys=1.52, real=7.44 secs] 
6653.789: [CMS-concurrent-reset-start]
6653.839: [CMS-concurrent-reset: 0.050/0.050 secs] [Times: user=0.97 sys=0.02, real=0.05 secs] 
6653.882: [GC [1 CMS-initial-mark: 5801201K(7898752K)] 6135819K(8339648K), 0.8977160 secs] [Times: user=0.90 sys=0.00, real=0.90 secs] 
6654.780: [CMS-concurrent-mark-start]
6655.060: [GC 6655.060: [ParNew: 423354K->44776K(440896K), 0.0548190 secs] 6224555K->5850487K(8339648K), 0.0551490 secs] [Times: user=0.70 sys=0.00, real=0.05 secs] 
6658.058: [GC 6658.058: [ParNew: 436712K->44002K(440896K), 0.0501170 secs] 6242423K->5858157K(8339648K), 0.0503920 secs] [Times: user=0.55 sys=0.00, real=0.05 secs] 
6659.516: [GC 6659.516: [ParNew: 435938K->43283K(440896K), 0.0490810 secs] 6250093K->5866544K(8339648K), 0.0493480 secs] [Times: user=0.68 sys=0.01, real=0.05 secs] 
6660.797: [CMS-concurrent-mark: 5.803/6.016 secs] [Times: user=108.71 sys=1.59, real=6.01 secs] 
6660.797: [CMS-concurrent-preclean-start]
6660.948: [GC 6660.948: [ParNew: 435219K->35695K(440896K), 0.0434250 secs] 6258480K->5870919K(8339648K), 0.0436970 secs] [Times: user=0.48 sys=0.00, real=0.04 secs] 
6661.427: [CMS-concurrent-preclean: 0.561/0.630 secs] [Times: user=10.78 sys=0.13, real=0.64 secs] 
6661.427: [CMS-concurrent-abortable-preclean-start]
6663.006: [CMS-concurrent-abortable-preclean: 1.376/1.579 secs] [Times: user=5.73 sys=0.01, real=1.57 secs] 
6663.009: [GC[YG occupancy: 236465 K (440896 K)]6663.009: [Rescan (parallel) , 0.0761150 secs]6663.116: [weak refs processing, 0.0013650 secs]6663.118: [class unloading, 0.0284750 secs]6663.146: [scrub symbol & string tables, 0.0224310 secs] [1 CMS-remark: 5835224K(7898752K)] 6071690K(8339648K), 0.1753180 secs] [Times: user=1.68 sys=0.00, real=0.17 secs] 
6663.185: [CMS-concurrent-sweep-start]
6664.027: [GC 6664.027: [ParNew: 427631K->34728K(440896K), 0.0486860 secs] 6262100K->5869197K(8339648K), 0.0490130 secs] [Times: user=1.08 sys=0.00, real=0.05 secs] 
6668.327: [GC 6668.340: [ParNew: 426664K->46205K(440896K), 0.0604570 secs] 6249928K->5877289K(8339648K), 0.0607520 secs] [Times: user=0.94 sys=0.00, real=0.07 secs] 
6669.880: [GC 6669.880: [ParNew: 438141K->41300K(440896K), 0.0517290 secs] 6268975K->5881252K(8339648K), 0.0520070 secs] [Times: user=0.62 sys=0.00, real=0.05 secs] 
6671.025: [CMS-concurrent-sweep: 7.590/7.840 secs] [Times: user=86.15 sys=1.72, real=7.84 secs] 
6671.025: [CMS-concurrent-reset-start]
6671.071: [CMS-concurrent-reset: 0.046/0.046 secs] [Times: user=0.86 sys=0.00, real=0.05 secs] 
6671.315: [GC 6671.315: [ParNew: 433236K->42167K(440896K), 0.0415390 secs] 6273086K->5890398K(8339648K), 0.0418160 secs] [Times: user=0.65 sys=0.00, real=0.04 secs] 
6671.358: [GC [1 CMS-initial-mark: 5848230K(7898752K)] 5890742K(8339648K), 0.0522770 secs] [Times: user=0.05 sys=0.01, real=0.05 secs] 
6671.411: [CMS-concurrent-mark-start]
6672.786: [GC 6672.787: [ParNew: 434103K->24883K(440896K), 0.0451660 secs] 6282334K->5885797K(8339648K), 0.0454460 secs] [Times: user=0.68 sys=0.00, real=0.05 secs] 
6674.131: [GC 6674.131: [ParNew: 416819K->31083K(440896K), 0.0296110 secs] 6277733K->5891997K(8339648K), 0.0298940 secs] [Times: user=0.54 sys=0.01, real=0.03 secs] 
6675.415: [GC 6675.415: [ParNew: 423019K->30748K(440896K), 0.0394960 secs] 6283933K->5897209K(8339648K), 0.0397760 secs] [Times: user=0.57 sys=0.00, real=0.04 secs] 
6676.706: [CMS-concurrent-mark: 5.131/5.296 secs] [Times: user=105.00 sys=0.89, real=5.29 secs] 
6676.706: [CMS-concurrent-preclean-start]
6676.933: [CMS-concurrent-preclean: 0.219/0.227 secs] [Times: user=0.29 sys=0.02, real=0.23 secs] 
6676.933: [CMS-concurrent-abortable-preclean-start]
6678.620: [GC 6678.620: [ParNew: 422684K->36106K(440896K), 0.0374400 secs] 6289145K->5907054K(8339648K), 0.0377330 secs] [Times: user=0.50 sys=0.00, real=0.04 secs] 
6679.335: [CMS-concurrent-abortable-preclean: 2.229/2.401 secs] [Times: user=27.18 sys=0.34, real=2.40 secs] 
6679.337: [GC[YG occupancy: 249032 K (440896 K)]6679.337: [Rescan (parallel) , 0.0728900 secs]6679.410: [weak refs processing, 0.0013810 secs]6679.411: [class unloading, 0.0215020 secs]6679.433: [scrub symbol & string tables, 0.0176310 secs] [1 CMS-remark: 5870948K(7898752K)] 6119980K(8339648K), 0.1246270 secs] [Times: user=1.60 sys=0.01, real=0.13 secs] 
6679.462: [CMS-concurrent-sweep-start]
6680.135: [GC 6680.135: [ParNew: 428042K->34387K(440896K), 0.0315360 secs] 6297996K->5908431K(8339648K), 0.0318170 secs] [Times: user=0.46 sys=0.00, real=0.03 secs] 
6682.498: [GC 6682.498: [ParNew: 426323K->38059K(440896K), 0.0389620 secs] 6289128K->5905386K(8339648K), 0.0392490 secs] [Times: user=0.53 sys=0.00, real=0.03 secs] 
6684.280: [GC 6684.280: [ParNew: 429980K->38811K(440896K), 0.0392500 secs] 6294516K->5909150K(8339648K), 0.0395370 secs] [Times: user=0.48 sys=0.00, real=0.04 secs] 
6686.882: [CMS-concurrent-sweep: 7.247/7.420 secs] [Times: user=75.91 sys=1.29, real=7.42 secs] 
6686.882: [CMS-concurrent-reset-start]
6686.926: [CMS-concurrent-reset: 0.044/0.044 secs] [Times: user=0.04 sys=0.00, real=0.04 secs] 
6688.085: [GC 6688.085: [ParNew: 430747K->42935K(440896K), 0.0651020 secs] 6300214K->5920762K(8339648K), 0.0654450 secs] [Times: user=0.91 sys=0.00, real=0.07 secs] 
6688.152: [GC [1 CMS-initial-mark: 5877827K(7898752K)] 5921186K(8339648K), 0.0986470 secs] [Times: user=0.10 sys=0.00, real=0.10 secs] 
6688.251: [CMS-concurrent-mark-start]
6689.908: [GC 6689.908: [ParNew: 434871K->38026K(440896K), 0.0482880 secs] 6312698K->5926208K(8339648K), 0.0485790 secs] [Times: user=0.52 sys=0.00, real=0.04 secs] 
6691.296: [GC 6691.297: [ParNew: 429962K->39849K(440896K), 0.0255730 secs] 6318144K->5928030K(8339648K), 0.0258640 secs] [Times: user=0.42 sys=0.00, real=0.03 secs] 
6693.554: [GC 6693.554: [ParNew: 431785K->47671K(440896K), 0.0354820 secs] 6319966K->5940831K(8339648K), 0.0357950 secs] [Times: user=0.62 sys=0.00, real=0.04 secs] 
6694.624: [CMS-concurrent-mark: 6.217/6.373 secs] [Times: user=125.70 sys=1.37, real=6.37 secs] 
6694.624: [CMS-concurrent-preclean-start]
6694.821: [GC 6694.821: [ParNew: 439607K->40458K(440896K), 0.0509810 secs] 6332767K->5945554K(8339648K), 0.0512690 secs] [Times: user=0.60 sys=0.01, real=0.05 secs] 
6695.125: [CMS-concurrent-preclean: 0.425/0.501 secs] [Times: user=8.42 sys=0.14, real=0.50 secs] 
6695.125: [CMS-concurrent-abortable-preclean-start]
6695.572: [CMS-concurrent-abortable-preclean: 0.444/0.446 secs] [Times: user=7.97 sys=0.13, real=0.45 secs] 
6695.574: [GC[YG occupancy: 256029 K (440896 K)]6695.574: [Rescan (parallel) , 0.0635300 secs]6695.638: [weak refs processing, 0.0012080 secs]6695.639: [class unloading, 0.0212900 secs]6695.661: [scrub symbol & string tables, 0.0176530 secs] [1 CMS-remark: 5905096K(7898752K)] 6161125K(8339648K), 0.1145960 secs] [Times: user=1.39 sys=0.01, real=0.12 secs] 
6695.689: [CMS-concurrent-sweep-start]
6697.880: [GC 6697.881: [ParNew: 432394K->32518K(440896K), 0.0400710 secs] 6325764K->5930862K(8339648K), 0.0403770 secs] [Times: user=0.70 sys=0.00, real=0.04 secs] 
6699.447: [GC 6699.466: [ParNew: 424454K->34803K(440896K), 0.0355670 secs] 6321921K->5937243K(8339648K), 0.0358760 secs] [Times: user=0.68 sys=0.00, real=0.06 secs] 
6702.898: [CMS-concurrent-sweep: 7.104/7.208 secs] [Times: user=56.17 sys=0.92, real=7.21 secs] 
6702.898: [CMS-concurrent-reset-start]
6702.949: [CMS-concurrent-reset: 0.051/0.051 secs] [Times: user=1.01 sys=0.00, real=0.05 secs] 
6703.011: [GC 6703.011: [ParNew: 426739K->40968K(440896K), 0.0518040 secs] 6327678K->5950096K(8339648K), 0.0521000 secs] [Times: user=0.70 sys=0.00, real=0.05 secs] 
6703.064: [GC [1 CMS-initial-mark: 5909127K(7898752K)] 5950108K(8339648K), 0.0600910 secs] [Times: user=0.06 sys=0.00, real=0.06 secs] 
6703.124: [CMS-concurrent-mark-start]
6704.801: [GC 6704.801: [ParNew: 432904K->35930K(440896K), 0.0578400 secs] 6342032K->5956595K(8339648K), 0.0730720 secs] [Times: user=0.87 sys=0.00, real=0.07 secs] 
6707.908: [GC 6707.908: [ParNew: 427866K->40060K(440896K), 0.0389740 secs] 6348531K->5960725K(8339648K), 0.0393170 secs] [Times: user=0.71 sys=0.01, real=0.04 secs] 
6708.981: [CMS-concurrent-mark: 5.735/5.857 secs] [Times: user=104.18 sys=0.57, real=5.86 secs] 
6708.981: [CMS-concurrent-preclean-start]
6709.360: [CMS-concurrent-preclean: 0.372/0.379 secs] [Times: user=6.46 sys=0.02, real=0.38 secs] 
6709.360: [CMS-concurrent-abortable-preclean-start]
6709.624: [GC 6709.624: [ParNew: 431996K->38757K(440896K), 0.0443460 secs] 6352661K->5964649K(8339648K), 0.0446380 secs] [Times: user=0.70 sys=0.00, real=0.05 secs] 
6713.782: [CMS-concurrent-abortable-preclean: 3.360/4.422 secs] [Times: user=23.99 sys=0.02, real=4.42 secs] 
6713.785: [GC[YG occupancy: 242879 K (440896 K)]6713.785: [Rescan (parallel) , 0.0763710 secs]6713.861: [weak refs processing, 0.0015040 secs]6713.863: [class unloading, 0.0219520 secs]6713.885: [scrub symbol & string tables, 0.0176470 secs] [1 CMS-remark: 5925891K(7898752K)] 6168770K(8339648K), 0.1285070 secs] [Times: user=1.65 sys=0.02, real=0.13 secs] 
6713.914: [CMS-concurrent-sweep-start]
6714.718: [GC 6714.718: [ParNew: 430693K->37620K(440896K), 0.0674850 secs] 6343705K->5960424K(8339648K), 0.0677810 secs] [Times: user=1.00 sys=0.00, real=0.06 secs] 
6716.305: [GC 6716.305: [ParNew: 429556K->40949K(440896K), 0.0423540 secs] 6132964K->5750413K(8339648K), 0.0426480 secs] [Times: user=0.69 sys=0.00, real=0.05 secs] 
6719.277: [GC 6719.278: [ParNew: 432885K->39310K(440896K), 0.0392480 secs] 6132059K->5744776K(8339648K), 0.0395450 secs] [Times: user=0.55 sys=0.00, real=0.03 secs] 
6720.993: [GC 6720.993: [ParNew: 431246K->34526K(440896K), 0.0314980 secs] 6113086K->5719566K(8339648K), 0.0317880 secs] [Times: user=0.47 sys=0.00, real=0.03 secs] 
6722.366: [CMS-concurrent-sweep: 8.239/8.452 secs] [Times: user=106.13 sys=0.29, real=8.45 secs] 
6722.366: [CMS-concurrent-reset-start]
6722.410: [CMS-concurrent-reset: 0.043/0.043 secs] [Times: user=0.05 sys=0.00, real=0.05 secs] 
6724.411: [GC [1 CMS-initial-mark: 5684021K(7898752K)] 6067074K(8339648K), 1.1230700 secs] [Times: user=1.12 sys=0.00, real=1.12 secs] 
6725.535: [CMS-concurrent-mark-start]
6727.647: [GC 6727.647: [ParNew: 426462K->37870K(440896K), 0.0484330 secs] 6110483K->5731635K(8339648K), 0.0487410 secs] [Times: user=0.70 sys=0.03, real=0.05 secs] 
6729.485: [GC 6729.486: [ParNew: 429806K->39741K(440896K), 0.0330770 secs] 6123571K->5736587K(8339648K), 0.0333660 secs] [Times: user=0.69 sys=0.00, real=0.04 secs] 
6731.310: [GC 6731.310: [ParNew: 431677K->38263K(440896K), 0.0386630 secs] 6128523K->5741652K(8339648K), 0.0389550 secs] [Times: user=0.48 sys=0.00, real=0.04 secs] 
6731.475: [CMS-concurrent-mark: 5.808/5.940 secs] [Times: user=97.89 sys=0.17, real=5.94 secs] 
6731.475: [CMS-concurrent-preclean-start]
6731.805: [CMS-concurrent-preclean: 0.317/0.330 secs] [Times: user=5.63 sys=0.00, real=0.33 secs] 
6731.805: [CMS-concurrent-abortable-preclean-start]
6732.210: [CMS-concurrent-abortable-preclean: 0.404/0.405 secs] [Times: user=6.97 sys=0.00, real=0.41 secs] 
6732.213: [GC[YG occupancy: 236352 K (440896 K)]6732.213: [Rescan (parallel) , 0.0736130 secs]6732.287: [weak refs processing, 0.0015130 secs]6732.288: [class unloading, 0.0219070 secs]6732.310: [scrub symbol & string tables, 0.0176420 secs] [1 CMS-remark: 5703388K(7898752K)] 5939741K(8339648K), 0.1259010 secs] [Times: user=1.54 sys=0.01, real=0.13 secs] 
6732.339: [CMS-concurrent-sweep-start]
6733.518: [GC 6733.519: [ParNew: 430199K->29683K(440896K), 0.0357210 secs] 6117625K->5719955K(8339648K), 0.0360140 secs] [Times: user=0.48 sys=0.00, real=0.03 secs] 
6735.221: [GC 6735.221: [ParNew: 421619K->26191K(440896K), 0.0499410 secs] 6096374K->5711316K(8339648K), 0.0502250 secs] [Times: user=0.70 sys=0.00, real=0.05 secs] 
6738.913: [GC 6738.913: [ParNew: 418127K->22579K(440896K), 0.0430320 secs] 6097158K->5707239K(8339648K), 0.0433220 secs] [Times: user=0.69 sys=0.01, real=0.04 secs] 
6739.946: [CMS-concurrent-sweep: 7.466/7.607 secs] [Times: user=88.35 sys=0.26, real=7.60 secs] 
6739.946: [CMS-concurrent-reset-start]
6739.990: [CMS-concurrent-reset: 0.043/0.044 secs] [Times: user=0.05 sys=0.00, real=0.05 secs] 
6741.991: [GC [1 CMS-initial-mark: 5684609K(7898752K)] 5834341K(8339648K), 0.5622990 secs] [Times: user=0.56 sys=0.00, real=0.56 secs] 
6742.554: [CMS-concurrent-mark-start]
6743.834: [GC 6743.834: [ParNew: 414515K->32162K(440896K), 0.0334750 secs] 6099125K->5719733K(8339648K), 0.0337790 secs] [Times: user=0.57 sys=0.01, real=0.04 secs] 
6745.568: [GC 6745.568: [ParNew: 424098K->34456K(440896K), 0.0321040 secs] 6111669K->5724664K(8339648K), 0.0323910 secs] [Times: user=0.48 sys=0.01, real=0.03 secs] 
6748.194: [CMS-concurrent-mark: 5.568/5.640 secs] [Times: user=98.53 sys=0.30, real=5.64 secs] 
6748.194: [CMS-concurrent-preclean-start]
6748.519: [CMS-concurrent-preclean: 0.312/0.325 secs] [Times: user=5.56 sys=0.00, real=0.32 secs] 
6748.519: [CMS-concurrent-abortable-preclean-start]
6748.827: [GC 6748.827: [ParNew: 426392K->35259K(440896K), 0.0414470 secs] 6116600K->5728374K(8339648K), 0.0417350 secs] [Times: user=0.78 sys=0.01, real=0.04 secs] 
6749.698: [CMS-concurrent-abortable-preclean: 1.123/1.179 secs] [Times: user=20.04 sys=0.03, real=1.19 secs] 
6749.701: [GC[YG occupancy: 235350 K (440896 K)]6749.701: [Rescan (parallel) , 0.0566050 secs]6749.758: [weak refs processing, 0.0012620 secs]6749.759: [class unloading, 0.0212140 secs]6749.780: [scrub symbol & string tables, 0.0176310 secs] [1 CMS-remark: 5693114K(7898752K)] 5928465K(8339648K), 0.1075250 secs] [Times: user=1.17 sys=0.00, real=0.11 secs] 
6749.809: [CMS-concurrent-sweep-start]
6750.626: [GC 6750.626: [ParNew: 427195K->35825K(440896K), 0.0496670 secs] 6120092K->5736822K(8339648K), 0.0499630 secs] [Times: user=0.64 sys=0.02, real=0.05 secs] 
6754.945: [GC 6754.946: [ParNew: 427761K->34237K(440896K), 0.0561260 secs] 6127031K->5741333K(8339648K), 0.0802050 secs] [Times: user=0.70 sys=0.01, real=0.08 secs] 
6757.160: [CMS-concurrent-sweep: 7.216/7.351 secs] [Times: user=50.35 sys=0.13, real=7.35 secs] 
6757.160: [CMS-concurrent-reset-start]
6757.203: [CMS-concurrent-reset: 0.044/0.044 secs] [Times: user=0.04 sys=0.01, real=0.04 secs] 
6759.206: [GC [1 CMS-initial-mark: 5707060K(7898752K)] 6087694K(8339648K), 1.1124200 secs] [Times: user=1.12 sys=0.01, real=1.12 secs] 
6760.319: [CMS-concurrent-mark-start]
6760.543: [GC 6760.543: [ParNew: 426173K->37042K(440896K), 0.0463050 secs] 6133233K->5746647K(8339648K), 0.0466590 secs] [Times: user=0.93 sys=0.00, real=0.05 secs] 
6762.462: [GC 6762.462: [ParNew: 428978K->40477K(440896K), 0.0402530 secs] 6138583K->5755501K(8339648K), 0.0405410 secs] [Times: user=0.68 sys=0.00, real=0.04 secs] 
6764.188: [GC 6764.188: [ParNew: 432413K->40125K(440896K), 0.0518940 secs] 6147437K->5760497K(8339648K), 0.0521900 secs] [Times: user=0.64 sys=0.01, real=0.05 secs] 
6765.954: [GC 6765.954: [ParNew: 432061K->34754K(440896K), 0.0398390 secs] 6152433K->5762131K(8339648K), 0.0401320 secs] [Times: user=0.60 sys=0.00, real=0.04 secs] 
6767.089: [CMS-concurrent-mark: 6.579/6.770 secs] [Times: user=141.67 sys=0.15, real=6.77 secs] 
6767.089: [CMS-concurrent-preclean-start]
6767.577: [CMS-concurrent-preclean: 0.466/0.488 secs] [Times: user=0.50 sys=0.00, real=0.48 secs] 
6767.577: [CMS-concurrent-abortable-preclean-start]
6769.347: [GC 6769.347: [ParNew: 426690K->26079K(440896K), 0.0457730 secs] 6154067K->5762227K(8339648K), 0.0460660 secs] [Times: user=0.48 sys=0.00, real=0.05 secs] 
6770.194: [CMS-concurrent-abortable-preclean: 2.150/2.616 secs] [Times: user=31.77 sys=0.05, real=2.62 secs] 
6770.195: [GC[YG occupancy: 228619 K (440896 K)]6770.195: [Rescan (parallel) , 0.0541040 secs]6770.249: [weak refs processing, 0.0013980 secs]6770.251: [class unloading, 0.0217030 secs]6770.272: [scrub symbol & string tables, 0.0176450 secs] [1 CMS-remark: 5736148K(7898752K)] 5964768K(8339648K), 0.1055450 secs] [Times: user=1.18 sys=0.00, real=0.11 secs] 
6770.301: [CMS-concurrent-sweep-start]
6774.197: [GC 6774.197: [ParNew: 418015K->29310K(440896K), 0.0373320 secs] 6153028K->5768157K(8339648K), 0.0375990 secs] [Times: user=0.57 sys=0.00, real=0.04 secs] 
6775.895: [GC 6775.895: [ParNew: 421246K->31422K(440896K), 0.0342610 secs] 6159911K->5774440K(8339648K), 0.0345440 secs] [Times: user=0.65 sys=0.00, real=0.04 secs] 
6777.960: [CMS-concurrent-sweep: 7.581/7.659 secs] [Times: user=60.96 sys=0.19, real=7.66 secs] 
6777.960: [CMS-concurrent-reset-start]
6778.004: [CMS-concurrent-reset: 0.044/0.044 secs] [Times: user=0.04 sys=0.00, real=0.04 secs] 
6779.515: [GC 6779.516: [ParNew: 423358K->35817K(440896K), 0.0390200 secs] 6166363K->5781617K(8339648K), 0.0393080 secs] [Times: user=0.67 sys=0.00, real=0.04 secs] 
6779.556: [GC [1 CMS-initial-mark: 5745800K(7898752K)] 5782133K(8339648K), 0.0501260 secs] [Times: user=0.05 sys=0.00, real=0.05 secs] 
6779.606: [CMS-concurrent-mark-start]
6781.564: [GC 6781.564: [ParNew: 427753K->34499K(440896K), 0.0366810 secs] 6173553K->5785780K(8339648K), 0.0369780 secs] [Times: user=0.54 sys=0.00, real=0.04 secs] 
6784.369: [GC 6784.369: [ParNew: 426435K->33972K(440896K), 0.0394660 secs] 6177716K->5792962K(8339648K), 0.0397600 secs] [Times: user=0.45 sys=0.02, real=0.04 secs] 
6785.462: [CMS-concurrent-mark: 5.772/5.855 secs] [Times: user=99.83 sys=0.16, real=5.86 secs] 
6785.462: [CMS-concurrent-preclean-start]
6785.792: [CMS-concurrent-preclean: 0.317/0.330 secs] [Times: user=0.39 sys=0.01, real=0.33 secs] 
6785.792: [CMS-concurrent-abortable-preclean-start]
6789.807: [GC 6789.807: [ParNew: 425908K->33352K(440896K), 0.0389210 secs] 6184898K->5795172K(8339648K), 0.0392240 secs] [Times: user=0.65 sys=0.00, real=0.04 secs] 
6790.709: [CMS-concurrent-abortable-preclean: 3.856/4.917 secs] [Times: user=42.42 sys=0.14, real=4.92 secs] 
6790.712: [GC[YG occupancy: 236682 K (440896 K)]6790.712: [Rescan (parallel) , 0.0605180 secs]6790.772: [weak refs processing, 0.0013450 secs]6790.774: [class unloading, 0.0218890 secs]6790.796: [scrub symbol & string tables, 0.0176460 secs] [1 CMS-remark: 5761820K(7898752K)] 5998502K(8339648K), 0.1125800 secs] [Times: user=1.38 sys=0.00, real=0.11 secs] 
6790.825: [CMS-concurrent-sweep-start]
6791.611: [GC 6791.612: [ParNew: 425288K->34752K(440896K), 0.0430710 secs] 6186788K->5803986K(8339648K), 0.0433540 secs] [Times: user=0.70 sys=0.00, real=0.04 secs] 
6793.868: [GC 6793.868: [ParNew: 426688K->32157K(440896K), 0.0360820 secs] 6195288K->5803846K(8339648K), 0.0363740 secs] [Times: user=0.54 sys=0.00, real=0.03 secs] 
6795.682: [GC 6795.682: [ParNew: 424093K->32702K(440896K), 0.0398730 secs] 6195386K->5808984K(8339648K), 0.0401620 secs] [Times: user=0.70 sys=0.00, real=0.04 secs] 
6798.612: [CMS-concurrent-sweep: 7.660/7.788 secs] [Times: user=98.73 sys=0.19, real=7.79 secs] 
6798.612: [CMS-concurrent-reset-start]
6798.663: [CMS-concurrent-reset: 0.051/0.051 secs] [Times: user=0.86 sys=0.00, real=0.05 secs] 
6799.225: [GC 6799.225: [ParNew: 424638K->30543K(440896K), 0.0483070 secs] 6200647K->5816994K(8339648K), 0.0485860 secs] [Times: user=0.63 sys=0.00, real=0.05 secs] 
6799.275: [GC [1 CMS-initial-mark: 5786451K(7898752K)] 5816996K(8339648K), 0.0366700 secs] [Times: user=0.04 sys=0.00, real=0.04 secs] 
6799.312: [CMS-concurrent-mark-start]
6803.982: [CMS-concurrent-mark: 4.671/4.671 secs] [Times: user=54.40 sys=0.12, real=4.67 secs] 
6803.982: [CMS-concurrent-preclean-start]
6804.016: [GC 6804.016: [ParNew: 422479K->28657K(440896K), 0.0300600 secs] 6208930K->5818021K(8339648K), 0.0303570 secs] [Times: user=0.67 sys=0.01, real=0.03 secs] 
6804.065: [CMS-concurrent-preclean: 0.050/0.083 secs] [Times: user=1.45 sys=0.01, real=0.08 secs] 
6804.065: [CMS-concurrent-abortable-preclean-start]
6804.925: [CMS-concurrent-abortable-preclean: 0.853/0.860 secs] [Times: user=14.74 sys=0.04, real=0.86 secs] 
6804.928: [GC[YG occupancy: 235845 K (440896 K)]6804.928: [Rescan (parallel) , 0.0568040 secs]6804.985: [weak refs processing, 0.0015390 secs]6804.986: [class unloading, 0.0218330 secs]6805.008: [scrub symbol & string tables, 0.0179580 secs] [1 CMS-remark: 5789364K(7898752K)] 6025210K(8339648K), 0.1090990 secs] [Times: user=1.17 sys=0.00, real=0.10 secs] 
6805.037: [CMS-concurrent-sweep-start]
6806.033: [GC 6806.034: [ParNew: 420593K->32983K(440896K), 0.0304540 secs] 6209120K->5824374K(8339648K), 0.0307410 secs] [Times: user=0.46 sys=0.00, real=0.03 secs] 
6809.133: [GC 6809.133: [ParNew: 424919K->35716K(440896K), 0.0363220 secs] 6215536K->5831311K(8339648K), 0.0366130 secs] [Times: user=0.70 sys=0.01, real=0.04 secs] 
6810.847: [GC 6810.848: [ParNew: 427652K->33543K(440896K), 0.0381900 secs] 6223057K->5834131K(8339648K), 0.0384770 secs] [Times: user=0.50 sys=0.00, real=0.04 secs] 
6812.873: [CMS-concurrent-sweep: 7.722/7.836 secs] [Times: user=93.11 sys=0.16, real=7.83 secs] 
6812.873: [CMS-concurrent-reset-start]
6812.917: [CMS-concurrent-reset: 0.044/0.044 secs] [Times: user=0.04 sys=0.01, real=0.04 secs] 
6814.423: [GC 6814.423: [ParNew: 425479K->32281K(440896K), 0.0408710 secs] 6226054K->5840834K(8339648K), 0.0411550 secs] [Times: user=0.64 sys=0.01, real=0.04 secs] 
6814.465: [GC [1 CMS-initial-mark: 5808553K(7898752K)] 5841473K(8339648K), 0.0397670 secs] [Times: user=0.04 sys=0.00, real=0.04 secs] 
6814.505: [CMS-concurrent-mark-start]
6818.672: [CMS-concurrent-mark: 4.167/4.167 secs] [Times: user=36.37 sys=0.09, real=4.17 secs] 
6818.672: [CMS-concurrent-preclean-start]
6818.767: [CMS-concurrent-preclean: 0.093/0.095 secs] [Times: user=1.56 sys=0.00, real=0.10 secs] 
6818.767: [CMS-concurrent-abortable-preclean-start]
6819.553: [GC 6819.553: [ParNew: 424217K->32463K(440896K), 0.0349220 secs] 6232770K->5843833K(8339648K), 0.0717780 secs] [Times: user=0.62 sys=0.01, real=0.07 secs] 
6820.516: [CMS-concurrent-abortable-preclean: 1.664/1.748 secs] [Times: user=29.07 sys=0.01, real=1.74 secs] 
6820.518: [GC[YG occupancy: 238531 K (440896 K)]6820.518: [Rescan (parallel) , 0.0605220 secs]6820.579: [weak refs processing, 0.0014240 secs]6820.580: [class unloading, 0.0217320 secs]6820.602: [scrub symbol & string tables, 0.0176480 secs] [1 CMS-remark: 5811370K(7898752K)] 6049902K(8339648K), 0.1123680 secs] [Times: user=1.19 sys=0.01, real=0.11 secs] 
6820.631: [CMS-concurrent-sweep-start]
6821.401: [GC 6821.401: [ParNew: 424399K->38677K(440896K), 0.0356180 secs] 6235535K->5855343K(8339648K), 0.0358990 secs] [Times: user=0.46 sys=0.00, real=0.04 secs] 
6823.821: [GC 6823.821: [ParNew: 430613K->36923K(440896K), 0.0436810 secs] 6247031K->5858169K(8339648K), 0.0439760 secs] [Times: user=0.68 sys=0.00, real=0.04 secs] 
6825.622: [GC 6825.622: [ParNew: 428859K->31579K(440896K), 0.0386040 secs] 6249747K->5857894K(8339648K), 0.0388900 secs] [Times: user=0.70 sys=0.00, real=0.04 secs] 
6828.861: [CMS-concurrent-sweep: 8.104/8.230 secs] [Times: user=101.95 sys=0.13, real=8.23 secs] 
6828.862: [CMS-concurrent-reset-start]
6828.921: [CMS-concurrent-reset: 0.059/0.059 secs] [Times: user=1.04 sys=0.00, real=0.06 secs] 
6829.292: [GC 6829.292: [ParNew: 423515K->29310K(440896K), 0.0491680 secs] 6249514K->5865717K(8339648K), 0.0494550 secs] [Times: user=0.50 sys=0.02, real=0.05 secs] 
6829.343: [GC [1 CMS-initial-mark: 5836406K(7898752K)] 5866124K(8339648K), 0.0360340 secs] [Times: user=0.04 sys=0.00, real=0.04 secs] 
6829.380: [CMS-concurrent-mark-start]
6834.075: [CMS-concurrent-mark: 4.694/4.695 secs] [Times: user=55.43 sys=0.08, real=4.69 secs] 
6834.075: [CMS-concurrent-preclean-start]
6834.084: [GC 6834.084: [ParNew: 421246K->27986K(440896K), 0.0295220 secs] 6257653K->5867423K(8339648K), 0.0297980 secs] [Times: user=0.47 sys=0.01, real=0.03 secs] 
6834.154: [CMS-concurrent-preclean: 0.046/0.078 secs] [Times: user=1.32 sys=0.01, real=0.08 secs] 
6834.154: [CMS-concurrent-abortable-preclean-start]
6834.964: [CMS-concurrent-abortable-preclean: 0.794/0.810 secs] [Times: user=13.82 sys=0.00, real=0.81 secs] 
6834.967: [GC[YG occupancy: 227433 K (440896 K)]6834.967: [Rescan (parallel) , 0.0685640 secs]6835.035: [weak refs processing, 0.0012200 secs]6835.037: [class unloading, 0.0211870 secs]6835.058: [scrub symbol & string tables, 0.0176550 secs] [1 CMS-remark: 5839436K(7898752K)] 6066870K(8339648K), 0.1194590 secs] [Times: user=1.59 sys=0.00, real=0.12 secs] 
6835.087: [CMS-concurrent-sweep-start]
6835.952: [GC 6835.953: [ParNew: 419922K->32600K(440896K), 0.0364360 secs] 6259293K->5874497K(8339648K), 0.0367140 secs] [Times: user=0.69 sys=0.00, real=0.04 secs] 
6839.273: [GC 6839.273: [ParNew: 424536K->36344K(440896K), 0.0438650 secs] 6265270K->5882021K(8339648K), 0.0441540 secs] [Times: user=0.77 sys=0.00, real=0.04 secs] 
6840.942: [GC 6840.942: [ParNew: 428280K->33009K(440896K), 0.0447570 secs] 6273899K->5884029K(8339648K), 0.0450430 secs] [Times: user=0.80 sys=0.00, real=0.05 secs] 
6843.141: [CMS-concurrent-sweep: 7.920/8.054 secs] [Times: user=89.50 sys=0.09, real=8.06 secs] 
6843.141: [CMS-concurrent-reset-start]
6843.181: [CMS-concurrent-reset: 0.040/0.040 secs] [Times: user=0.04 sys=0.00, real=0.04 secs] 
6844.499: [GC 6844.499: [ParNew: 424945K->29948K(440896K), 0.0389500 secs] 6275962K->5888846K(8339648K), 0.0392410 secs] [Times: user=0.48 sys=0.00, real=0.03 secs] 
6844.539: [GC [1 CMS-initial-mark: 5858897K(7898752K)] 5889304K(8339648K), 0.0400720 secs] [Times: user=0.04 sys=0.00, real=0.04 secs] 
6844.579: [CMS-concurrent-mark-start]
6848.928: [CMS-concurrent-mark: 4.349/4.349 secs] [Times: user=38.55 sys=0.12, real=4.35 secs] 
6848.929: [CMS-concurrent-preclean-start]
6849.064: [CMS-concurrent-preclean: 0.130/0.135 secs] [Times: user=2.27 sys=0.00, real=0.13 secs] 
6849.064: [CMS-concurrent-abortable-preclean-start]
6849.813: [GC 6849.813: [ParNew: 421884K->37219K(440896K), 0.0361990 secs] 6280782K->5898792K(8339648K), 0.0365020 secs] [Times: user=0.70 sys=0.00, real=0.04 secs] 
6850.776: [CMS-concurrent-abortable-preclean: 1.653/1.712 secs] [Times: user=29.24 sys=0.02, real=1.71 secs] 
6850.779: [GC[YG occupancy: 241471 K (440896 K)]6850.779: [Rescan (parallel) , 0.0757300 secs]6850.855: [weak refs processing, 0.0014290 secs]6850.857: [class unloading, 0.0217010 secs]6850.878: [scrub symbol & string tables, 0.0176320 secs] [1 CMS-remark: 5861573K(7898752K)] 6103045K(8339648K), 0.1276240 secs] [Times: user=1.59 sys=0.00, real=0.12 secs] 
6850.907: [CMS-concurrent-sweep-start]
6851.780: [GC 6851.781: [ParNew: 429155K->37131K(440896K), 0.0412900 secs] 6290684K->5906613K(8339648K), 0.0415810 secs] [Times: user=0.67 sys=0.02, real=0.04 secs] 
6853.621: [GC 6853.621: [ParNew: 429067K->29478K(440896K), 0.0302620 secs] 6298267K->5901353K(8339648K), 0.0305420 secs] [Times: user=0.47 sys=0.00, real=0.03 secs] 
6855.422: [GC 6855.422: [ParNew: 421414K->30765K(440896K), 0.0319890 secs] 6293049K->5907749K(8339648K), 0.0322740 secs] [Times: user=0.47 sys=0.00, real=0.03 secs] 
6859.297: [GC 6859.297: [ParNew: 422701K->28571K(440896K), 0.0432720 secs] 6299099K->5914937K(8339648K), 0.0435530 secs] [Times: user=0.60 sys=0.00, real=0.05 secs] 
6860.218: [CMS-concurrent-sweep: 9.150/9.311 secs] [Times: user=125.50 sys=0.22, real=9.31 secs] 
6860.218: [CMS-concurrent-reset-start]
6860.264: [CMS-concurrent-reset: 0.046/0.046 secs] [Times: user=0.76 sys=0.00, real=0.04 secs] 
6862.266: [GC [1 CMS-initial-mark: 5886362K(7898752K)] 6164142K(8339648K), 0.9550910 secs] [Times: user=0.97 sys=0.00, real=0.96 secs] 
6863.221: [CMS-concurrent-mark-start]
6863.998: [GC 6863.998: [ParNew: 420507K->33638K(440896K), 0.0323990 secs] 6306870K->5923001K(8339648K), 0.0327130 secs] [Times: user=0.53 sys=0.00, real=0.03 secs] 
6865.711: [GC 6865.711: [ParNew: 425574K->34121K(440896K), 0.0352330 secs] 6314937K->5926462K(8339648K), 0.0355140 secs] [Times: user=0.59 sys=0.00, real=0.03 secs] 
6868.709: [GC 6868.709: [ParNew: 426057K->42510K(440896K), 0.1404690 secs] 6318398K->5938066K(8339648K), 0.1407540 secs] [Times: user=2.99 sys=0.01, real=0.14 secs] 
6869.111: [CMS-concurrent-mark: 5.672/5.890 secs] [Times: user=104.87 sys=0.21, real=5.89 secs] 
6869.111: [CMS-concurrent-preclean-start]
6869.342: [CMS-concurrent-preclean: 0.224/0.231 secs] [Times: user=3.97 sys=0.01, real=0.23 secs] 
6869.343: [CMS-concurrent-abortable-preclean-start]
6870.533: [GC 6870.533: [ParNew: 434446K->39033K(440896K), 0.1157760 secs] 6330002K->5941926K(8339648K), 0.1160400 secs] [Times: user=2.19 sys=0.00, real=0.12 secs] 
6871.549: [CMS-concurrent-abortable-preclean: 2.077/2.206 secs] [Times: user=37.65 sys=0.10, real=2.21 secs] 
6871.552: [GC[YG occupancy: 244370 K (440896 K)]6871.552: [Rescan (parallel) , 0.0699010 secs]6871.622: [weak refs processing, 0.0015440 secs]6871.623: [class unloading, 0.0221360 secs]6871.645: [scrub symbol & string tables, 0.0176490 secs] [1 CMS-remark: 5902893K(7898752K)] 6147263K(8339648K), 0.1220910 secs] [Times: user=1.51 sys=0.00, real=0.12 secs] 
6871.674: [CMS-concurrent-sweep-start]
6873.870: [GC 6873.870: [ParNew: 430969K->39467K(440896K), 0.1176500 secs] 6332403K->5948641K(8339648K), 0.1179910 secs] [Times: user=2.30 sys=0.01, real=0.12 secs] 
6875.777: [GC 6875.777: [ParNew: 431403K->34889K(440896K), 0.1003220 secs] 6339864K->5946190K(8339648K), 0.1006050 secs] [Times: user=2.17 sys=0.01, real=0.11 secs] 
6879.131: [CMS-concurrent-sweep: 7.232/7.457 secs] [Times: user=81.26 sys=0.16, real=7.46 secs] 
6879.132: [CMS-concurrent-reset-start]
6879.177: [CMS-concurrent-reset: 0.045/0.045 secs] [Times: user=0.68 sys=0.01, real=0.04 secs] 
6879.364: [GC 6879.364: [ParNew: 426825K->34168K(440896K), 0.1477340 secs] 6337459K->5955479K(8339648K), 0.1480410 secs] [Times: user=3.10 sys=0.02, real=0.15 secs] 
6879.513: [GC [1 CMS-initial-mark: 5921310K(7898752K)] 5955959K(8339648K), 0.0415040 secs] [Times: user=0.04 sys=0.00, real=0.04 secs] 
6879.555: [CMS-concurrent-mark-start]
6882.745: [GC 6882.745: [ParNew: 426104K->27658K(440896K), 0.0400450 secs] 6347415K->5954019K(8339648K), 0.0403360 secs] [Times: user=0.81 sys=0.00, real=0.04 secs] 
6884.656: [CMS-concurrent-mark: 5.059/5.101 secs] [Times: user=80.00 sys=0.12, real=5.10 secs] 
6884.657: [CMS-concurrent-preclean-start]
6884.818: [GC 6884.826: [ParNew: 419594K->30369K(440896K), 0.0473300 secs] 6345955K->5962363K(8339648K), 0.0476400 secs] [Times: user=0.89 sys=0.00, real=0.05 secs] 
6885.192: [CMS-concurrent-preclean: 0.458/0.535 secs] [Times: user=8.97 sys=0.00, real=0.54 secs] 
6885.192: [CMS-concurrent-abortable-preclean-start]
6885.757: [CMS-concurrent-abortable-preclean: 0.560/0.565 secs] [Times: user=9.88 sys=0.03, real=0.56 secs] 
6885.760: [GC[YG occupancy: 230265 K (440896 K)]6885.760: [Rescan (parallel) , 0.0695150 secs]6885.830: [weak refs processing, 0.0014810 secs]6885.831: [class unloading, 0.0221140 secs]6885.853: [scrub symbol & string tables, 0.0177020 secs] [1 CMS-remark: 5931993K(7898752K)] 6162258K(8339648K), 0.1228140 secs] [Times: user=1.32 sys=0.02, real=0.12 secs] 
6885.883: [CMS-concurrent-sweep-start]
6888.918: [GC 6888.918: [ParNew: 422305K->33523K(440896K), 0.0433890 secs] 6349306K->5963507K(8339648K), 0.0436810 secs] [Times: user=0.78 sys=0.00, real=0.04 secs] 
6890.785: [GC 6890.785: [ParNew: 425459K->33673K(440896K), 0.0354040 secs] 6354990K->5968425K(8339648K), 0.0357190 secs] [Times: user=0.69 sys=0.00, real=0.04 secs] 
6894.226: [GC 6894.226: [ParNew: 425609K->30385K(440896K), 0.0503260 secs] 6360010K->5972509K(8339648K), 0.0506460 secs] [Times: user=0.88 sys=0.01, real=0.05 secs] 
6895.038: [CMS-concurrent-sweep: 9.016/9.155 secs] [Times: user=98.88 sys=0.13, real=9.15 secs] 
6895.039: [CMS-concurrent-reset-start]
6895.103: [CMS-concurrent-reset: 0.064/0.064 secs] [Times: user=1.12 sys=0.00, real=0.07 secs] 
6897.105: [GC [1 CMS-initial-mark: 5942124K(7898752K)] 6260759K(8339648K), 1.1170820 secs] [Times: user=1.12 sys=0.00, real=1.12 secs] 
6898.222: [CMS-concurrent-mark-start]
6898.741: [GC 6898.741: [ParNew: 422321K->34696K(440896K), 0.0438670 secs] 6364445K->5979765K(8339648K), 0.0442130 secs] [Times: user=0.70 sys=0.00, real=0.04 secs] 
6900.562: [GC 6900.562: [ParNew: 426632K->35013K(440896K), 0.0377660 secs] 6371701K->5987843K(8339648K), 0.0380530 secs] [Times: user=0.67 sys=0.00, real=0.04 secs] 
6903.594: [GC 6903.594: [ParNew: 426949K->33995K(440896K), 0.0361680 secs] 6379779K->5989845K(8339648K), 0.0364620 secs] [Times: user=0.70 sys=0.00, real=0.04 secs] 
6904.108: [CMS-concurrent-mark: 5.755/5.886 secs] [Times: user=105.36 sys=0.26, real=5.89 secs] 
6904.108: [CMS-concurrent-preclean-start]
6904.370: [CMS-concurrent-preclean: 0.253/0.262 secs] [Times: user=4.53 sys=0.00, real=0.26 secs] 
6904.370: [CMS-concurrent-abortable-preclean-start]
6905.261: [GC 6905.261: [ParNew: 425931K->36687K(440896K), 0.0328180 secs] 6381781K->5997769K(8339648K), 0.0331030 secs] [Times: user=0.47 sys=0.00, real=0.03 secs] 
6906.164: [CMS-concurrent-abortable-preclean: 1.736/1.794 secs] [Times: user=30.72 sys=0.07, real=1.79 secs] 
6906.167: [GC[YG occupancy: 237657 K (440896 K)]6906.167: [Rescan (parallel) , 0.0702940 secs]6906.237: [weak refs processing, 0.0013050 secs]6906.239: [class unloading, 0.0219700 secs]6906.261: [scrub symbol & string tables, 0.0176400 secs] [1 CMS-remark: 5961081K(7898752K)] 6198738K(8339648K), 0.1221560 secs] [Times: user=1.58 sys=0.00, real=0.13 secs] 
6906.290: [CMS-concurrent-sweep-start]
6909.044: [GC 6909.044: [ParNew: 428623K->33662K(440896K), 0.0417280 secs] 6388717K->6001639K(8339648K), 0.0420250 secs] [Times: user=0.65 sys=0.01, real=0.04 secs] 
6910.764: [GC 6910.764: [ParNew: 425598K->25205K(440896K), 0.0341460 secs] 6393483K->5998209K(8339648K), 0.0344620 secs] [Times: user=0.69 sys=0.01, real=0.04 secs] 
6914.120: [CMS-concurrent-sweep: 7.748/7.830 secs] [Times: user=66.96 sys=0.09, real=7.83 secs] 
6914.120: [CMS-concurrent-reset-start]
6914.183: [CMS-concurrent-reset: 0.063/0.063 secs] [Times: user=1.04 sys=0.00, real=0.06 secs] 
6914.854: [GC 6914.854: [ParNew: 417141K->29409K(440896K), 0.0354760 secs] 6389972K->6007884K(8339648K), 0.0357730 secs] [Times: user=0.70 sys=0.00, real=0.04 secs] 
6914.891: [GC [1 CMS-initial-mark: 5978474K(7898752K)] 6008434K(8339648K), 0.0423680 secs] [Times: user=0.04 sys=0.00, real=0.04 secs] 
6914.934: [CMS-concurrent-mark-start]
6918.402: [GC 6918.402: [ParNew: 421345K->33474K(440896K), 0.0293100 secs] 6399820K->6015003K(8339648K), 0.0296020 secs] [Times: user=0.47 sys=0.00, real=0.03 secs] 
6920.193: [GC 6920.193: [ParNew: 425410K->35751K(440896K), 0.0315570 secs] 6406939K->6022480K(8339648K), 0.0318480 secs] [Times: user=0.45 sys=0.01, real=0.03 secs] 
6921.685: [CMS-concurrent-mark: 6.683/6.751 secs] [Times: user=119.01 sys=0.15, real=6.75 secs] 
6921.685: [CMS-concurrent-preclean-start]
6921.874: [CMS-concurrent-preclean: 0.183/0.189 secs] [Times: user=0.19 sys=0.00, real=0.19 secs] 
6921.874: [CMS-concurrent-abortable-preclean-start]
6923.975: [GC 6923.975: [ParNew: 427687K->35820K(440896K), 0.0360060 secs] 6414416K->6025534K(8339648K), 0.0363200 secs] [Times: user=0.70 sys=0.00, real=0.04 secs] 
6924.898: [CMS-concurrent-abortable-preclean: 2.370/3.023 secs] [Times: user=28.33 sys=0.07, real=3.03 secs] 
6924.901: [GC[YG occupancy: 244893 K (440896 K)]6924.901: [Rescan (parallel) , 0.0741310 secs]6924.975: [weak refs processing, 0.0013720 secs]6924.976: [class unloading, 0.0223880 secs]6924.999: [scrub symbol & string tables, 0.0176420 secs] [1 CMS-remark: 5989714K(7898752K)] 6234607K(8339648K), 0.1264990 secs] [Times: user=1.55 sys=0.01, real=0.12 secs] 
6925.028: [CMS-concurrent-sweep-start]
6928.478: [GC 6928.478: [ParNew: 427756K->38835K(440896K), 0.0596870 secs] 6416163K->6035198K(8339648K), 0.0600250 secs] [Times: user=0.96 sys=0.01, real=0.06 secs] 
6930.449: [GC 6930.449: [ParNew: 430771K->37167K(440896K), 0.0348260 secs] 6426648K->6038202K(8339648K), 0.0351010 secs] [Times: user=0.47 sys=0.00, real=0.03 secs] 
6932.901: [CMS-concurrent-sweep: 7.772/7.873 secs] [Times: user=79.17 sys=0.13, real=7.87 secs] 
6932.901: [CMS-concurrent-reset-start]
6932.940: [CMS-concurrent-reset: 0.039/0.039 secs] [Times: user=0.08 sys=0.00, real=0.04 secs] 
6933.333: [GC 6933.333: [ParNew: 429103K->33882K(440896K), 0.0479450 secs] 6430096K->6040322K(8339648K), 0.0482790 secs] [Times: user=0.93 sys=0.00, real=0.05 secs] 
6933.383: [GC [1 CMS-initial-mark: 6006440K(7898752K)] 6040851K(8339648K), 0.1112110 secs] [Times: user=0.11 sys=0.01, real=0.11 secs] 
6933.494: [CMS-concurrent-mark-start]
6935.492: [GC 6935.492: [ParNew: 425818K->36621K(440896K), 0.0480250 secs] 6432258K->6048316K(8339648K), 0.0483130 secs] [Times: user=0.93 sys=0.00, real=0.05 secs] 
6938.607: [GC 6938.608: [ParNew: 428557K->36844K(440896K), 0.0511480 secs] 6440252K->6056321K(8339648K), 0.0514400 secs] [Times: user=0.79 sys=0.01, real=0.05 secs] 
6940.396: [GC 6940.396: [ParNew: 428780K->34895K(440896K), 0.0319280 secs] 6448257K->6058534K(8339648K), 0.0322100 secs] [Times: user=0.68 sys=0.00, real=0.04 secs] 
6940.528: [CMS-concurrent-mark: 6.894/7.034 secs] [Times: user=132.27 sys=0.20, real=7.04 secs] 
6940.528: [CMS-concurrent-preclean-start]
6940.852: [CMS-concurrent-preclean: 0.316/0.324 secs] [Times: user=5.48 sys=0.01, real=0.32 secs] 
6940.853: [CMS-concurrent-abortable-preclean-start]
6943.706: [CMS-concurrent-abortable-preclean: 2.047/2.853 secs] [Times: user=11.03 sys=0.01, real=2.85 secs] 
6943.709: [GC[YG occupancy: 250531 K (440896 K)]6943.709: [Rescan (parallel) , 0.1507600 secs]6943.860: [weak refs processing, 0.0014270 secs]6943.861: [class unloading, 0.0747330 secs]6943.936: [scrub symbol & string tables, 0.0224240 secs] [1 CMS-remark: 6023638K(7898752K)] 6274170K(8339648K), 0.2660280 secs] [Times: user=3.23 sys=0.00, real=0.26 secs] 
6943.975: [CMS-concurrent-sweep-start]
6944.866: [GC 6944.867: [ParNew: 426831K->35450K(440896K), 0.0628910 secs] 6449155K->6064874K(8339648K), 0.0631820 secs] [Times: user=1.07 sys=0.00, real=0.07 secs] 
6946.602: [GC 6946.602: [ParNew: 427386K->31342K(440896K), 0.0380570 secs] 6369733K->5979002K(8339648K), 0.0383330 secs] [Times: user=0.58 sys=0.00, real=0.04 secs] 
6949.851: [GC 6949.851: [ParNew: 423278K->31884K(440896K), 0.0371150 secs] 6188639K->5802848K(8339648K), 0.0374040 secs] [Times: user=0.43 sys=0.00, real=0.04 secs] 
6952.305: [CMS-concurrent-sweep: 8.183/8.330 secs] [Times: user=104.60 sys=0.16, real=8.33 secs] 
6952.305: [CMS-concurrent-reset-start]
6952.345: [CMS-concurrent-reset: 0.039/0.039 secs] [Times: user=0.09 sys=0.00, real=0.04 secs] 
6953.360: [GC 6953.360: [ParNew: 423820K->37009K(440896K), 0.0471830 secs] 6167052K->5782968K(8339648K), 0.0475230 secs] [Times: user=0.80 sys=0.01, real=0.05 secs] 
6953.409: [GC [1 CMS-initial-mark: 5745958K(7898752K)] 5783007K(8339648K), 0.1119840 secs] [Times: user=0.11 sys=0.01, real=0.11 secs] 
6953.521: [CMS-concurrent-mark-start]
6955.444: [GC 6955.444: [ParNew: 428945K->37453K(440896K), 0.0492790 secs] 6174904K->5791529K(8339648K), 0.0495740 secs] [Times: user=0.73 sys=0.01, real=0.05 secs] 
6958.590: [CMS-concurrent-mark: 5.016/5.068 secs] [Times: user=67.98 sys=0.10, real=5.07 secs] 
6958.590: [CMS-concurrent-preclean-start]
6959.134: [CMS-concurrent-preclean: 0.525/0.544 secs] [Times: user=9.21 sys=0.01, real=0.54 secs] 
6959.134: [CMS-concurrent-abortable-preclean-start]
6959.788: [GC 6959.788: [ParNew: 429389K->34273K(440896K), 0.0391010 secs] 6183465K->5791010K(8339648K), 0.0393890 secs] [Times: user=0.70 sys=0.00, real=0.04 secs] 
6960.631: [CMS-concurrent-abortable-preclean: 1.439/1.497 secs] [Times: user=25.44 sys=0.02, real=1.50 secs] 
6960.634: [GC[YG occupancy: 234298 K (440896 K)]6960.634: [Rescan (parallel) , 0.0891450 secs]6960.723: [weak refs processing, 0.0010420 secs]6960.724: [class unloading, 0.0207340 secs]6960.745: [scrub symbol & string tables, 0.0176160 secs] [1 CMS-remark: 5756736K(7898752K)] 5991035K(8339648K), 0.1399230 secs] [Times: user=1.98 sys=0.00, real=0.14 secs] 
6960.774: [CMS-concurrent-sweep-start]
6961.577: [GC 6961.577: [ParNew: 426209K->36720K(440896K), 0.0465470 secs] 6181642K->5797501K(8339648K), 0.0468320 secs] [Times: user=0.81 sys=0.00, real=0.05 secs] 
6964.720: [GC 6964.720: [ParNew: 428656K->33620K(440896K), 0.0908680 secs] 6039348K->5654531K(8339648K), 0.0911600 secs] [Times: user=0.55 sys=0.00, real=0.09 secs] 
6968.379: [GC 6968.379: [ParNew: 425556K->31054K(440896K), 0.0403170 secs] 5916046K->5524103K(8339648K), 0.0406450 secs] [Times: user=0.71 sys=0.00, real=0.04 secs] 
6969.063: [CMS-concurrent-sweep: 8.096/8.289 secs] [Times: user=85.90 sys=0.14, real=8.29 secs] 
6969.063: [CMS-concurrent-reset-start]
6969.109: [CMS-concurrent-reset: 0.046/0.046 secs] [Times: user=0.81 sys=0.00, real=0.05 secs] 
6970.231: [GC 6970.231: [ParNew: 422990K->31299K(440896K), 0.0448420 secs] 5915798K->5531458K(8339648K), 0.0450950 secs] [Times: user=0.61 sys=0.00, real=0.04 secs] 
6970.278: [GC [1 CMS-initial-mark: 5500158K(7898752K)] 5532009K(8339648K), 0.0396490 secs] [Times: user=0.04 sys=0.00, real=0.04 secs] 
6970.318: [CMS-concurrent-mark-start]
6974.247: [GC 6974.247: [ParNew: 423235K->33508K(440896K), 0.0333850 secs] 5923394K->5536181K(8339648K), 0.0336630 secs] [Times: user=0.62 sys=0.00, real=0.04 secs] 
6975.692: [CMS-concurrent-mark: 5.339/5.375 secs] [Times: user=82.59 sys=0.54, real=5.37 secs] 
6975.692: [CMS-concurrent-preclean-start]
6975.918: [GC 6975.918: [ParNew: 425444K->34118K(440896K), 0.0389860 secs] 5928117K->5542431K(8339648K), 0.0392730 secs] [Times: user=0.53 sys=0.00, real=0.04 secs] 
6976.254: [CMS-concurrent-preclean: 0.497/0.561 secs] [Times: user=10.32 sys=0.26, real=0.56 secs] 
6976.254: [CMS-concurrent-abortable-preclean-start]
6977.112: [CMS-concurrent-abortable-preclean: 0.713/0.858 secs] [Times: user=3.41 sys=0.08, real=0.86 secs] 
6977.113: [GC[YG occupancy: 234394 K (440896 K)]6977.113: [Rescan (parallel) , 0.0728020 secs]6977.186: [weak refs processing, 0.0011560 secs]6977.188: [class unloading, 0.0289510 secs]6977.217: [scrub symbol & string tables, 0.0242370 secs] [1 CMS-remark: 5508312K(7898752K)] 5742707K(8339648K), 0.1440580 secs] [Times: user=1.67 sys=0.02, real=0.15 secs] 
6977.258: [CMS-concurrent-sweep-start]
6979.237: [GC 6979.237: [ParNew: 426054K->33521K(440896K), 0.0467300 secs] 5933525K->5548349K(8339648K), 0.0469610 secs] [Times: user=0.57 sys=0.00, real=0.05 secs] 
6980.972: [GC 6980.972: [ParNew: 425457K->31748K(440896K), 0.0326390 secs] 5940105K->5549357K(8339648K), 0.0328810 secs] [Times: user=0.46 sys=0.00, real=0.03 secs] 
6990.550: [GC 6990.550: [ParNew: 423684K->42860K(440896K), 0.0587350 secs] 5941120K->5568322K(8339648K), 0.0589740 secs] [Times: user=0.70 sys=0.01, real=0.05 secs] 
6992.288: [GC 6992.288: [ParNew: 434796K->40033K(440896K), 0.0577120 secs] 5960125K->5574694K(8339648K), 0.0579300 secs] [Times: user=0.57 sys=0.02, real=0.05 secs] 
6993.099: [CMS-concurrent-sweep: 8.068/15.841 secs] [Times: user=124.16 sys=0.17, real=15.84 secs] 
6993.099: [CMS-concurrent-reset-start]
6993.142: [CMS-concurrent-reset: 0.044/0.044 secs] [Times: user=0.04 sys=0.00, real=0.04 secs] 
6995.150: [GC [1 CMS-initial-mark: 5534649K(7898752K)] 5844112K(8339648K), 0.7379340 secs] [Times: user=0.73 sys=0.00, real=0.73 secs] 
6995.888: [CMS-concurrent-mark-start]
6996.569: [GC 6996.569: [ParNew: 431969K->39243K(440896K), 0.0483060 secs] 5966619K->5573893K(8339648K), 0.0485380 secs] [Times: user=0.97 sys=0.00, real=0.05 secs] 
6998.578: [GC 6998.578: [ParNew: 431179K->35196K(440896K), 0.0773030 secs] 5965829K->5590446K(8339648K), 0.0775450 secs] [Times: user=0.72 sys=0.01, real=0.07 secs] 
7000.477: [GC 7000.477: [ParNew: 427132K->23573K(440896K), 0.0305040 secs] 5982382K->5578824K(8339648K), 0.0307330 secs] [Times: user=0.60 sys=0.01, real=0.03 secs] 
7002.319: [GC 7002.319: [ParNew: 415509K->26126K(440896K), 0.0350190 secs] 5970760K->5584263K(8339648K), 0.0352360 secs] [Times: user=0.43 sys=0.00, real=0.03 secs] 
7003.541: [CMS-concurrent-mark: 7.446/7.653 secs] [Times: user=164.65 sys=0.11, real=7.65 secs] 
7003.541: [CMS-concurrent-preclean-start]
7004.101: [GC 7004.101: [ParNew: 418062K->25243K(440896K), 0.0407540 secs] 5976199K->5591353K(8339648K), 0.0409730 secs] [Times: user=0.44 sys=0.00, real=0.04 secs] 
7004.167: [CMS-concurrent-preclean: 0.559/0.626 secs] [Times: user=10.18 sys=0.04, real=0.62 secs] 
7004.167: [CMS-concurrent-abortable-preclean-start]
7005.109: [CMS-concurrent-abortable-preclean: 0.931/0.942 secs] [Times: user=14.39 sys=0.00, real=0.95 secs] 
7005.112: [GC[YG occupancy: 231739 K (440896 K)]7005.112: [Rescan (parallel) , 0.0557040 secs]7005.168: [weak refs processing, 0.0019000 secs]7005.170: [class unloading, 0.0214170 secs]7005.191: [scrub symbol & string tables, 0.0176560 secs] [1 CMS-remark: 5566110K(7898752K)] 5797849K(8339648K), 0.1079360 secs] [Times: user=1.16 sys=0.00, real=0.11 secs] 
7005.220: [CMS-concurrent-sweep-start]
7006.065: [GC 7006.065: [ParNew: 417179K->20072K(440896K), 0.0314630 secs] 5971864K->5577713K(8339648K), 0.0316930 secs] [Times: user=0.57 sys=0.01, real=0.03 secs] 
7010.562: [GC 7010.562: [ParNew: 412008K->26373K(440896K), 0.0359170 secs] 5943807K->5560889K(8339648K), 0.0361600 secs] [Times: user=0.70 sys=0.00, real=0.04 secs] 
7012.287: [GC 7012.288: [ParNew: 418309K->29738K(440896K), 0.0311440 secs] 5952179K->5566514K(8339648K), 0.0313650 secs] [Times: user=0.55 sys=0.01, real=0.03 secs] 
7012.441: [CMS-concurrent-sweep: 7.112/7.221 secs] [Times: user=79.21 sys=0.11, real=7.22 secs] 
7012.441: [CMS-concurrent-reset-start]
7012.492: [CMS-concurrent-reset: 0.050/0.050 secs] [Times: user=0.85 sys=0.00, real=0.05 secs] 
7014.493: [GC [1 CMS-initial-mark: 5536762K(7898752K)] 5781776K(8339648K), 0.9139540 secs] [Times: user=0.91 sys=0.00, real=0.91 secs] 
7015.408: [CMS-concurrent-mark-start]
7016.254: [GC 7016.254: [ParNew: 421674K->33016K(440896K), 0.0456710 secs] 5958436K->5575415K(8339648K), 0.0458820 secs] [Times: user=0.77 sys=0.00, real=0.05 secs] 
7017.903: [GC 7017.903: [ParNew: 424952K->33391K(440896K), 0.0316340 secs] 5967351K->5578559K(8339648K), 0.0318630 secs] [Times: user=0.46 sys=0.00, real=0.03 secs] 
7020.218: [CMS-concurrent-mark: 4.726/4.810 secs] [Times: user=79.51 sys=0.09, real=4.81 secs] 
7020.218: [CMS-concurrent-preclean-start]
7020.449: [CMS-concurrent-preclean: 0.222/0.231 secs] [Times: user=0.81 sys=0.00, real=0.23 secs] 
7020.449: [CMS-concurrent-abortable-preclean-start]
7021.433: [GC 7021.433: [ParNew: 425327K->31039K(440896K), 0.0446200 secs] 5970495K->5584236K(8339648K), 0.0448660 secs] [Times: user=0.71 sys=0.00, real=0.05 secs] 
7022.391: [CMS-concurrent-abortable-preclean: 1.880/1.941 secs] [Times: user=32.85 sys=0.04, real=1.94 secs] 
7022.393: [GC[YG occupancy: 231933 K (440896 K)]7022.393: [Rescan (parallel) , 0.0624670 secs]7022.456: [weak refs processing, 0.0013120 secs]7022.457: [class unloading, 0.0210900 secs]7022.478: [scrub symbol & string tables, 0.0175430 secs] [1 CMS-remark: 5553196K(7898752K)] 5785129K(8339648K), 0.1134320 secs] [Times: user=1.41 sys=0.01, real=0.11 secs] 
7022.507: [CMS-concurrent-sweep-start]
7024.895: [GC 7024.895: [ParNew: 422975K->37014K(440896K), 0.0486440 secs] 5974511K->5591335K(8339648K), 0.0488840 secs] [Times: user=0.92 sys=0.00, real=0.05 secs] 
7026.709: [GC 7026.710: [ParNew: 428950K->39535K(440896K), 0.0545740 secs] 5983084K->5601272K(8339648K), 0.0548030 secs] [Times: user=0.87 sys=0.00, real=0.05 secs] 
7030.003: [CMS-concurrent-sweep: 7.387/7.496 secs] [Times: user=73.88 sys=0.12, real=7.49 secs] 
7030.003: [CMS-concurrent-reset-start]
7030.054: [CMS-concurrent-reset: 0.050/0.050 secs] [Times: user=0.85 sys=0.00, real=0.05 secs] 
7030.306: [GC 7030.306: [ParNew: 431471K->41516K(440896K), 0.1187900 secs] 5992358K->5605177K(8339648K), 0.1190240 secs] [Times: user=2.51 sys=0.01, real=0.12 secs] 
7030.426: [GC [1 CMS-initial-mark: 5563661K(7898752K)] 5605883K(8339648K), 0.0547080 secs] [Times: user=0.06 sys=0.00, real=0.06 secs] 
7030.481: [CMS-concurrent-mark-start]
7032.404: [GC 7032.404: [ParNew: 433452K->39957K(440896K), 0.0836530 secs] 5997113K->5608927K(8339648K), 0.0838800 secs] [Times: user=1.61 sys=0.01, real=0.09 secs] 
7035.147: [GC 7035.147: [ParNew: 431893K->36064K(440896K), 0.2243050 secs] 6000863K->5614349K(8339648K), 0.2245630 secs] [Times: user=4.78 sys=0.00, real=0.23 secs] 
7037.013: [CMS-concurrent-mark: 6.219/6.532 secs] [Times: user=128.08 sys=0.11, real=6.53 secs] 
7037.013: [CMS-concurrent-preclean-start]
7037.405: [CMS-concurrent-preclean: 0.375/0.392 secs] [Times: user=0.41 sys=0.00, real=0.39 secs] 
7037.405: [CMS-concurrent-abortable-preclean-start]
7039.672: [GC 7039.673: [ParNew: 428000K->30675K(440896K), 0.0675000 secs] 6006285K->5615242K(8339648K), 0.0677720 secs] [Times: user=1.17 sys=0.00, real=0.07 secs] 
7040.772: [CMS-concurrent-abortable-preclean: 2.374/3.367 secs] [Times: user=22.98 sys=0.01, real=3.37 secs] 
7040.774: [GC[YG occupancy: 228467 K (440896 K)]7040.775: [Rescan (parallel) , 0.0563120 secs]7040.831: [weak refs processing, 0.0013140 secs]7040.832: [class unloading, 0.0219280 secs]7040.854: [scrub symbol & string tables, 0.0174980 secs] [1 CMS-remark: 5584567K(7898752K)] 5813034K(8339648K), 0.1083430 secs] [Times: user=1.29 sys=0.00, real=0.11 secs] 
7040.883: [CMS-concurrent-sweep-start]
7041.720: [GC 7041.720: [ParNew: 422611K->34285K(440896K), 0.0417510 secs] 6006659K->5623707K(8339648K), 0.0419890 secs] [Times: user=0.67 sys=0.00, real=0.04 secs] 
7044.993: [GC 7044.993: [ParNew: 426221K->32799K(440896K), 0.0437330 secs] 6013693K->5623697K(8339648K), 0.0439720 secs] [Times: user=0.75 sys=0.00, real=0.05 secs] 
7046.897: [GC 7046.897: [ParNew: 424735K->36261K(440896K), 0.0369170 secs] 6015367K->5631979K(8339648K), 0.0371500 secs] [Times: user=0.58 sys=0.01, real=0.03 secs] 
7048.419: [CMS-concurrent-sweep: 7.404/7.536 secs] [Times: user=99.38 sys=0.08, real=7.54 secs] 
7048.419: [CMS-concurrent-reset-start]
7048.463: [CMS-concurrent-reset: 0.044/0.044 secs] [Times: user=0.04 sys=0.00, real=0.04 secs] 
7050.144: [GC 7050.144: [ParNew: 428197K->27538K(440896K), 0.0459150 secs] 6023914K->5630724K(8339648K), 0.0461390 secs] [Times: user=0.69 sys=0.02, real=0.05 secs] 
7050.191: [GC [1 CMS-initial-mark: 5603185K(7898752K)] 5631384K(8339648K), 0.0398780 secs] [Times: user=0.03 sys=0.01, real=0.04 secs] 
7050.231: [CMS-concurrent-mark-start]
7054.538: [CMS-concurrent-mark: 4.307/4.307 secs] [Times: user=51.39 sys=0.07, real=4.31 secs] 
7054.538: [CMS-concurrent-preclean-start]
7054.615: [CMS-concurrent-preclean: 0.075/0.077 secs] [Times: user=1.29 sys=0.00, real=0.07 secs] 
7054.615: [CMS-concurrent-abortable-preclean-start]
7054.630: [GC 7054.630: [ParNew: 419474K->33414K(440896K), 0.0390490 secs] 6022660K->5641920K(8339648K), 0.0392820 secs] [Times: user=0.59 sys=0.00, real=0.04 secs] 
7055.520: [CMS-concurrent-abortable-preclean: 0.854/0.904 secs] [Times: user=15.31 sys=0.02, real=0.91 secs] 
7055.522: [GC[YG occupancy: 234108 K (440896 K)]7055.522: [Rescan (parallel) , 0.0554300 secs]7055.578: [weak refs processing, 0.0015060 secs]7055.579: [class unloading, 0.0218350 secs]7055.601: [scrub symbol & string tables, 0.0175080 secs] [1 CMS-remark: 5608506K(7898752K)] 5842615K(8339648K), 0.1073890 secs] [Times: user=1.17 sys=0.00, real=0.11 secs] 
7055.630: [CMS-concurrent-sweep-start]
7056.465: [GC 7056.465: [ParNew: 425350K->33164K(440896K), 0.0370550 secs] 6033475K->5646255K(8339648K), 0.0372910 secs] [Times: user=0.70 sys=0.00, real=0.04 secs] 
7060.102: [GC 7060.102: [ParNew: 425100K->34354K(440896K), 0.0447280 secs] 6034800K->5646894K(8339648K), 0.0449630 secs] [Times: user=0.92 sys=0.00, real=0.04 secs] 
7061.980: [GC 7061.980: [ParNew: 426290K->32057K(440896K), 0.0401230 secs] 6036810K->5647861K(8339648K), 0.0403910 secs] [Times: user=0.46 sys=0.00, real=0.04 secs] 
7063.185: [CMS-concurrent-sweep: 7.424/7.555 secs] [Times: user=98.45 sys=0.05, real=7.55 secs] 
7063.185: [CMS-concurrent-reset-start]
7063.228: [CMS-concurrent-reset: 0.043/0.043 secs] [Times: user=0.05 sys=0.00, real=0.05 secs] 
7065.231: [GC [1 CMS-initial-mark: 5615728K(7898752K)] 6039722K(8339648K), 1.3293960 secs] [Times: user=1.33 sys=0.00, real=1.33 secs] 
7066.561: [CMS-concurrent-mark-start]
7066.564: [GC 7066.564: [ParNew: 423993K->30217K(440896K), 0.0458350 secs] 6039722K->5653418K(8339648K), 0.0461140 secs] [Times: user=0.69 sys=0.01, real=0.05 secs] 
7069.724: [GC 7069.724: [ParNew: 422153K->33243K(440896K), 0.0459060 secs] 6045354K->5660947K(8339648K), 0.0461470 secs] [Times: user=0.85 sys=0.00, real=0.05 secs] 
7071.558: [GC 7071.558: [ParNew: 425179K->33412K(440896K), 0.0365050 secs] 6052883K->5666790K(8339648K), 0.0367370 secs] [Times: user=0.55 sys=0.02, real=0.03 secs] 
7072.559: [CMS-concurrent-mark: 5.862/5.998 secs] [Times: user=110.02 sys=0.12, real=6.00 secs] 
7072.559: [CMS-concurrent-preclean-start]
7072.901: [CMS-concurrent-preclean: 0.330/0.342 secs] [Times: user=5.17 sys=0.00, real=0.34 secs] 
7072.901: [CMS-concurrent-abortable-preclean-start]
7075.226: [GC 7075.226: [ParNew: 425348K->32975K(440896K), 0.0435240 secs] 6058726K->5669332K(8339648K), 0.0437980 secs] [Times: user=0.90 sys=0.00, real=0.05 secs] 
7076.360: [CMS-concurrent-abortable-preclean: 2.582/3.458 secs] [Times: user=31.18 sys=0.05, real=3.46 secs] 
7076.363: [GC[YG occupancy: 242218 K (440896 K)]7076.363: [Rescan (parallel) , 0.0873760 secs]7076.450: [weak refs processing, 0.0014000 secs]7076.452: [class unloading, 0.0209510 secs]7076.473: [scrub symbol & string tables, 0.0188180 secs] [1 CMS-remark: 5636357K(7898752K)] 5878575K(8339648K), 0.1398110 secs] [Times: user=1.71 sys=0.01, real=0.14 secs] 
7076.503: [CMS-concurrent-sweep-start]
7077.486: [GC 7077.486: [ParNew: 424911K->36552K(440896K), 0.0371410 secs] 6061258K->5677932K(8339648K), 0.0373800 secs] [Times: user=0.68 sys=0.01, real=0.04 secs] 
7080.485: [GC 7080.485: [ParNew: 428488K->33825K(440896K), 0.0448970 secs] 6069060K->5681739K(8339648K), 0.0451370 secs] [Times: user=0.70 sys=0.00, real=0.05 secs] 
7084.834: [CMS-concurrent-sweep: 8.243/8.331 secs] [Times: user=78.99 sys=0.06, real=8.33 secs] 
7084.834: [CMS-concurrent-reset-start]
7084.884: [CMS-concurrent-reset: 0.050/0.050 secs] [Times: user=0.85 sys=0.00, real=0.05 secs] 
7085.157: [GC 7085.157: [ParNew: 425761K->36726K(440896K), 0.0739220 secs] 6073501K->5689417K(8339648K), 0.0741980 secs] [Times: user=1.43 sys=0.00, real=0.08 secs] 
7085.233: [GC [1 CMS-initial-mark: 5652691K(7898752K)] 5691228K(8339648K), 0.0751590 secs] [Times: user=0.07 sys=0.00, real=0.08 secs] 
7085.308: [CMS-concurrent-mark-start]
7087.343: [GC 7087.343: [ParNew: 428662K->33219K(440896K), 0.0391680 secs] 6081353K->5691006K(8339648K), 0.0394070 secs] [Times: user=0.68 sys=0.00, real=0.04 secs] 
7090.416: [GC 7090.416: [ParNew: 425155K->34026K(440896K), 0.0364500 secs] 6082942K->5696744K(8339648K), 0.0532360 secs] [Times: user=0.69 sys=0.00, real=0.06 secs] 
7091.770: [CMS-concurrent-mark: 6.364/6.462 secs] [Times: user=120.84 sys=0.14, real=6.46 secs] 
7091.770: [CMS-concurrent-preclean-start]
7092.207: [CMS-concurrent-preclean: 0.417/0.437 secs] [Times: user=7.29 sys=0.02, real=0.43 secs] 
7092.207: [CMS-concurrent-abortable-preclean-start]
7092.239: [GC 7092.239: [ParNew: 425962K->29709K(440896K), 0.0379280 secs] 6088680K->5698100K(8339648K), 0.0381590 secs] [Times: user=0.44 sys=0.00, real=0.03 secs] 
7093.130: [CMS-concurrent-abortable-preclean: 0.864/0.923 secs] [Times: user=15.49 sys=0.02, real=0.93 secs] 
7093.133: [GC[YG occupancy: 226627 K (440896 K)]7093.133: [Rescan (parallel) , 0.0627560 secs]7093.196: [weak refs processing, 0.0013310 secs]7093.197: [class unloading, 0.0210220 secs]7093.218: [scrub symbol & string tables, 0.0188120 secs] [1 CMS-remark: 5668391K(7898752K)] 5895018K(8339648K), 0.1151740 secs] [Times: user=1.40 sys=0.00, real=0.12 secs] 
7093.249: [CMS-concurrent-sweep-start]
7095.579: [GC 7095.579: [ParNew: 421645K->32034K(440896K), 0.0379220 secs] 6089312K->5705973K(8339648K), 0.0381800 secs] [Times: user=0.45 sys=0.00, real=0.03 secs] 
7100.050: [GC 7100.050: [ParNew: 423970K->34728K(440896K), 0.0400710 secs] 6097004K->5711834K(8339648K), 0.0403480 secs] [Times: user=0.70 sys=0.00, real=0.04 secs] 
7101.824: [CMS-concurrent-sweep: 8.489/8.575 secs] [Times: user=81.26 sys=0.05, real=8.57 secs] 
7101.824: [CMS-concurrent-reset-start]
7101.888: [CMS-concurrent-reset: 0.064/0.064 secs] [Times: user=1.13 sys=0.00, real=0.07 secs] 
7101.988: [GC 7101.988: [ParNew: 426664K->38461K(440896K), 0.0362560 secs] 6103700K->5720666K(8339648K), 0.0364900 secs] [Times: user=0.51 sys=0.01, real=0.03 secs] 
7102.026: [GC [1 CMS-initial-mark: 5682205K(7898752K)] 5720690K(8339648K), 0.0516750 secs] [Times: user=0.05 sys=0.00, real=0.05 secs] 
7102.078: [CMS-concurrent-mark-start]
7105.305: [GC 7105.305: [ParNew: 430397K->33982K(440896K), 0.0352750 secs] 6112602K->5719110K(8339648K), 0.0355050 secs] [Times: user=0.70 sys=0.00, real=0.04 secs] 
7107.003: [GC 7107.003: [ParNew: 425918K->37174K(440896K), 0.0434720 secs] 6111046K->5729947K(8339648K), 0.0437390 secs] [Times: user=0.68 sys=0.01, real=0.04 secs] 
7107.524: [CMS-concurrent-mark: 5.362/5.446 secs] [Times: user=95.80 sys=0.10, real=5.44 secs] 
7107.524: [CMS-concurrent-preclean-start]
7107.975: [CMS-concurrent-preclean: 0.443/0.451 secs] [Times: user=6.47 sys=0.00, real=0.45 secs] 
7107.976: [CMS-concurrent-abortable-preclean-start]
7110.600: [GC 7110.600: [ParNew: 429110K->29033K(440896K), 0.0590460 secs] 6121883K->5729478K(8339648K), 0.0592760 secs] [Times: user=0.90 sys=0.02, real=0.06 secs] 
7111.518: [CMS-concurrent-abortable-preclean: 2.957/3.542 secs] [Times: user=33.05 sys=0.07, real=3.54 secs] 
7111.520: [GC[YG occupancy: 229394 K (440896 K)]7111.521: [Rescan (parallel) , 0.0939600 secs]7111.615: [weak refs processing, 0.0012020 secs]7111.616: [class unloading, 0.0214100 secs]7111.637: [scrub symbol & string tables, 0.0188200 secs] [1 CMS-remark: 5700444K(7898752K)] 5929839K(8339648K), 0.1466020 secs] [Times: user=1.91 sys=0.01, real=0.14 secs] 
7111.668: [CMS-concurrent-sweep-start]
7115.219: [GC 7115.219: [ParNew: 420969K->38715K(440896K), 0.0647890 secs] 6117072K->5738345K(8339648K), 0.0650630 secs] [Times: user=1.16 sys=0.00, real=0.06 secs] 
7117.059: [GC 7117.059: [ParNew: 430651K->34784K(440896K), 0.0676520 secs] 6129302K->5740759K(8339648K), 0.0678910 secs] [Times: user=0.68 sys=0.00, real=0.06 secs] 
7119.973: [CMS-concurrent-sweep: 8.167/8.306 secs] [Times: user=71.25 sys=0.07, real=8.30 secs] 
7119.973: [CMS-concurrent-reset-start]
7120.015: [CMS-concurrent-reset: 0.042/0.042 secs] [Times: user=0.68 sys=0.00, real=0.04 secs] 
7120.533: [GC 7120.534: [ParNew: 426720K->36529K(440896K), 0.0362240 secs] 5864106K->5476794K(8339648K), 0.0364620 secs] [Times: user=0.69 sys=0.00, real=0.04 secs] 
7120.571: [GC [1 CMS-initial-mark: 5440264K(7898752K)] 5478069K(8339648K), 0.0491810 secs] [Times: user=0.05 sys=0.00, real=0.05 secs] 
7120.621: [CMS-concurrent-mark-start]
7122.331: [GC 7122.332: [ParNew: 428465K->33492K(440896K), 0.0397850 secs] 5868730K->5481466K(8339648K), 0.0400140 secs] [Times: user=0.44 sys=0.01, real=0.04 secs] 
7125.286: [GC 7125.286: [ParNew: 425428K->24918K(440896K), 0.0441510 secs] 5873402K->5480584K(8339648K), 0.0443830 secs] [Times: user=0.77 sys=0.00, real=0.05 secs] 
7125.655: [CMS-concurrent-mark: 4.945/5.035 secs] [Times: user=88.87 sys=0.09, real=5.03 secs] 
7125.655: [CMS-concurrent-preclean-start]
7125.949: [CMS-concurrent-preclean: 0.282/0.293 secs] [Times: user=5.02 sys=0.00, real=0.30 secs] 
7125.949: [CMS-concurrent-abortable-preclean-start]
7129.970: [GC 7129.970: [ParNew: 416854K->32797K(440896K), 0.0454060 secs] 5872520K->5491377K(8339648K), 0.0456900 secs] [Times: user=0.68 sys=0.01, real=0.04 secs] 
 CMS: abort preclean due to time 7130.976: [CMS-concurrent-abortable-preclean: 3.657/5.027 secs] [Times: user=36.22 sys=0.05, real=5.02 secs] 
7130.978: [GC[YG occupancy: 201401 K (440896 K)]7130.978: [Rescan (parallel) , 0.0628050 secs]7131.041: [weak refs processing, 0.0013770 secs]7131.043: [class unloading, 0.0206250 secs]7131.063: [scrub symbol & string tables, 0.0188280 secs] [1 CMS-remark: 5458580K(7898752K)] 5659982K(8339648K), 0.1148540 secs] [Times: user=1.31 sys=0.00, real=0.11 secs] 
7131.094: [CMS-concurrent-sweep-start]
7132.056: [GC 7132.056: [ParNew: 424733K->35499K(440896K), 0.0415600 secs] 5882980K->5499167K(8339648K), 0.0417880 secs] [Times: user=0.69 sys=0.00, real=0.05 secs] 
7135.245: [GC 7135.245: [ParNew: 427435K->36379K(440896K), 0.0562160 secs] 5890552K->5502410K(8339648K), 0.0564730 secs] [Times: user=0.94 sys=0.00, real=0.06 secs] 
7137.088: [GC 7137.089: [ParNew: 428315K->36826K(440896K), 0.0505040 secs] 5892434K->5506001K(8339648K), 0.0507330 secs] [Times: user=0.67 sys=0.00, real=0.05 secs] 
7138.622: [CMS-concurrent-sweep: 7.372/7.529 secs] [Times: user=98.43 sys=0.05, real=7.53 secs] 
7138.623: [CMS-concurrent-reset-start]
7138.662: [CMS-concurrent-reset: 0.039/0.039 secs] [Times: user=0.04 sys=0.00, real=0.04 secs] 
7140.469: [GC 7140.469: [ParNew: 428762K->29383K(440896K), 0.0486500 secs] 5897824K->5507491K(8339648K), 0.0488800 secs] [Times: user=0.66 sys=0.00, real=0.04 secs] 
7140.519: [GC [1 CMS-initial-mark: 5478108K(7898752K)] 5508622K(8339648K), 0.0420910 secs] [Times: user=0.04 sys=0.00, real=0.04 secs] 
7140.561: [CMS-concurrent-mark-start]
7144.857: [CMS-concurrent-mark: 4.296/4.296 secs] [Times: user=51.90 sys=0.12, real=4.29 secs] 
7144.857: [CMS-concurrent-preclean-start]
7144.892: [GC 7144.892: [ParNew: 421319K->32261K(440896K), 0.0339550 secs] 5899427K->5514142K(8339648K), 0.0341740 secs] [Times: user=0.44 sys=0.00, real=0.03 secs] 
7144.938: [CMS-concurrent-preclean: 0.044/0.082 secs] [Times: user=1.39 sys=0.00, real=0.08 secs] 
7144.939: [CMS-concurrent-abortable-preclean-start]
7145.757: [CMS-concurrent-abortable-preclean: 0.808/0.818 secs] [Times: user=13.85 sys=0.01, real=0.82 secs] 
7145.759: [GC[YG occupancy: 229358 K (440896 K)]7145.759: [Rescan (parallel) , 0.0561430 secs]7145.816: [weak refs processing, 0.0013700 secs]7145.817: [class unloading, 0.0210160 secs]7145.838: [scrub symbol & string tables, 0.0186890 secs] [1 CMS-remark: 5481880K(7898752K)] 5711238K(8339648K), 0.1089100 secs] [Times: user=1.20 sys=0.00, real=0.11 secs] 
7145.869: [CMS-concurrent-sweep-start]
7146.704: [GC 7146.705: [ParNew: 424197K->31569K(440896K), 0.0424280 secs] 5905531K->5518397K(8339648K), 0.0426670 secs] [Times: user=0.66 sys=0.00, real=0.04 secs] 
7150.238: [GC 7150.238: [ParNew: 423505K->36513K(440896K), 0.0423980 secs] 5909498K->5525409K(8339648K), 0.0426740 secs] [Times: user=0.77 sys=0.01, real=0.05 secs] 
7152.017: [GC 7152.017: [ParNew: 428449K->34550K(440896K), 0.0428370 secs] 5917098K->5531058K(8339648K), 0.0430660 secs] [Times: user=0.48 sys=0.02, real=0.05 secs] 
7153.227: [CMS-concurrent-sweep: 7.221/7.358 secs] [Times: user=95.73 sys=0.06, real=7.35 secs] 
7153.227: [CMS-concurrent-reset-start]
7153.272: [CMS-concurrent-reset: 0.045/0.045 secs] [Times: user=0.79 sys=0.00, real=0.05 secs] 
7155.232: [GC 7155.232: [ParNew: 426486K->25794K(440896K), 0.0578160 secs] 5922960K->5527318K(8339648K), 0.0775530 secs] [Times: user=1.03 sys=0.00, real=0.08 secs] 
7155.311: [GC [1 CMS-initial-mark: 5501523K(7898752K)] 5527756K(8339648K), 0.0652770 secs] [Times: user=0.06 sys=0.00, real=0.06 secs] 
7155.377: [CMS-concurrent-mark-start]
7158.401: [GC 7158.401: [ParNew: 417730K->30072K(440896K), 0.0308060 secs] 5919254K->5536774K(8339648K), 0.0310440 secs] [Times: user=0.45 sys=0.01, real=0.03 secs] 
7160.173: [CMS-concurrent-mark: 4.763/4.797 secs] [Times: user=65.56 sys=0.10, real=4.80 secs] 
7160.173: [CMS-concurrent-preclean-start]
7160.380: [CMS-concurrent-preclean: 0.199/0.206 secs] [Times: user=3.54 sys=0.01, real=0.21 secs] 
7160.380: [CMS-concurrent-abortable-preclean-start]
7161.291: [GC 7161.291: [ParNew: 422008K->35034K(440896K), 0.0378040 secs] 5928710K->5546759K(8339648K), 0.0380450 secs] [Times: user=0.69 sys=0.00, real=0.04 secs] 
7162.184: [CMS-concurrent-abortable-preclean: 1.753/1.804 secs] [Times: user=30.49 sys=0.01, real=1.80 secs] 
7162.187: [GC[YG occupancy: 237409 K (440896 K)]7162.187: [Rescan (parallel) , 0.0543910 secs]7162.242: [weak refs processing, 0.0014490 secs]7162.243: [class unloading, 0.0214980 secs]7162.265: [scrub symbol & string tables, 0.0187110 secs] [1 CMS-remark: 5511725K(7898752K)] 5749134K(8339648K), 0.1074850 secs] [Times: user=1.23 sys=0.00, real=0.11 secs] 
7162.295: [CMS-concurrent-sweep-start]
7165.130: [GC 7165.130: [ParNew: 426970K->31275K(440896K), 0.0392680 secs] 5938284K->5545448K(8339648K), 0.0395440 secs] [Times: user=0.70 sys=0.00, real=0.04 secs] 
7166.936: [GC 7166.936: [ParNew: 423211K->34006K(440896K), 0.0425270 secs] 5936931K->5553267K(8339648K), 0.0427630 secs] [Times: user=0.77 sys=0.01, real=0.05 secs] 
7169.573: [CMS-concurrent-sweep: 7.190/7.278 secs] [Times: user=67.84 sys=0.10, real=7.28 secs] 
7169.573: [CMS-concurrent-reset-start]
7169.619: [CMS-concurrent-reset: 0.045/0.045 secs] [Times: user=0.05 sys=0.00, real=0.05 secs] 
7170.392: [GC 7170.392: [ParNew: 425942K->33237K(440896K), 0.0523820 secs] 5944905K->5559337K(8339648K), 0.0526600 secs] [Times: user=0.93 sys=0.00, real=0.05 secs] 
7170.446: [GC [1 CMS-initial-mark: 5526100K(7898752K)] 5559798K(8339648K), 0.0614780 secs] [Times: user=0.07 sys=0.00, real=0.07 secs] 
7170.508: [CMS-concurrent-mark-start]
7174.821: [GC 7174.822: [ParNew: 425173K->35271K(440896K), 0.0342010 secs] 5951273K->5565988K(8339648K), 0.0344360 secs] [Times: user=0.53 sys=0.02, real=0.03 secs] 
7175.074: [CMS-concurrent-mark: 4.528/4.566 secs] [Times: user=59.36 sys=0.13, real=4.56 secs] 
7175.074: [CMS-concurrent-preclean-start]
7175.260: [CMS-concurrent-preclean: 0.181/0.187 secs] [Times: user=3.17 sys=0.00, real=0.19 secs] 
7175.260: [CMS-concurrent-abortable-preclean-start]
7176.513: [GC 7176.513: [ParNew: 427207K->37985K(440896K), 0.0396570 secs] 5957924K->5575249K(8339648K), 0.0398960 secs] [Times: user=0.70 sys=0.00, real=0.04 secs] 
7177.399: [CMS-concurrent-abortable-preclean: 2.080/2.138 secs] [Times: user=36.04 sys=0.03, real=2.13 secs] 
7177.401: [GC[YG occupancy: 239434 K (440896 K)]7177.401: [Rescan (parallel) , 0.0513960 secs]7177.453: [weak refs processing, 0.0015220 secs]7177.454: [class unloading, 0.0209730 secs]7177.475: [scrub symbol & string tables, 0.0187090 secs] [1 CMS-remark: 5537264K(7898752K)] 5776699K(8339648K), 0.1038630 secs] [Times: user=1.17 sys=0.00, real=0.10 secs] 
7177.506: [CMS-concurrent-sweep-start]
7180.186: [GC 7180.187: [ParNew: 429921K->30565K(440896K), 0.0495870 secs] 5966265K->5569863K(8339648K), 0.0667880 secs] [Times: user=0.92 sys=0.00, real=0.07 secs] 
7182.045: [GC 7182.045: [ParNew: 422501K->34479K(440896K), 0.0377610 secs] 5961680K->5579198K(8339648K), 0.0379960 secs] [Times: user=0.64 sys=0.00, real=0.04 secs] 
7184.533: [CMS-concurrent-sweep: 6.914/7.028 secs] [Times: user=71.58 sys=0.07, real=7.03 secs] 
7184.533: [CMS-concurrent-reset-start]
7184.578: [CMS-concurrent-reset: 0.045/0.045 secs] [Times: user=0.05 sys=0.01, real=0.05 secs] 
7185.023: [GC 7185.023: [ParNew: 426415K->30519K(440896K), 0.0480980 secs] 5970955K->5582786K(8339648K), 0.0483670 secs] [Times: user=0.69 sys=0.01, real=0.05 secs] 
7185.072: [GC [1 CMS-initial-mark: 5552267K(7898752K)] 5583625K(8339648K), 0.0681150 secs] [Times: user=0.07 sys=0.00, real=0.07 secs] 
7185.141: [CMS-concurrent-mark-start]
7186.926: [GC 7186.926: [ParNew: 422455K->29801K(440896K), 0.0379820 secs] 5974722K->5587264K(8339648K), 0.0382120 secs] [Times: user=0.70 sys=0.00, real=0.04 secs] 
7189.639: [CMS-concurrent-mark: 4.458/4.499 secs] [Times: user=57.10 sys=0.07, real=4.50 secs] 
7189.639: [CMS-concurrent-preclean-start]
7189.846: [CMS-concurrent-preclean: 0.201/0.207 secs] [Times: user=2.68 sys=0.01, real=0.20 secs] 
7189.846: [CMS-concurrent-abortable-preclean-start]
7191.269: [GC 7191.269: [ParNew: 421737K->25785K(440896K), 0.0349830 secs] 5979200K->5588585K(8339648K), 0.0352190 secs] [Times: user=0.47 sys=0.00, real=0.03 secs] 
7192.164: [CMS-concurrent-abortable-preclean: 2.263/2.317 secs] [Times: user=39.36 sys=0.01, real=2.32 secs] 
7192.166: [GC[YG occupancy: 233341 K (440896 K)]7192.166: [Rescan (parallel) , 0.0558920 secs]7192.222: [weak refs processing, 0.0013810 secs]7192.224: [class unloading, 0.0210170 secs]7192.245: [scrub symbol & string tables, 0.0187400 secs] [1 CMS-remark: 5562799K(7898752K)] 5796141K(8339648K), 0.1080740 secs] [Times: user=1.41 sys=0.00, real=0.11 secs] 
7192.275: [CMS-concurrent-sweep-start]
7194.910: [GC 7194.910: [ParNew: 417721K->33892K(440896K), 0.0643040 secs] 5980107K->5599255K(8339648K), 0.0645720 secs] [Times: user=1.15 sys=0.01, real=0.06 secs] 
7196.853: [GC 7196.853: [ParNew: 425828K->35904K(440896K), 0.0393960 secs] 5990663K->5606045K(8339648K), 0.0396250 secs] [Times: user=0.70 sys=0.00, real=0.04 secs] 
7199.512: [CMS-concurrent-sweep: 7.126/7.238 secs] [Times: user=75.56 sys=0.06, real=7.24 secs] 
7199.513: [CMS-concurrent-reset-start]
7199.557: [CMS-concurrent-reset: 0.044/0.044 secs] [Times: user=0.08 sys=0.00, real=0.04 secs] 
7199.963: [GC 7199.964: [ParNew: 427840K->39836K(440896K), 0.0513950 secs] 5997766K->5612598K(8339648K), 0.0516730 secs] [Times: user=1.02 sys=0.01, real=0.05 secs] 
7200.016: [GC [1 CMS-initial-mark: 5572761K(7898752K)] 5613232K(8339648K), 0.1104670 secs] [Times: user=0.11 sys=0.00, real=0.11 secs] 
7200.127: [CMS-concurrent-mark-start]
7201.960: [GC 7201.961: [ParNew: 431772K->38456K(440896K), 0.0446590 secs] 6004534K->5619210K(8339648K), 0.0448910 secs] [Times: user=0.69 sys=0.00, real=0.04 secs] 
7204.635: [CMS-concurrent-mark: 4.461/4.508 secs] [Times: user=59.26 sys=0.06, real=4.50 secs] 
7204.635: [CMS-concurrent-preclean-start]
7204.905: [CMS-concurrent-preclean: 0.263/0.269 secs] [Times: user=3.64 sys=0.00, real=0.27 secs] 
7204.905: [CMS-concurrent-abortable-preclean-start]
7206.197: [GC 7206.197: [ParNew: 430392K->28749K(440896K), 0.0435600 secs] 6011146K->5617157K(8339648K), 0.0437970 secs] [Times: user=0.74 sys=0.01, real=0.05 secs] 
7207.106: [CMS-concurrent-abortable-preclean: 2.144/2.201 secs] [Times: user=37.61 sys=0.03, real=2.20 secs] 
7207.110: [GC[YG occupancy: 235866 K (440896 K)]7207.110: [Rescan (parallel) , 0.0729100 secs]7207.183: [weak refs processing, 0.0015010 secs]7207.185: [class unloading, 0.0208090 secs]7207.206: [scrub symbol & string tables, 0.0187090 secs] [1 CMS-remark: 5588407K(7898752K)] 5824274K(8339648K), 0.1253460 secs] [Times: user=1.60 sys=0.02, real=0.12 secs] 
7207.236: [CMS-concurrent-sweep-start]
7209.760: [GC 7209.760: [ParNew: 420685K->38629K(440896K), 0.0512590 secs] 6003600K->5624508K(8339648K), 0.0515360 secs] [Times: user=0.92 sys=0.00, real=0.05 secs] 
7211.639: [GC 7211.640: [ParNew: 430565K->35793K(440896K), 0.0801310 secs] 6014851K->5627780K(8339648K), 0.0803620 secs] [Times: user=0.72 sys=0.01, real=0.08 secs] 
7213.389: [GC 7213.389: [ParNew: 427729K->33075K(440896K), 0.0326290 secs] 5753182K->5361371K(8339648K), 0.0328610 secs] [Times: user=0.45 sys=0.00, real=0.03 secs] 
7214.785: [CMS-concurrent-sweep: 7.372/7.549 secs] [Times: user=79.00 sys=0.04, real=7.55 secs] 
7214.785: [CMS-concurrent-reset-start]
7214.834: [CMS-concurrent-reset: 0.049/0.049 secs] [Times: user=0.84 sys=0.00, real=0.05 secs] 
7216.461: [GC 7216.461: [ParNew: 425011K->30978K(440896K), 0.0535390 secs] 5751879K->5365493K(8339648K), 0.0537760 secs] [Times: user=0.80 sys=0.00, real=0.05 secs] 
7216.516: [GC [1 CMS-initial-mark: 5334515K(7898752K)] 5367746K(8339648K), 0.0386660 secs] [Times: user=0.04 sys=0.00, real=0.04 secs] 
7216.555: [CMS-concurrent-mark-start]
7220.519: [CMS-concurrent-mark: 3.961/3.964 secs] [Times: user=42.64 sys=0.10, real=3.97 secs] 
7220.519: [CMS-concurrent-preclean-start]
7220.601: [CMS-concurrent-preclean: 0.080/0.082 secs] [Times: user=1.36 sys=0.00, real=0.08 secs] 
7220.601: [CMS-concurrent-abortable-preclean-start]
7220.919: [GC 7220.920: [ParNew: 422914K->34235K(440896K), 0.0475340 secs] 5757429K->5376208K(8339648K), 0.0477800 secs] [Times: user=0.69 sys=0.00, real=0.05 secs] 
7221.795: [CMS-concurrent-abortable-preclean: 1.131/1.194 secs] [Times: user=20.04 sys=0.03, real=1.19 secs] 
7221.798: [GC[YG occupancy: 230912 K (440896 K)]7221.798: [Rescan (parallel) , 0.0536910 secs]7221.852: [weak refs processing, 0.0014240 secs]7221.853: [class unloading, 0.0210940 secs]7221.875: [scrub symbol & string tables, 0.0187580 secs] [1 CMS-remark: 5341972K(7898752K)] 5572884K(8339648K), 0.1059670 secs] [Times: user=1.19 sys=0.00, real=0.10 secs] 
7221.905: [CMS-concurrent-sweep-start]
7222.773: [GC 7222.774: [ParNew: 426171K->26992K(440896K), 0.0323050 secs] 5767787K->5371490K(8339648K), 0.0325270 secs] [Times: user=0.44 sys=0.01, real=0.03 secs] 
7226.315: [GC 7226.315: [ParNew: 418928K->32254K(440896K), 0.0374820 secs] 5762878K->5379106K(8339648K), 0.0377180 secs] [Times: user=0.70 sys=0.00, real=0.04 secs] 
7228.019: [GC 7228.019: [ParNew: 424190K->36571K(440896K), 0.0468510 secs] 5770779K->5388451K(8339648K), 0.0470830 secs] [Times: user=0.68 sys=0.00, real=0.04 secs] 
7229.117: [CMS-concurrent-sweep: 7.087/7.212 secs] [Times: user=79.42 sys=0.08, real=7.21 secs] 
7229.117: [CMS-concurrent-reset-start]
7229.161: [CMS-concurrent-reset: 0.044/0.044 secs] [Times: user=0.05 sys=0.00, real=0.05 secs] 
7231.163: [GC [1 CMS-initial-mark: 5351862K(7898752K)] 5695477K(8339648K), 1.0065030 secs] [Times: user=1.01 sys=0.00, real=1.01 secs] 
7232.170: [CMS-concurrent-mark-start]
7232.622: [GC 7232.623: [ParNew: 428507K->29258K(440896K), 0.0501070 secs] 5780369K->5389228K(8339648K), 0.0503450 secs] [Times: user=0.70 sys=0.00, real=0.05 secs] 
7234.687: [GC 7234.687: [ParNew: 421194K->32694K(440896K), 0.0341780 secs] 5781164K->5395185K(8339648K), 0.0344140 secs] [Times: user=0.59 sys=0.00, real=0.04 secs] 
7236.950: [GC 7236.950: [ParNew: 424630K->31831K(440896K), 0.0417950 secs] 5787121K->5402062K(8339648K), 0.0420370 secs] [Times: user=0.43 sys=0.01, real=0.04 secs] 
7238.219: [CMS-concurrent-mark: 5.889/6.049 secs] [Times: user=107.54 sys=0.08, real=6.05 secs] 
7238.219: [CMS-concurrent-preclean-start]
7238.587: [CMS-concurrent-preclean: 0.352/0.368 secs] [Times: user=0.36 sys=0.00, real=0.36 secs] 
7238.587: [CMS-concurrent-abortable-preclean-start]
7241.708: [GC 7241.708: [ParNew: 423767K->36055K(440896K), 0.0428430 secs] 5793998K->5408829K(8339648K), 0.0430780 secs] [Times: user=0.75 sys=0.01, real=0.04 secs] 
7242.651: [CMS-concurrent-abortable-preclean: 3.288/4.065 secs] [Times: user=44.48 sys=0.04, real=4.07 secs] 
7242.654: [GC[YG occupancy: 243150 K (440896 K)]7242.655: [Rescan (parallel) , 0.0685060 secs]7242.723: [weak refs processing, 0.0014600 secs]7242.725: [class unloading, 0.0218700 secs]7242.747: [scrub symbol & string tables, 0.0187230 secs] [1 CMS-remark: 5372774K(7898752K)] 5615924K(8339648K), 0.1219130 secs] [Times: user=1.62 sys=0.00, real=0.12 secs] 
7242.777: [CMS-concurrent-sweep-start]
7243.603: [GC 7243.603: [ParNew: 427991K->32971K(440896K), 0.0798840 secs] 5800484K->5413472K(8339648K), 0.0801220 secs] [Times: user=1.55 sys=0.01, real=0.08 secs] 
7246.610: [GC 7246.611: [ParNew: 424907K->32693K(440896K), 0.0338630 secs] 5804704K->5415653K(8339648K), 0.0340990 secs] [Times: user=0.46 sys=0.00, real=0.03 secs] 
7249.994: [CMS-concurrent-sweep: 7.094/7.217 secs] [Times: user=63.72 sys=0.11, real=7.22 secs] 
7249.994: [CMS-concurrent-reset-start]
7250.037: [CMS-concurrent-reset: 0.044/0.044 secs] [Times: user=0.04 sys=0.00, real=0.04 secs] 
7251.297: [GC 7251.298: [ParNew: 424629K->35777K(440896K), 0.0420480 secs] 5807484K->5424039K(8339648K), 0.0423060 secs] [Times: user=0.81 sys=0.01, real=0.04 secs] 
7251.341: [GC [1 CMS-initial-mark: 5388261K(7898752K)] 5424446K(8339648K), 0.0512920 secs] [Times: user=0.05 sys=0.00, real=0.05 secs] 
7251.392: [CMS-concurrent-mark-start]
7253.189: [GC 7253.189: [ParNew: 427713K->35449K(440896K), 0.0413330 secs] 5815975K->5431319K(8339648K), 0.0415650 secs] [Times: user=0.47 sys=0.00, real=0.04 secs] 
7256.361: [GC 7256.362: [ParNew: 427385K->35521K(440896K), 0.0324340 secs] 5823255K->5434646K(8339648K), 0.0326770 secs] [Times: user=0.43 sys=0.00, real=0.03 secs] 
7257.181: [CMS-concurrent-mark: 5.707/5.789 secs] [Times: user=104.73 sys=0.10, real=5.79 secs] 
7257.181: [CMS-concurrent-preclean-start]
7257.615: [CMS-concurrent-preclean: 0.414/0.433 secs] [Times: user=7.57 sys=0.06, real=0.43 secs] 
7257.615: [CMS-concurrent-abortable-preclean-start]
7258.055: [GC 7258.055: [ParNew: 427457K->43320K(440896K), 0.0355290 secs] 5826582K->5447540K(8339648K), 0.0357640 secs] [Times: user=0.70 sys=0.00, real=0.04 secs] 
7260.388: [CMS-concurrent-abortable-preclean: 2.212/2.773 secs] [Times: user=25.38 sys=0.06, real=2.78 secs] 
7260.390: [GC[YG occupancy: 267858 K (440896 K)]7260.391: [Rescan (parallel) , 0.1812640 secs]7260.572: [weak refs processing, 0.0013960 secs]7260.573: [class unloading, 0.0289060 secs]7260.602: [scrub symbol & string tables, 0.0235220 secs] [1 CMS-remark: 5404219K(7898752K)] 5672078K(8339648K), 0.2525530 secs] [Times: user=3.96 sys=0.00, real=0.25 secs] 
7260.644: [CMS-concurrent-sweep-start]
7261.569: [GC 7261.569: [ParNew: 435256K->39595K(440896K), 0.0447620 secs] 5838934K->5451278K(8339648K), 0.0450170 secs] [Times: user=0.62 sys=0.00, real=0.04 secs] 
7265.735: [GC 7265.735: [ParNew: 431531K->37383K(440896K), 0.0495790 secs] 5842417K->5453594K(8339648K), 0.0498640 secs] [Times: user=0.93 sys=0.00, real=0.05 secs] 
7267.590: [GC 7267.590: [ParNew: 429319K->37909K(440896K), 0.0371830 secs] 5845148K->5458993K(8339648K), 0.0374190 secs] [Times: user=0.46 sys=0.00, real=0.04 secs] 
7268.267: [CMS-concurrent-sweep: 7.483/7.624 secs] [Times: user=91.38 sys=0.07, real=7.63 secs] 
7268.267: [CMS-concurrent-reset-start]
7268.317: [CMS-concurrent-reset: 0.050/0.050 secs] [Times: user=0.84 sys=0.00, real=0.05 secs] 
7270.320: [GC [1 CMS-initial-mark: 5421079K(7898752K)] 5698255K(8339648K), 0.8737260 secs] [Times: user=0.87 sys=0.00, real=0.87 secs] 
7271.194: [CMS-concurrent-mark-start]
7272.017: [GC 7272.017: [ParNew: 429845K->37558K(440896K), 0.0464400 secs] 5850925K->5464394K(8339648K), 0.0466810 secs] [Times: user=0.83 sys=0.00, real=0.05 secs] 
7273.647: [GC 7273.648: [ParNew: 429494K->38843K(440896K), 0.0391910 secs] 5856330K->5473446K(8339648K), 0.0394360 secs] [Times: user=0.56 sys=0.02, real=0.04 secs] 
7275.975: [GC 7275.975: [ParNew: 430779K->28273K(440896K), 0.0400860 secs] 5865382K->5470880K(8339648K), 0.0403250 secs] [Times: user=0.69 sys=0.01, real=0.04 secs] 
7276.829: [CMS-concurrent-mark: 5.499/5.635 secs] [Times: user=113.79 sys=0.13, real=5.64 secs] 
7276.829: [CMS-concurrent-preclean-start]
7277.351: [CMS-concurrent-preclean: 0.498/0.522 secs] [Times: user=9.13 sys=0.00, real=0.52 secs] 
7277.351: [CMS-concurrent-abortable-preclean-start]
7280.538: [GC 7280.538: [ParNew: 420209K->33448K(440896K), 0.0452080 secs] 5862816K->5478658K(8339648K), 0.0454970 secs] [Times: user=0.75 sys=0.00, real=0.04 secs] 
7281.716: [CMS-concurrent-abortable-preclean: 3.122/4.365 secs] [Times: user=28.65 sys=0.05, real=4.36 secs] 
7281.719: [GC[YG occupancy: 241823 K (440896 K)]7281.719: [Rescan (parallel) , 0.0770050 secs]7281.796: [weak refs processing, 0.0015900 secs]7281.798: [class unloading, 0.0214170 secs]7281.819: [scrub symbol & string tables, 0.0187260 secs] [1 CMS-remark: 5445210K(7898752K)] 5687033K(8339648K), 0.1302680 secs] [Times: user=1.63 sys=0.01, real=0.13 secs] 
7281.850: [CMS-concurrent-sweep-start]
7282.700: [GC 7282.700: [ParNew: 425384K->32837K(440896K), 0.0439640 secs] 5870181K->5485548K(8339648K), 0.0442000 secs] [Times: user=0.67 sys=0.00, real=0.04 secs] 
7286.007: [GC 7286.007: [ParNew: 424773K->36078K(440896K), 0.0379540 secs] 5876506K->5490578K(8339648K), 0.0381940 secs] [Times: user=0.68 sys=0.01, real=0.04 secs] 
7287.800: [GC 7287.800: [ParNew: 428014K->36890K(440896K), 0.0415080 secs] 5882509K->5496919K(8339648K), 0.0417460 secs] [Times: user=0.69 sys=0.00, real=0.04 secs] 
7290.283: [CMS-concurrent-sweep: 8.301/8.434 secs] [Times: user=96.71 sys=0.14, real=8.43 secs] 
7290.284: [CMS-concurrent-reset-start]
7290.348: [CMS-concurrent-reset: 0.064/0.064 secs] [Times: user=1.13 sys=0.00, real=0.06 secs] 
7291.231: [GC 7291.231: [ParNew: 428826K->34693K(440896K), 0.0449660 secs] 5888602K->5502782K(8339648K), 0.0452340 secs] [Times: user=0.68 sys=0.01, real=0.04 secs] 
7291.278: [GC [1 CMS-initial-mark: 5468088K(7898752K)] 5503264K(8339648K), 0.0409730 secs] [Times: user=0.04 sys=0.00, real=0.04 secs] 
7291.319: [CMS-concurrent-mark-start]
7295.564: [GC 7295.565: [ParNew: 426629K->32191K(440896K), 0.0357940 secs] 5894718K->5503500K(8339648K), 0.0360670 secs] [Times: user=0.70 sys=0.00, real=0.04 secs] 
7296.330: [CMS-concurrent-mark: 4.973/5.011 secs] [Times: user=71.98 sys=0.05, real=5.01 secs] 
7296.330: [CMS-concurrent-preclean-start]
7296.666: [CMS-concurrent-preclean: 0.321/0.336 secs] [Times: user=5.72 sys=0.01, real=0.33 secs] 
7296.667: [CMS-concurrent-abortable-preclean-start]
7297.438: [GC 7297.438: [ParNew: 424127K->32885K(440896K), 0.0390270 secs] 5895436K->5511529K(8339648K), 0.0392610 secs] [Times: user=0.42 sys=0.01, real=0.04 secs] 
7298.356: [CMS-concurrent-abortable-preclean: 1.625/1.690 secs] [Times: user=28.54 sys=0.04, real=1.69 secs] 
7298.359: [GC[YG occupancy: 239620 K (440896 K)]7298.359: [Rescan (parallel) , 0.0667740 secs]7298.426: [weak refs processing, 0.0012640 secs]7298.427: [class unloading, 0.0207430 secs]7298.448: [scrub symbol & string tables, 0.0187200 secs] [1 CMS-remark: 5478643K(7898752K)] 5718264K(8339648K), 0.1188100 secs] [Times: user=1.39 sys=0.00, real=0.12 secs] 
7298.478: [CMS-concurrent-sweep-start]
7300.969: [GC 7300.969: [ParNew: 424821K->35601K(440896K), 0.0379890 secs] 5902177K->5516671K(8339648K), 0.0382230 secs] [Times: user=0.54 sys=0.00, real=0.03 secs] 
7302.606: [GC 7302.606: [ParNew: 427537K->33799K(440896K), 0.0370180 secs] 5908470K->5520063K(8339648K), 0.0372550 secs] [Times: user=0.70 sys=0.00, real=0.04 secs] 
7305.747: [GC 7305.747: [ParNew: 425735K->31020K(440896K), 0.0476510 secs] 5910539K->5523833K(8339648K), 0.0479300 secs] [Times: user=0.83 sys=0.00, real=0.05 secs] 
7305.818: [CMS-concurrent-sweep: 7.203/7.340 secs] [Times: user=75.34 sys=0.12, real=7.34 secs] 
7305.818: [CMS-concurrent-reset-start]
7305.869: [CMS-concurrent-reset: 0.051/0.051 secs] [Times: user=0.89 sys=0.00, real=0.05 secs] 
7307.870: [GC [1 CMS-initial-mark: 5492812K(7898752K)] 5874790K(8339648K), 1.1310280 secs] [Times: user=1.14 sys=0.00, real=1.13 secs] 
7309.002: [CMS-concurrent-mark-start]
7310.127: [GC 7310.127: [ParNew: 422956K->36264K(440896K), 0.0370140 secs] 5915769K->5531993K(8339648K), 0.0372940 secs] [Times: user=0.58 sys=0.00, real=0.04 secs] 
7311.947: [GC 7311.947: [ParNew: 428200K->35680K(440896K), 0.0373850 secs] 5923929K->5538559K(8339648K), 0.0376190 secs] [Times: user=0.60 sys=0.01, real=0.04 secs] 
7314.496: [CMS-concurrent-mark: 5.413/5.494 secs] [Times: user=87.94 sys=0.09, real=5.49 secs] 
7314.496: [CMS-concurrent-preclean-start]
7314.710: [CMS-concurrent-preclean: 0.206/0.215 secs] [Times: user=0.22 sys=0.00, real=0.22 secs] 
7314.710: [CMS-concurrent-abortable-preclean-start]
7315.287: [GC 7315.288: [ParNew: 427616K->31632K(440896K), 0.0468110 secs] 5930495K->5538478K(8339648K), 0.0470710 secs] [Times: user=0.81 sys=0.01, real=0.04 secs] 
7316.279: [CMS-concurrent-abortable-preclean: 1.305/1.569 secs] [Times: user=21.99 sys=0.03, real=1.57 secs] 
7316.286: [GC[YG occupancy: 230213 K (440896 K)]7316.286: [Rescan (parallel) , 0.0627650 secs]7316.349: [weak refs processing, 0.0015430 secs]7316.351: [class unloading, 0.0211560 secs]7316.372: [scrub symbol & string tables, 0.0187330 secs] [1 CMS-remark: 5506845K(7898752K)] 5737059K(8339648K), 0.1153020 secs] [Times: user=1.40 sys=0.00, real=0.12 secs] 
7316.402: [CMS-concurrent-sweep-start]
7317.205: [GC 7317.205: [ParNew: 423568K->30458K(440896K), 0.0334060 secs] 5929852K->5541986K(8339648K), 0.0336370 secs] [Times: user=0.66 sys=0.00, real=0.04 secs] 
7320.451: [GC 7320.451: [ParNew: 422394K->31091K(440896K), 0.0475150 secs] 5933148K->5549824K(8339648K), 0.0477940 secs] [Times: user=0.70 sys=0.00, real=0.05 secs] 
7323.370: [GC 7323.370: [ParNew: 423027K->28392K(440896K), 0.0342890 secs] 5941646K->5550308K(8339648K), 0.0348410 secs] [Times: user=0.46 sys=0.00, real=0.03 secs] 
7323.557: [CMS-concurrent-sweep: 7.030/7.154 secs] [Times: user=76.86 sys=0.08, real=7.15 secs] 
7323.557: [CMS-concurrent-reset-start]
7323.603: [CMS-concurrent-reset: 0.046/0.046 secs] [Times: user=0.05 sys=0.00, real=0.05 secs] 
7325.607: [GC [1 CMS-initial-mark: 5521914K(7898752K)] 5665682K(8339648K), 0.4374750 secs] [Times: user=0.44 sys=0.00, real=0.44 secs] 
7326.045: [CMS-concurrent-mark-start]
7327.496: [GC 7327.496: [ParNew: 420328K->32924K(440896K), 0.0341040 secs] 5942243K->5560244K(8339648K), 0.0343430 secs] [Times: user=0.68 sys=0.00, real=0.04 secs] 
7330.390: [GC 7330.390: [ParNew: 424860K->37677K(440896K), 0.0323920 secs] 5952180K->5568011K(8339648K), 0.0326330 secs] [Times: user=0.46 sys=0.00, real=0.03 secs] 
7332.255: [GC 7332.255: [ParNew: 429613K->35611K(440896K), 0.0387540 secs] 5959947K->5573114K(8339648K), 0.0389870 secs] [Times: user=0.70 sys=0.00, real=0.04 secs] 
7332.973: [CMS-concurrent-mark: 6.815/6.928 secs] [Times: user=134.70 sys=0.11, real=6.93 secs] 
7332.973: [CMS-concurrent-preclean-start]
7333.408: [CMS-concurrent-preclean: 0.416/0.435 secs] [Times: user=7.41 sys=0.00, real=0.44 secs] 
7333.408: [CMS-concurrent-abortable-preclean-start]
7335.288: [GC 7335.288: [ParNew: 427547K->29821K(440896K), 0.0435030 secs] 5965050K->5571349K(8339648K), 0.0437830 secs] [Times: user=0.72 sys=0.00, real=0.04 secs] 
7336.350: [CMS-concurrent-abortable-preclean: 2.267/2.942 secs] [Times: user=31.35 sys=0.04, real=2.94 secs] 
7336.353: [GC[YG occupancy: 227677 K (440896 K)]7336.353: [Rescan (parallel) , 0.0697150 secs]7336.423: [weak refs processing, 0.0012360 secs]7336.424: [class unloading, 0.0212510 secs]7336.446: [scrub symbol & string tables, 0.0187150 secs] [1 CMS-remark: 5541528K(7898752K)] 5769205K(8339648K), 0.1223960 secs] [Times: user=1.61 sys=0.00, real=0.12 secs] 
7336.476: [CMS-concurrent-sweep-start]
7337.313: [GC 7337.313: [ParNew: 421757K->30893K(440896K), 0.0411260 secs] 5962906K->5579445K(8339648K), 0.0413950 secs] [Times: user=0.70 sys=0.00, real=0.04 secs] 
7341.563: [GC 7341.564: [ParNew: 422829K->33102K(440896K), 0.0366580 secs] 5970874K->5586530K(8339648K), 0.0368970 secs] [Times: user=0.70 sys=0.00, real=0.04 secs] 
7343.691: [CMS-concurrent-sweep: 7.130/7.214 secs] [Times: user=74.87 sys=0.07, real=7.22 secs] 
7343.691: [CMS-concurrent-reset-start]
7343.734: [CMS-concurrent-reset: 0.044/0.044 secs] [Times: user=0.08 sys=0.00, real=0.04 secs] 
7345.072: [GC 7345.072: [ParNew: 425038K->35153K(440896K), 0.0462330 secs] 5977978K->5591080K(8339648K), 0.0465070 secs] [Times: user=0.93 sys=0.00, real=0.05 secs] 
7345.119: [GC [1 CMS-initial-mark: 5555927K(7898752K)] 5591630K(8339648K), 0.1111120 secs] [Times: user=0.11 sys=0.00, real=0.11 secs] 
7345.231: [CMS-concurrent-mark-start]
7347.121: [GC 7347.122: [ParNew: 427089K->37703K(440896K), 0.0368500 secs] 5983016K->5598832K(8339648K), 0.0370910 secs] [Times: user=0.47 sys=0.01, real=0.04 secs] 
7350.265: [GC 7350.265: [ParNew: 429639K->36765K(440896K), 0.0388180 secs] 5990768K->5603199K(8339648K), 0.0390610 secs] [Times: user=0.69 sys=0.01, real=0.04 secs] 
7350.571: [CMS-concurrent-mark: 5.259/5.340 secs] [Times: user=92.55 sys=0.05, real=5.34 secs] 
7350.571: [CMS-concurrent-preclean-start]
7350.864: [CMS-concurrent-preclean: 0.287/0.294 secs] [Times: user=4.92 sys=0.01, real=0.29 secs] 
7350.864: [CMS-concurrent-abortable-preclean-start]
7351.964: [GC 7351.964: [ParNew: 428701K->32371K(440896K), 0.0430420 secs] 5995135K->5606437K(8339648K), 0.0432910 secs] [Times: user=0.70 sys=0.02, real=0.05 secs] 
 CMS: abort preclean due to time 7355.893: [CMS-concurrent-abortable-preclean: 3.767/5.029 secs] [Times: user=36.04 sys=0.14, real=5.03 secs] 
7355.896: [GC[YG occupancy: 198843 K (440896 K)]7355.896: [Rescan (parallel) , 0.0678140 secs]7355.964: [weak refs processing, 0.0015950 secs]7355.966: [class unloading, 0.0267420 secs]7355.993: [scrub symbol & string tables, 0.0222870 secs] [1 CMS-remark: 5574065K(7898752K)] 5772909K(8339648K), 0.1336870 secs] [Times: user=1.63 sys=0.00, real=0.14 secs] 
7356.030: [CMS-concurrent-sweep-start]
7357.151: [GC 7357.151: [ParNew: 424307K->35092K(440896K), 0.0665810 secs] 5996146K->5614803K(8339648K), 0.0668280 secs] [Times: user=0.76 sys=0.00, real=0.07 secs] 
7360.483: [GC 7360.483: [ParNew: 427028K->35392K(440896K), 0.0471160 secs] 5893390K->5504890K(8339648K), 0.0473920 secs] [Times: user=0.91 sys=0.00, real=0.05 secs] 
7362.328: [GC 7362.328: [ParNew: 427328K->36474K(440896K), 0.0675890 secs] 5799110K->5413536K(8339648K), 0.0678200 secs] [Times: user=1.21 sys=0.00, real=0.06 secs] 
7363.933: [CMS-concurrent-sweep: 7.712/7.903 secs] [Times: user=107.25 sys=0.11, real=7.90 secs] 
7363.933: [CMS-concurrent-reset-start]
7363.977: [CMS-concurrent-reset: 0.044/0.044 secs] [Times: user=0.07 sys=0.00, real=0.04 secs] 
7365.415: [GC 7365.415: [ParNew: 428410K->34337K(440896K), 0.0413740 secs] 5744464K->5353477K(8339648K), 0.0416550 secs] [Times: user=0.74 sys=0.01, real=0.04 secs] 
7365.458: [GC [1 CMS-initial-mark: 5319140K(7898752K)] 5355270K(8339648K), 0.0830400 secs] [Times: user=0.08 sys=0.00, real=0.08 secs] 
7365.541: [CMS-concurrent-mark-start]
7367.421: [GC 7367.422: [ParNew: 426273K->33371K(440896K), 0.0471960 secs] 5745413K->5362393K(8339648K), 0.0474560 secs] [Times: user=0.47 sys=0.03, real=0.05 secs] 
7370.286: [CMS-concurrent-mark: 4.695/4.745 secs] [Times: user=67.06 sys=0.14, real=4.74 secs] 
7370.286: [CMS-concurrent-preclean-start]
7370.892: [CMS-concurrent-preclean: 0.574/0.606 secs] [Times: user=10.29 sys=0.02, real=0.61 secs] 
7370.892: [CMS-concurrent-abortable-preclean-start]
7371.279: [GC 7371.279: [ParNew: 425307K->31222K(440896K), 0.1265790 secs] 5754329K->5365743K(8339648K), 0.1268170 secs] [Times: user=2.48 sys=0.01, real=0.12 secs] 
7372.416: [CMS-concurrent-abortable-preclean: 1.380/1.524 secs] [Times: user=26.29 sys=0.04, real=1.52 secs] 
7372.419: [GC[YG occupancy: 246209 K (440896 K)]7372.419: [Rescan (parallel) , 0.0585280 secs]7372.478: [weak refs processing, 0.0013650 secs]7372.479: [class unloading, 0.0207880 secs]7372.500: [scrub symbol & string tables, 0.0187260 secs] [1 CMS-remark: 5334521K(7898752K)] 5580730K(8339648K), 0.1108310 secs] [Times: user=1.16 sys=0.02, real=0.11 secs] 
7372.531: [CMS-concurrent-sweep-start]
7374.381: [GC 7374.381: [ParNew: 423158K->39962K(440896K), 0.1578040 secs] 5756425K->5376164K(8339648K), 0.1580760 secs] [Times: user=3.23 sys=0.00, real=0.16 secs] 
7376.904: [GC 7376.904: [ParNew: 431898K->38497K(440896K), 0.1260160 secs] 5767655K->5380712K(8339648K), 0.1262500 secs] [Times: user=2.55 sys=0.00, real=0.13 secs] 
7379.867: [CMS-concurrent-sweep: 7.048/7.337 secs] [Times: user=78.03 sys=0.10, real=7.33 secs] 
7379.867: [CMS-concurrent-reset-start]
7379.911: [CMS-concurrent-reset: 0.044/0.044 secs] [Times: user=0.10 sys=0.00, real=0.05 secs] 
7380.293: [GC 7380.293: [ParNew: 430433K->43062K(440896K), 0.1362580 secs] 5771594K->5388286K(8339648K), 0.1365230 secs] [Times: user=2.78 sys=0.00, real=0.14 secs] 
7380.430: [GC [1 CMS-initial-mark: 5345223K(7898752K)] 5388721K(8339648K), 0.1184600 secs] [Times: user=0.12 sys=0.00, real=0.12 secs] 
7380.549: [CMS-concurrent-mark-start]
7382.458: [GC 7382.458: [ParNew: 434998K->38416K(440896K), 0.2025030 secs] 5780222K->5394514K(8339648K), 0.2027390 secs] [Times: user=3.92 sys=0.00, real=0.20 secs] 
7385.765: [CMS-concurrent-mark: 5.010/5.215 secs] [Times: user=83.14 sys=0.06, real=5.21 secs] 
7385.765: [CMS-concurrent-preclean-start]
7386.228: [GC 7386.229: [ParNew: 430352K->35195K(440896K), 0.0674940 secs] 5786450K->5398388K(8339648K), 0.0677340 secs] [Times: user=1.00 sys=0.01, real=0.06 secs] 
7386.309: [CMS-concurrent-preclean: 0.456/0.544 secs] [Times: user=9.10 sys=0.01, real=0.55 secs] 
7386.309: [CMS-concurrent-abortable-preclean-start]
7387.077: [CMS-concurrent-abortable-preclean: 0.754/0.768 secs] [Times: user=13.08 sys=0.04, real=0.76 secs] 
7387.079: [GC[YG occupancy: 231731 K (440896 K)]7387.080: [Rescan (parallel) , 0.0682600 secs]7387.148: [weak refs processing, 0.0009750 secs]7387.149: [class unloading, 0.0196630 secs]7387.169: [scrub symbol & string tables, 0.0187030 secs] [1 CMS-remark: 5363192K(7898752K)] 5594924K(8339648K), 0.1189650 secs] [Times: user=1.37 sys=0.00, real=0.12 secs] 
7387.199: [CMS-concurrent-sweep-start]
7390.306: [GC 7390.306: [ParNew: 427131K->39900K(440896K), 0.0533220 secs] 5610236K->5226463K(8339648K), 0.0535900 secs] [Times: user=0.96 sys=0.00, real=0.06 secs] 
7392.067: [GC 7392.067: [ParNew: 431836K->41649K(440896K), 0.0845370 secs] 5616783K->5234190K(8339648K), 0.0847720 secs] [Times: user=0.82 sys=0.01, real=0.09 secs] 
7394.963: [CMS-concurrent-sweep: 7.621/7.764 secs] [Times: user=74.34 sys=0.10, real=7.76 secs] 
7394.964: [CMS-concurrent-reset-start]
7395.007: [CMS-concurrent-reset: 0.044/0.044 secs] [Times: user=0.09 sys=0.00, real=0.04 secs] 
7395.164: [GC 7395.164: [ParNew: 433585K->31778K(440896K), 0.0533140 secs] 5542605K->5146240K(8339648K), 0.0535920 secs] [Times: user=0.92 sys=0.00, real=0.06 secs] 
7395.219: [GC [1 CMS-initial-mark: 5114461K(7898752K)] 5146575K(8339648K), 0.0879460 secs] [Times: user=0.07 sys=0.00, real=0.08 secs] 
7395.307: [CMS-concurrent-mark-start]
7397.013: [GC 7397.013: [ParNew: 423714K->35485K(440896K), 0.0410410 secs] 5538176K->5155633K(8339648K), 0.0412770 secs] [Times: user=0.70 sys=0.00, real=0.04 secs] 
7399.569: [CMS-concurrent-mark: 4.217/4.262 secs] [Times: user=59.29 sys=0.05, real=4.27 secs] 
7399.569: [CMS-concurrent-preclean-start]
7399.823: [CMS-concurrent-preclean: 0.244/0.254 secs] [Times: user=0.26 sys=0.00, real=0.25 secs] 
7399.823: [CMS-concurrent-abortable-preclean-start]
7401.374: [GC 7401.374: [ParNew: 427421K->34417K(440896K), 0.0533160 secs] 5547569K->5162576K(8339648K), 0.0535590 secs] [Times: user=0.88 sys=0.00, real=0.06 secs] 
7402.358: [CMS-concurrent-abortable-preclean: 2.360/2.535 secs] [Times: user=39.21 sys=0.04, real=2.54 secs] 
7402.361: [GC[YG occupancy: 250867 K (440896 K)]7402.361: [Rescan (parallel) , 0.0685320 secs]7402.430: [weak refs processing, 0.0024850 secs]7402.432: [class unloading, 0.0209530 secs]7402.453: [scrub symbol & string tables, 0.0187290 secs] [1 CMS-remark: 5128159K(7898752K)] 5379026K(8339648K), 0.1226740 secs] [Times: user=1.38 sys=0.00, real=0.12 secs] 
7402.484: [CMS-concurrent-sweep-start]
7403.243: [GC 7403.243: [ParNew: 426353K->34458K(440896K), 0.0375900 secs] 5553813K->5164931K(8339648K), 0.0378210 secs] [Times: user=0.70 sys=0.00, real=0.04 secs] 
7406.714: [GC 7406.715: [ParNew: 426394K->35488K(440896K), 0.0504570 secs] 5425700K->5040893K(8339648K), 0.0506980 secs] [Times: user=0.51 sys=0.00, real=0.05 secs] 
7409.585: [CMS-concurrent-sweep: 7.007/7.101 secs] [Times: user=75.60 sys=0.05, real=7.10 secs] 
7409.585: [CMS-concurrent-reset-start]
7409.604: [GC 7409.604: [ParNew: 427424K->36981K(440896K), 0.0469270 secs] 5422012K->5036889K(8339648K), 0.0472090 secs] [Times: user=0.70 sys=0.00, real=0.05 secs] 
7409.678: [CMS-concurrent-reset: 0.044/0.092 secs] [Times: user=0.78 sys=0.00, real=0.09 secs] 
7411.680: [GC [1 CMS-initial-mark: 4999907K(7898752K)] 5379246K(8339648K), 0.9006730 secs] [Times: user=0.90 sys=0.00, real=0.90 secs] 
7412.581: [CMS-concurrent-mark-start]
7412.833: [GC 7412.834: [ParNew: 428917K->35686K(440896K), 0.0636250 secs] 5428825K->5043811K(8339648K), 0.0638650 secs] [Times: user=1.01 sys=0.00, real=0.07 secs] 
7415.386: [GC 7415.386: [ParNew: 427622K->36533K(440896K), 0.0376080 secs] 5435747K->5047666K(8339648K), 0.0378440 secs] [Times: user=0.67 sys=0.00, real=0.04 secs] 
7417.120: [GC 7417.120: [ParNew: 428469K->32007K(440896K), 0.0405730 secs] 5439602K->5048621K(8339648K), 0.0408120 secs] [Times: user=0.47 sys=0.00, real=0.04 secs] 
7417.571: [CMS-concurrent-mark: 4.838/4.990 secs] [Times: user=91.81 sys=0.05, real=4.99 secs] 
7417.571: [CMS-concurrent-preclean-start]
7418.062: [CMS-concurrent-preclean: 0.473/0.491 secs] [Times: user=0.53 sys=0.00, real=0.49 secs] 
7418.062: [CMS-concurrent-abortable-preclean-start]
7421.226: [GC 7421.226: [ParNew: 423943K->36045K(440896K), 0.0447590 secs] 5440557K->5058238K(8339648K), 0.0449950 secs] [Times: user=0.79 sys=0.01, real=0.05 secs] 
7422.248: [CMS-concurrent-abortable-preclean: 3.608/4.186 secs] [Times: user=46.46 sys=0.04, real=4.19 secs] 
7422.251: [GC[YG occupancy: 252896 K (440896 K)]7422.251: [Rescan (parallel) , 0.0879590 secs]7422.339: [weak refs processing, 0.0015940 secs]7422.341: [class unloading, 0.0214150 secs]7422.362: [scrub symbol & string tables, 0.0187100 secs] [1 CMS-remark: 5022193K(7898752K)] 5275089K(8339648K), 0.1410390 secs] [Times: user=1.66 sys=0.00, real=0.14 secs] 
7422.392: [CMS-concurrent-sweep-start]
7423.227: [GC 7423.227: [ParNew: 427981K->33482K(440896K), 0.0672420 secs] 5449333K->5062010K(8339648K), 0.0674770 secs] [Times: user=0.70 sys=0.01, real=0.07 secs] 
7426.093: [GC 7426.093: [ParNew: 425418K->26735K(440896K), 0.0393850 secs] 5356108K->4962715K(8339648K), 0.0396260 secs] [Times: user=0.57 sys=0.01, real=0.04 secs] 
7429.732: [CMS-concurrent-sweep: 7.228/7.340 secs] [Times: user=63.65 sys=0.06, real=7.34 secs] 
7429.732: [CMS-concurrent-reset-start]
7429.784: [CMS-concurrent-reset: 0.052/0.052 secs] [Times: user=0.84 sys=0.00, real=0.05 secs] 
7430.631: [GC 7430.631: [ParNew: 418671K->34936K(440896K), 0.0336120 secs] 5220636K->4839493K(8339648K), 0.0338490 secs] [Times: user=0.46 sys=0.00, real=0.03 secs] 
7430.666: [GC [1 CMS-initial-mark: 4804556K(7898752K)] 4840056K(8339648K), 0.0494980 secs] [Times: user=0.05 sys=0.00, real=0.05 secs] 
7430.715: [CMS-concurrent-mark-start]
7432.515: [GC 7432.516: [ParNew: 426872K->32123K(440896K), 0.0415370 secs] 5231429K->4844520K(8339648K), 0.0417750 secs] [Times: user=0.64 sys=0.00, real=0.05 secs] 
7435.196: [CMS-concurrent-mark: 4.435/4.480 secs] [Times: user=68.30 sys=0.07, real=4.48 secs] 
7435.196: [CMS-concurrent-preclean-start]
7435.810: [CMS-concurrent-preclean: 0.581/0.614 secs] [Times: user=10.53 sys=0.00, real=0.62 secs] 
7435.810: [CMS-concurrent-abortable-preclean-start]
7436.148: [GC 7436.148: [ParNew: 424059K->35510K(440896K), 0.0356990 secs] 5236456K->4850807K(8339648K), 0.0359360 secs] [Times: user=0.51 sys=0.00, real=0.03 secs] 
7437.058: [CMS-concurrent-abortable-preclean: 1.193/1.248 secs] [Times: user=21.16 sys=0.02, real=1.25 secs] 
7437.061: [GC[YG occupancy: 249160 K (440896 K)]7437.061: [Rescan (parallel) , 0.0634680 secs]7437.124: [weak refs processing, 0.0015510 secs]7437.126: [class unloading, 0.0214100 secs]7437.147: [scrub symbol & string tables, 0.0187150 secs] [1 CMS-remark: 4815297K(7898752K)] 5064457K(8339648K), 0.1163130 secs] [Times: user=1.39 sys=0.00, real=0.11 secs] 
7437.177: [CMS-concurrent-sweep-start]
7437.924: [GC 7437.924: [ParNew: 427446K->34558K(440896K), 0.0361670 secs] 5242208K->4854655K(8339648K), 0.0364050 secs] [Times: user=0.48 sys=0.00, real=0.04 secs] 
7441.406: [GC 7441.406: [ParNew: 426494K->31704K(440896K), 0.0523930 secs] 5243217K->4856425K(8339648K), 0.0526370 secs] [Times: user=0.91 sys=0.00, real=0.06 secs] 
7443.880: [CMS-concurrent-sweep: 6.609/6.703 secs] [Times: user=60.20 sys=0.09, real=6.70 secs] 
7443.880: [CMS-concurrent-reset-start]
7443.925: [CMS-concurrent-reset: 0.045/0.045 secs] [Times: user=0.04 sys=0.00, real=0.04 secs] 
7445.767: [GC 7445.767: [ParNew: 423640K->36456K(440896K), 0.0355150 secs] 5239930K->4855492K(8339648K), 0.0357550 secs] [Times: user=0.66 sys=0.01, real=0.04 secs] 
7445.803: [GC [1 CMS-initial-mark: 4819036K(7898752K)] 4855929K(8339648K), 0.0491420 secs] [Times: user=0.05 sys=0.00, real=0.05 secs] 
7445.853: [CMS-concurrent-mark-start]
7449.626: [GC 7449.626: [ParNew: 428392K->39801K(440896K), 0.0580910 secs] 5247428K->4866358K(8339648K), 0.0583820 secs] [Times: user=0.84 sys=0.00, real=0.06 secs] 
7449.796: [CMS-concurrent-mark: 3.881/3.943 secs] [Times: user=51.20 sys=0.04, real=3.94 secs] 
7449.796: [CMS-concurrent-preclean-start]
7450.181: [CMS-concurrent-preclean: 0.369/0.385 secs] [Times: user=6.47 sys=0.01, real=0.39 secs] 
7450.181: [CMS-concurrent-abortable-preclean-start]
7450.654: [CMS-concurrent-abortable-preclean: 0.471/0.473 secs] [Times: user=7.99 sys=0.00, real=0.47 secs] 
7450.657: [GC[YG occupancy: 241754 K (440896 K)]7450.657: [Rescan (parallel) , 0.0896960 secs]7450.747: [weak refs processing, 0.0012750 secs]7450.748: [class unloading, 0.0207370 secs]7450.769: [scrub symbol & string tables, 0.0188640 secs] [1 CMS-remark: 4826556K(7898752K)] 5068311K(8339648K), 0.1422880 secs] [Times: user=2.00 sys=0.02, real=0.15 secs] 
7450.800: [CMS-concurrent-sweep-start]
7451.655: [GC 7451.656: [ParNew: 431737K->39129K(440896K), 0.0358570 secs] 5258264K->4868548K(8339648K), 0.0360900 secs] [Times: user=0.62 sys=0.01, real=0.04 secs] 
7454.697: [GC 7454.697: [ParNew: 431065K->40744K(440896K), 0.0526610 secs] 5259737K->4874672K(8339648K), 0.0851600 secs] [Times: user=0.72 sys=0.00, real=0.09 secs] 
7456.611: [GC 7456.611: [ParNew: 432680K->35523K(440896K), 0.0595060 secs] 5266487K->4877363K(8339648K), 0.0597420 secs] [Times: user=0.71 sys=0.00, real=0.06 secs] 
7457.840: [CMS-concurrent-sweep: 6.848/7.041 secs] [Times: user=86.13 sys=0.06, real=7.04 secs] 
7457.840: [CMS-concurrent-reset-start]
7457.885: [CMS-concurrent-reset: 0.045/0.045 secs] [Times: user=0.04 sys=0.00, real=0.04 secs] 
7459.888: [GC [1 CMS-initial-mark: 4841701K(7898752K)] 5055816K(8339648K), 0.6626050 secs] [Times: user=0.67 sys=0.00, real=0.66 secs] 
7460.551: [CMS-concurrent-mark-start]
7461.632: [GC 7461.632: [ParNew: 427459K->30816K(440896K), 0.0560430 secs] 5269160K->4880903K(8339648K), 0.0562890 secs] [Times: user=0.71 sys=0.00, real=0.05 secs] 
7463.361: [GC 7463.361: [ParNew: 422752K->34443K(440896K), 0.0407790 secs] 5272839K->4887579K(8339648K), 0.0410000 secs] [Times: user=0.70 sys=0.00, real=0.04 secs] 
7465.857: [CMS-concurrent-mark: 5.203/5.307 secs] [Times: user=98.33 sys=0.05, real=5.31 secs] 
7465.858: [CMS-concurrent-preclean-start]
7466.228: [GC 7466.229: [ParNew: 426379K->33143K(440896K), 0.0496550 secs] 5279515K->4891655K(8339648K), 0.0498960 secs] [Times: user=0.70 sys=0.01, real=0.05 secs] 
7466.647: [CMS-concurrent-preclean: 0.705/0.790 secs] [Times: user=13.22 sys=0.02, real=0.78 secs] 
7466.647: [CMS-concurrent-abortable-preclean-start]
7467.143: [CMS-concurrent-abortable-preclean: 0.494/0.495 secs] [Times: user=8.45 sys=0.00, real=0.50 secs] 
7467.145: [GC[YG occupancy: 245362 K (440896 K)]7467.145: [Rescan (parallel) , 0.0601590 secs]7467.206: [weak refs processing, 0.0011000 secs]7467.207: [class unloading, 0.0205620 secs]7467.227: [scrub symbol & string tables, 0.0188680 secs] [1 CMS-remark: 4858511K(7898752K)] 5103874K(8339648K), 0.1122520 secs] [Times: user=1.39 sys=0.00, real=0.12 secs] 
7467.258: [CMS-concurrent-sweep-start]
7468.000: [GC 7468.000: [ParNew: 425079K->33948K(440896K), 0.0361690 secs] 5283093K->4894669K(8339648K), 0.0364010 secs] [Times: user=0.46 sys=0.00, real=0.03 secs] 
7471.258: [GC 7471.258: [ParNew: 425884K->30133K(440896K), 0.0547990 secs] 5286287K->4901112K(8339648K), 0.0550650 secs] [Times: user=0.73 sys=0.01, real=0.06 secs] 
7473.932: [CMS-concurrent-sweep: 6.576/6.674 secs] [Times: user=59.40 sys=0.07, real=6.67 secs] 
7473.932: [CMS-concurrent-reset-start]
7473.977: [CMS-concurrent-reset: 0.045/0.045 secs] [Times: user=0.04 sys=0.00, real=0.04 secs] 
7475.646: [GC 7475.646: [ParNew: 422069K->27687K(440896K), 0.0343990 secs] 5292999K->4901667K(8339648K), 0.0346420 secs] [Times: user=0.70 sys=0.00, real=0.04 secs] 
7475.682: [GC [1 CMS-initial-mark: 4873979K(7898752K)] 4902832K(8339648K), 0.0465710 secs] [Times: user=0.05 sys=0.00, real=0.05 secs] 
7475.728: [CMS-concurrent-mark-start]
7477.321: [GC 7477.321: [ParNew: 419623K->31492K(440896K), 0.0418540 secs] 5293603K->4910867K(8339648K), 0.0420880 secs] [Times: user=0.64 sys=0.00, real=0.04 secs] 
7479.465: [CMS-concurrent-mark: 3.691/3.736 secs] [Times: user=48.90 sys=0.00, real=3.73 secs] 
7479.465: [CMS-concurrent-preclean-start]
7479.726: [CMS-concurrent-preclean: 0.249/0.261 secs] [Times: user=2.40 sys=0.00, real=0.26 secs] 
7479.726: [CMS-concurrent-abortable-preclean-start]
7480.329: [CMS-concurrent-abortable-preclean: 0.601/0.603 secs] [Times: user=10.29 sys=0.00, real=0.61 secs] 
7480.331: [GC[YG occupancy: 229835 K (440896 K)]7480.331: [Rescan (parallel) , 0.0981140 secs]7480.429: [weak refs processing, 0.0014920 secs]7480.431: [class unloading, 0.0213180 secs]7480.452: [scrub symbol & string tables, 0.0187140 secs] [1 CMS-remark: 4879375K(7898752K)] 5109210K(8339648K), 0.1513120 secs] [Times: user=2.07 sys=0.00, real=0.15 secs] 
7480.483: [CMS-concurrent-sweep-start]
7481.283: [GC 7481.283: [ParNew: 423428K->35792K(440896K), 0.0351900 secs] 5302525K->4917723K(8339648K), 0.0354210 secs] [Times: user=0.70 sys=0.00, real=0.04 secs] 
7482.957: [GC 7482.957: [ParNew: 427728K->36108K(440896K), 0.0382040 secs] 5309092K->4922921K(8339648K), 0.0384510 secs] [Times: user=0.62 sys=0.02, real=0.04 secs] 
7486.105: [GC 7486.105: [ParNew: 428044K->30361K(440896K), 0.0503840 secs] 5314565K->4925065K(8339648K), 0.0506220 secs] [Times: user=0.86 sys=0.00, real=0.05 secs] 
7487.334: [CMS-concurrent-sweep: 6.720/6.851 secs] [Times: user=87.07 sys=0.09, real=6.85 secs] 
7487.335: [CMS-concurrent-reset-start]
7487.380: [CMS-concurrent-reset: 0.046/0.046 secs] [Times: user=0.05 sys=0.00, real=0.05 secs] 
7489.382: [GC [1 CMS-initial-mark: 4894492K(7898752K)] 5099787K(8339648K), 0.7488170 secs] [Times: user=0.75 sys=0.00, real=0.75 secs] 
7490.131: [CMS-concurrent-mark-start]
7491.186: [GC 7491.186: [ParNew: 422297K->36204K(440896K), 0.0389920 secs] 5316790K->4933605K(8339648K), 0.0392430 secs] [Times: user=0.66 sys=0.00, real=0.04 secs] 
7492.968: [GC 7492.968: [ParNew: 428140K->36528K(440896K), 0.0433450 secs] 5325541K->4941566K(8339648K), 0.0435770 secs] [Times: user=0.50 sys=0.00, real=0.04 secs] 
7494.808: [CMS-concurrent-mark: 4.589/4.677 secs] [Times: user=79.40 sys=0.04, real=4.68 secs] 
7494.808: [CMS-concurrent-preclean-start]
7495.063: [CMS-concurrent-preclean: 0.244/0.255 secs] [Times: user=0.27 sys=0.00, real=0.25 secs] 
7495.063: [CMS-concurrent-abortable-preclean-start]
7496.580: [GC 7496.581: [ParNew: 428464K->36935K(440896K), 0.0408230 secs] 5333502K->4944830K(8339648K), 0.0410620 secs] [Times: user=0.70 sys=0.00, real=0.04 secs] 
7497.503: [CMS-concurrent-abortable-preclean: 2.284/2.440 secs] [Times: user=40.41 sys=0.06, real=2.44 secs] 
7497.506: [GC[YG occupancy: 249462 K (440896 K)]7497.506: [Rescan (parallel) , 0.0647650 secs]7497.571: [weak refs processing, 0.0014070 secs]7497.572: [class unloading, 0.0209980 secs]7497.593: [scrub symbol & string tables, 0.0187270 secs] [1 CMS-remark: 4907895K(7898752K)] 5157358K(8339648K), 0.1169510 secs] [Times: user=1.42 sys=0.00, real=0.12 secs] 
7497.623: [CMS-concurrent-sweep-start]
7498.426: [GC 7498.427: [ParNew: 428871K->35988K(440896K), 0.0596970 secs] 5336256K->4948915K(8339648K), 0.0599170 secs] [Times: user=1.09 sys=0.00, real=0.06 secs] 
7501.764: [GC 7501.764: [ParNew: 427924K->34778K(440896K), 0.0517410 secs] 5340358K->4955583K(8339648K), 0.0519850 secs] [Times: user=0.74 sys=0.00, real=0.05 secs] 
7503.512: [GC 7503.512: [ParNew: 426714K->33233K(440896K), 0.0348080 secs] 5347458K->4959235K(8339648K), 0.0350450 secs] [Times: user=0.46 sys=0.00, real=0.04 secs] 
7504.524: [CMS-concurrent-sweep: 6.746/6.901 secs] [Times: user=82.11 sys=0.03, real=6.90 secs] 
7504.524: [CMS-concurrent-reset-start]
7504.570: [CMS-concurrent-reset: 0.046/0.046 secs] [Times: user=0.05 sys=0.00, real=0.05 secs] 
7506.572: [GC [1 CMS-initial-mark: 4925997K(7898752K)] 5305037K(8339648K), 1.0983070 secs] [Times: user=1.11 sys=0.00, real=1.10 secs] 
7507.671: [CMS-concurrent-mark-start]
7507.904: [GC 7507.904: [ParNew: 425169K->34512K(440896K), 0.0544470 secs] 5351166K->4966368K(8339648K), 0.0547290 secs] [Times: user=0.92 sys=0.00, real=0.06 secs] 
7512.028: [GC 7512.028: [ParNew: 426448K->35691K(440896K), 0.0323830 secs] 5358304K->4970519K(8339648K), 0.0326210 secs] [Times: user=0.58 sys=0.00, real=0.03 secs] 
7512.485: [CMS-concurrent-mark: 4.721/4.814 secs] [Times: user=69.96 sys=0.03, real=4.81 secs] 
7512.485: [CMS-concurrent-preclean-start]
7512.756: [CMS-concurrent-preclean: 0.261/0.271 secs] [Times: user=4.59 sys=0.00, real=0.27 secs] 
7512.756: [CMS-concurrent-abortable-preclean-start]
7513.729: [GC 7513.729: [ParNew: 427627K->39637K(440896K), 0.0379440 secs] 5362455K->4980749K(8339648K), 0.0381780 secs] [Times: user=0.49 sys=0.00, real=0.03 secs] 
7516.116: [CMS-concurrent-abortable-preclean: 2.703/3.359 secs] [Times: user=33.98 sys=0.01, real=3.36 secs] 
7516.119: [GC[YG occupancy: 250942 K (440896 K)]7516.119: [Rescan (parallel) , 0.0993760 secs]7516.218: [weak refs processing, 0.0014050 secs]7516.220: [class unloading, 0.0289660 secs]7516.249: [scrub symbol & string tables, 0.0235000 secs] [1 CMS-remark: 4941112K(7898752K)] 5192054K(8339648K), 0.1700080 secs] [Times: user=2.12 sys=0.01, real=0.17 secs] 
7516.289: [CMS-concurrent-sweep-start]
7517.211: [GC 7517.211: [ParNew: 431573K->33521K(440896K), 0.0477640 secs] 5372216K->4978945K(8339648K), 0.0479960 secs] [Times: user=0.81 sys=0.01, real=0.05 secs] 
7518.919: [GC 7518.920: [ParNew: 425457K->32167K(440896K), 0.0400870 secs] 5370466K->4985089K(8339648K), 0.0403270 secs] [Times: user=0.46 sys=0.01, real=0.04 secs] 
7521.829: [GC 7521.829: [ParNew: 424103K->33301K(440896K), 0.0378400 secs] 5376775K->4991737K(8339648K), 0.0381000 secs] [Times: user=0.46 sys=0.00, real=0.04 secs] 
7523.442: [CMS-concurrent-sweep: 7.017/7.153 secs] [Times: user=91.04 sys=0.11, real=7.15 secs] 
7523.442: [CMS-concurrent-reset-start]
7523.487: [CMS-concurrent-reset: 0.045/0.045 secs] [Times: user=0.05 sys=0.01, real=0.05 secs] 
7525.489: [GC [1 CMS-initial-mark: 4958198K(7898752K)] 5186533K(8339648K), 0.8766230 secs] [Times: user=0.87 sys=0.01, real=0.87 secs] 
7526.366: [CMS-concurrent-mark-start]
7527.375: [GC 7527.375: [ParNew: 425237K->35158K(440896K), 0.0346480 secs] 5383436K->4996019K(8339648K), 0.0348720 secs] [Times: user=0.70 sys=0.00, real=0.04 secs] 
7529.087: [GC 7529.087: [ParNew: 427094K->35620K(440896K), 0.0415680 secs] 5387955K->5004559K(8339648K), 0.0417970 secs] [Times: user=0.57 sys=0.01, real=0.05 secs] 
7531.350: [GC 7531.350: [ParNew: 427556K->34364K(440896K), 0.0321380 secs] 5396495K->5006417K(8339648K), 0.0323720 secs] [Times: user=0.47 sys=0.00, real=0.03 secs] 
7531.719: [CMS-concurrent-mark: 5.237/5.353 secs] [Times: user=107.41 sys=0.10, real=5.36 secs] 
7531.719: [CMS-concurrent-preclean-start]
7531.998: [CMS-concurrent-preclean: 0.269/0.279 secs] [Times: user=4.77 sys=0.00, real=0.28 secs] 
7531.998: [CMS-concurrent-abortable-preclean-start]
7533.021: [GC 7533.021: [ParNew: 426300K->31538K(440896K), 0.0365890 secs] 5398353K->5009015K(8339648K), 0.0368210 secs] [Times: user=0.53 sys=0.00, real=0.04 secs] 
7535.728: [CMS-concurrent-abortable-preclean: 2.977/3.730 secs] [Times: user=35.02 sys=0.01, real=3.72 secs] 
7535.731: [GC[YG occupancy: 248171 K (440896 K)]7535.731: [Rescan (parallel) , 0.0933490 secs]7535.825: [weak refs processing, 0.0012760 secs]7535.826: [class unloading, 0.0284690 secs]7535.855: [scrub symbol & string tables, 0.0238440 secs] [1 CMS-remark: 4977476K(7898752K)] 5225648K(8339648K), 0.1633900 secs] [Times: user=2.06 sys=0.00, real=0.16 secs] 
7535.895: [CMS-concurrent-sweep-start]
7536.872: [GC 7536.872: [ParNew: 423474K->31266K(440896K), 0.0445800 secs] 5400452K->5017052K(8339648K), 0.0448170 secs] [Times: user=0.70 sys=0.00, real=0.05 secs] 
7541.511: [GC 7541.511: [ParNew: 423202K->33632K(440896K), 0.0381170 secs] 5408138K->5023200K(8339648K), 0.0383570 secs] [Times: user=0.68 sys=0.00, real=0.04 secs] 
7543.172: [CMS-concurrent-sweep: 7.189/7.277 secs] [Times: user=78.87 sys=0.06, real=7.28 secs] 
7543.172: [CMS-concurrent-reset-start]
7543.222: [GC 7543.222: [ParNew: 425568K->34389K(440896K), 0.0350720 secs] 5415030K->5026713K(8339648K), 0.0353030 secs] [Times: user=0.66 sys=0.00, real=0.03 secs] 
7543.260: [CMS-concurrent-reset: 0.050/0.088 secs] [Times: user=1.64 sys=0.02, real=0.09 secs] 
7545.262: [GC [1 CMS-initial-mark: 4992324K(7898752K)] 5257829K(8339648K), 0.8624690 secs] [Times: user=0.86 sys=0.01, real=0.86 secs] 
7546.125: [CMS-concurrent-mark-start]
7546.955: [GC 7546.955: [ParNew: 426325K->41185K(440896K), 0.0400160 secs] 5418649K->5036490K(8339648K), 0.0402500 secs] [Times: user=0.69 sys=0.00, real=0.04 secs] 
7548.623: [GC 7548.623: [ParNew: 433121K->38725K(440896K), 0.0434600 secs] 5428426K->5041890K(8339648K), 0.0436960 secs] [Times: user=0.71 sys=0.00, real=0.04 secs] 
7550.852: [CMS-concurrent-mark: 4.638/4.727 secs] [Times: user=83.29 sys=0.07, real=4.73 secs] 
7550.852: [CMS-concurrent-preclean-start]
7551.119: [CMS-concurrent-preclean: 0.263/0.268 secs] [Times: user=0.28 sys=0.00, real=0.27 secs] 
7551.119: [CMS-concurrent-abortable-preclean-start]
7551.916: [GC 7551.916: [ParNew: 430661K->36476K(440896K), 0.0469980 secs] 5433826K->5047920K(8339648K), 0.0472380 secs] [Times: user=0.93 sys=0.00, real=0.05 secs] 
7552.869: [CMS-concurrent-abortable-preclean: 1.688/1.749 secs] [Times: user=29.92 sys=0.01, real=1.75 secs] 
7552.871: [GC[YG occupancy: 255328 K (440896 K)]7552.872: [Rescan (parallel) , 0.0711100 secs]7552.943: [weak refs processing, 0.0014540 secs]7552.944: [class unloading, 0.0213820 secs]7552.966: [scrub symbol & string tables, 0.0187270 secs] [1 CMS-remark: 5011444K(7898752K)] 5266772K(8339648K), 0.1239800 secs] [Times: user=1.48 sys=0.00, real=0.12 secs] 
7552.996: [CMS-concurrent-sweep-start]
7556.882: [GC 7556.882: [ParNew: 428412K->32119K(440896K), 0.0489480 secs] 5431934K->5038596K(8339648K), 0.0491880 secs] [Times: user=0.93 sys=0.00, real=0.05 secs] 
7558.569: [GC 7558.570: [ParNew: 424055K->34087K(440896K), 0.0676770 secs] 5423257K->5040566K(8339648K), 0.0679110 secs] [Times: user=0.72 sys=0.01, real=0.06 secs] 
7560.194: [CMS-concurrent-sweep: 7.076/7.198 secs] [Times: user=63.11 sys=0.05, real=7.20 secs] 
7560.194: [CMS-concurrent-reset-start]
7560.234: [CMS-concurrent-reset: 0.039/0.039 secs] [Times: user=0.04 sys=0.00, real=0.04 secs] 
7562.040: [GC 7562.040: [ParNew: 426023K->34793K(440896K), 0.0486980 secs] 5219502K->4833344K(8339648K), 0.0703530 secs] [Times: user=0.71 sys=0.00, real=0.07 secs] 
7562.111: [GC [1 CMS-initial-mark: 4798550K(7898752K)] 4834181K(8339648K), 0.0497740 secs] [Times: user=0.05 sys=0.00, real=0.05 secs] 
7562.161: [CMS-concurrent-mark-start]
7563.871: [GC 7563.871: [ParNew: 426729K->35089K(440896K), 0.0385460 secs] 5225280K->4839139K(8339648K), 0.0387820 secs] [Times: user=0.47 sys=0.00, real=0.04 secs] 
7565.943: [GC 7565.943: [ParNew: 427025K->32234K(440896K), 0.0440890 secs] 5231075K->4844602K(8339648K), 0.0443290 secs] [Times: user=0.68 sys=0.01, real=0.05 secs] 
7566.581: [CMS-concurrent-mark: 4.332/4.420 secs] [Times: user=88.05 sys=0.12, real=4.42 secs] 
7566.582: [CMS-concurrent-preclean-start]
7566.949: [CMS-concurrent-preclean: 0.351/0.368 secs] [Times: user=4.07 sys=0.01, real=0.37 secs] 
7566.949: [CMS-concurrent-abortable-preclean-start]
7571.015: [GC 7571.015: [ParNew: 424170K->31416K(440896K), 0.0409840 secs] 5236538K->4846897K(8339648K), 0.0412230 secs] [Times: user=0.62 sys=0.00, real=0.04 secs] 
7571.924: [CMS-concurrent-abortable-preclean: 3.511/4.975 secs] [Times: user=31.55 sys=0.05, real=4.97 secs] 
7571.927: [GC[YG occupancy: 243183 K (440896 K)]7571.927: [Rescan (parallel) , 0.0707330 secs]7571.998: [weak refs processing, 0.0015830 secs]7572.000: [class unloading, 0.0213110 secs]7572.021: [scrub symbol & string tables, 0.0187330 secs] [1 CMS-remark: 4815480K(7898752K)] 5058664K(8339648K), 0.1236990 secs] [Times: user=1.55 sys=0.00, real=0.13 secs] 
7572.051: [CMS-concurrent-sweep-start]
7572.792: [GC 7572.792: [ParNew: 423352K->34704K(440896K), 0.0458620 secs] 5238368K->4855852K(8339648K), 0.0461000 secs] [Times: user=0.71 sys=0.00, real=0.05 secs] 
7575.755: [GC 7575.755: [ParNew: 426640K->34305K(440896K), 0.0475000 secs] 5246519K->4858848K(8339648K), 0.0477870 secs] [Times: user=0.77 sys=0.00, real=0.05 secs] 
7577.508: [GC 7577.508: [ParNew: 426241K->32717K(440896K), 0.0398880 secs] 5250715K->4860262K(8339648K), 0.0400990 secs] [Times: user=0.78 sys=0.00, real=0.04 secs] 
7579.008: [CMS-concurrent-sweep: 6.813/6.957 secs] [Times: user=93.16 sys=0.07, real=6.96 secs] 
7579.008: [CMS-concurrent-reset-start]
7579.048: [CMS-concurrent-reset: 0.039/0.039 secs] [Times: user=0.04 sys=0.00, real=0.04 secs] 
7580.936: [GC 7580.936: [ParNew: 424653K->30881K(440896K), 0.0526140 secs] 5241645K->4857770K(8339648K), 0.0528870 secs] [Times: user=0.61 sys=0.01, real=0.06 secs] 
7580.990: [GC [1 CMS-initial-mark: 4826889K(7898752K)] 4858869K(8339648K), 0.0385160 secs] [Times: user=0.04 sys=0.00, real=0.04 secs] 
7581.029: [CMS-concurrent-mark-start]
7584.827: [CMS-concurrent-mark: 3.797/3.797 secs] [Times: user=42.77 sys=0.03, real=3.79 secs] 
7584.827: [CMS-concurrent-preclean-start]
7584.898: [CMS-concurrent-preclean: 0.069/0.071 secs] [Times: user=0.08 sys=0.00, real=0.08 secs] 
7584.898: [CMS-concurrent-abortable-preclean-start]
7585.788: [GC 7585.788: [ParNew: 422817K->28799K(440896K), 0.0532440 secs] 5249706K->4858655K(8339648K), 0.0535210 secs] [Times: user=0.99 sys=0.00, real=0.05 secs] 
7586.801: [CMS-concurrent-abortable-preclean: 1.628/1.903 secs] [Times: user=27.52 sys=0.00, real=1.90 secs] 
7586.803: [GC[YG occupancy: 226184 K (440896 K)]7586.803: [Rescan (parallel) , 0.0638510 secs]7586.867: [weak refs processing, 0.0011040 secs]7586.868: [class unloading, 0.0197500 secs]7586.888: [scrub symbol & string tables, 0.0187130 secs] [1 CMS-remark: 4829856K(7898752K)] 5056040K(8339648K), 0.1146380 secs] [Times: user=1.37 sys=0.00, real=0.12 secs] 
7586.918: [CMS-concurrent-sweep-start]
7587.731: [GC 7587.731: [ParNew: 420735K->31892K(440896K), 0.0418560 secs] 5250280K->4867043K(8339648K), 0.0420900 secs] [Times: user=0.69 sys=0.00, real=0.04 secs] 
7590.900: [GC 7590.900: [ParNew: 423828K->37130K(440896K), 0.0377270 secs] 5258347K->4874734K(8339648K), 0.0379680 secs] [Times: user=0.53 sys=0.00, real=0.04 secs] 
7592.562: [GC 7592.562: [ParNew: 429066K->35940K(440896K), 0.0436600 secs] 5266444K->4878861K(8339648K), 0.0438940 secs] [Times: user=0.70 sys=0.00, real=0.04 secs] 
7593.580: [CMS-concurrent-sweep: 6.530/6.662 secs] [Times: user=90.69 sys=0.10, real=6.66 secs] 
7593.580: [CMS-concurrent-reset-start]
7593.622: [CMS-concurrent-reset: 0.042/0.042 secs] [Times: user=0.68 sys=0.00, real=0.04 secs] 
7595.625: [GC [1 CMS-initial-mark: 4842587K(7898752K)] 5231260K(8339648K), 1.2129970 secs] [Times: user=1.22 sys=0.00, real=1.22 secs] 
7596.838: [CMS-concurrent-mark-start]
7597.040: [GC 7597.040: [ParNew: 427876K->34751K(440896K), 0.0503440 secs] 5270464K->4885286K(8339648K), 0.0505850 secs] [Times: user=0.70 sys=0.00, real=0.05 secs] 
7601.170: [CMS-concurrent-mark: 4.278/4.332 secs] [Times: user=57.82 sys=0.07, real=4.33 secs] 
7601.170: [CMS-concurrent-preclean-start]
7601.217: [GC 7601.217: [ParNew: 426687K->38130K(440896K), 0.0426690 secs] 5277222K->4893838K(8339648K), 0.0429070 secs] [Times: user=0.64 sys=0.00, real=0.05 secs] 
7601.497: [CMS-concurrent-preclean: 0.271/0.327 secs] [Times: user=5.29 sys=0.01, real=0.32 secs] 
7601.497: [CMS-concurrent-abortable-preclean-start]
7602.099: [CMS-concurrent-abortable-preclean: 0.600/0.602 secs] [Times: user=10.29 sys=0.00, real=0.61 secs] 
7602.101: [GC[YG occupancy: 237089 K (440896 K)]7602.102: [Rescan (parallel) , 0.0675520 secs]7602.169: [weak refs processing, 0.0015660 secs]7602.171: [class unloading, 0.0214080 secs]7602.192: [scrub symbol & string tables, 0.0187390 secs] [1 CMS-remark: 4855707K(7898752K)] 5092797K(8339648K), 0.1208780 secs] [Times: user=1.40 sys=0.01, real=0.12 secs] 
7602.223: [CMS-concurrent-sweep-start]
7603.018: [GC 7603.018: [ParNew: 430066K->37602K(440896K), 0.0385050 secs] 5285579K->4898639K(8339648K), 0.0387440 secs] [Times: user=0.51 sys=0.00, real=0.04 secs] 
7606.129: [GC 7606.129: [ParNew: 429538K->33093K(440896K), 0.0412500 secs] 5289921K->4896449K(8339648K), 0.0415290 secs] [Times: user=0.71 sys=0.00, real=0.04 secs] 
7607.895: [GC 7607.895: [ParNew: 425029K->33520K(440896K), 0.0446410 secs] 5288316K->4904770K(8339648K), 0.0448720 secs] [Times: user=0.58 sys=0.01, real=0.05 secs] 
7609.212: [CMS-concurrent-sweep: 6.850/6.990 secs] [Times: user=95.26 sys=0.07, real=6.99 secs] 
7609.212: [CMS-concurrent-reset-start]
7609.256: [CMS-concurrent-reset: 0.044/0.044 secs] [Times: user=0.63 sys=0.00, real=0.04 secs] 
7611.192: [GC 7611.192: [ParNew: 425456K->30798K(440896K), 0.0506860 secs] 5296598K->4909903K(8339648K), 0.0509730 secs] [Times: user=0.77 sys=0.02, real=0.05 secs] 
7611.244: [GC [1 CMS-initial-mark: 4879105K(7898752K)] 4911164K(8339648K), 0.0614440 secs] [Times: user=0.06 sys=0.00, real=0.06 secs] 
7611.306: [CMS-concurrent-mark-start]
7615.199: [CMS-concurrent-mark: 3.893/3.893 secs] [Times: user=49.02 sys=0.02, real=3.90 secs] 
7615.199: [CMS-concurrent-preclean-start]
7615.265: [CMS-concurrent-preclean: 0.065/0.066 secs] [Times: user=0.07 sys=0.00, real=0.06 secs] 
7615.265: [CMS-concurrent-abortable-preclean-start]
7616.034: [GC 7616.034: [ParNew: 422734K->28084K(440896K), 0.0389420 secs] 5301839K->4910203K(8339648K), 0.0392220 secs] [Times: user=0.70 sys=0.00, real=0.04 secs] 
7617.137: [CMS-concurrent-abortable-preclean: 1.516/1.872 secs] [Times: user=22.35 sys=0.02, real=1.87 secs] 
7617.140: [GC[YG occupancy: 239088 K (440896 K)]7617.140: [Rescan (parallel) , 0.0617350 secs]7617.202: [weak refs processing, 0.0012060 secs]7617.203: [class unloading, 0.0210980 secs]7617.224: [scrub symbol & string tables, 0.0187260 secs] [1 CMS-remark: 4882118K(7898752K)] 5121206K(8339648K), 0.1142930 secs] [Times: user=1.33 sys=0.00, real=0.11 secs] 
7617.254: [CMS-concurrent-sweep-start]
7618.023: [GC 7618.023: [ParNew: 420020K->31091K(440896K), 0.0374360 secs] 5301793K->4918416K(8339648K), 0.0376680 secs] [Times: user=0.70 sys=0.00, real=0.04 secs] 
7621.239: [GC 7621.240: [ParNew: 423027K->35142K(440896K), 0.0432710 secs] 5309746K->4924895K(8339648K), 0.0435500 secs] [Times: user=0.70 sys=0.00, real=0.04 secs] 
7623.026: [GC 7623.026: [ParNew: 427078K->35028K(440896K), 0.0433040 secs] 5316705K->4930150K(8339648K), 0.0435420 secs] [Times: user=0.87 sys=0.00, real=0.05 secs] 
7624.238: [CMS-concurrent-sweep: 6.851/6.984 secs] [Times: user=94.98 sys=0.07, real=6.98 secs] 
7624.238: [CMS-concurrent-reset-start]
7624.284: [CMS-concurrent-reset: 0.045/0.045 secs] [Times: user=0.77 sys=0.00, real=0.04 secs] 
7626.287: [GC [1 CMS-initial-mark: 4894912K(7898752K)] 5308891K(8339648K), 0.9982170 secs] [Times: user=1.00 sys=0.00, real=1.00 secs] 
7627.286: [CMS-concurrent-mark-start]
7627.345: [GC 7627.345: [ParNew: 426964K->33748K(440896K), 0.0434380 secs] 5321876K->4936039K(8339648K), 0.0436800 secs] [Times: user=0.67 sys=0.03, real=0.05 secs] 
7630.679: [GC 7630.679: [ParNew: 425684K->33631K(440896K), 0.0401630 secs] 5327975K->4940929K(8339648K), 0.0403990 secs] [Times: user=0.66 sys=0.01, real=0.04 secs] 
7632.144: [CMS-concurrent-mark: 4.769/4.858 secs] [Times: user=82.60 sys=0.10, real=4.86 secs] 
7632.144: [CMS-concurrent-preclean-start]
7632.415: [CMS-concurrent-preclean: 0.262/0.271 secs] [Times: user=4.65 sys=0.00, real=0.27 secs] 
7632.415: [CMS-concurrent-abortable-preclean-start]
7632.448: [GC 7632.449: [ParNew: 425567K->33709K(440896K), 0.0409880 secs] 5332865K->4946418K(8339648K), 0.0412250 secs] [Times: user=0.71 sys=0.00, real=0.04 secs] 
7633.379: [CMS-concurrent-abortable-preclean: 0.912/0.964 secs] [Times: user=16.22 sys=0.00, real=0.97 secs] 
7633.382: [GC[YG occupancy: 239349 K (440896 K)]7633.382: [Rescan (parallel) , 0.0550140 secs]7633.437: [weak refs processing, 0.0013580 secs]7633.438: [class unloading, 0.0210270 secs]7633.459: [scrub symbol & string tables, 0.0187290 secs] [1 CMS-remark: 4912708K(7898752K)] 5152058K(8339648K), 0.1073120 secs] [Times: user=1.20 sys=0.00, real=0.11 secs] 
7633.489: [CMS-concurrent-sweep-start]
7635.717: [GC 7635.717: [ParNew: 425645K->32272K(440896K), 0.0431960 secs] 5337646K->4947325K(8339648K), 0.0850780 secs] [Times: user=0.70 sys=0.01, real=0.09 secs] 
7637.563: [GC 7637.563: [ParNew: 424208K->34230K(440896K), 0.0340850 secs] 5339118K->4955161K(8339648K), 0.0343210 secs] [Times: user=0.46 sys=0.00, real=0.03 secs] 
7640.393: [CMS-concurrent-sweep: 6.776/6.903 secs] [Times: user=67.48 sys=0.09, real=6.90 secs] 
7640.393: [CMS-concurrent-reset-start]
7640.439: [CMS-concurrent-reset: 0.046/0.046 secs] [Times: user=0.79 sys=0.00, real=0.05 secs] 
7641.024: [GC 7641.024: [ParNew: 426166K->30339K(440896K), 0.0412610 secs] 5346907K->4957521K(8339648K), 0.0414960 secs] [Times: user=0.62 sys=0.00, real=0.04 secs] 
7641.067: [GC [1 CMS-initial-mark: 4927182K(7898752K)] 4958987K(8339648K), 0.0423440 secs] [Times: user=0.05 sys=0.00, real=0.05 secs] 
7641.110: [CMS-concurrent-mark-start]
7644.841: [CMS-concurrent-mark: 3.732/3.732 secs] [Times: user=41.56 sys=0.02, real=3.73 secs] 
7644.841: [CMS-concurrent-preclean-start]
7644.905: [CMS-concurrent-preclean: 0.062/0.064 secs] [Times: user=0.06 sys=0.00, real=0.06 secs] 
7644.905: [CMS-concurrent-abortable-preclean-start]
7645.860: [GC 7645.860: [ParNew: 422275K->33695K(440896K), 0.0458190 secs] 5349457K->4966673K(8339648K), 0.0460540 secs] [Times: user=0.68 sys=0.01, real=0.04 secs] 
7646.686: [CMS-concurrent-abortable-preclean: 1.522/1.781 secs] [Times: user=23.63 sys=0.02, real=1.78 secs] 
7646.689: [GC[YG occupancy: 231001 K (440896 K)]7646.689: [Rescan (parallel) , 0.0573700 secs]7646.746: [weak refs processing, 0.0014540 secs]7646.748: [class unloading, 0.0211820 secs]7646.769: [scrub symbol & string tables, 0.0187180 secs] [1 CMS-remark: 4932977K(7898752K)] 5163978K(8339648K), 0.1098650 secs] [Times: user=1.17 sys=0.00, real=0.11 secs] 
7646.799: [CMS-concurrent-sweep-start]
7647.580: [GC 7647.580: [ParNew: 425631K->35605K(440896K), 0.0496650 secs] 5358249K->4973694K(8339648K), 0.0498870 secs] [Times: user=0.82 sys=0.00, real=0.05 secs] 
7650.995: [GC 7650.995: [ParNew: 427541K->37460K(440896K), 0.0437570 secs] 5365047K->4977885K(8339648K), 0.0440340 secs] [Times: user=0.93 sys=0.00, real=0.05 secs] 
7652.741: [GC 7652.741: [ParNew: 429396K->35435K(440896K), 0.0403680 secs] 5369573K->4981056K(8339648K), 0.0406030 secs] [Times: user=0.68 sys=0.00, real=0.04 secs] 
7653.639: [CMS-concurrent-sweep: 6.698/6.840 secs] [Times: user=89.53 sys=0.10, real=6.84 secs] 
7653.639: [CMS-concurrent-reset-start]
7653.684: [CMS-concurrent-reset: 0.045/0.045 secs] [Times: user=0.74 sys=0.01, real=0.04 secs] 
7655.687: [GC [1 CMS-initial-mark: 4945552K(7898752K)] 5300110K(8339648K), 1.0957780 secs] [Times: user=1.10 sys=0.00, real=1.09 secs] 
7656.784: [CMS-concurrent-mark-start]
7657.165: [GC 7657.165: [ParNew: 427371K->36235K(440896K), 0.0458860 secs] 5372923K->4989493K(8339648K), 0.0461270 secs] [Times: user=0.71 sys=0.00, real=0.05 secs] 
7661.012: [CMS-concurrent-mark: 4.178/4.228 secs] [Times: user=55.11 sys=0.06, real=4.23 secs] 
7661.012: [CMS-concurrent-preclean-start]
7661.310: [GC 7661.310: [ParNew: 428171K->39135K(440896K), 0.0399480 secs] 5381429K->4997628K(8339648K), 0.0401880 secs] [Times: user=0.70 sys=0.00, real=0.04 secs] 
7661.383: [CMS-concurrent-preclean: 0.316/0.371 secs] [Times: user=6.18 sys=0.03, real=0.37 secs] 
7661.383: [CMS-concurrent-abortable-preclean-start]
7662.361: [CMS-concurrent-abortable-preclean: 0.960/0.978 secs] [Times: user=16.75 sys=0.00, real=0.98 secs] 
7662.364: [GC[YG occupancy: 267689 K (440896 K)]7662.364: [Rescan (parallel) , 0.0835950 secs]7662.447: [weak refs processing, 0.0014950 secs]7662.449: [class unloading, 0.0213050 secs]7662.470: [scrub symbol & string tables, 0.0187400 secs] [1 CMS-remark: 4958492K(7898752K)] 5226181K(8339648K), 0.1365750 secs] [Times: user=1.83 sys=0.00, real=0.14 secs] 
7662.501: [CMS-concurrent-sweep-start]
7663.230: [GC 7663.231: [ParNew: 431071K->39071K(440896K), 0.0413610 secs] 5389402K->5002805K(8339648K), 0.0415910 secs] [Times: user=0.69 sys=0.00, real=0.04 secs] 
7666.367: [GC 7666.368: [ParNew: 431007K->34281K(440896K), 0.0350080 secs] 5394137K->5000488K(8339648K), 0.0352490 secs] [Times: user=0.59 sys=0.01, real=0.03 secs] 
7668.049: [GC 7668.049: [ParNew: 426217K->36871K(440896K), 0.0471720 secs] 5392352K->5011191K(8339648K), 0.0474050 secs] [Times: user=0.65 sys=0.00, real=0.04 secs] 
7670.276: [CMS-concurrent-sweep: 7.643/7.775 secs] [Times: user=96.38 sys=0.07, real=7.77 secs] 
7670.276: [CMS-concurrent-reset-start]
7670.315: [CMS-concurrent-reset: 0.039/0.039 secs] [Times: user=0.04 sys=0.00, real=0.04 secs] 
7671.304: [GC 7671.304: [ParNew: 428807K->25505K(440896K), 0.0512080 secs] 5402974K->5007895K(8339648K), 0.0514860 secs] [Times: user=0.86 sys=0.02, real=0.05 secs] 
7671.357: [GC [1 CMS-initial-mark: 4982390K(7898752K)] 5008716K(8339648K), 0.0542920 secs] [Times: user=0.06 sys=0.00, real=0.11 secs] 
7671.461: [CMS-concurrent-mark-start]
7675.684: [CMS-concurrent-mark: 4.223/4.223 secs] [Times: user=52.50 sys=0.03, real=4.22 secs] 
7675.684: [CMS-concurrent-preclean-start]
7675.754: [CMS-concurrent-preclean: 0.068/0.070 secs] [Times: user=0.07 sys=0.00, real=0.07 secs] 
7675.754: [CMS-concurrent-abortable-preclean-start]
7675.996: [GC 7675.996: [ParNew: 417441K->32539K(440896K), 0.0409510 secs] 5399831K->5017802K(8339648K), 0.0412050 secs] [Times: user=0.88 sys=0.00, real=0.04 secs] 
7677.015: [CMS-concurrent-abortable-preclean: 1.200/1.260 secs] [Times: user=21.06 sys=0.01, real=1.26 secs] 
7677.018: [GC[YG occupancy: 249290 K (440896 K)]7677.018: [Rescan (parallel) , 0.0735190 secs]7677.091: [weak refs processing, 0.0014260 secs]7677.093: [class unloading, 0.0204070 secs]7677.113: [scrub symbol & string tables, 0.0187230 secs] [1 CMS-remark: 4985262K(7898752K)] 5234553K(8339648K), 0.1260240 secs] [Times: user=1.61 sys=0.02, real=0.12 secs] 
7677.144: [CMS-concurrent-sweep-start]
7677.895: [GC 7677.896: [ParNew: 424475K->36580K(440896K), 0.0399220 secs] 5409577K->5027113K(8339648K), 0.0401500 secs] [Times: user=0.60 sys=0.02, real=0.04 secs] 
7681.172: [GC 7681.172: [ParNew: 428516K->37397K(440896K), 0.0414130 secs] 5418172K->5030102K(8339648K), 0.0416820 secs] [Times: user=0.70 sys=0.00, real=0.04 secs] 
7683.013: [GC 7683.013: [ParNew: 429333K->36311K(440896K), 0.0394860 secs] 5421942K->5034442K(8339648K), 0.0397170 secs] [Times: user=0.69 sys=0.01, real=0.04 secs] 
7685.292: [CMS-concurrent-sweep: 8.018/8.148 secs] [Times: user=98.66 sys=0.11, real=8.15 secs] 
7685.292: [CMS-concurrent-reset-start]
7685.332: [CMS-concurrent-reset: 0.039/0.039 secs] [Times: user=0.04 sys=0.00, real=0.04 secs] 
7686.360: [GC 7686.360: [ParNew: 428247K->32982K(440896K), 0.0454980 secs] 5426128K->5039810K(8339648K), 0.0457360 secs] [Times: user=0.68 sys=0.00, real=0.04 secs] 
7686.407: [GC [1 CMS-initial-mark: 5006827K(7898752K)] 5040298K(8339648K), 0.0397520 secs] [Times: user=0.04 sys=0.00, real=0.04 secs] 
7686.447: [CMS-concurrent-mark-start]
7690.324: [CMS-concurrent-mark: 3.877/3.877 secs] [Times: user=45.59 sys=0.04, real=3.88 secs] 
7690.324: [CMS-concurrent-preclean-start]
7690.392: [CMS-concurrent-preclean: 0.066/0.068 secs] [Times: user=0.07 sys=0.00, real=0.07 secs] 
7690.392: [CMS-concurrent-abortable-preclean-start]
7691.197: [GC 7691.197: [ParNew: 424918K->30066K(440896K), 0.0508540 secs] 5431746K->5041354K(8339648K), 0.0511320 secs] [Times: user=0.90 sys=0.00, real=0.06 secs] 
7692.239: [CMS-concurrent-abortable-preclean: 1.471/1.847 secs] [Times: user=24.77 sys=0.02, real=1.85 secs] 
7692.242: [GC[YG occupancy: 234489 K (440896 K)]7692.242: [Rescan (parallel) , 0.0727570 secs]7692.315: [weak refs processing, 0.0013260 secs]7692.316: [class unloading, 0.0218510 secs]7692.338: [scrub symbol & string tables, 0.0187160 secs] [1 CMS-remark: 5011288K(7898752K)] 5245778K(8339648K), 0.1259810 secs] [Times: user=1.45 sys=0.00, real=0.13 secs] 
7692.369: [CMS-concurrent-sweep-start]
7693.351: [GC 7693.351: [ParNew: 422002K->34738K(440896K), 0.0397640 secs] 5433102K->5051255K(8339648K), 0.0399930 secs] [Times: user=0.70 sys=0.00, real=0.04 secs] 
7695.935: [GC 7695.935: [ParNew: 426674K->37456K(440896K), 0.0409460 secs] 5442595K->5056385K(8339648K), 0.0773330 secs] [Times: user=0.70 sys=0.00, real=0.08 secs] 
7697.862: [GC 7697.862: [ParNew: 429392K->37079K(440896K), 0.0385710 secs] 5448197K->5061805K(8339648K), 0.0388030 secs] [Times: user=0.68 sys=0.00, real=0.04 secs] 
7700.825: [CMS-concurrent-sweep: 8.290/8.456 secs] [Times: user=106.43 sys=0.11, real=8.45 secs] 
7700.825: [CMS-concurrent-reset-start]
7700.883: [CMS-concurrent-reset: 0.058/0.058 secs] [Times: user=1.03 sys=0.00, real=0.06 secs] 
7701.119: [GC 7701.119: [ParNew: 429015K->27416K(440896K), 0.0502120 secs] 5453553K->5059628K(8339648K), 0.3612560 secs] [Times: user=0.70 sys=0.01, real=0.36 secs] 
7701.481: [GC [1 CMS-initial-mark: 5032211K(7898752K)] 5060020K(8339648K), 0.0667310 secs] [Times: user=0.07 sys=0.00, real=0.07 secs] 
7701.548: [CMS-concurrent-mark-start]
7705.912: [CMS-concurrent-mark: 4.363/4.363 secs] [Times: user=55.42 sys=0.06, real=4.36 secs] 
7705.912: [CMS-concurrent-preclean-start]
7705.992: [GC 7705.993: [ParNew: 419352K->34562K(440896K), 0.0418940 secs] 5451564K->5072078K(8339648K), 0.0421360 secs] [Times: user=0.69 sys=0.01, real=0.04 secs] 
7706.052: [CMS-concurrent-preclean: 0.090/0.139 secs] [Times: user=2.39 sys=0.02, real=0.14 secs] 
7706.052: [CMS-concurrent-abortable-preclean-start]
7706.907: [CMS-concurrent-abortable-preclean: 0.840/0.856 secs] [Times: user=14.43 sys=0.00, real=0.85 secs] 
7706.910: [GC[YG occupancy: 235436 K (440896 K)]7706.910: [Rescan (parallel) , 0.0770270 secs]7706.987: [weak refs processing, 0.0013090 secs]7706.989: [class unloading, 0.0207200 secs]7707.010: [scrub symbol & string tables, 0.0187270 secs] [1 CMS-remark: 5037515K(7898752K)] 5272952K(8339648K), 0.1290920 secs] [Times: user=1.54 sys=0.02, real=0.13 secs] 
7707.040: [CMS-concurrent-sweep-start]
7707.865: [GC 7707.865: [ParNew: 426498K->35213K(440896K), 0.0443360 secs] 5463813K->5077826K(8339648K), 0.0445690 secs] [Times: user=0.93 sys=0.00, real=0.05 secs] 
7711.053: [GC 7711.053: [ParNew: 427149K->36358K(440896K), 0.0428370 secs] 5469034K->5081271K(8339648K), 0.0431170 secs] [Times: user=0.71 sys=0.00, real=0.04 secs] 
7713.000: [GC 7713.000: [ParNew: 428294K->33048K(440896K), 0.0435130 secs] 5473112K->5083270K(8339648K), 0.0437480 secs] [Times: user=0.65 sys=0.00, real=0.04 secs] 
7715.360: [CMS-concurrent-sweep: 8.177/8.320 secs] [Times: user=104.00 sys=0.09, real=8.32 secs] 
7715.360: [CMS-concurrent-reset-start]
7715.400: [CMS-concurrent-reset: 0.040/0.040 secs] [Times: user=0.04 sys=0.00, real=0.04 secs] 
7716.290: [GC 7716.290: [ParNew: 424984K->33935K(440896K), 0.0563150 secs] 5474958K->5092962K(8339648K), 0.0565780 secs] [Times: user=0.89 sys=0.00, real=0.05 secs] 
7716.347: [GC [1 CMS-initial-mark: 5059026K(7898752K)] 5093593K(8339648K), 0.0373370 secs] [Times: user=0.04 sys=0.00, real=0.03 secs] 
7716.385: [CMS-concurrent-mark-start]
7720.455: [CMS-concurrent-mark: 4.070/4.070 secs] [Times: user=48.17 sys=0.04, real=4.07 secs] 
7720.455: [CMS-concurrent-preclean-start]
7720.523: [CMS-concurrent-preclean: 0.066/0.068 secs] [Times: user=0.07 sys=0.00, real=0.07 secs] 
7720.524: [CMS-concurrent-abortable-preclean-start]
7721.112: [GC 7721.113: [ParNew: 425871K->31962K(440896K), 0.0502980 secs] 5484898K->5094510K(8339648K), 0.0505780 secs] [Times: user=0.93 sys=0.00, real=0.05 secs] 
7722.218: [CMS-concurrent-abortable-preclean: 1.418/1.695 secs] [Times: user=24.33 sys=0.03, real=1.70 secs] 
7722.224: [GC[YG occupancy: 241195 K (440896 K)]7722.224: [Rescan (parallel) , 0.0752630 secs]7722.299: [weak refs processing, 0.0014020 secs]7722.301: [class unloading, 0.0217580 secs]7722.322: [scrub symbol & string tables, 0.0187650 secs] [1 CMS-remark: 5062548K(7898752K)] 5303744K(8339648K), 0.1284140 secs] [Times: user=1.64 sys=0.00, real=0.13 secs] 
7722.353: [CMS-concurrent-sweep-start]
7723.341: [GC 7723.341: [ParNew: 423898K->34750K(440896K), 0.0405980 secs] 5486291K->5102639K(8339648K), 0.0408370 secs] [Times: user=0.70 sys=0.00, real=0.04 secs] 
7726.074: [GC 7726.125: [ParNew: 426686K->35179K(440896K), 0.0371530 secs] 5493895K->5105513K(8339648K), 0.0374050 secs] [Times: user=0.70 sys=0.00, real=0.09 secs] 
7727.967: [GC 7727.967: [ParNew: 427115K->36185K(440896K), 0.0381710 secs] 5497334K->5111960K(8339648K), 0.0384100 secs] [Times: user=0.61 sys=0.00, real=0.04 secs] 
7729.935: [CMS-concurrent-sweep: 7.408/7.583 secs] [Times: user=102.39 sys=0.09, real=7.58 secs] 
7729.935: [CMS-concurrent-reset-start]
7729.981: [CMS-concurrent-reset: 0.045/0.045 secs] [Times: user=0.05 sys=0.00, real=0.05 secs] 
7731.229: [GC 7731.250: [ParNew: 428121K->33762K(440896K), 0.0620280 secs] 5503726K->5119718K(8339648K), 0.0623290 secs] [Times: user=0.85 sys=0.00, real=0.08 secs] 
7731.314: [GC [1 CMS-initial-mark: 5085956K(7898752K)] 5120648K(8339648K), 0.0587930 secs] [Times: user=0.06 sys=0.00, real=0.06 secs] 
7731.373: [CMS-concurrent-mark-start]
7735.589: [CMS-concurrent-mark: 4.216/4.216 secs] [Times: user=51.71 sys=0.02, real=4.22 secs] 
7735.589: [CMS-concurrent-preclean-start]
7735.657: [CMS-concurrent-preclean: 0.067/0.069 secs] [Times: user=0.06 sys=0.00, real=0.07 secs] 
7735.657: [CMS-concurrent-abortable-preclean-start]
7736.084: [GC 7736.085: [ParNew: 425698K->31274K(440896K), 0.0502530 secs] 5511654K->5120042K(8339648K), 0.0505150 secs] [Times: user=0.92 sys=0.00, real=0.05 secs] 
7737.189: [CMS-concurrent-abortable-preclean: 1.365/1.532 secs] [Times: user=23.94 sys=0.01, real=1.53 secs] 
7737.192: [GC[YG occupancy: 241381 K (440896 K)]7737.192: [Rescan (parallel) , 0.0621140 secs]7737.254: [weak refs processing, 0.0014140 secs]7737.256: [class unloading, 0.0207790 secs]7737.276: [scrub symbol & string tables, 0.0187380 secs] [1 CMS-remark: 5088768K(7898752K)] 5330150K(8339648K), 0.1143380 secs] [Times: user=1.33 sys=0.00, real=0.11 secs] 
7737.307: [CMS-concurrent-sweep-start]
7738.077: [GC 7738.077: [ParNew: 423210K->34913K(440896K), 0.0344180 secs] 5511696K->5128917K(8339648K), 0.0346470 secs] [Times: user=0.66 sys=0.00, real=0.04 secs] 
7741.282: [GC 7741.282: [ParNew: 426849K->37338K(440896K), 0.0400600 secs] 5520193K->5133612K(8339648K), 0.0402990 secs] [Times: user=0.70 sys=0.00, real=0.04 secs] 
7743.055: [GC 7743.055: [ParNew: 429274K->38394K(440896K), 0.0392520 secs] 5525422K->5139914K(8339648K), 0.0394880 secs] [Times: user=0.70 sys=0.00, real=0.04 secs] 
7744.311: [CMS-concurrent-sweep: 6.882/7.004 secs] [Times: user=96.15 sys=0.06, real=7.01 secs] 
7744.311: [CMS-concurrent-reset-start]
7744.360: [CMS-concurrent-reset: 0.049/0.049 secs] [Times: user=0.44 sys=0.00, real=0.05 secs] 
7746.337: [GC 7746.338: [ParNew: 430330K->28099K(440896K), 0.0486230 secs] 5531681K->5139662K(8339648K), 0.0488910 secs] [Times: user=0.69 sys=0.02, real=0.04 secs] 
7746.387: [GC [1 CMS-initial-mark: 5111563K(7898752K)] 5140048K(8339648K), 0.0371070 secs] [Times: user=0.04 sys=0.00, real=0.03 secs] 
7746.425: [CMS-concurrent-mark-start]
7750.417: [CMS-concurrent-mark: 3.993/3.993 secs] [Times: user=45.63 sys=0.07, real=4.00 secs] 
7750.418: [CMS-concurrent-preclean-start]
7750.488: [CMS-concurrent-preclean: 0.068/0.070 secs] [Times: user=0.08 sys=0.00, real=0.07 secs] 
7750.488: [CMS-concurrent-abortable-preclean-start]
7751.216: [GC 7751.216: [ParNew: 420035K->31296K(440896K), 0.0441690 secs] 5531598K->5145841K(8339648K), 0.0444470 secs] [Times: user=0.91 sys=0.00, real=0.05 secs] 
7752.284: [CMS-concurrent-abortable-preclean: 1.536/1.796 secs] [Times: user=25.55 sys=0.04, real=1.79 secs] 
7752.290: [GC[YG occupancy: 234677 K (440896 K)]7752.290: [Rescan (parallel) , 0.0614300 secs]7752.351: [weak refs processing, 0.0013790 secs]7752.353: [class unloading, 0.0215880 secs]7752.374: [scrub symbol & string tables, 0.0175120 secs] [1 CMS-remark: 5114544K(7898752K)] 5349221K(8339648K), 0.1130240 secs] [Times: user=1.26 sys=0.00, real=0.11 secs] 
7752.403: [CMS-concurrent-sweep-start]
7753.212: [GC 7753.212: [ParNew: 423232K->36398K(440896K), 0.0403200 secs] 5537432K->5156391K(8339648K), 0.0405460 secs] [Times: user=0.69 sys=0.01, real=0.04 secs] 
7755.997: [GC 7755.997: [ParNew: 428334K->39177K(440896K), 0.0581090 secs] 5547783K->5161641K(8339648K), 0.0584380 secs] [Times: user=0.98 sys=0.00, real=0.06 secs] 
7757.873: [GC 7757.873: [ParNew: 431113K->36410K(440896K), 0.0366670 secs] 5553520K->5164156K(8339648K), 0.0368970 secs] [Times: user=0.69 sys=0.00, real=0.04 secs] 
7759.515: [CMS-concurrent-sweep: 6.964/7.112 secs] [Times: user=100.84 sys=0.17, real=7.11 secs] 
7759.515: [CMS-concurrent-reset-start]
7759.560: [CMS-concurrent-reset: 0.045/0.045 secs] [Times: user=0.05 sys=0.00, real=0.05 secs] 
7761.082: [GC 7761.083: [ParNew: 428346K->32266K(440896K), 0.0567510 secs] 5555916K->5170059K(8339648K), 0.0570790 secs] [Times: user=0.86 sys=0.00, real=0.06 secs] 
7761.142: [GC [1 CMS-initial-mark: 5137792K(7898752K)] 5173633K(8339648K), 0.0605900 secs] [Times: user=0.06 sys=0.00, real=0.06 secs] 
7761.203: [CMS-concurrent-mark-start]
7765.032: [CMS-concurrent-mark: 3.829/3.829 secs] [Times: user=46.65 sys=0.04, real=3.83 secs] 
7765.032: [CMS-concurrent-preclean-start]
7765.102: [CMS-concurrent-preclean: 0.068/0.070 secs] [Times: user=0.07 sys=0.00, real=0.07 secs] 
7765.102: [CMS-concurrent-abortable-preclean-start]
7765.898: [GC 7765.899: [ParNew: 424202K->31133K(440896K), 0.0721370 secs] 5561995K->5171922K(8339648K), 0.0724030 secs] [Times: user=1.41 sys=0.00, real=0.07 secs] 
7767.072: [CMS-concurrent-abortable-preclean: 1.581/1.970 secs] [Times: user=22.20 sys=0.03, real=1.97 secs] 
7767.074: [GC[YG occupancy: 243468 K (440896 K)]7767.074: [Rescan (parallel) , 0.0612310 secs]7767.136: [weak refs processing, 0.0015570 secs]7767.137: [class unloading, 0.0222980 secs]7767.160: [scrub symbol & string tables, 0.0190500 secs] [1 CMS-remark: 5140789K(7898752K)] 5384257K(8339648K), 0.1154580 secs] [Times: user=1.39 sys=0.00, real=0.12 secs] 
7767.190: [CMS-concurrent-sweep-start]
7767.947: [GC 7767.947: [ParNew: 423069K->33960K(440896K), 0.0368950 secs] 5563530K->5180265K(8339648K), 0.0371200 secs] [Times: user=0.60 sys=0.01, real=0.04 secs] 
7770.914: [GC 7770.914: [ParNew: 425896K->37140K(440896K), 0.0392600 secs] 5571574K->5185783K(8339648K), 0.0395330 secs] [Times: user=0.69 sys=0.01, real=0.04 secs] 
7772.778: [GC 7772.778: [ParNew: 429076K->35720K(440896K), 0.0378600 secs] 5577596K->5189786K(8339648K), 0.0381030 secs] [Times: user=0.47 sys=0.00, real=0.03 secs] 
7774.107: [CMS-concurrent-sweep: 6.790/6.917 secs] [Times: user=96.40 sys=0.09, real=6.91 secs] 
7774.107: [CMS-concurrent-reset-start]
7774.159: [CMS-concurrent-reset: 0.052/0.052 secs] [Times: user=0.97 sys=0.00, real=0.06 secs] 
7775.972: [GC 7775.972: [ParNew: 427656K->31652K(440896K), 0.0506200 secs] 5581522K->5194338K(8339648K), 0.0508920 secs] [Times: user=0.71 sys=0.01, real=0.05 secs] 
7776.024: [GC [1 CMS-initial-mark: 5162685K(7898752K)] 5194699K(8339648K), 0.0658270 secs] [Times: user=0.07 sys=0.00, real=0.07 secs] 
7776.090: [CMS-concurrent-mark-start]
7778.004: [GC 7778.004: [ParNew: 423588K->33219K(440896K), 0.0298590 secs] 5586274K->5200842K(8339648K), 0.0300860 secs] [Times: user=0.47 sys=0.00, real=0.03 secs] 
7780.529: [CMS-concurrent-mark: 4.407/4.439 secs] [Times: user=57.50 sys=0.04, real=4.44 secs] 
7780.529: [CMS-concurrent-preclean-start]
7780.691: [CMS-concurrent-preclean: 0.156/0.162 secs] [Times: user=0.16 sys=0.00, real=0.16 secs] 
7780.691: [CMS-concurrent-abortable-preclean-start]
7781.890: [CMS-concurrent-abortable-preclean: 1.092/1.199 secs] [Times: user=18.43 sys=0.02, real=1.20 secs] 
7781.893: [GC[YG occupancy: 235620 K (440896 K)]7781.893: [Rescan (parallel) , 0.0596850 secs]7781.952: [weak refs processing, 0.0012240 secs]7781.954: [class unloading, 0.0220640 secs]7781.976: [scrub symbol & string tables, 0.0190420 secs] [1 CMS-remark: 5167623K(7898752K)] 5403243K(8339648K), 0.1130390 secs] [Times: user=1.34 sys=0.00, real=0.11 secs] 
7782.006: [CMS-concurrent-sweep-start]
7782.797: [GC 7782.797: [ParNew: 425155K->29976K(440896K), 0.0502250 secs] 5592428K->5202719K(8339648K), 0.0504620 secs] [Times: user=0.80 sys=0.00, real=0.06 secs] 
7784.497: [GC 7784.497: [ParNew: 421912K->33759K(440896K), 0.0321800 secs] 5594096K->5209032K(8339648K), 0.0324030 secs] [Times: user=0.65 sys=0.00, real=0.04 secs] 
7787.501: [GC 7787.501: [ParNew: 425695K->33646K(440896K), 0.0364760 secs] 5600800K->5214214K(8339648K), 0.0367090 secs] [Times: user=0.51 sys=0.01, real=0.04 secs] 
7788.981: [CMS-concurrent-sweep: 6.847/6.975 secs] [Times: user=100.26 sys=0.05, real=6.98 secs] 
7788.982: [CMS-concurrent-reset-start]
7789.033: [CMS-concurrent-reset: 0.052/0.052 secs] [Times: user=0.85 sys=0.00, real=0.05 secs] 
7789.189: [GC 7789.190: [ParNew: 425582K->33665K(440896K), 0.0342250 secs] 5605927K->5219160K(8339648K), 0.0344820 secs] [Times: user=0.47 sys=0.00, real=0.03 secs] 
7789.225: [GC [1 CMS-initial-mark: 5185494K(7898752K)] 5219569K(8339648K), 0.0403490 secs] [Times: user=0.04 sys=0.00, real=0.04 secs] 
7789.266: [CMS-concurrent-mark-start]
7792.584: [GC 7792.585: [ParNew: 425601K->25277K(440896K), 0.0386220 secs] 5611096K->5218753K(8339648K), 0.0388890 secs] [Times: user=0.69 sys=0.00, real=0.04 secs] 
7793.922: [CMS-concurrent-mark: 4.615/4.656 secs] [Times: user=63.01 sys=0.05, real=4.66 secs] 
7793.922: [CMS-concurrent-preclean-start]
7794.101: [CMS-concurrent-preclean: 0.172/0.179 secs] [Times: user=0.18 sys=0.00, real=0.18 secs] 
7794.101: [CMS-concurrent-abortable-preclean-start]
7797.478: [GC 7797.479: [ParNew: 417213K->34928K(440896K), 0.0368400 secs] 5610689K->5231374K(8339648K), 0.0370710 secs] [Times: user=0.54 sys=0.00, real=0.03 secs] 
7798.375: [CMS-concurrent-abortable-preclean: 3.415/4.274 secs] [Times: user=43.93 sys=0.06, real=4.27 secs] 
7798.378: [GC[YG occupancy: 240069 K (440896 K)]7798.378: [Rescan (parallel) , 0.0601620 secs]7798.438: [weak refs processing, 0.0014730 secs]7798.439: [class unloading, 0.0223240 secs]7798.462: [scrub symbol & string tables, 0.0190470 secs] [1 CMS-remark: 5196446K(7898752K)] 5436516K(8339648K), 0.1141150 secs] [Times: user=1.29 sys=0.00, real=0.12 secs] 
7798.492: [CMS-concurrent-sweep-start]
7799.275: [GC 7799.275: [ParNew: 426864K->35327K(440896K), 0.0370720 secs] 5622917K->5236916K(8339648K), 0.0372990 secs] [Times: user=0.70 sys=0.00, real=0.04 secs] 
7802.528: [GC 7802.528: [ParNew: 427263K->37809K(440896K), 0.0333040 secs] 5628268K->5241558K(8339648K), 0.0335490 secs] [Times: user=0.52 sys=0.02, real=0.03 secs] 
7804.237: [GC 7804.237: [ParNew: 429745K->36842K(440896K), 0.0402510 secs] 5633353K->5246018K(8339648K), 0.0404810 secs] [Times: user=0.56 sys=0.00, real=0.05 secs] 
7805.349: [CMS-concurrent-sweep: 6.738/6.857 secs] [Times: user=78.44 sys=0.05, real=6.85 secs] 
7805.349: [CMS-concurrent-reset-start]
7805.394: [CMS-concurrent-reset: 0.045/0.045 secs] [Times: user=0.05 sys=0.00, real=0.05 secs] 
7807.397: [GC [1 CMS-initial-mark: 5209014K(7898752K)] 5576913K(8339648K), 0.9096260 secs] [Times: user=0.91 sys=0.00, real=0.91 secs] 
7808.307: [CMS-concurrent-mark-start]
7808.603: [GC 7808.603: [ParNew: 428778K->33305K(440896K), 0.0545080 secs] 5637793K->5253093K(8339648K), 0.0547440 secs] [Times: user=0.82 sys=0.01, real=0.06 secs] 
7811.712: [GC 7811.712: [ParNew: 425241K->33598K(440896K), 0.0324460 secs] 5645029K->5256378K(8339648K), 0.0326780 secs] [Times: user=0.46 sys=0.00, real=0.03 secs] 
7813.318: [CMS-concurrent-mark: 4.918/5.011 secs] [Times: user=87.25 sys=0.03, real=5.01 secs] 
7813.318: [CMS-concurrent-preclean-start]
7813.380: [GC 7813.380: [ParNew: 425534K->32107K(440896K), 0.0343160 secs] 5648314K->5260345K(8339648K), 0.0345560 secs] [Times: user=0.41 sys=0.00, real=0.03 secs] 
7813.635: [CMS-concurrent-preclean: 0.271/0.317 secs] [Times: user=5.16 sys=0.01, real=0.31 secs] 
7813.636: [CMS-concurrent-abortable-preclean-start]
7815.834: [CMS-concurrent-abortable-preclean: 1.494/2.199 secs] [Times: user=12.93 sys=0.03, real=2.20 secs] 
7815.837: [GC[YG occupancy: 229313 K (440896 K)]7815.837: [Rescan (parallel) , 0.1113600 secs]7815.949: [weak refs processing, 0.0024990 secs]7815.952: [class unloading, 0.0221850 secs]7815.974: [scrub symbol & string tables, 0.0190290 secs] [1 CMS-remark: 5228238K(7898752K)] 5457551K(8339648K), 0.1664510 secs] [Times: user=2.39 sys=0.02, real=0.16 secs] 
7816.004: [CMS-concurrent-sweep-start]
7816.965: [GC 7816.965: [ParNew: 424043K->35022K(440896K), 0.0314220 secs] 5651909K->5265679K(8339648K), 0.0316530 secs] [Times: user=0.59 sys=0.00, real=0.03 secs] 
7818.645: [GC 7818.645: [ParNew: 426958K->33715K(440896K), 0.0606930 secs] 5657207K->5272154K(8339648K), 0.0609490 secs] [Times: user=1.00 sys=0.01, real=0.06 secs] 
7821.666: [GC 7821.667: [ParNew: 425651K->28439K(440896K), 0.0411580 secs] 5663938K->5272365K(8339648K), 0.0413970 secs] [Times: user=0.84 sys=0.01, real=0.05 secs] 
7823.148: [CMS-concurrent-sweep: 6.998/7.143 secs] [Times: user=90.10 sys=0.13, real=7.15 secs] 
7823.148: [CMS-concurrent-reset-start]
7823.193: [CMS-concurrent-reset: 0.045/0.045 secs] [Times: user=0.05 sys=0.00, real=0.04 secs] 
7825.194: [GC [1 CMS-initial-mark: 5243738K(7898752K)] 5426822K(8339648K), 0.6662610 secs] [Times: user=0.67 sys=0.00, real=0.67 secs] 
7825.861: [CMS-concurrent-mark-start]
7827.094: [GC 7827.094: [ParNew: 420375K->36066K(440896K), 0.0346860 secs] 5664113K->5282676K(8339648K), 0.0349190 secs] [Times: user=0.69 sys=0.01, real=0.04 secs] 
7828.790: [GC 7828.790: [ParNew: 428002K->34019K(440896K), 0.0432840 secs] 5674612K->5288581K(8339648K), 0.0435060 secs] [Times: user=0.63 sys=0.00, real=0.04 secs] 
7830.906: [CMS-concurrent-mark: 4.961/5.045 secs] [Times: user=84.70 sys=0.06, real=5.04 secs] 
7830.906: [CMS-concurrent-preclean-start]
7831.139: [CMS-concurrent-preclean: 0.225/0.233 secs] [Times: user=4.05 sys=0.01, real=0.24 secs] 
7831.139: [CMS-concurrent-abortable-preclean-start]
7831.986: [GC 7831.986: [ParNew: 425955K->37057K(440896K), 0.0319920 secs] 5680517K->5294776K(8339648K), 0.0322260 secs] [Times: user=0.69 sys=0.00, real=0.04 secs] 
7832.890: [CMS-concurrent-abortable-preclean: 1.706/1.751 secs] [Times: user=30.00 sys=0.00, real=1.75 secs] 
7832.892: [GC[YG occupancy: 244996 K (440896 K)]7832.892: [Rescan (parallel) , 0.0559380 secs]7832.948: [weak refs processing, 0.0012810 secs]7832.950: [class unloading, 0.0215100 secs]7832.971: [scrub symbol & string tables, 0.0190350 secs] [1 CMS-remark: 5257719K(7898752K)] 5502716K(8339648K), 0.1086280 secs] [Times: user=1.16 sys=0.00, real=0.11 secs] 
7833.001: [CMS-concurrent-sweep-start]
7833.765: [GC 7833.765: [ParNew: 428993K->35544K(440896K), 0.0367740 secs] 5686275K->5298346K(8339648K), 0.0370010 secs] [Times: user=0.68 sys=0.00, real=0.04 secs] 
7837.097: [GC 7837.097: [ParNew: 427480K->32541K(440896K), 0.0443980 secs] 5689437K->5302593K(8339648K), 0.0446290 secs] [Times: user=0.64 sys=0.01, real=0.04 secs] 
7839.861: [CMS-concurrent-sweep: 6.771/6.860 secs] [Times: user=60.18 sys=0.06, real=6.86 secs] 
7839.861: [CMS-concurrent-reset-start]
7839.906: [CMS-concurrent-reset: 0.045/0.045 secs] [Times: user=0.06 sys=0.00, real=0.04 secs] 
7841.909: [GC [1 CMS-initial-mark: 5269725K(7898752K)] 5656603K(8339648K), 0.9875870 secs] [Times: user=0.98 sys=0.00, real=0.98 secs] 
7842.897: [CMS-concurrent-mark-start]
7843.088: [GC 7843.088: [ParNew: 424477K->34796K(440896K), 0.0467640 secs] 5694202K->5307718K(8339648K), 0.0470000 secs] [Times: user=0.77 sys=0.01, real=0.04 secs] 
7845.000: [GC 7845.000: [ParNew: 426732K->36223K(440896K), 0.0475810 secs] 5699654K->5316371K(8339648K), 0.0478160 secs] [Times: user=0.62 sys=0.00, real=0.05 secs] 
7846.751: [GC 7846.751: [ParNew: 428159K->34214K(440896K), 0.0316370 secs] 5708307K->5317341K(8339648K), 0.0318620 secs] [Times: user=0.46 sys=0.00, real=0.03 secs] 
7848.473: [GC 7848.473: [ParNew: 426150K->35808K(440896K), 0.0392420 secs] 5709277K->5324602K(8339648K), 0.0394900 secs] [Times: user=0.70 sys=0.00, real=0.04 secs] 
7848.732: [CMS-concurrent-mark: 5.658/5.835 secs] [Times: user=126.76 sys=0.10, real=5.83 secs] 
7848.732: [CMS-concurrent-preclean-start]
7849.169: [CMS-concurrent-preclean: 0.419/0.437 secs] [Times: user=6.34 sys=0.01, real=0.44 secs] 
7849.169: [CMS-concurrent-abortable-preclean-start]
7852.160: [GC 7852.161: [ParNew: 427744K->33205K(440896K), 0.0474750 secs] 5716538K->5332207K(8339648K), 0.0477130 secs] [Times: user=0.67 sys=0.00, real=0.05 secs] 
 CMS: abort preclean due to time 7854.231: [CMS-concurrent-abortable-preclean: 3.694/5.062 secs] [Times: user=37.29 sys=0.06, real=5.06 secs] 
7854.232: [GC[YG occupancy: 222302 K (440896 K)]7854.233: [Rescan (parallel) , 0.0697290 secs]7854.302: [weak refs processing, 0.0017220 secs]7854.304: [class unloading, 0.0297300 secs]7854.334: [scrub symbol & string tables, 0.0238340 secs] [1 CMS-remark: 5299001K(7898752K)] 5521303K(8339648K), 0.1416310 secs] [Times: user=1.68 sys=0.00, real=0.14 secs] 
7854.375: [CMS-concurrent-sweep-start]
7856.903: [GC 7856.903: [ParNew: 425141K->29970K(440896K), 0.0360160 secs] 5723483K->5331368K(8339648K), 0.0362500 secs] [Times: user=0.70 sys=0.00, real=0.04 secs] 
7858.630: [GC 7858.630: [ParNew: 421906K->31033K(440896K), 0.0342420 secs] 5723160K->5335423K(8339648K), 0.0344690 secs] [Times: user=0.56 sys=0.00, real=0.03 secs] 
7862.074: [GC 7862.074: [ParNew: 422969K->36583K(440896K), 0.0381540 secs] 5727032K->5346050K(8339648K), 0.0383890 secs] [Times: user=0.70 sys=0.00, real=0.04 secs] 
7862.757: [CMS-concurrent-sweep: 8.264/8.382 secs] [Times: user=93.00 sys=0.11, real=8.38 secs] 
7862.757: [CMS-concurrent-reset-start]
7862.822: [CMS-concurrent-reset: 0.065/0.065 secs] [Times: user=1.19 sys=0.00, real=0.07 secs] 
7863.780: [GC 7863.780: [ParNew: 428519K->36993K(440896K), 0.0373660 secs] 5737982K->5351959K(8339648K), 0.0375950 secs] [Times: user=0.52 sys=0.00, real=0.04 secs] 
7863.819: [GC [1 CMS-initial-mark: 5314966K(7898752K)] 5353512K(8339648K), 0.0462850 secs] [Times: user=0.04 sys=0.00, real=0.04 secs] 
7863.866: [CMS-concurrent-mark-start]
7866.901: [GC 7866.901: [ParNew: 428929K->35478K(440896K), 0.0366120 secs] 5743895K->5358403K(8339648K), 0.0368410 secs] [Times: user=0.43 sys=0.00, real=0.04 secs] 
7868.536: [CMS-concurrent-mark: 4.631/4.671 secs] [Times: user=69.56 sys=0.04, real=4.67 secs] 
7868.537: [CMS-concurrent-preclean-start]
7868.719: [CMS-concurrent-preclean: 0.176/0.183 secs] [Times: user=0.19 sys=0.00, real=0.19 secs] 
7868.720: [CMS-concurrent-abortable-preclean-start]
7871.859: [GC 7871.859: [ParNew: 427414K->33214K(440896K), 0.0367770 secs] 5750339K->5359265K(8339648K), 0.0370100 secs] [Times: user=0.52 sys=0.00, real=0.03 secs] 
7872.748: [CMS-concurrent-abortable-preclean: 2.974/4.028 secs] [Times: user=32.12 sys=0.07, real=4.03 secs] 
7872.751: [GC[YG occupancy: 233353 K (440896 K)]7872.751: [Rescan (parallel) , 0.0617510 secs]7872.813: [weak refs processing, 0.0014730 secs]7872.814: [class unloading, 0.0218690 secs]7872.836: [scrub symbol & string tables, 0.0190800 secs] [1 CMS-remark: 5326051K(7898752K)] 5559404K(8339648K), 0.1154270 secs] [Times: user=1.34 sys=0.00, real=0.11 secs] 
7872.867: [CMS-concurrent-sweep-start]
7873.681: [GC 7873.681: [ParNew: 425150K->31997K(440896K), 0.0355250 secs] 5750787K->5363567K(8339648K), 0.0357530 secs] [Times: user=0.46 sys=0.00, real=0.03 secs] 
7876.714: [GC 7876.715: [ParNew: 423933K->35352K(440896K), 0.0457020 secs] 5754474K->5370889K(8339648K), 0.0459750 secs] [Times: user=0.89 sys=0.00, real=0.05 secs] 
7878.453: [GC 7878.453: [ParNew: 427288K->34828K(440896K), 0.0420610 secs] 5762712K->5375640K(8339648K), 0.0422900 secs] [Times: user=0.70 sys=0.00, real=0.04 secs] 
7879.922: [CMS-concurrent-sweep: 6.920/7.056 secs] [Times: user=91.30 sys=0.09, real=7.06 secs] 
7879.922: [CMS-concurrent-reset-start]
7879.967: [CMS-concurrent-reset: 0.045/0.045 secs] [Times: user=0.05 sys=0.00, real=0.04 secs] 
7881.915: [GC 7881.916: [ParNew: 426764K->33594K(440896K), 0.0389570 secs] 5767213K->5382215K(8339648K), 0.0391920 secs] [Times: user=0.69 sys=0.00, real=0.04 secs] 
7881.956: [GC [1 CMS-initial-mark: 5348621K(7898752K)] 5382763K(8339648K), 0.0390000 secs] [Times: user=0.04 sys=0.00, real=0.04 secs] 
7881.995: [CMS-concurrent-mark-start]
7885.995: [CMS-concurrent-mark: 4.000/4.000 secs] [Times: user=41.81 sys=0.01, real=4.00 secs] 
7885.995: [CMS-concurrent-preclean-start]
7886.093: [CMS-concurrent-preclean: 0.095/0.098 secs] [Times: user=1.73 sys=0.01, real=0.10 secs] 
7886.093: [CMS-concurrent-abortable-preclean-start]
7886.658: [GC 7886.658: [ParNew: 425530K->31480K(440896K), 0.0467850 secs] 5774151K->5382749K(8339648K), 0.0470520 secs] [Times: user=0.77 sys=0.00, real=0.04 secs] 
7887.638: [CMS-concurrent-abortable-preclean: 1.484/1.546 secs] [Times: user=26.35 sys=0.05, real=1.55 secs] 
7887.641: [GC[YG occupancy: 236013 K (440896 K)]7887.641: [Rescan (parallel) , 0.0618000 secs]7887.703: [weak refs processing, 0.0014250 secs]7887.705: [class unloading, 0.0222130 secs]7887.727: [scrub symbol & string tables, 0.0190410 secs] [1 CMS-remark: 5351268K(7898752K)] 5587281K(8339648K), 0.1154910 secs] [Times: user=1.37 sys=0.00, real=0.11 secs] 
7887.757: [CMS-concurrent-sweep-start]
7888.560: [GC 7888.560: [ParNew: 423416K->35838K(440896K), 0.0382140 secs] 5774268K->5391965K(8339648K), 0.0384410 secs] [Times: user=0.49 sys=0.01, real=0.04 secs] 
7891.891: [GC 7891.891: [ParNew: 427774K->33918K(440896K), 0.0348900 secs] 5783384K->5394813K(8339648K), 0.0351280 secs] [Times: user=0.48 sys=0.01, real=0.03 secs] 
7893.571: [GC 7893.571: [ParNew: 425854K->33609K(440896K), 0.0365660 secs] 5786708K->5399797K(8339648K), 0.0367930 secs] [Times: user=0.50 sys=0.01, real=0.04 secs] 
7894.909: [CMS-concurrent-sweep: 7.034/7.152 secs] [Times: user=88.58 sys=0.12, real=7.15 secs] 
7894.909: [CMS-concurrent-reset-start]
7894.954: [CMS-concurrent-reset: 0.045/0.045 secs] [Times: user=0.05 sys=0.00, real=0.04 secs] 
7896.957: [GC [1 CMS-initial-mark: 5365829K(7898752K)] 5745357K(8339648K), 1.1154490 secs] [Times: user=1.12 sys=0.00, real=1.12 secs] 
7898.073: [CMS-concurrent-mark-start]
7898.315: [GC 7898.315: [ParNew: 425545K->33248K(440896K), 0.0496960 secs] 5791374K->5407061K(8339648K), 0.0499290 secs] [Times: user=0.93 sys=0.00, real=0.05 secs] 
7901.947: [GC 7901.947: [ParNew: 425184K->35258K(440896K), 0.0321060 secs] 5798997K->5411547K(8339648K), 0.0323360 secs] [Times: user=0.67 sys=0.01, real=0.04 secs] 
7903.760: [GC 7903.760: [ParNew: 427194K->36587K(440896K), 0.0344430 secs] 5803483K->5418357K(8339648K), 0.0346690 secs] [Times: user=0.46 sys=0.00, real=0.03 secs] 
7903.852: [CMS-concurrent-mark: 5.655/5.779 secs] [Times: user=100.06 sys=0.05, real=5.78 secs] 
7903.852: [CMS-concurrent-preclean-start]
7904.293: [CMS-concurrent-preclean: 0.424/0.441 secs] [Times: user=7.50 sys=0.00, real=0.44 secs] 
7904.293: [CMS-concurrent-abortable-preclean-start]
7904.642: [CMS-concurrent-abortable-preclean: 0.347/0.349 secs] [Times: user=5.94 sys=0.00, real=0.35 secs] 
7904.645: [GC[YG occupancy: 232828 K (440896 K)]7904.645: [Rescan (parallel) , 0.0640300 secs]7904.709: [weak refs processing, 0.0012950 secs]7904.710: [class unloading, 0.0214090 secs]7904.732: [scrub symbol & string tables, 0.0190360 secs] [1 CMS-remark: 5381769K(7898752K)] 5614598K(8339648K), 0.1166980 secs] [Times: user=1.39 sys=0.00, real=0.12 secs] 
7904.762: [CMS-concurrent-sweep-start]
7907.026: [GC 7907.026: [ParNew: 428523K->37139K(440896K), 0.0384810 secs] 5809962K->5423676K(8339648K), 0.0387150 secs] [Times: user=0.67 sys=0.01, real=0.04 secs] 
7908.879: [GC 7908.879: [ParNew: 429075K->32718K(440896K), 0.0458870 secs] 5815217K->5426984K(8339648K), 0.0461230 secs] [Times: user=0.66 sys=0.01, real=0.04 secs] 
7912.142: [GC 7912.142: [ParNew: 424654K->28001K(440896K), 0.0369300 secs] 5818618K->5427249K(8339648K), 0.0371600 secs] [Times: user=0.66 sys=0.00, real=0.04 secs] 
7913.233: [CMS-concurrent-sweep: 8.341/8.471 secs] [Times: user=100.87 sys=0.09, real=8.47 secs] 
7913.233: [CMS-concurrent-reset-start]
7913.277: [CMS-concurrent-reset: 0.044/0.044 secs] [Times: user=0.04 sys=0.00, real=0.04 secs] 
7915.279: [GC [1 CMS-initial-mark: 5399158K(7898752K)] 5629742K(8339648K), 0.7427310 secs] [Times: user=0.75 sys=0.03, real=0.74 secs] 
7916.022: [CMS-concurrent-mark-start]
7917.118: [GC 7917.119: [ParNew: 419937K->35215K(440896K), 0.0360650 secs] 5819096K->5438084K(8339648K), 0.0363020 secs] [Times: user=0.48 sys=0.01, real=0.03 secs] 
7919.019: [GC 7919.019: [ParNew: 427151K->36088K(440896K), 0.0447830 secs] 5830020K->5445777K(8339648K), 0.0450100 secs] [Times: user=0.59 sys=0.00, real=0.04 secs] 
7922.016: [GC 7922.017: [ParNew: 428024K->37782K(440896K), 0.0366180 secs] 5837713K->5450680K(8339648K), 0.0368480 secs] [Times: user=0.57 sys=0.01, real=0.04 secs] 
7922.471: [CMS-concurrent-mark: 6.323/6.449 secs] [Times: user=119.61 sys=0.05, real=6.45 secs] 
7922.471: [CMS-concurrent-preclean-start]
7922.709: [CMS-concurrent-preclean: 0.230/0.237 secs] [Times: user=4.03 sys=0.01, real=0.24 secs] 
7922.709: [CMS-concurrent-abortable-preclean-start]
7923.729: [GC 7923.729: [ParNew: 429718K->36154K(440896K), 0.0515180 secs] 5842616K->5454614K(8339648K), 0.0517470 secs] [Times: user=0.87 sys=0.00, real=0.05 secs] 
7926.314: [CMS-concurrent-abortable-preclean: 2.937/3.605 secs] [Times: user=34.52 sys=0.01, real=3.60 secs] 
7926.317: [GC[YG occupancy: 232487 K (440896 K)]7926.317: [Rescan (parallel) , 0.0923440 secs]7926.409: [weak refs processing, 0.0012900 secs]7926.411: [class unloading, 0.0292650 secs]7926.440: [scrub symbol & string tables, 0.0238280 secs] [1 CMS-remark: 5418459K(7898752K)] 5650947K(8339648K), 0.1637100 secs] [Times: user=2.02 sys=0.01, real=0.17 secs] 
7926.481: [CMS-concurrent-sweep-start]
7927.499: [GC 7927.499: [ParNew: 428090K->31731K(440896K), 0.0494200 secs] 5846149K->5457863K(8339648K), 0.0496550 secs] [Times: user=0.71 sys=0.00, real=0.04 secs] 
7932.082: [GC 7932.082: [ParNew: 423667K->33974K(440896K), 0.0429340 secs] 5848994K->5464519K(8339648K), 0.0431640 secs] [Times: user=0.67 sys=0.00, real=0.04 secs] 
7933.363: [CMS-concurrent-sweep: 6.781/6.882 secs] [Times: user=72.73 sys=0.05, real=6.88 secs] 
7933.363: [CMS-concurrent-reset-start]
7933.415: [CMS-concurrent-reset: 0.052/0.052 secs] [Times: user=0.86 sys=0.00, real=0.05 secs] 
7933.789: [GC 7933.789: [ParNew: 425910K->33597K(440896K), 0.0372710 secs] 5856206K->5469265K(8339648K), 0.0375030 secs] [Times: user=0.44 sys=0.02, real=0.03 secs] 
7933.828: [GC [1 CMS-initial-mark: 5435668K(7898752K)] 5469700K(8339648K), 0.0410720 secs] [Times: user=0.04 sys=0.00, real=0.04 secs] 
7933.869: [CMS-concurrent-mark-start]
7936.879: [GC 7936.879: [ParNew: 425533K->28789K(440896K), 0.0349680 secs] 5861201K->5467508K(8339648K), 0.0351970 secs] [Times: user=0.51 sys=0.00, real=0.03 secs] 
7938.531: [GC 7938.531: [ParNew: 420725K->31485K(440896K), 0.0368340 secs] 5859444K->5475825K(8339648K), 0.0370710 secs] [Times: user=0.46 sys=0.01, real=0.04 secs] 
7939.377: [CMS-concurrent-mark: 5.427/5.508 secs] [Times: user=99.44 sys=0.17, real=5.50 secs] 
7939.377: [CMS-concurrent-preclean-start]
7939.557: [CMS-concurrent-preclean: 0.173/0.180 secs] [Times: user=0.18 sys=0.00, real=0.18 secs] 
7939.557: [CMS-concurrent-abortable-preclean-start]
7942.124: [GC 7942.124: [ParNew: 423421K->30459K(440896K), 0.0455000 secs] 5867761K->5482463K(8339648K), 0.0457370 secs] [Times: user=0.66 sys=0.01, real=0.05 secs] 
7942.958: [CMS-concurrent-abortable-preclean: 2.636/3.401 secs] [Times: user=32.07 sys=0.09, real=3.41 secs] 
7942.960: [GC[YG occupancy: 227942 K (440896 K)]7942.961: [Rescan (parallel) , 0.0483740 secs]7943.009: [weak refs processing, 0.0011580 secs]7943.010: [class unloading, 0.0217470 secs]7943.032: [scrub symbol & string tables, 0.0190300 secs] [1 CMS-remark: 5452004K(7898752K)] 5679947K(8339648K), 0.1016130 secs] [Times: user=0.95 sys=0.00, real=0.10 secs] 
7943.063: [CMS-concurrent-sweep-start]
7946.035: [GC 7946.035: [ParNew: 422395K->36153K(440896K), 0.0345870 secs] 5873397K->5490062K(8339648K), 0.0348200 secs] [Times: user=0.70 sys=0.00, real=0.04 secs] 
7947.798: [GC 7947.798: [ParNew: 428089K->36241K(440896K), 0.0401590 secs] 5881900K->5495287K(8339648K), 0.0403900 secs] [Times: user=0.64 sys=0.00, real=0.05 secs] 
7949.885: [CMS-concurrent-sweep: 6.742/6.823 secs] [Times: user=62.82 sys=0.03, real=6.82 secs] 
7949.885: [CMS-concurrent-reset-start]
7949.930: [CMS-concurrent-reset: 0.045/0.045 secs] [Times: user=0.06 sys=0.00, real=0.05 secs] 
7951.220: [GC 7951.220: [ParNew: 428177K->34541K(440896K), 0.0403580 secs] 5886846K->5498388K(8339648K), 0.0406210 secs] [Times: user=0.70 sys=0.00, real=0.04 secs] 
7951.262: [GC [1 CMS-initial-mark: 5463846K(7898752K)] 5499000K(8339648K), 0.0468100 secs] [Times: user=0.05 sys=0.00, real=0.05 secs] 
7951.309: [CMS-concurrent-mark-start]
7953.144: [GC 7953.144: [ParNew: 426477K->32267K(440896K), 0.0322630 secs] 5890324K->5501862K(8339648K), 0.0325050 secs] [Times: user=0.49 sys=0.01, real=0.03 secs] 
7956.227: [GC 7956.227: [ParNew: 424203K->28982K(440896K), 0.0466690 secs] 5893798K->5506476K(8339648K), 0.0469160 secs] [Times: user=0.64 sys=0.00, real=0.05 secs] 
7956.526: [CMS-concurrent-mark: 5.132/5.217 secs] [Times: user=91.64 sys=0.04, real=5.21 secs] 
7956.526: [CMS-concurrent-preclean-start]
7956.740: [CMS-concurrent-preclean: 0.206/0.214 secs] [Times: user=3.65 sys=0.00, real=0.22 secs] 
7956.740: [CMS-concurrent-abortable-preclean-start]
7961.159: [GC 7961.160: [ParNew: 420918K->30170K(440896K), 0.0369210 secs] 5898412K->5510438K(8339648K), 0.0371570 secs] [Times: user=0.62 sys=0.00, real=0.03 secs] 
 CMS: abort preclean due to time 7961.748: [CMS-concurrent-abortable-preclean: 3.452/5.009 secs] [Times: user=33.37 sys=0.04, real=5.01 secs] 
7961.751: [GC[YG occupancy: 163817 K (440896 K)]7961.751: [Rescan (parallel) , 0.0497410 secs]7961.801: [weak refs processing, 0.0014300 secs]7961.802: [class unloading, 0.0206400 secs]7961.823: [scrub symbol & string tables, 0.0187060 secs] [1 CMS-remark: 5480267K(7898752K)] 5644085K(8339648K), 0.1017290 secs] [Times: user=1.13 sys=0.00, real=0.10 secs] 
7961.853: [CMS-concurrent-sweep-start]
7962.914: [GC 7962.914: [ParNew: 422106K->34161K(440896K), 0.0363450 secs] 5901934K->5519075K(8339648K), 0.0365770 secs] [Times: user=0.70 sys=0.00, real=0.04 secs] 
7965.825: [GC 7965.825: [ParNew: 426097K->35268K(440896K), 0.0348710 secs] 5910443K->5522587K(8339648K), 0.0351090 secs] [Times: user=0.69 sys=0.01, real=0.04 secs] 
7967.476: [GC 7967.476: [ParNew: 427204K->32324K(440896K), 0.0360000 secs] 5914434K->5524873K(8339648K), 0.0362300 secs] [Times: user=0.69 sys=0.00, real=0.04 secs] 
7968.848: [CMS-concurrent-sweep: 6.880/6.995 secs] [Times: user=93.85 sys=0.10, real=7.00 secs] 
7968.848: [CMS-concurrent-reset-start]
7968.893: [CMS-concurrent-reset: 0.045/0.045 secs] [Times: user=0.04 sys=0.00, real=0.04 secs] 
7970.897: [GC [1 CMS-initial-mark: 5492202K(7898752K)] 5884212K(8339648K), 0.9309440 secs] [Times: user=0.94 sys=0.00, real=0.94 secs] 
7971.828: [CMS-concurrent-mark-start]
7972.005: [GC 7972.005: [ParNew: 424260K->33306K(440896K), 0.0554430 secs] 5916462K->5535754K(8339648K), 0.0556880 secs] [Times: user=0.78 sys=0.01, real=0.06 secs] 
7976.384: [GC 7976.384: [ParNew: 425242K->30084K(440896K), 0.0341930 secs] 5927690K->5535455K(8339648K), 0.0344480 secs] [Times: user=0.70 sys=0.00, real=0.04 secs] 
7976.594: [CMS-concurrent-mark: 4.670/4.766 secs] [Times: user=63.33 sys=0.09, real=4.76 secs] 
7976.594: [CMS-concurrent-preclean-start]
7976.914: [CMS-concurrent-preclean: 0.306/0.320 secs] [Times: user=5.42 sys=0.00, real=0.32 secs] 
7976.914: [CMS-concurrent-abortable-preclean-start]
7977.332: [CMS-concurrent-abortable-preclean: 0.417/0.418 secs] [Times: user=7.12 sys=0.01, real=0.42 secs] 
7977.340: [GC[YG occupancy: 239863 K (440896 K)]7977.340: [Rescan (parallel) , 0.0942870 secs]7977.435: [weak refs processing, 0.0012600 secs]7977.436: [class unloading, 0.0221620 secs]7977.458: [scrub symbol & string tables, 0.0191690 secs] [1 CMS-remark: 5505371K(7898752K)] 5745235K(8339648K), 0.1483570 secs] [Times: user=2.00 sys=0.01, real=0.15 secs] 
7977.489: [CMS-concurrent-sweep-start]
7978.342: [GC 7978.343: [ParNew: 422020K->34352K(440896K), 0.0406810 secs] 5927242K->5544899K(8339648K), 0.0409290 secs] [Times: user=0.70 sys=0.00, real=0.04 secs] 
7981.600: [GC 7981.600: [ParNew: 426288K->37512K(440896K), 0.0471940 secs] 5936133K->5550261K(8339648K), 0.0474910 secs] [Times: user=0.93 sys=0.00, real=0.05 secs] 
7983.482: [GC 7983.483: [ParNew: 429448K->35084K(440896K), 0.0436080 secs] 5942121K->5554511K(8339648K), 0.0438420 secs] [Times: user=0.68 sys=0.00, real=0.04 secs] 
7986.266: [CMS-concurrent-sweep: 8.632/8.777 secs] [Times: user=107.87 sys=0.08, real=8.77 secs] 
7986.266: [CMS-concurrent-reset-start]
7986.334: [CMS-concurrent-reset: 0.068/0.068 secs] [Times: user=1.21 sys=0.00, real=0.07 secs] 
7986.616: [GC 7986.616: [ParNew: 427020K->33039K(440896K), 0.0485410 secs] 5946068K->5560594K(8339648K), 0.0488710 secs] [Times: user=0.91 sys=0.00, real=0.05 secs] 
7986.666: [GC [1 CMS-initial-mark: 5527555K(7898752K)] 5561485K(8339648K), 0.0655290 secs] [Times: user=0.07 sys=0.00, real=0.07 secs] 
7986.732: [CMS-concurrent-mark-start]
7991.423: [GC 7991.423: [ParNew: 424975K->30293K(440896K), 0.0326750 secs] 5952530K->5560718K(8339648K), 0.0329350 secs] [Times: user=0.67 sys=0.00, real=0.03 secs] 
7991.556: [CMS-concurrent-mark: 4.788/4.824 secs] [Times: user=61.02 sys=0.10, real=4.82 secs] 
7991.556: [CMS-concurrent-preclean-start]
7991.857: [CMS-concurrent-preclean: 0.289/0.300 secs] [Times: user=5.04 sys=0.00, real=0.30 secs] 
7991.857: [CMS-concurrent-abortable-preclean-start]
7992.333: [CMS-concurrent-abortable-preclean: 0.475/0.477 secs] [Times: user=8.17 sys=0.00, real=0.48 secs] 
7992.336: [GC[YG occupancy: 234264 K (440896 K)]7992.336: [Rescan (parallel) , 0.0726770 secs]7992.409: [weak refs processing, 0.0012560 secs]7992.410: [class unloading, 0.0216390 secs]7992.432: [scrub symbol & string tables, 0.0191670 secs] [1 CMS-remark: 5530425K(7898752K)] 5764689K(8339648K), 0.1260080 secs] [Times: user=1.56 sys=0.03, real=0.13 secs] 
7992.463: [CMS-concurrent-sweep-start]
7993.287: [GC 7993.287: [ParNew: 422229K->33206K(440896K), 0.0373220 secs] 5952428K->5568736K(8339648K), 0.0375690 secs] [Times: user=0.52 sys=0.01, real=0.03 secs] 
7996.266: [GC 7996.266: [ParNew: 425142K->33286K(440896K), 0.0421130 secs] 5959981K->5573417K(8339648K), 0.0424100 secs] [Times: user=0.72 sys=0.00, real=0.05 secs] 
7998.172: [GC 7998.172: [ParNew: 425222K->31844K(440896K), 0.0368490 secs] 5965277K->5577330K(8339648K), 0.0371010 secs] [Times: user=0.62 sys=0.00, real=0.04 secs] 
8000.884: [CMS-concurrent-sweep: 8.293/8.422 secs] [Times: user=102.37 sys=0.10, real=8.42 secs] 
8000.885: [CMS-concurrent-reset-start]
8000.949: [CMS-concurrent-reset: 0.065/0.065 secs] [Times: user=1.17 sys=0.00, real=0.07 secs] 
8001.283: [GC 8001.283: [ParNew: 423780K->31749K(440896K), 0.0576390 secs] 5968879K->5584666K(8339648K), 0.0579310 secs] [Times: user=0.89 sys=0.00, real=0.06 secs] 
8001.342: [GC [1 CMS-initial-mark: 5552916K(7898752K)] 5585136K(8339648K), 0.0613950 secs] [Times: user=0.06 sys=0.00, real=0.06 secs] 
8001.404: [CMS-concurrent-mark-start]
8005.926: [CMS-concurrent-mark: 4.523/4.523 secs] [Times: user=53.86 sys=0.03, real=4.52 secs] 
8005.926: [CMS-concurrent-preclean-start]
8006.048: [GC 8006.048: [ParNew: 423685K->30415K(440896K), 0.0370630 secs] 5976602K->5586060K(8339648K), 0.0373110 secs] [Times: user=0.69 sys=0.00, real=0.03 secs] 
8006.111: [CMS-concurrent-preclean: 0.139/0.185 secs] [Times: user=3.17 sys=0.00, real=0.19 secs] 
8006.111: [CMS-concurrent-abortable-preclean-start]
8006.925: [CMS-concurrent-abortable-preclean: 0.806/0.813 secs] [Times: user=13.83 sys=0.00, real=0.81 secs] 
8006.927: [GC[YG occupancy: 230789 K (440896 K)]8006.927: [Rescan (parallel) , 0.0568070 secs]8006.984: [weak refs processing, 0.0009920 secs]8006.985: [class unloading, 0.0221510 secs]8007.007: [scrub symbol & string tables, 0.0191710 secs] [1 CMS-remark: 5555645K(7898752K)] 5786435K(8339648K), 0.1104650 secs] [Times: user=1.32 sys=0.01, real=0.12 secs] 
8007.038: [CMS-concurrent-sweep-start]
8007.824: [GC 8007.824: [ParNew: 422351K->34686K(440896K), 0.0447440 secs] 5977768K->5595586K(8339648K), 0.0449910 secs] [Times: user=0.85 sys=0.00, real=0.05 secs] 
8011.278: [GC 8011.278: [ParNew: 426622K->35940K(440896K), 0.0437070 secs] 5986972K->5599286K(8339648K), 0.0859870 secs] [Times: user=0.70 sys=0.01, real=0.08 secs] 
8013.170: [GC 8013.170: [ParNew: 427876K->34681K(440896K), 0.0386270 secs] 5990811K->5603673K(8339648K), 0.0388640 secs] [Times: user=0.57 sys=0.01, real=0.04 secs] 
8013.867: [CMS-concurrent-sweep: 6.650/6.829 secs] [Times: user=86.84 sys=0.08, real=6.83 secs] 
8013.867: [CMS-concurrent-reset-start]
8013.909: [CMS-concurrent-reset: 0.042/0.042 secs] [Times: user=0.68 sys=0.00, real=0.04 secs] 
8015.915: [GC [1 CMS-initial-mark: 5568990K(7898752K)] 5906585K(8339648K), 1.1433000 secs] [Times: user=1.13 sys=0.01, real=1.15 secs] 
8017.059: [CMS-concurrent-mark-start]
8017.500: [GC 8017.500: [ParNew: 426617K->29015K(440896K), 0.0491280 secs] 5995607K->5607263K(8339648K), 0.0493530 secs] [Times: user=0.70 sys=0.01, real=0.05 secs] 
8021.376: [GC 8021.376: [ParNew: 420951K->32379K(440896K), 0.0343630 secs] 5999199K->5613314K(8339648K), 0.0345960 secs] [Times: user=0.70 sys=0.00, real=0.04 secs] 
8021.843: [CMS-concurrent-mark: 4.696/4.785 secs] [Times: user=70.26 sys=0.08, real=4.78 secs] 
8021.843: [CMS-concurrent-preclean-start]
8022.059: [CMS-concurrent-preclean: 0.209/0.215 secs] [Times: user=3.69 sys=0.01, real=0.22 secs] 
8022.059: [CMS-concurrent-abortable-preclean-start]
8023.123: [GC 8023.123: [ParNew: 424315K->36875K(440896K), 0.0343880 secs] 6005250K->5622964K(8339648K), 0.0346190 secs] [Times: user=0.52 sys=0.01, real=0.04 secs] 
8024.053: [CMS-concurrent-abortable-preclean: 1.945/1.994 secs] [Times: user=33.56 sys=0.02, real=1.99 secs] 
8024.056: [GC[YG occupancy: 250496 K (440896 K)]8024.056: [Rescan (parallel) , 0.0750780 secs]8024.131: [weak refs processing, 0.0015490 secs]8024.133: [class unloading, 0.0213500 secs]8024.154: [scrub symbol & string tables, 0.0187370 secs] [1 CMS-remark: 5586089K(7898752K)] 5836586K(8339648K), 0.1281720 secs] [Times: user=1.72 sys=0.01, real=0.13 secs] 
8024.185: [CMS-concurrent-sweep-start]
8025.285: [GC 8025.285: [ParNew: 428811K->35157K(440896K), 0.0365780 secs] 6014672K->5623921K(8339648K), 0.0368520 secs] [Times: user=0.70 sys=0.00, real=0.04 secs] 
8027.149: [GC 8027.149: [ParNew: 427093K->31348K(440896K), 0.0417370 secs] 6015452K->5627379K(8339648K), 0.0419680 secs] [Times: user=0.52 sys=0.00, real=0.04 secs] 
8030.469: [GC 8030.469: [ParNew: 423284K->29516K(440896K), 0.0464080 secs] 6018982K->5633260K(8339648K), 0.0466830 secs] [Times: user=0.70 sys=0.00, real=0.04 secs] 
8031.303: [CMS-concurrent-sweep: 6.984/7.118 secs] [Times: user=90.54 sys=0.09, real=7.12 secs] 
8031.303: [CMS-concurrent-reset-start]
8031.354: [CMS-concurrent-reset: 0.051/0.051 secs] [Times: user=0.87 sys=0.00, real=0.05 secs] 
8033.356: [GC [1 CMS-initial-mark: 5603663K(7898752K)] 6008923K(8339648K), 1.3286250 secs] [Times: user=1.33 sys=0.01, real=1.33 secs] 
8034.685: [CMS-concurrent-mark-start]
8035.745: [GC 8035.745: [ParNew: 421452K->28369K(440896K), 0.0364300 secs] 6025116K->5635013K(8339648K), 0.0366670 secs] [Times: user=0.70 sys=0.00, real=0.04 secs] 
8037.673: [GC 8037.673: [ParNew: 420305K->34606K(440896K), 0.0377580 secs] 6026949K->5644212K(8339648K), 0.0379890 secs] [Times: user=0.70 sys=0.00, real=0.04 secs] 
8040.517: [CMS-concurrent-mark: 5.752/5.832 secs] [Times: user=95.45 sys=0.08, real=5.84 secs] 
8040.517: [CMS-concurrent-preclean-start]
8040.707: [CMS-concurrent-preclean: 0.182/0.190 secs] [Times: user=0.18 sys=0.00, real=0.18 secs] 
8040.707: [CMS-concurrent-abortable-preclean-start]
8040.741: [GC 8040.741: [ParNew: 426542K->35848K(440896K), 0.0383520 secs] 6036148K->5650690K(8339648K), 0.0386460 secs] [Times: user=0.60 sys=0.00, real=0.04 secs] 
8041.833: [CMS-concurrent-abortable-preclean: 1.077/1.126 secs] [Times: user=18.66 sys=0.03, real=1.13 secs] 
8041.836: [GC[YG occupancy: 238527 K (440896 K)]8041.836: [Rescan (parallel) , 0.0556600 secs]8041.892: [weak refs processing, 0.0011700 secs]8041.893: [class unloading, 0.0211980 secs]8041.914: [scrub symbol & string tables, 0.0187100 secs] [1 CMS-remark: 5614841K(7898752K)] 5853368K(8339648K), 0.1081190 secs] [Times: user=1.27 sys=0.01, real=0.11 secs] 
8041.945: [CMS-concurrent-sweep-start]
8042.795: [GC 8042.795: [ParNew: 427784K->37218K(440896K), 0.0346980 secs] 6042234K->5656951K(8339648K), 0.0349330 secs] [Times: user=0.70 sys=0.00, real=0.04 secs] 
8045.921: [GC 8045.921: [ParNew: 429154K->27325K(440896K), 0.0427670 secs] 6048172K->5654439K(8339648K), 0.0783580 secs] [Times: user=0.66 sys=0.00, real=0.08 secs] 
8049.123: [CMS-concurrent-sweep: 7.059/7.178 secs] [Times: user=76.11 sys=0.05, real=7.18 secs] 
8049.123: [CMS-concurrent-reset-start]
8049.162: [CMS-concurrent-reset: 0.039/0.039 secs] [Times: user=0.08 sys=0.00, real=0.04 secs] 
8050.823: [GC 8050.823: [ParNew: 419261K->32024K(440896K), 0.0601570 secs] 6045930K->5663152K(8339648K), 0.0604350 secs] [Times: user=1.16 sys=0.00, real=0.06 secs] 
8050.884: [GC [1 CMS-initial-mark: 5631128K(7898752K)] 5664048K(8339648K), 0.1053450 secs] [Times: user=0.11 sys=0.00, real=0.11 secs] 
8050.990: [CMS-concurrent-mark-start]
8052.897: [GC 8052.897: [ParNew: 423960K->37799K(440896K), 0.0380430 secs] 6055088K->5674234K(8339648K), 0.0382820 secs] [Times: user=0.63 sys=0.00, real=0.04 secs] 
8054.668: [GC 8054.668: [ParNew: 429735K->37827K(440896K), 0.0347380 secs] 6066170K->5677122K(8339648K), 0.0349730 secs] [Times: user=0.51 sys=0.00, real=0.03 secs] 
8056.975: [CMS-concurrent-mark: 5.906/5.984 secs] [Times: user=115.57 sys=0.06, real=5.98 secs] 
8056.975: [CMS-concurrent-preclean-start]
8057.352: [GC 8057.352: [ParNew: 429763K->36071K(440896K), 0.0451550 secs] 6069058K->5680811K(8339648K), 0.0453930 secs] [Times: user=0.69 sys=0.00, real=0.05 secs] 
8057.841: [CMS-concurrent-preclean: 0.792/0.866 secs] [Times: user=14.56 sys=0.04, real=0.87 secs] 
8057.841: [CMS-concurrent-abortable-preclean-start]
8058.284: [CMS-concurrent-abortable-preclean: 0.441/0.442 secs] [Times: user=7.48 sys=0.00, real=0.44 secs] 
8058.287: [GC[YG occupancy: 243487 K (440896 K)]8058.287: [Rescan (parallel) , 0.0927480 secs]8058.380: [weak refs processing, 0.0013140 secs]8058.381: [class unloading, 0.0208120 secs]8058.402: [scrub symbol & string tables, 0.0187210 secs] [1 CMS-remark: 5644739K(7898752K)] 5888227K(8339648K), 0.1451470 secs] [Times: user=2.03 sys=0.01, real=0.15 secs] 
8058.432: [CMS-concurrent-sweep-start]
8059.261: [GC 8059.261: [ParNew: 428007K->30929K(440896K), 0.0586690 secs] 6071881K->5685368K(8339648K), 0.0588880 secs] [Times: user=0.86 sys=0.01, real=0.06 secs] 
8062.535: [GC 8062.535: [ParNew: 422865K->22823K(440896K), 0.0404210 secs] 6064331K->5669761K(8339648K), 0.0630190 secs] [Times: user=0.61 sys=0.01, real=0.07 secs] 
8066.464: [CMS-concurrent-sweep: 7.904/8.031 secs] [Times: user=65.93 sys=0.14, real=8.03 secs] 
8066.464: [CMS-concurrent-reset-start]
8066.522: [CMS-concurrent-reset: 0.058/0.058 secs] [Times: user=1.02 sys=0.00, real=0.06 secs] 
8067.388: [GC 8067.388: [ParNew: 414759K->31158K(440896K), 0.0440230 secs] 5784764K->5404123K(8339648K), 0.0442560 secs] [Times: user=0.74 sys=0.00, real=0.04 secs] 
8067.434: [GC [1 CMS-initial-mark: 5372965K(7898752K)] 5404601K(8339648K), 0.0482260 secs] [Times: user=0.05 sys=0.00, real=0.05 secs] 
8067.482: [CMS-concurrent-mark-start]
8069.330: [GC 8069.330: [ParNew: 423094K->33169K(440896K), 0.0411390 secs] 5796059K->5411454K(8339648K), 0.0413680 secs] [Times: user=0.59 sys=0.00, real=0.04 secs] 
8072.474: [GC 8072.474: [ParNew: 425105K->35538K(440896K), 0.0298060 secs] 5803390K->5416223K(8339648K), 0.0300400 secs] [Times: user=0.47 sys=0.01, real=0.03 secs] 
8073.331: [CMS-concurrent-mark: 5.772/5.849 secs] [Times: user=106.36 sys=0.10, real=5.85 secs] 
8073.331: [CMS-concurrent-preclean-start]
8073.918: [CMS-concurrent-preclean: 0.558/0.587 secs] [Times: user=9.98 sys=0.01, real=0.59 secs] 
8073.918: [CMS-concurrent-abortable-preclean-start]
8075.797: [GC 8075.797: [ParNew: 427474K->35206K(440896K), 0.0509240 secs] 5808159K->5421397K(8339648K), 0.0512020 secs] [Times: user=0.84 sys=0.01, real=0.06 secs] 
8077.014: [CMS-concurrent-abortable-preclean: 2.402/3.096 secs] [Times: user=26.34 sys=0.03, real=3.09 secs] 
8077.016: [GC[YG occupancy: 248473 K (440896 K)]8077.017: [Rescan (parallel) , 0.0686400 secs]8077.085: [weak refs processing, 0.0011670 secs]8077.086: [class unloading, 0.0209610 secs]8077.107: [scrub symbol & string tables, 0.0187090 secs] [1 CMS-remark: 5386190K(7898752K)] 5634663K(8339648K), 0.1206620 secs] [Times: user=1.58 sys=0.00, real=0.12 secs] 
8077.138: [CMS-concurrent-sweep-start]
8077.953: [GC 8077.953: [ParNew: 427142K->34619K(440896K), 0.0562060 secs] 5813060K->5430450K(8339648K), 0.0564470 secs] [Times: user=0.69 sys=0.01, real=0.06 secs] 
8082.471: [GC 8082.471: [ParNew: 426555K->30826K(440896K), 0.0480860 secs] 5821246K->5428583K(8339648K), 0.0483370 secs] [Times: user=0.82 sys=0.00, real=0.05 secs] 
8084.295: [GC 8084.295: [ParNew: 422762K->30484K(440896K), 0.0422460 secs] 5820255K->5433164K(8339648K), 0.0424780 secs] [Times: user=0.64 sys=0.01, real=0.05 secs] 
8085.441: [CMS-concurrent-sweep: 8.149/8.304 secs] [Times: user=86.47 sys=0.09, real=8.30 secs] 
8085.442: [CMS-concurrent-reset-start]
8085.481: [CMS-concurrent-reset: 0.039/0.039 secs] [Times: user=0.04 sys=0.00, real=0.04 secs] 
8087.275: [GC 8087.276: [ParNew: 422420K->31659K(440896K), 0.0407050 secs] 5824872K->5439279K(8339648K), 0.0409360 secs] [Times: user=0.69 sys=0.00, real=0.04 secs] 
8087.318: [GC [1 CMS-initial-mark: 5407619K(7898752K)] 5441183K(8339648K), 0.0447600 secs] [Times: user=0.05 sys=0.00, real=0.04 secs] 
8087.363: [CMS-concurrent-mark-start]
8089.172: [GC 8089.173: [ParNew: 423595K->31823K(440896K), 0.0422580 secs] 5831215K->5443642K(8339648K), 0.0424880 secs] [Times: user=0.70 sys=0.00, real=0.04 secs] 
8092.343: [GC 8092.343: [ParNew: 423759K->28264K(440896K), 0.0456190 secs] 5835578K->5448803K(8339648K), 0.0458530 secs] [Times: user=0.67 sys=0.00, real=0.05 secs] 
8092.738: [CMS-concurrent-mark: 5.282/5.375 secs] [Times: user=90.96 sys=0.03, real=5.38 secs] 
8092.738: [CMS-concurrent-preclean-start]
8093.077: [CMS-concurrent-preclean: 0.323/0.338 secs] [Times: user=0.36 sys=0.00, real=0.33 secs] 
8093.077: [CMS-concurrent-abortable-preclean-start]
8096.552: [CMS-concurrent-abortable-preclean: 2.167/3.475 secs] [Times: user=15.56 sys=0.01, real=3.48 secs] 
8096.554: [GC[YG occupancy: 236264 K (440896 K)]8096.555: [Rescan (parallel) , 0.1115710 secs]8096.666: [weak refs processing, 0.0013560 secs]8096.668: [class unloading, 0.0214010 secs]8096.689: [scrub symbol & string tables, 0.0187180 secs] [1 CMS-remark: 5420539K(7898752K)] 5656804K(8339648K), 0.1640450 secs] [Times: user=2.51 sys=0.01, real=0.17 secs] 
8096.719: [CMS-concurrent-sweep-start]
8097.534: [GC 8097.534: [ParNew: 420200K->30243K(440896K), 0.0410160 secs] 5840439K->5453322K(8339648K), 0.0412550 secs] [Times: user=0.68 sys=0.00, real=0.04 secs] 
8099.251: [GC 8099.251: [ParNew: 422179K->33385K(440896K), 0.0379430 secs] 5844450K->5460731K(8339648K), 0.0381720 secs] [Times: user=0.60 sys=0.01, real=0.04 secs] 
8102.438: [GC 8102.438: [ParNew: 425321K->37134K(440896K), 0.0399240 secs] 5852510K->5467092K(8339648K), 0.0401520 secs] [Times: user=0.72 sys=0.00, real=0.04 secs] 
8104.182: [CMS-concurrent-sweep: 7.336/7.463 secs] [Times: user=102.56 sys=0.12, real=7.46 secs] 
8104.183: [CMS-concurrent-reset-start]
8104.222: [CMS-concurrent-reset: 0.040/0.040 secs] [Times: user=0.08 sys=0.00, real=0.04 secs] 
8105.757: [GC 8105.757: [ParNew: 429070K->36809K(440896K), 0.0610910 secs] 5858694K->5471602K(8339648K), 0.0613670 secs] [Times: user=1.08 sys=0.00, real=0.07 secs] 
8105.819: [GC [1 CMS-initial-mark: 5434793K(7898752K)] 5472057K(8339648K), 0.1111370 secs] [Times: user=0.11 sys=0.01, real=0.11 secs] 
8105.931: [CMS-concurrent-mark-start]
8109.218: [GC 8109.218: [ParNew: 428745K->40888K(440896K), 0.0588190 secs] 5863538K->5485865K(8339648K), 0.0590580 secs] [Times: user=0.69 sys=0.03, real=0.06 secs] 
8110.333: [CMS-concurrent-mark: 4.342/4.402 secs] [Times: user=54.32 sys=0.08, real=4.40 secs] 
8110.333: [CMS-concurrent-preclean-start]
8110.629: [CMS-concurrent-preclean: 0.286/0.296 secs] [Times: user=0.32 sys=0.00, real=0.30 secs] 
8110.629: [CMS-concurrent-abortable-preclean-start]
8111.735: [CMS-concurrent-abortable-preclean: 1.001/1.106 secs] [Times: user=17.12 sys=0.04, real=1.10 secs] 
8111.738: [GC[YG occupancy: 250719 K (440896 K)]8111.738: [Rescan (parallel) , 0.1448250 secs]8111.883: [weak refs processing, 0.0013230 secs]8111.885: [class unloading, 0.0199770 secs]8111.905: [scrub symbol & string tables, 0.0187240 secs] [1 CMS-remark: 5444977K(7898752K)] 5695697K(8339648K), 0.1965850 secs] [Times: user=3.07 sys=0.01, real=0.19 secs] 
8111.935: [CMS-concurrent-sweep-start]
8112.749: [GC 8112.749: [ParNew: 432824K->33875K(440896K), 0.0413690 secs] 5876859K->5480824K(8339648K), 0.0416380 secs] [Times: user=0.71 sys=0.00, real=0.04 secs] 
8114.549: [GC 8114.549: [ParNew: 425811K->34157K(440896K), 0.0465190 secs] 5870237K->5483670K(8339648K), 0.0467800 secs] [Times: user=0.67 sys=0.00, real=0.04 secs] 
8117.243: [GC 8117.244: [ParNew: 426093K->35792K(440896K), 0.0777980 secs] 5772838K->5390477K(8339648K), 0.0780320 secs] [Times: user=0.73 sys=0.00, real=0.08 secs] 
8119.014: [GC 8119.014: [ParNew: 427728K->30208K(440896K), 0.0417590 secs] 5780339K->5389678K(8339648K), 0.0419870 secs] [Times: user=0.68 sys=0.00, real=0.04 secs] 
8121.237: [CMS-concurrent-sweep: 9.074/9.301 secs] [Times: user=121.38 sys=0.15, real=9.30 secs] 
8121.237: [CMS-concurrent-reset-start]
8121.289: [CMS-concurrent-reset: 0.052/0.052 secs] [Times: user=0.96 sys=0.01, real=0.06 secs] 
8122.279: [GC 8122.279: [ParNew: 422144K->23973K(440896K), 0.0421390 secs] 5613925K->5221833K(8339648K), 0.0423690 secs] [Times: user=0.46 sys=0.02, real=0.04 secs] 
8122.329: [GC [1 CMS-initial-mark: 5197860K(7898752K)] 5228858K(8339648K), 0.0407260 secs] [Times: user=0.04 sys=0.00, real=0.04 secs] 
8122.370: [CMS-concurrent-mark-start]
8126.242: [CMS-concurrent-mark: 3.872/3.872 secs] [Times: user=38.11 sys=0.03, real=3.87 secs] 
8126.242: [CMS-concurrent-preclean-start]
8126.377: [CMS-concurrent-preclean: 0.130/0.135 secs] [Times: user=2.20 sys=0.00, real=0.14 secs] 
8126.377: [CMS-concurrent-abortable-preclean-start]
8127.047: [GC 8127.047: [ParNew: 415909K->32214K(440896K), 0.0394330 secs] 5613769K->5233059K(8339648K), 0.0396720 secs] [Times: user=0.64 sys=0.00, real=0.04 secs] 
8127.942: [CMS-concurrent-abortable-preclean: 1.493/1.565 secs] [Times: user=26.84 sys=0.01, real=1.56 secs] 
8127.944: [GC[YG occupancy: 232057 K (440896 K)]8127.944: [Rescan (parallel) , 0.0694830 secs]8128.014: [weak refs processing, 0.0014130 secs]8128.015: [class unloading, 0.0214320 secs]8128.037: [scrub symbol & string tables, 0.0190570 secs] [1 CMS-remark: 5200844K(7898752K)] 5432902K(8339648K), 0.1225420 secs] [Times: user=1.58 sys=0.00, real=0.12 secs] 
8128.067: [CMS-concurrent-sweep-start]
8128.908: [GC 8128.937: [ParNew: 424150K->35158K(440896K), 0.0428870 secs] 5624863K->5241078K(8339648K), 0.0431400 secs] [Times: user=0.62 sys=0.01, real=0.07 secs] 
8132.243: [GC 8132.243: [ParNew: 427094K->35276K(440896K), 0.0390830 secs] 5632309K->5243484K(8339648K), 0.0393350 secs] [Times: user=0.70 sys=0.00, real=0.04 secs] 
8134.059: [GC 8134.060: [ParNew: 427212K->34859K(440896K), 0.0479310 secs] 5635357K->5248504K(8339648K), 0.0481690 secs] [Times: user=0.65 sys=0.00, real=0.05 secs] 
8136.715: [CMS-concurrent-sweep: 8.480/8.648 secs] [Times: user=101.61 sys=0.09, real=8.64 secs] 
8136.715: [CMS-concurrent-reset-start]
8136.773: [CMS-concurrent-reset: 0.058/0.058 secs] [Times: user=1.04 sys=0.00, real=0.06 secs] 
8137.270: [GC 8137.270: [ParNew: 426795K->33605K(440896K), 0.0555670 secs] 5640102K->5254631K(8339648K), 0.0558840 secs] [Times: user=0.68 sys=0.00, real=0.05 secs] 
8137.327: [GC [1 CMS-initial-mark: 5221026K(7898752K)] 5256156K(8339648K), 0.0415920 secs] [Times: user=0.04 sys=0.00, real=0.05 secs] 
8137.369: [CMS-concurrent-mark-start]
8141.227: [CMS-concurrent-mark: 3.858/3.858 secs] [Times: user=37.56 sys=0.03, real=3.86 secs] 
8141.228: [CMS-concurrent-preclean-start]
8141.375: [CMS-concurrent-preclean: 0.143/0.147 secs] [Times: user=2.42 sys=0.00, real=0.14 secs] 
8141.375: [CMS-concurrent-abortable-preclean-start]
8141.985: [GC 8141.985: [ParNew: 425541K->29876K(440896K), 0.0462180 secs] 5646567K->5256349K(8339648K), 0.0464540 secs] [Times: user=0.67 sys=0.00, real=0.05 secs] 
8142.848: [CMS-concurrent-abortable-preclean: 1.406/1.473 secs] [Times: user=24.86 sys=0.03, real=1.48 secs] 
8142.851: [GC[YG occupancy: 228132 K (440896 K)]8142.851: [Rescan (parallel) , 0.0619320 secs]8142.913: [weak refs processing, 0.0011930 secs]8142.914: [class unloading, 0.0219410 secs]8142.936: [scrub symbol & string tables, 0.0190330 secs] [1 CMS-remark: 5226473K(7898752K)] 5454606K(8339648K), 0.1153700 secs] [Times: user=1.42 sys=0.00, real=0.11 secs] 
8142.967: [CMS-concurrent-sweep-start]
8143.815: [GC 8143.816: [ParNew: 421812K->32014K(440896K), 0.0481330 secs] 5648110K->5264026K(8339648K), 0.0483620 secs] [Times: user=0.70 sys=0.00, real=0.05 secs] 
8146.706: [GC 8146.706: [ParNew: 423950K->30464K(440896K), 0.0383300 secs] 5655372K->5264739K(8339648K), 0.0385590 secs] [Times: user=0.69 sys=0.00, real=0.04 secs] 
8148.383: [GC 8148.384: [ParNew: 422400K->33744K(440896K), 0.0505210 secs] 5656579K->5273466K(8339648K), 0.0507600 secs] [Times: user=0.91 sys=0.00, real=0.05 secs] 
8150.149: [CMS-concurrent-sweep: 7.036/7.182 secs] [Times: user=89.11 sys=0.08, real=7.19 secs] 
8150.149: [CMS-concurrent-reset-start]
8150.193: [CMS-concurrent-reset: 0.044/0.044 secs] [Times: user=0.08 sys=0.00, real=0.04 secs] 
8151.898: [GC 8151.898: [ParNew: 425680K->31383K(440896K), 0.0615320 secs] 5665133K->5278766K(8339648K), 0.0617630 secs] [Times: user=0.99 sys=0.00, real=0.06 secs] 
8151.961: [GC [1 CMS-initial-mark: 5247382K(7898752K)] 5280500K(8339648K), 0.0410330 secs] [Times: user=0.04 sys=0.00, real=0.04 secs] 
8152.003: [CMS-concurrent-mark-start]
8155.999: [CMS-concurrent-mark: 3.978/3.996 secs] [Times: user=42.38 sys=0.01, real=4.00 secs] 
8155.999: [CMS-concurrent-preclean-start]
8156.075: [CMS-concurrent-preclean: 0.075/0.076 secs] [Times: user=1.22 sys=0.00, real=0.07 secs] 
8156.076: [CMS-concurrent-abortable-preclean-start]
8156.558: [GC 8156.558: [ParNew: 423319K->34261K(440896K), 0.0475880 secs] 5670702K->5284545K(8339648K), 0.0478210 secs] [Times: user=0.77 sys=0.00, real=0.04 secs] 
8157.461: [CMS-concurrent-abortable-preclean: 1.322/1.385 secs] [Times: user=23.78 sys=0.01, real=1.39 secs] 
8157.464: [GC[YG occupancy: 236549 K (440896 K)]8157.464: [Rescan (parallel) , 0.0592560 secs]8157.523: [weak refs processing, 0.0014700 secs]8157.525: [class unloading, 0.0215960 secs]8157.546: [scrub symbol & string tables, 0.0191100 secs] [1 CMS-remark: 5250283K(7898752K)] 5486832K(8339648K), 0.1129150 secs] [Times: user=1.41 sys=0.00, real=0.11 secs] 
8157.577: [CMS-concurrent-sweep-start]
8158.404: [GC 8158.404: [ParNew: 426197K->36316K(440896K), 0.0393440 secs] 5676309K->5291296K(8339648K), 0.0395700 secs] [Times: user=0.70 sys=0.00, real=0.04 secs] 
8161.739: [GC 8161.740: [ParNew: 428252K->34668K(440896K), 0.0437260 secs] 5682523K->5293746K(8339648K), 0.0781880 secs] [Times: user=0.70 sys=0.00, real=0.08 secs] 
8163.489: [GC 8163.490: [ParNew: 426604K->32282K(440896K), 0.0424240 secs] 5685632K->5297165K(8339648K), 0.0426500 secs] [Times: user=0.55 sys=0.01, real=0.04 secs] 
8164.815: [CMS-concurrent-sweep: 7.063/7.238 secs] [Times: user=90.45 sys=0.09, real=7.23 secs] 
8164.815: [CMS-concurrent-reset-start]
8164.859: [CMS-concurrent-reset: 0.044/0.044 secs] [Times: user=0.05 sys=0.00, real=0.05 secs] 
8166.868: [GC [1 CMS-initial-mark: 5264514K(7898752K)] 5659429K(8339648K), 0.9509060 secs] [Times: user=0.95 sys=0.00, real=0.95 secs] 
8167.819: [CMS-concurrent-mark-start]
8167.991: [GC 8167.991: [ParNew: 424218K->33082K(440896K), 0.0459340 secs] 5688732K->5305461K(8339648K), 0.0461690 secs] [Times: user=0.70 sys=0.00, real=0.04 secs] 
8171.751: [GC 8171.751: [ParNew: 425018K->31480K(440896K), 0.0368030 secs] 5697397K->5306369K(8339648K), 0.0370430 secs] [Times: user=0.69 sys=0.00, real=0.04 secs] 
8172.967: [CMS-concurrent-mark: 5.058/5.148 secs] [Times: user=83.16 sys=0.09, real=5.14 secs] 
8172.967: [CMS-concurrent-preclean-start]
8173.324: [CMS-concurrent-preclean: 0.343/0.357 secs] [Times: user=6.11 sys=0.00, real=0.36 secs] 
8173.324: [CMS-concurrent-abortable-preclean-start]
8173.560: [GC 8173.560: [ParNew: 423416K->35171K(440896K), 0.0396490 secs] 5698305K->5315478K(8339648K), 0.0398760 secs] [Times: user=0.51 sys=0.00, real=0.04 secs] 
8174.455: [CMS-concurrent-abortable-preclean: 1.076/1.131 secs] [Times: user=18.90 sys=0.03, real=1.13 secs] 
8174.457: [GC[YG occupancy: 245786 K (440896 K)]8174.457: [Rescan (parallel) , 0.0572040 secs]8174.515: [weak refs processing, 0.0014980 secs]8174.516: [class unloading, 0.0220350 secs]8174.538: [scrub symbol & string tables, 0.0190430 secs] [1 CMS-remark: 5280306K(7898752K)] 5526092K(8339648K), 0.1108840 secs] [Times: user=1.29 sys=0.02, real=0.11 secs] 
8174.569: [CMS-concurrent-sweep-start]
8176.661: [GC 8176.662: [ParNew: 427107K->33228K(440896K), 0.0484610 secs] 5706930K->5317999K(8339648K), 0.0487340 secs] [Times: user=0.71 sys=0.00, real=0.05 secs] 
8178.443: [GC 8178.443: [ParNew: 425164K->33714K(440896K), 0.0469250 secs] 5709649K->5323969K(8339648K), 0.0471530 secs] [Times: user=0.71 sys=0.01, real=0.05 secs] 
8181.666: [GC 8181.667: [ParNew: 425650K->31244K(440896K), 0.0491580 secs] 5715545K->5328381K(8339648K), 0.0494390 secs] [Times: user=0.85 sys=0.00, real=0.05 secs] 
8181.766: [CMS-concurrent-sweep: 7.041/7.198 secs] [Times: user=81.50 sys=0.08, real=7.19 secs] 
8181.767: [CMS-concurrent-reset-start]
8181.817: [CMS-concurrent-reset: 0.050/0.050 secs] [Times: user=0.86 sys=0.00, real=0.05 secs] 
8183.819: [GC [1 CMS-initial-mark: 5297136K(7898752K)] 5549350K(8339648K), 1.0230720 secs] [Times: user=1.02 sys=0.00, real=1.02 secs] 
8184.842: [CMS-concurrent-mark-start]
8186.562: [GC 8186.562: [ParNew: 423180K->34638K(440896K), 0.0331800 secs] 5720317K->5334455K(8339648K), 0.0334160 secs] [Times: user=0.50 sys=0.00, real=0.03 secs] 
8188.237: [GC 8188.237: [ParNew: 426574K->37918K(440896K), 0.0506950 secs] 5726391K->5342899K(8339648K), 0.0509230 secs] [Times: user=0.68 sys=0.02, real=0.06 secs] 
8189.907: [CMS-concurrent-mark: 4.974/5.065 secs] [Times: user=82.08 sys=0.05, real=5.06 secs] 
8189.907: [CMS-concurrent-preclean-start]
8190.128: [CMS-concurrent-preclean: 0.213/0.221 secs] [Times: user=0.22 sys=0.00, real=0.23 secs] 
8190.128: [CMS-concurrent-abortable-preclean-start]
8191.884: [GC 8191.885: [ParNew: 429854K->28224K(440896K), 0.0488500 secs] 5734835K->5338563K(8339648K), 0.0490820 secs] [Times: user=0.86 sys=0.00, real=0.05 secs] 
8192.727: [CMS-concurrent-abortable-preclean: 2.231/2.598 secs] [Times: user=32.48 sys=0.02, real=2.59 secs] 
8192.731: [GC[YG occupancy: 224573 K (440896 K)]8192.731: [Rescan (parallel) , 0.0541950 secs]8192.785: [weak refs processing, 0.0014430 secs]8192.787: [class unloading, 0.0220960 secs]8192.809: [scrub symbol & string tables, 0.0193920 secs] [1 CMS-remark: 5310338K(7898752K)] 5534912K(8339648K), 0.1081860 secs] [Times: user=1.18 sys=0.00, real=0.11 secs] 
8192.840: [CMS-concurrent-sweep-start]
8193.660: [GC 8193.660: [ParNew: 420160K->31870K(440896K), 0.0460000 secs] 5730164K->5347385K(8339648K), 0.0462290 secs] [Times: user=0.68 sys=0.01, real=0.04 secs] 
8196.832: [GC 8196.832: [ParNew: 423806K->32660K(440896K), 0.0485230 secs] 5738576K->5355225K(8339648K), 0.0487550 secs] [Times: user=0.67 sys=0.00, real=0.05 secs] 
8199.808: [CMS-concurrent-sweep: 6.867/6.969 secs] [Times: user=66.53 sys=0.07, real=6.97 secs] 
8199.809: [CMS-concurrent-reset-start]
8199.853: [CMS-concurrent-reset: 0.044/0.044 secs] [Times: user=0.04 sys=0.00, real=0.04 secs] 
8201.686: [GC 8201.686: [ParNew: 424596K->29635K(440896K), 0.0443230 secs] 5746765K->5354341K(8339648K), 0.0446020 secs] [Times: user=0.90 sys=0.00, real=0.05 secs] 
8201.733: [GC [1 CMS-initial-mark: 5324705K(7898752K)] 5356413K(8339648K), 0.0814410 secs] [Times: user=0.08 sys=0.00, real=0.08 secs] 
8201.814: [CMS-concurrent-mark-start]
8203.425: [GC 8203.425: [ParNew: 421571K->33561K(440896K), 0.0344570 secs] 5746277K->5363353K(8339648K), 0.0346910 secs] [Times: user=0.61 sys=0.00, real=0.04 secs] 
8206.128: [CMS-concurrent-mark: 4.276/4.314 secs] [Times: user=71.19 sys=0.07, real=4.32 secs] 
8206.128: [CMS-concurrent-preclean-start]
8206.338: [CMS-concurrent-preclean: 0.202/0.210 secs] [Times: user=3.53 sys=0.00, real=0.21 secs] 
8206.339: [CMS-concurrent-abortable-preclean-start]
8206.471: [GC 8206.471: [ParNew: 425497K->34209K(440896K), 0.0361030 secs] 5755289K->5369220K(8339648K), 0.0363690 secs] [Times: user=0.52 sys=0.00, real=0.03 secs] 
8207.326: [CMS-concurrent-abortable-preclean: 0.940/0.988 secs] [Times: user=16.76 sys=0.00, real=0.98 secs] 
8207.329: [GC[YG occupancy: 239917 K (440896 K)]8207.329: [Rescan (parallel) , 0.0590480 secs]8207.388: [weak refs processing, 0.0013960 secs]8207.389: [class unloading, 0.0223610 secs]8207.412: [scrub symbol & string tables, 0.0192880 secs] [1 CMS-remark: 5335011K(7898752K)] 5574928K(8339648K), 0.1137550 secs] [Times: user=1.11 sys=0.00, real=0.11 secs] 
8207.443: [CMS-concurrent-sweep-start]
8208.216: [GC 8208.216: [ParNew: 426145K->29281K(440896K), 0.0351150 secs] 5760878K->5369067K(8339648K), 0.0353490 secs] [Times: user=0.70 sys=0.00, real=0.04 secs] 
8211.735: [GC 8211.735: [ParNew: 421217K->33230K(440896K), 0.0436790 secs] 5760364K->5379911K(8339648K), 0.0439140 secs] [Times: user=0.69 sys=0.00, real=0.05 secs] 
8214.140: [CMS-concurrent-sweep: 6.613/6.697 secs] [Times: user=63.73 sys=0.04, real=6.70 secs] 
8214.140: [CMS-concurrent-reset-start]
8214.185: [CMS-concurrent-reset: 0.045/0.045 secs] [Times: user=0.04 sys=0.00, real=0.04 secs] 
8216.188: [GC [1 CMS-initial-mark: 5346352K(7898752K)] 5682324K(8339648K), 1.0348320 secs] [Times: user=1.03 sys=0.00, real=1.03 secs] 
8217.223: [CMS-concurrent-mark-start]
8217.660: [GC 8217.660: [ParNew: 425166K->37429K(440896K), 0.0397710 secs] 5771518K->5386702K(8339648K), 0.0400060 secs] [Times: user=0.70 sys=0.00, real=0.04 secs] 
8219.376: [GC 8219.376: [ParNew: 429365K->38435K(440896K), 0.0368950 secs] 5778638K->5393222K(8339648K), 0.0371260 secs] [Times: user=0.69 sys=0.00, real=0.04 secs] 
8221.002: [GC 8221.002: [ParNew: 430371K->39348K(440896K), 0.0310220 secs] 5785158K->5397101K(8339648K), 0.0312530 secs] [Times: user=0.46 sys=0.00, real=0.03 secs] 
8222.280: [CMS-concurrent-mark: 4.938/5.057 secs] [Times: user=109.87 sys=0.13, real=5.06 secs] 
8222.280: [CMS-concurrent-preclean-start]
8222.522: [CMS-concurrent-preclean: 0.233/0.242 secs] [Times: user=4.07 sys=0.00, real=0.24 secs] 
8222.522: [CMS-concurrent-abortable-preclean-start]
8222.598: [GC 8222.598: [ParNew: 431284K->32998K(440896K), 0.0392850 secs] 5789037K->5398754K(8339648K), 0.0395170 secs] [Times: user=0.47 sys=0.00, real=0.04 secs] 
8223.432: [CMS-concurrent-abortable-preclean: 0.859/0.910 secs] [Times: user=15.15 sys=0.02, real=0.91 secs] 
8223.440: [GC[YG occupancy: 231776 K (440896 K)]8223.440: [Rescan (parallel) , 0.0531850 secs]8223.493: [weak refs processing, 0.0014570 secs]8223.494: [class unloading, 0.0220660 secs]8223.517: [scrub symbol & string tables, 0.0191810 secs] [1 CMS-remark: 5365756K(7898752K)] 5597532K(8339648K), 0.1073800 secs] [Times: user=1.15 sys=0.02, real=0.10 secs] 
8223.547: [CMS-concurrent-sweep-start]
8226.088: [GC 8226.089: [ParNew: 424934K->22012K(440896K), 0.0489150 secs] 5790078K->5396916K(8339648K), 0.0492110 secs] [Times: user=0.64 sys=0.01, real=0.05 secs] 
8230.509: [CMS-concurrent-sweep: 6.909/6.962 secs] [Times: user=44.12 sys=0.05, real=6.96 secs] 
8230.510: [CMS-concurrent-reset-start]
8230.557: [CMS-concurrent-reset: 0.047/0.047 secs] [Times: user=0.68 sys=0.00, real=0.04 secs] 
8230.978: [GC 8230.978: [ParNew: 413948K->29342K(440896K), 0.0434130 secs] 5788333K->5406618K(8339648K), 0.0436510 secs] [Times: user=0.79 sys=0.00, real=0.04 secs] 
8231.022: [GC [1 CMS-initial-mark: 5377275K(7898752K)] 5407464K(8339648K), 0.0472670 secs] [Times: user=0.05 sys=0.00, real=0.05 secs] 
8231.070: [CMS-concurrent-mark-start]
8232.906: [GC 8232.906: [ParNew: 421278K->30799K(440896K), 0.0322800 secs] 5798554K->5410921K(8339648K), 0.0325100 secs] [Times: user=0.68 sys=0.00, real=0.04 secs] 
8235.704: [GC 8235.704: [ParNew: 422735K->37262K(440896K), 0.0318610 secs] 5802857K->5420327K(8339648K), 0.0320840 secs] [Times: user=0.69 sys=0.00, real=0.03 secs] 
8236.170: [CMS-concurrent-mark: 5.029/5.099 secs] [Times: user=92.87 sys=0.07, real=5.10 secs] 
8236.170: [CMS-concurrent-preclean-start]
8236.350: [CMS-concurrent-preclean: 0.174/0.180 secs] [Times: user=3.04 sys=0.00, real=0.18 secs] 
8236.350: [CMS-concurrent-abortable-preclean-start]
8237.377: [GC 8237.377: [ParNew: 429198K->33265K(440896K), 0.0371430 secs] 5812263K->5421524K(8339648K), 0.0373720 secs] [Times: user=0.61 sys=0.00, real=0.04 secs] 
8238.282: [CMS-concurrent-abortable-preclean: 1.880/1.933 secs] [Times: user=32.75 sys=0.08, real=1.93 secs] 
8238.286: [GC[YG occupancy: 236409 K (440896 K)]8238.287: [Rescan (parallel) , 0.0550380 secs]8238.342: [weak refs processing, 0.0012500 secs]8238.343: [class unloading, 0.0224400 secs]8238.365: [scrub symbol & string tables, 0.0192090 secs] [1 CMS-remark: 5388259K(7898752K)] 5624669K(8339648K), 0.1095430 secs] [Times: user=1.26 sys=0.00, real=0.11 secs] 
8238.396: [CMS-concurrent-sweep-start]
8241.046: [GC 8241.047: [ParNew: 425201K->31432K(440896K), 0.0477940 secs] 5812576K->5428455K(8339648K), 0.0480300 secs] [Times: user=0.79 sys=0.00, real=0.05 secs] 
8245.336: [CMS-concurrent-sweep: 6.888/6.940 secs] [Times: user=44.88 sys=0.11, real=6.94 secs] 
8245.336: [CMS-concurrent-reset-start]
8245.384: [CMS-concurrent-reset: 0.048/0.048 secs] [Times: user=0.86 sys=0.00, real=0.05 secs] 
8245.837: [GC 8245.837: [ParNew: 423368K->29380K(440896K), 0.0447110 secs] 5819902K->5428838K(8339648K), 0.0449420 secs] [Times: user=0.86 sys=0.01, real=0.05 secs] 
8245.883: [GC [1 CMS-initial-mark: 5399458K(7898752K)] 5429250K(8339648K), 0.0495140 secs] [Times: user=0.05 sys=0.00, real=0.05 secs] 
8245.932: [CMS-concurrent-mark-start]
8247.718: [GC 8247.718: [ParNew: 421316K->32255K(440896K), 0.0380740 secs] 5820774K->5437108K(8339648K), 0.0383580 secs] [Times: user=0.51 sys=0.00, real=0.03 secs] 
8250.565: [CMS-concurrent-mark: 4.591/4.632 secs] [Times: user=77.19 sys=0.08, real=4.63 secs] 
8250.565: [CMS-concurrent-preclean-start]
8250.771: [CMS-concurrent-preclean: 0.199/0.206 secs] [Times: user=3.56 sys=0.01, real=0.21 secs] 
8250.771: [CMS-concurrent-abortable-preclean-start]
8250.824: [GC 8250.824: [ParNew: 424191K->33812K(440896K), 0.0361030 secs] 5829044K->5441611K(8339648K), 0.0363370 secs] [Times: user=0.70 sys=0.00, real=0.04 secs] 
8251.599: [CMS-concurrent-abortable-preclean: 0.783/0.828 secs] [Times: user=14.34 sys=0.04, real=0.83 secs] 
8251.602: [GC[YG occupancy: 242647 K (440896 K)]8251.602: [Rescan (parallel) , 0.0616640 secs]8251.664: [weak refs processing, 0.0015730 secs]8251.665: [class unloading, 0.0224220 secs]8251.688: [scrub symbol & string tables, 0.0192640 secs] [1 CMS-remark: 5407799K(7898752K)] 5650447K(8339648K), 0.1216730 secs] [Times: user=1.35 sys=0.00, real=0.12 secs] 
8251.724: [CMS-concurrent-sweep-start]
8252.721: [GC 8252.721: [ParNew: 425748K->37029K(440896K), 0.0394450 secs] 5833313K->5450084K(8339648K), 0.0396810 secs] [Times: user=0.70 sys=0.00, real=0.04 secs] 
8255.766: [GC 8255.767: [ParNew: 428965K->26753K(440896K), 0.0469600 secs] 5841513K->5447224K(8339648K), 0.0472010 secs] [Times: user=0.82 sys=0.01, real=0.05 secs] 
8259.076: [CMS-concurrent-sweep: 7.259/7.352 secs] [Times: user=76.68 sys=0.05, real=7.35 secs] 
8259.076: [CMS-concurrent-reset-start]
8259.120: [CMS-concurrent-reset: 0.044/0.044 secs] [Times: user=0.05 sys=0.00, real=0.05 secs] 
8260.629: [GC 8260.630: [ParNew: 418689K->29956K(440896K), 0.0760240 secs] 5838670K->5454925K(8339648K), 0.0762990 secs] [Times: user=1.39 sys=0.00, real=0.07 secs] 
8260.723: [GC [1 CMS-initial-mark: 5424968K(7898752K)] 5462243K(8339648K), 0.0829040 secs] [Times: user=0.08 sys=0.00, real=0.08 secs] 
8260.806: [CMS-concurrent-mark-start]
8262.536: [GC 8262.536: [ParNew: 421892K->32691K(440896K), 0.0352530 secs] 5846861K->5462814K(8339648K), 0.0354820 secs] [Times: user=0.70 sys=0.00, real=0.04 secs] 
8265.399: [GC 8265.399: [ParNew: 424627K->34356K(440896K), 0.0326680 secs] 5854750K->5467329K(8339648K), 0.0328940 secs] [Times: user=0.49 sys=0.00, real=0.03 secs] 
8265.661: [CMS-concurrent-mark: 4.781/4.855 secs] [Times: user=85.84 sys=0.07, real=4.86 secs] 
8265.661: [CMS-concurrent-preclean-start]
8265.850: [CMS-concurrent-preclean: 0.183/0.189 secs] [Times: user=3.22 sys=0.00, real=0.19 secs] 
8265.850: [CMS-concurrent-abortable-preclean-start]
8267.072: [GC 8267.072: [ParNew: 426292K->38779K(440896K), 0.0395950 secs] 5859265K->5477016K(8339648K), 0.0398200 secs] [Times: user=0.70 sys=0.00, real=0.04 secs] 
8268.012: [CMS-concurrent-abortable-preclean: 2.108/2.161 secs] [Times: user=36.75 sys=0.04, real=2.16 secs] 
8268.016: [GC[YG occupancy: 253748 K (440896 K)]8268.016: [Rescan (parallel) , 0.0607750 secs]8268.077: [weak refs processing, 0.0013150 secs]8268.079: [class unloading, 0.0211730 secs]8268.100: [scrub symbol & string tables, 0.0192100 secs] [1 CMS-remark: 5438236K(7898752K)] 5691985K(8339648K), 0.1138820 secs] [Times: user=1.38 sys=0.00, real=0.12 secs] 
8268.131: [CMS-concurrent-sweep-start]
8270.485: [GC 8270.485: [ParNew: 430715K->29159K(440896K), 0.0534300 secs] 5868310K->5474511K(8339648K), 0.0536770 secs] [Times: user=0.88 sys=0.00, real=0.06 secs] 
8274.930: [CMS-concurrent-sweep: 6.743/6.800 secs] [Times: user=44.92 sys=0.09, real=6.80 secs] 
8274.931: [CMS-concurrent-reset-start]
8274.975: [CMS-concurrent-reset: 0.044/0.044 secs] [Times: user=0.08 sys=0.00, real=0.04 secs] 
8275.335: [GC 8275.335: [ParNew: 421095K->33214K(440896K), 0.0553710 secs] 5865930K->5482979K(8339648K), 0.0556440 secs] [Times: user=1.07 sys=0.00, real=0.06 secs] 
8275.392: [GC [1 CMS-initial-mark: 5449765K(7898752K)] 5482986K(8339648K), 0.1069800 secs] [Times: user=0.11 sys=0.00, real=0.11 secs] 
8275.500: [CMS-concurrent-mark-start]
8277.365: [GC 8277.365: [ParNew: 425150K->35392K(440896K), 0.0380150 secs] 5874915K->5490466K(8339648K), 0.0382580 secs] [Times: user=0.70 sys=0.00, real=0.04 secs] 
8280.446: [GC 8280.446: [ParNew: 427328K->37158K(440896K), 0.0484530 secs] 5882402K->5495165K(8339648K), 0.0486880 secs] [Times: user=0.92 sys=0.00, real=0.05 secs] 
8280.535: [CMS-concurrent-mark: 4.941/5.035 secs] [Times: user=87.15 sys=0.05, real=5.03 secs] 
8280.535: [CMS-concurrent-preclean-start]
8280.790: [CMS-concurrent-preclean: 0.249/0.255 secs] [Times: user=4.43 sys=0.00, real=0.26 secs] 
8280.790: [CMS-concurrent-abortable-preclean-start]
8281.333: [CMS-concurrent-abortable-preclean: 0.542/0.543 secs] [Times: user=9.20 sys=0.00, real=0.54 secs] 
8281.337: [GC[YG occupancy: 239013 K (440896 K)]8281.337: [Rescan (parallel) , 0.0770240 secs]8281.414: [weak refs processing, 0.0014620 secs]8281.415: [class unloading, 0.0230010 secs]8281.438: [scrub symbol & string tables, 0.0192980 secs] [1 CMS-remark: 5458007K(7898752K)] 5697020K(8339648K), 0.1321720 secs] [Times: user=1.75 sys=0.00, real=0.14 secs] 
8281.469: [CMS-concurrent-sweep-start]
8282.250: [GC 8282.250: [ParNew: 429094K->38059K(440896K), 0.0488920 secs] 5871345K->5485474K(8339648K), 0.0491250 secs] [Times: user=0.73 sys=0.01, real=0.05 secs] 
8285.598: [GC 8285.598: [ParNew: 429995K->32041K(440896K), 0.0883630 secs] 5645889K->5257846K(8339648K), 0.0885940 secs] [Times: user=0.92 sys=0.00, real=0.08 secs] 
8288.571: [CMS-concurrent-sweep: 6.954/7.101 secs] [Times: user=67.87 sys=0.13, real=7.10 secs] 
8288.571: [CMS-concurrent-reset-start]
8288.615: [CMS-concurrent-reset: 0.044/0.044 secs] [Times: user=0.05 sys=0.00, real=0.04 secs] 
8290.620: [GC [1 CMS-initial-mark: 5199156K(7898752K)] 5614629K(8339648K), 1.2581870 secs] [Times: user=1.26 sys=0.00, real=1.26 secs] 
8291.879: [CMS-concurrent-mark-start]
8291.930: [GC 8291.930: [ParNew: 423977K->34479K(440896K), 0.0538510 secs] 5623133K->5238256K(8339648K), 0.0540910 secs] [Times: user=0.93 sys=0.00, real=0.05 secs] 
8293.740: [GC 8293.740: [ParNew: 426415K->34463K(440896K), 0.0399730 secs] 5630192K->5244123K(8339648K), 0.0402030 secs] [Times: user=0.46 sys=0.00, real=0.04 secs] 
8295.975: [GC 8295.975: [ParNew: 426399K->34759K(440896K), 0.0336730 secs] 5636059K->5247357K(8339648K), 0.0339090 secs] [Times: user=0.65 sys=0.00, real=0.04 secs] 
8296.647: [CMS-concurrent-mark: 4.630/4.768 secs] [Times: user=92.61 sys=0.07, real=4.76 secs] 
8296.647: [CMS-concurrent-preclean-start]
8297.029: [CMS-concurrent-preclean: 0.367/0.382 secs] [Times: user=6.73 sys=0.01, real=0.39 secs] 
8297.029: [CMS-concurrent-abortable-preclean-start]
8297.525: [GC 8297.544: [ParNew: 426695K->35385K(440896K), 0.0520830 secs] 5639293K->5253345K(8339648K), 0.0523270 secs] [Times: user=0.93 sys=0.00, real=0.07 secs] 
8298.388: [CMS-concurrent-abortable-preclean: 1.266/1.359 secs] [Times: user=22.86 sys=0.02, real=1.36 secs] 
8298.393: [GC[YG occupancy: 236829 K (440896 K)]8298.393: [Rescan (parallel) , 0.0577810 secs]8298.451: [weak refs processing, 0.0012710 secs]8298.452: [class unloading, 0.0222960 secs]8298.474: [scrub symbol & string tables, 0.0195650 secs] [1 CMS-remark: 5217959K(7898752K)] 5454789K(8339648K), 0.1123960 secs] [Times: user=1.26 sys=0.00, real=0.11 secs] 
8298.506: [CMS-concurrent-sweep-start]
8301.090: [GC 8301.091: [ParNew: 427321K->32182K(440896K), 0.0558400 secs] 5644704K->5257681K(8339648K), 0.0560760 secs] [Times: user=0.71 sys=0.00, real=0.05 secs] 
8305.211: [CMS-concurrent-sweep: 6.646/6.706 secs] [Times: user=44.16 sys=0.08, real=6.71 secs] 
8305.212: [CMS-concurrent-reset-start]
8305.256: [CMS-concurrent-reset: 0.044/0.044 secs] [Times: user=0.05 sys=0.00, real=0.04 secs] 
8306.116: [GC 8306.116: [ParNew: 424118K->30916K(440896K), 0.0550510 secs] 5649285K->5261029K(8339648K), 0.0553190 secs] [Times: user=0.77 sys=0.00, real=0.06 secs] 
8306.172: [GC [1 CMS-initial-mark: 5230113K(7898752K)] 5261460K(8339648K), 0.0847690 secs] [Times: user=0.09 sys=0.00, real=0.09 secs] 
8306.258: [CMS-concurrent-mark-start]
8308.182: [GC 8308.183: [ParNew: 422852K->33943K(440896K), 0.0428570 secs] 5652965K->5269233K(8339648K), 0.0431480 secs] [Times: user=0.69 sys=0.01, real=0.04 secs] 
8310.988: [GC 8310.988: [ParNew: 425879K->37159K(440896K), 0.0362780 secs] 5661169K->5275362K(8339648K), 0.0365110 secs] [Times: user=0.51 sys=0.00, real=0.03 secs] 
8311.745: [CMS-concurrent-mark: 5.403/5.488 secs] [Times: user=102.11 sys=0.06, real=5.48 secs] 
8311.746: [CMS-concurrent-preclean-start]
8312.407: [CMS-concurrent-preclean: 0.633/0.662 secs] [Times: user=11.33 sys=0.00, real=0.67 secs] 
8312.407: [CMS-concurrent-abortable-preclean-start]
8312.696: [GC 8312.697: [ParNew: 429095K->37449K(440896K), 0.0425850 secs] 5667298K->5280866K(8339648K), 0.0428780 secs] [Times: user=0.63 sys=0.01, real=0.05 secs] 
8313.609: [CMS-concurrent-abortable-preclean: 1.140/1.201 secs] [Times: user=20.20 sys=0.01, real=1.20 secs] 
8313.616: [GC[YG occupancy: 249256 K (440896 K)]8313.616: [Rescan (parallel) , 0.0582180 secs]8313.674: [weak refs processing, 0.0014650 secs]8313.676: [class unloading, 0.0225470 secs]8313.698: [scrub symbol & string tables, 0.0193490 secs] [1 CMS-remark: 5243417K(7898752K)] 5492673K(8339648K), 0.1129960 secs] [Times: user=1.40 sys=0.00, real=0.12 secs] 
8313.729: [CMS-concurrent-sweep-start]
8316.135: [GC 8316.135: [ParNew: 429385K->32515K(440896K), 0.0593710 secs] 5672066K->5285703K(8339648K), 0.0596160 secs] [Times: user=0.94 sys=0.00, real=0.06 secs] 
8320.475: [CMS-concurrent-sweep: 6.683/6.746 secs] [Times: user=44.76 sys=0.10, real=6.74 secs] 
8320.475: [CMS-concurrent-reset-start]
8320.519: [CMS-concurrent-reset: 0.044/0.044 secs] [Times: user=0.10 sys=0.00, real=0.05 secs] 
8321.005: [GC 8321.005: [ParNew: 424451K->31275K(440896K), 0.0546570 secs] 5677014K->5286490K(8339648K), 0.0549330 secs] [Times: user=1.16 sys=0.00, real=0.06 secs] 
8321.061: [GC [1 CMS-initial-mark: 5255214K(7898752K)] 5286953K(8339648K), 0.1093130 secs] [Times: user=0.11 sys=0.00, real=0.11 secs] 
8321.170: [CMS-concurrent-mark-start]
8322.963: [GC 8322.963: [ParNew: 423211K->33774K(440896K), 0.0521740 secs] 5678426K->5295095K(8339648K), 0.0524080 secs] [Times: user=0.92 sys=0.00, real=0.05 secs] 
8324.713: [GC 8324.713: [ParNew: 425710K->34957K(440896K), 0.0348510 secs] 5687031K->5299130K(8339648K), 0.0351400 secs] [Times: user=0.69 sys=0.00, real=0.04 secs] 
8326.126: [CMS-concurrent-mark: 4.864/4.956 secs] [Times: user=92.50 sys=0.04, real=4.95 secs] 
8326.126: [CMS-concurrent-preclean-start]
8326.468: [CMS-concurrent-preclean: 0.332/0.342 secs] [Times: user=5.85 sys=0.01, real=0.35 secs] 
8326.468: [CMS-concurrent-abortable-preclean-start]
8327.348: [GC 8327.348: [ParNew: 426893K->36493K(440896K), 0.0408540 secs] 5691066K->5305687K(8339648K), 0.0411760 secs] [Times: user=0.51 sys=0.01, real=0.04 secs] 
8328.221: [CMS-concurrent-abortable-preclean: 1.694/1.753 secs] [Times: user=29.48 sys=0.06, real=1.75 secs] 
8328.224: [GC[YG occupancy: 251925 K (440896 K)]8328.224: [Rescan (parallel) , 0.0771400 secs]8328.301: [weak refs processing, 0.0012260 secs]8328.302: [class unloading, 0.0228330 secs]8328.325: [scrub symbol & string tables, 0.0193740 secs] [1 CMS-remark: 5269194K(7898752K)] 5521119K(8339648K), 0.1323450 secs] [Times: user=1.69 sys=0.00, real=0.13 secs] 
8328.356: [CMS-concurrent-sweep-start]
8330.906: [GC 8330.907: [ParNew: 428429K->32828K(440896K), 0.0927400 secs] 5667898K->5282821K(8339648K), 0.0929730 secs] [Times: user=0.96 sys=0.01, real=0.10 secs] 
8332.779: [GC 8332.779: [ParNew: 424764K->24784K(440896K), 0.0421090 secs] 5447613K->5052654K(8339648K), 0.0423390 secs] [Times: user=0.60 sys=0.03, real=0.04 secs] 
8335.540: [CMS-concurrent-sweep: 7.039/7.184 secs] [Times: user=48.98 sys=0.11, real=7.19 secs] 
8335.540: [CMS-concurrent-reset-start]
8335.586: [CMS-concurrent-reset: 0.046/0.046 secs] [Times: user=0.04 sys=0.00, real=0.04 secs] 
8337.590: [GC [1 CMS-initial-mark: 5019563K(7898752K)] 5423021K(8339648K), 1.0084080 secs] [Times: user=1.01 sys=0.00, real=1.01 secs] 
8338.598: [CMS-concurrent-mark-start]
8338.685: [GC 8338.686: [ParNew: 416720K->32899K(440896K), 0.0401780 secs] 5436284K->5055459K(8339648K), 0.0404790 secs] [Times: user=0.73 sys=0.00, real=0.04 secs] 
8340.598: [GC 8340.598: [ParNew: 424835K->36778K(440896K), 0.0371490 secs] 5447395K->5064541K(8339648K), 0.0373810 secs] [Times: user=0.51 sys=0.00, real=0.03 secs] 
8342.264: [GC 8342.264: [ParNew: 428714K->35291K(440896K), 0.0375330 secs] 5456477K->5068229K(8339648K), 0.0377640 secs] [Times: user=0.70 sys=0.00, real=0.04 secs] 
8343.905: [GC 8343.905: [ParNew: 427227K->33614K(440896K), 0.0361840 secs] 5460165K->5069730K(8339648K), 0.0622140 secs] [Times: user=0.47 sys=0.00, real=0.07 secs] 
8344.042: [CMS-concurrent-mark: 5.251/5.443 secs] [Times: user=117.18 sys=0.11, real=5.44 secs] 
8344.042: [CMS-concurrent-preclean-start]
8344.458: [CMS-concurrent-preclean: 0.398/0.416 secs] [Times: user=0.42 sys=0.00, real=0.42 secs] 
8344.458: [CMS-concurrent-abortable-preclean-start]
8346.563: [CMS-concurrent-abortable-preclean: 1.599/2.105 secs] [Times: user=16.47 sys=0.01, real=2.10 secs] 
8346.566: [GC[YG occupancy: 233335 K (440896 K)]8346.566: [Rescan (parallel) , 0.0760250 secs]8346.642: [weak refs processing, 0.0014100 secs]8346.643: [class unloading, 0.0222310 secs]8346.666: [scrub symbol & string tables, 0.0190380 secs] [1 CMS-remark: 5036115K(7898752K)] 5269450K(8339648K), 0.1304600 secs] [Times: user=1.75 sys=0.00, real=0.13 secs] 
8346.697: [CMS-concurrent-sweep-start]
8347.746: [GC 8347.746: [ParNew: 425550K->29740K(440896K), 0.0598890 secs] 5461195K->5075456K(8339648K), 0.0601240 secs] [Times: user=0.58 sys=0.04, real=0.06 secs] 
8352.409: [GC 8352.409: [ParNew: 421676K->27961K(440896K), 0.0485290 secs] 5465868K->5077598K(8339648K), 0.0487650 secs] [Times: user=0.69 sys=0.00, real=0.05 secs] 
8353.458: [CMS-concurrent-sweep: 6.647/6.762 secs] [Times: user=69.37 sys=0.12, real=6.77 secs] 
8353.458: [CMS-concurrent-reset-start]
8353.509: [CMS-concurrent-reset: 0.051/0.051 secs] [Times: user=0.89 sys=0.00, real=0.05 secs] 
8354.156: [GC 8354.156: [ParNew: 419897K->32221K(440896K), 0.0361650 secs] 5469335K->5084561K(8339648K), 0.0363770 secs] [Times: user=0.66 sys=0.00, real=0.04 secs] 
8354.193: [GC [1 CMS-initial-mark: 5052339K(7898752K)] 5085019K(8339648K), 0.0440860 secs] [Times: user=0.04 sys=0.00, real=0.05 secs] 
8354.238: [CMS-concurrent-mark-start]
8357.029: [GC 8357.029: [ParNew: 424157K->30936K(440896K), 0.0338190 secs] 5476497K->5086150K(8339648K), 0.0340550 secs] [Times: user=0.46 sys=0.00, real=0.03 secs] 
8358.661: [GC 8358.661: [ParNew: 422872K->32506K(440896K), 0.0429130 secs] 5478086K->5093016K(8339648K), 0.0431400 secs] [Times: user=0.70 sys=0.00, real=0.04 secs] 
8359.088: [CMS-concurrent-mark: 4.762/4.850 secs] [Times: user=88.44 sys=0.13, real=4.85 secs] 
8359.088: [CMS-concurrent-preclean-start]
8359.403: [CMS-concurrent-preclean: 0.301/0.315 secs] [Times: user=0.32 sys=0.00, real=0.31 secs] 
8359.403: [CMS-concurrent-abortable-preclean-start]
8362.250: [GC 8362.250: [ParNew: 424442K->27878K(440896K), 0.0642340 secs] 5484952K->5098664K(8339648K), 0.0883850 secs] [Times: user=0.90 sys=0.01, real=0.09 secs] 
 CMS: abort preclean due to time 8364.439: [CMS-concurrent-abortable-preclean: 3.521/5.036 secs] [Times: user=36.19 sys=0.07, real=5.04 secs] 
8364.441: [GC[YG occupancy: 144638 K (440896 K)]8364.441: [Rescan (parallel) , 0.0632640 secs]8364.504: [weak refs processing, 0.0014840 secs]8364.506: [class unloading, 0.0291010 secs]8364.535: [scrub symbol & string tables, 0.0238620 secs] [1 CMS-remark: 5070785K(7898752K)] 5215423K(8339648K), 0.1345330 secs] [Times: user=1.40 sys=0.01, real=0.13 secs] 
8364.576: [CMS-concurrent-sweep-start]
8367.124: [GC 8367.124: [ParNew: 419814K->28263K(440896K), 0.0337890 secs] 5489902K->5099266K(8339648K), 0.0340280 secs] [Times: user=0.70 sys=0.00, real=0.04 secs] 
8368.852: [GC 8368.852: [ParNew: 420199K->33494K(440896K), 0.0396280 secs] 5490763K->5108762K(8339648K), 0.0398520 secs] [Times: user=0.69 sys=0.00, real=0.04 secs] 
8372.254: [CMS-concurrent-sweep: 7.599/7.678 secs] [Times: user=88.58 sys=0.09, real=7.68 secs] 
8372.254: [CMS-concurrent-reset-start]
8372.286: [GC 8372.287: [ParNew: 425430K->35665K(440896K), 0.0412890 secs] 5500385K->5115639K(8339648K), 0.0415260 secs] [Times: user=0.64 sys=0.02, real=0.05 secs] 
8372.346: [CMS-concurrent-reset: 0.048/0.092 secs] [Times: user=1.38 sys=0.02, real=0.09 secs] 
8373.952: [GC 8373.952: [ParNew: 427601K->36082K(440896K), 0.0447590 secs] 5507575K->5120843K(8339648K), 0.0449970 secs] [Times: user=0.69 sys=0.00, real=0.04 secs] 
8373.999: [GC [1 CMS-initial-mark: 5084761K(7898752K)] 5122669K(8339648K), 0.0648250 secs] [Times: user=0.06 sys=0.00, real=0.06 secs] 
8374.064: [CMS-concurrent-mark-start]
8377.111: [GC 8377.111: [ParNew: 428018K->38030K(440896K), 0.0567170 secs] 5512779K->5130596K(8339648K), 0.0569500 secs] [Times: user=0.94 sys=0.00, real=0.06 secs] 
8378.170: [CMS-concurrent-mark: 4.047/4.106 secs] [Times: user=54.86 sys=0.03, real=4.11 secs] 
8378.170: [CMS-concurrent-preclean-start]
8378.441: [CMS-concurrent-preclean: 0.262/0.270 secs] [Times: user=0.29 sys=0.00, real=0.27 secs] 
8378.441: [CMS-concurrent-abortable-preclean-start]
8382.214: [GC 8382.215: [ParNew: 429966K->30684K(440896K), 0.0439430 secs] 5522532K->5127764K(8339648K), 0.0441780 secs] [Times: user=0.73 sys=0.00, real=0.05 secs] 
8383.047: [CMS-concurrent-abortable-preclean: 3.642/4.606 secs] [Times: user=41.05 sys=0.09, real=4.60 secs] 
8383.049: [GC[YG occupancy: 235427 K (440896 K)]8383.050: [Rescan (parallel) , 0.0837310 secs]8383.133: [weak refs processing, 0.0014940 secs]8383.135: [class unloading, 0.0222460 secs]8383.157: [scrub symbol & string tables, 0.0190670 secs] [1 CMS-remark: 5097079K(7898752K)] 5332507K(8339648K), 0.1378400 secs] [Times: user=1.81 sys=0.00, real=0.14 secs] 
8383.188: [CMS-concurrent-sweep-start]
8383.985: [GC 8383.985: [ParNew: 422620K->37463K(440896K), 0.0422340 secs] 5499981K->5121199K(8339648K), 0.0424760 secs] [Times: user=0.71 sys=0.00, real=0.05 secs] 
8387.065: [GC 8387.065: [ParNew: 429399K->34473K(440896K), 0.0590900 secs] 5417791K->5027312K(8339648K), 0.0593240 secs] [Times: user=0.56 sys=0.03, real=0.06 secs] 
8388.809: [GC 8388.809: [ParNew: 426409K->35773K(440896K), 0.0410020 secs] 5294704K->4909360K(8339648K), 0.0412310 secs] [Times: user=0.45 sys=0.01, real=0.04 secs] 
8390.858: [CMS-concurrent-sweep: 7.517/7.670 secs] [Times: user=84.19 sys=0.09, real=7.66 secs] 
8390.858: [CMS-concurrent-reset-start]
8390.909: [CMS-concurrent-reset: 0.052/0.052 secs] [Times: user=0.96 sys=0.00, real=0.06 secs] 
8392.279: [GC 8392.279: [ParNew: 427709K->31302K(440896K), 0.0632030 secs] 5295076K->4906600K(8339648K), 0.0634500 secs] [Times: user=0.94 sys=0.00, real=0.06 secs] 
8392.344: [GC [1 CMS-initial-mark: 4875297K(7898752K)] 4907909K(8339648K), 0.0397020 secs] [Times: user=0.04 sys=0.00, real=0.04 secs] 
8392.384: [CMS-concurrent-mark-start]
8395.827: [CMS-concurrent-mark: 3.443/3.443 secs] [Times: user=28.18 sys=0.01, real=3.44 secs] 
8395.827: [CMS-concurrent-preclean-start]
8395.913: [CMS-concurrent-preclean: 0.083/0.086 secs] [Times: user=1.54 sys=0.01, real=0.09 secs] 
8395.913: [CMS-concurrent-abortable-preclean-start]
8396.935: [GC 8396.935: [ParNew: 423238K->33160K(440896K), 0.0448660 secs] 5298536K->4913938K(8339648K), 0.0451010 secs] [Times: user=0.67 sys=0.00, real=0.05 secs] 
8397.786: [CMS-concurrent-abortable-preclean: 1.808/1.874 secs] [Times: user=31.82 sys=0.04, real=1.87 secs] 
8397.789: [GC[YG occupancy: 230827 K (440896 K)]8397.789: [Rescan (parallel) , 0.0708770 secs]8397.860: [weak refs processing, 0.0015370 secs]8397.862: [class unloading, 0.0220360 secs]8397.884: [scrub symbol & string tables, 0.0190690 secs] [1 CMS-remark: 4880777K(7898752K)] 5111604K(8339648K), 0.1251150 secs] [Times: user=1.38 sys=0.00, real=0.12 secs] 
8397.914: [CMS-concurrent-sweep-start]
8398.752: [GC 8398.752: [ParNew: 425096K->31809K(440896K), 0.0404070 secs] 5305558K->4917324K(8339648K), 0.0406340 secs] [Times: user=0.47 sys=0.00, real=0.04 secs] 
8402.315: [GC 8402.315: [ParNew: 423745K->33100K(440896K), 0.0431570 secs] 5308403K->4920652K(8339648K), 0.0433950 secs] [Times: user=0.69 sys=0.00, real=0.05 secs] 
8404.033: [GC 8404.034: [ParNew: 425036K->35640K(440896K), 0.0444630 secs] 5312360K->4928283K(8339648K), 0.0446960 secs] [Times: user=0.71 sys=0.00, real=0.05 secs] 
8404.647: [CMS-concurrent-sweep: 6.595/6.732 secs] [Times: user=83.52 sys=0.07, real=6.73 secs] 
8404.647: [CMS-concurrent-reset-start]
8404.691: [CMS-concurrent-reset: 0.045/0.045 secs] [Times: user=0.05 sys=0.00, real=0.05 secs] 
8406.694: [GC [1 CMS-initial-mark: 4892584K(7898752K)] 5178353K(8339648K), 0.6671730 secs] [Times: user=0.67 sys=0.00, real=0.67 secs] 
8407.361: [CMS-concurrent-mark-start]
8408.123: [GC 8408.123: [ParNew: 427576K->33923K(440896K), 0.0575200 secs] 5320161K->4934521K(8339648K), 0.0577550 secs] [Times: user=0.94 sys=0.00, real=0.06 secs] 
8411.659: [GC 8411.659: [ParNew: 425859K->30521K(440896K), 0.0403130 secs] 5326457K->4933916K(8339648K), 0.0405470 secs] [Times: user=0.71 sys=0.01, real=0.04 secs] 
8411.793: [CMS-concurrent-mark: 4.325/4.431 secs] [Times: user=67.28 sys=0.04, real=4.43 secs] 
8411.793: [CMS-concurrent-preclean-start]
8412.234: [CMS-concurrent-preclean: 0.422/0.441 secs] [Times: user=7.46 sys=0.00, real=0.44 secs] 
8412.234: [CMS-concurrent-abortable-preclean-start]
8412.604: [CMS-concurrent-abortable-preclean: 0.369/0.370 secs] [Times: user=6.35 sys=0.00, real=0.37 secs] 
8412.607: [GC[YG occupancy: 244462 K (440896 K)]8412.607: [Rescan (parallel) , 0.0897430 secs]8412.697: [weak refs processing, 0.0014090 secs]8412.698: [class unloading, 0.0220180 secs]8412.720: [scrub symbol & string tables, 0.0190530 secs] [1 CMS-remark: 4903395K(7898752K)] 5147858K(8339648K), 0.1432540 secs] [Times: user=1.96 sys=0.00, real=0.15 secs] 
8412.751: [CMS-concurrent-sweep-start]
8413.511: [GC 8413.511: [ParNew: 422457K->31538K(440896K), 0.0475670 secs] 5325833K->4942440K(8339648K), 0.0477980 secs] [Times: user=0.69 sys=0.00, real=0.05 secs] 
8416.622: [GC 8416.622: [ParNew: 423474K->26849K(440896K), 0.0378930 secs] 5333611K->4939882K(8339648K), 0.0381210 secs] [Times: user=0.70 sys=0.00, real=0.04 secs] 
8418.296: [GC 8418.296: [ParNew: 418785K->29856K(440896K), 0.0416610 secs] 5331684K->4948099K(8339648K), 0.0418940 secs] [Times: user=0.69 sys=0.00, real=0.05 secs] 
8419.535: [CMS-concurrent-sweep: 6.646/6.784 secs] [Times: user=84.55 sys=0.13, real=6.78 secs] 
8419.535: [CMS-concurrent-reset-start]
8419.579: [CMS-concurrent-reset: 0.044/0.044 secs] [Times: user=0.05 sys=0.00, real=0.05 secs] 
8421.582: [GC [1 CMS-initial-mark: 4918048K(7898752K)] 5310386K(8339648K), 0.9758830 secs] [Times: user=0.97 sys=0.00, real=0.98 secs] 
8422.558: [CMS-concurrent-mark-start]
8422.721: [GC 8422.721: [ParNew: 421792K->29970K(440896K), 0.0518770 secs] 5339841K->4955744K(8339648K), 0.0521220 secs] [Times: user=0.74 sys=0.00, real=0.05 secs] 
8426.569: [GC 8426.569: [ParNew: 421906K->36524K(440896K), 0.0340820 secs] 5347680K->4964521K(8339648K), 0.0343090 secs] [Times: user=0.43 sys=0.00, real=0.03 secs] 
8426.858: [CMS-concurrent-mark: 4.205/4.300 secs] [Times: user=60.95 sys=0.06, real=4.30 secs] 
8426.858: [CMS-concurrent-preclean-start]
8427.448: [CMS-concurrent-preclean: 0.562/0.590 secs] [Times: user=10.06 sys=0.01, real=0.59 secs] 
8427.448: [CMS-concurrent-abortable-preclean-start]
8428.282: [GC 8428.282: [ParNew: 428460K->35809K(440896K), 0.0381530 secs] 5356457K->4969104K(8339648K), 0.0383770 secs] [Times: user=0.58 sys=0.01, real=0.04 secs] 
8431.028: [CMS-concurrent-abortable-preclean: 2.714/3.580 secs] [Times: user=31.19 sys=0.04, real=3.58 secs] 
8431.031: [GC[YG occupancy: 241751 K (440896 K)]8431.031: [Rescan (parallel) , 0.1698750 secs]8431.201: [weak refs processing, 0.0011630 secs]8431.202: [class unloading, 0.0214280 secs]8431.224: [scrub symbol & string tables, 0.0190510 secs] [1 CMS-remark: 4933294K(7898752K)] 5175046K(8339648K), 0.2226340 secs] [Times: user=3.74 sys=0.00, real=0.22 secs] 
8431.254: [CMS-concurrent-sweep-start]
8432.125: [GC 8432.125: [ParNew: 427745K->36914K(440896K), 0.0372280 secs] 5360774K->4973332K(8339648K), 0.0374610 secs] [Times: user=0.69 sys=0.00, real=0.04 secs] 
8433.807: [GC 8433.807: [ParNew: 428850K->35265K(440896K), 0.0415120 secs] 5364887K->4978695K(8339648K), 0.0417390 secs] [Times: user=0.56 sys=0.00, real=0.05 secs] 
8436.940: [GC 8436.940: [ParNew: 427201K->36193K(440896K), 0.0433420 secs] 5370300K->4987283K(8339648K), 0.0435730 secs] [Times: user=0.48 sys=0.00, real=0.04 secs] 
8438.169: [CMS-concurrent-sweep: 6.780/6.915 secs] [Times: user=83.61 sys=0.08, real=6.92 secs] 
8438.169: [CMS-concurrent-reset-start]
8438.214: [CMS-concurrent-reset: 0.045/0.045 secs] [Times: user=0.04 sys=0.00, real=0.04 secs] 
8440.216: [GC [1 CMS-initial-mark: 4950905K(7898752K)] 5111704K(8339648K), 0.5709510 secs] [Times: user=0.57 sys=0.01, real=0.58 secs] 
8440.787: [CMS-concurrent-mark-start]
8442.139: [GC 8442.139: [ParNew: 428129K->31019K(440896K), 0.0328050 secs] 5379034K->4984378K(8339648K), 0.0330380 secs] [Times: user=0.48 sys=0.00, real=0.03 secs] 
8443.916: [GC 8443.916: [ParNew: 422955K->32080K(440896K), 0.0427940 secs] 5376314K->4993227K(8339648K), 0.0430230 secs] [Times: user=0.69 sys=0.00, real=0.05 secs] 
8446.047: [CMS-concurrent-mark: 5.179/5.260 secs] [Times: user=96.44 sys=0.07, real=5.26 secs] 
8446.048: [CMS-concurrent-preclean-start]
8446.405: [CMS-concurrent-preclean: 0.344/0.357 secs] [Times: user=6.08 sys=0.01, real=0.35 secs] 
8446.405: [CMS-concurrent-abortable-preclean-start]
8446.814: [GC 8446.814: [ParNew: 424016K->32935K(440896K), 0.0330880 secs] 5385163K->4996987K(8339648K), 0.0333150 secs] [Times: user=0.60 sys=0.01, real=0.03 secs] 
8447.670: [CMS-concurrent-abortable-preclean: 1.219/1.265 secs] [Times: user=21.60 sys=0.02, real=1.27 secs] 
8447.673: [GC[YG occupancy: 231871 K (440896 K)]8447.674: [Rescan (parallel) , 0.0596090 secs]8447.733: [weak refs processing, 0.0015240 secs]8447.735: [class unloading, 0.0216540 secs]8447.756: [scrub symbol & string tables, 0.0190670 secs] [1 CMS-remark: 4964052K(7898752K)] 5195923K(8339648K), 0.1131320 secs] [Times: user=1.33 sys=0.00, real=0.11 secs] 
8447.787: [CMS-concurrent-sweep-start]
8448.573: [GC 8448.574: [ParNew: 424871K->34254K(440896K), 0.0389910 secs] 5388786K->5003472K(8339648K), 0.0392090 secs] [Times: user=0.68 sys=0.00, real=0.04 secs] 
8451.930: [GC 8451.930: [ParNew: 426190K->33527K(440896K), 0.0445550 secs] 5393570K->5008792K(8339648K), 0.0639950 secs] [Times: user=0.46 sys=0.00, real=0.06 secs] 
8454.419: [CMS-concurrent-sweep: 6.517/6.632 secs] [Times: user=59.72 sys=0.04, real=6.64 secs] 
8454.419: [CMS-concurrent-reset-start]
8454.464: [CMS-concurrent-reset: 0.045/0.045 secs] [Times: user=0.04 sys=0.00, real=0.04 secs] 
8456.467: [GC [1 CMS-initial-mark: 4974582K(7898752K)] 5311353K(8339648K), 1.0769490 secs] [Times: user=1.08 sys=0.00, real=1.08 secs] 
8457.544: [CMS-concurrent-mark-start]
8458.026: [GC 8458.026: [ParNew: 425463K->31557K(440896K), 0.0414720 secs] 5400046K->5009487K(8339648K), 0.0417200 secs] [Times: user=0.73 sys=0.00, real=0.04 secs] 
8459.826: [GC 8459.826: [ParNew: 423493K->37774K(440896K), 0.0383250 secs] 5401423K->5020606K(8339648K), 0.0385540 secs] [Times: user=0.69 sys=0.00, real=0.04 secs] 
8461.587: [GC 8461.587: [ParNew: 429710K->35157K(440896K), 0.0388190 secs] 5412542K->5023330K(8339648K), 0.0390410 secs] [Times: user=0.64 sys=0.00, real=0.04 secs] 
8463.355: [GC 8463.355: [ParNew: 427093K->32241K(440896K), 0.0374510 secs] 5415266K->5025521K(8339648K), 0.0376790 secs] [Times: user=0.70 sys=0.00, real=0.04 secs] 
8463.616: [CMS-concurrent-mark: 5.903/6.072 secs] [Times: user=132.32 sys=0.13, real=6.07 secs] 
8463.616: [CMS-concurrent-preclean-start]
8464.197: [CMS-concurrent-preclean: 0.554/0.581 secs] [Times: user=7.95 sys=0.01, real=0.58 secs] 
8464.197: [CMS-concurrent-abortable-preclean-start]
8466.718: [GC 8466.718: [ParNew: 424177K->30216K(440896K), 0.0533600 secs] 5417457K->5033638K(8339648K), 0.0535880 secs] [Times: user=0.76 sys=0.00, real=0.05 secs] 
 CMS: abort preclean due to time 8469.238: [CMS-concurrent-abortable-preclean: 3.659/5.041 secs] [Times: user=34.98 sys=0.02, real=5.05 secs] 
8469.240: [GC[YG occupancy: 210259 K (440896 K)]8469.240: [Rescan (parallel) , 0.0756890 secs]8469.316: [weak refs processing, 0.0016970 secs]8469.318: [class unloading, 0.0297090 secs]8469.347: [scrub symbol & string tables, 0.0238330 secs] [1 CMS-remark: 5003422K(7898752K)] 5213681K(8339648K), 0.1473580 secs] [Times: user=1.65 sys=0.00, real=0.14 secs] 
8469.388: [CMS-concurrent-sweep-start]
8471.557: [GC 8471.558: [ParNew: 422152K->29352K(440896K), 0.0346140 secs] 5424820K->5034973K(8339648K), 0.0348530 secs] [Times: user=0.58 sys=0.00, real=0.03 secs] 
8473.121: [GC 8473.121: [ParNew: 421288K->37269K(440896K), 0.0321710 secs] 5426517K->5045381K(8339648K), 0.0324040 secs] [Times: user=0.47 sys=0.00, real=0.03 secs] 
8476.161: [GC 8476.161: [ParNew: 429205K->36571K(440896K), 0.0415190 secs] 5437083K->5049254K(8339648K), 0.0417780 secs] [Times: user=0.70 sys=0.00, real=0.04 secs] 
8476.332: [CMS-concurrent-sweep: 6.798/6.945 secs] [Times: user=81.00 sys=0.24, real=6.94 secs] 
8476.333: [CMS-concurrent-reset-start]
8476.380: [CMS-concurrent-reset: 0.048/0.048 secs] [Times: user=0.85 sys=0.00, real=0.05 secs] 
8477.105: [GC [1 CMS-initial-mark: 5012678K(7898752K)] 5273776K(8339648K), 0.6052660 secs] [Times: user=0.61 sys=0.00, real=0.61 secs] 
8477.710: [CMS-concurrent-mark-start]
8478.592: [GC 8478.593: [ParNew: 428507K->39238K(440896K), 0.0455480 secs] 5441185K->5057480K(8339648K), 0.0457760 secs] [Times: user=0.69 sys=0.01, real=0.05 secs] 
8481.356: [GC 8481.356: [ParNew: 431174K->29105K(440896K), 0.0451320 secs] 5449416K->5055515K(8339648K), 0.0453770 secs] [Times: user=0.71 sys=0.00, real=0.05 secs] 
8482.924: [CMS-concurrent-mark: 5.099/5.214 secs] [Times: user=95.81 sys=0.13, real=5.21 secs] 
8482.924: [CMS-concurrent-preclean-start]
8483.252: [CMS-concurrent-preclean: 0.313/0.327 secs] [Times: user=0.33 sys=0.00, real=0.33 secs] 
8483.252: [CMS-concurrent-abortable-preclean-start]
8486.263: [GC 8486.264: [ParNew: 421041K->34626K(440896K), 0.0496880 secs] 5447451K->5064907K(8339648K), 0.0499650 secs] [Times: user=0.92 sys=0.00, real=0.05 secs] 
8487.364: [CMS-concurrent-abortable-preclean: 2.936/4.112 secs] [Times: user=29.46 sys=0.02, real=4.11 secs] 
8487.367: [GC[YG occupancy: 231222 K (440896 K)]8487.367: [Rescan (parallel) , 0.0759810 secs]8487.443: [weak refs processing, 0.0013790 secs]8487.444: [class unloading, 0.0216620 secs]8487.466: [scrub symbol & string tables, 0.0190550 secs] [1 CMS-remark: 5030281K(7898752K)] 5261503K(8339648K), 0.1293690 secs] [Times: user=1.81 sys=0.00, real=0.13 secs] 
8487.497: [CMS-concurrent-sweep-start]
8488.434: [GC 8488.434: [ParNew: 426562K->36561K(440896K), 0.0389370 secs] 5456554K->5071975K(8339648K), 0.0391680 secs] [Times: user=0.70 sys=0.00, real=0.04 secs] 
8491.392: [GC 8491.392: [ParNew: 428497K->32234K(440896K), 0.0489360 secs] 5462977K->5072049K(8339648K), 0.0492180 secs] [Times: user=0.75 sys=0.00, real=0.05 secs] 
8493.292: [GC 8493.292: [ParNew: 424170K->31989K(440896K), 0.0470530 secs] 5463835K->5076497K(8339648K), 0.0472830 secs] [Times: user=0.70 sys=0.00, real=0.05 secs] 
8494.692: [CMS-concurrent-sweep: 7.051/7.196 secs] [Times: user=101.03 sys=0.08, real=7.20 secs] 
8494.692: [CMS-concurrent-reset-start]
8494.738: [CMS-concurrent-reset: 0.045/0.045 secs] [Times: user=0.06 sys=0.00, real=0.05 secs] 
8496.496: [GC 8496.496: [ParNew: 423925K->31276K(440896K), 0.0548680 secs] 5468049K->5083689K(8339648K), 0.0551470 secs] [Times: user=0.93 sys=0.00, real=0.06 secs] 
8496.552: [GC [1 CMS-initial-mark: 5052413K(7898752K)] 5084139K(8339648K), 0.0671990 secs] [Times: user=0.07 sys=0.00, real=0.07 secs] 
8496.619: [CMS-concurrent-mark-start]
8500.744: [CMS-concurrent-mark: 4.124/4.124 secs] [Times: user=47.58 sys=0.03, real=4.12 secs] 
8500.744: [CMS-concurrent-preclean-start]
8500.816: [CMS-concurrent-preclean: 0.070/0.072 secs] [Times: user=1.24 sys=0.00, real=0.07 secs] 
8500.816: [CMS-concurrent-abortable-preclean-start]
8501.221: [GC 8501.221: [ParNew: 423212K->37347K(440896K), 0.0406510 secs] 5475625K->5092709K(8339648K), 0.0408910 secs] [Times: user=0.70 sys=0.00, real=0.04 secs] 
8502.220: [CMS-concurrent-abortable-preclean: 1.350/1.404 secs] [Times: user=23.99 sys=0.02, real=1.41 secs] 
8502.228: [GC[YG occupancy: 241259 K (440896 K)]8502.228: [Rescan (parallel) , 0.0556080 secs]8502.284: [weak refs processing, 0.0014790 secs]8502.285: [class unloading, 0.0215750 secs]8502.307: [scrub symbol & string tables, 0.0190430 secs] [1 CMS-remark: 5055361K(7898752K)] 5296620K(8339648K), 0.1092280 secs] [Times: user=1.24 sys=0.00, real=0.10 secs] 
8502.337: [CMS-concurrent-sweep-start]
8503.144: [GC 8503.144: [ParNew: 429283K->37482K(440896K), 0.0424120 secs] 5484346K->5097677K(8339648K), 0.0426420 secs] [Times: user=0.70 sys=0.00, real=0.04 secs] 
8506.138: [GC 8506.138: [ParNew: 429418K->31822K(440896K), 0.0558050 secs] 5488568K->5094574K(8339648K), 0.0560840 secs] [Times: user=1.02 sys=0.00, real=0.05 secs] 
8508.056: [GC 8508.057: [ParNew: 423758K->30871K(440896K), 0.0512700 secs] 5486389K->5100602K(8339648K), 0.0515030 secs] [Times: user=0.87 sys=0.02, real=0.06 secs] 
8509.376: [CMS-concurrent-sweep: 6.880/7.039 secs] [Times: user=100.42 sys=0.10, real=7.03 secs] 
8509.376: [CMS-concurrent-reset-start]
8509.422: [CMS-concurrent-reset: 0.046/0.046 secs] [Times: user=0.21 sys=0.00, real=0.05 secs] 
8511.240: [GC 8511.240: [ParNew: 422807K->29723K(440896K), 0.0504130 secs] 5492329K->5106995K(8339648K), 0.0890960 secs] [Times: user=0.74 sys=0.00, real=0.09 secs] 
8511.330: [GC [1 CMS-initial-mark: 5077271K(7898752K)] 5107197K(8339648K), 0.0595910 secs] [Times: user=0.06 sys=0.00, real=0.06 secs] 
8511.390: [CMS-concurrent-mark-start]
8515.708: [CMS-concurrent-mark: 4.317/4.318 secs] [Times: user=52.04 sys=0.02, real=4.32 secs] 
8515.709: [CMS-concurrent-preclean-start]
8515.787: [CMS-concurrent-preclean: 0.076/0.078 secs] [Times: user=0.94 sys=0.00, real=0.07 secs] 
8515.787: [CMS-concurrent-abortable-preclean-start]
8515.976: [GC 8515.976: [ParNew: 421659K->30059K(440896K), 0.0407260 secs] 5498931K->5110275K(8339648K), 0.0409620 secs] [Times: user=0.68 sys=0.01, real=0.04 secs] 
8516.954: [CMS-concurrent-abortable-preclean: 1.114/1.167 secs] [Times: user=19.92 sys=0.03, real=1.17 secs] 
8516.957: [GC[YG occupancy: 241421 K (440896 K)]8516.957: [Rescan (parallel) , 0.0567000 secs]8517.014: [weak refs processing, 0.0015250 secs]8517.015: [class unloading, 0.0221950 secs]8517.037: [scrub symbol & string tables, 0.0190540 secs] [1 CMS-remark: 5080216K(7898752K)] 5321637K(8339648K), 0.1108220 secs] [Times: user=1.35 sys=0.00, real=0.12 secs] 
8517.068: [CMS-concurrent-sweep-start]
8517.823: [GC 8517.823: [ParNew: 421995K->33188K(440896K), 0.0396980 secs] 5502098K->5118662K(8339648K), 0.0399290 secs] [Times: user=0.70 sys=0.00, real=0.04 secs] 
8521.075: [GC 8521.075: [ParNew: 425124K->36503K(440896K), 0.0443300 secs] 5509974K->5124325K(8339648K), 0.0446130 secs] [Times: user=0.86 sys=0.01, real=0.05 secs] 
8522.879: [GC 8522.879: [ParNew: 428439K->32797K(440896K), 0.0391210 secs] 5516052K->5125578K(8339648K), 0.0393520 secs] [Times: user=0.48 sys=0.00, real=0.03 secs] 
8523.987: [CMS-concurrent-sweep: 6.787/6.919 secs] [Times: user=93.35 sys=0.06, real=6.92 secs] 
8523.987: [CMS-concurrent-reset-start]
8524.040: [CMS-concurrent-reset: 0.053/0.053 secs] [Times: user=1.02 sys=0.00, real=0.05 secs] 
8525.384: [GC [1 CMS-initial-mark: 5092547K(7898752K)] 5425800K(8339648K), 1.1073310 secs] [Times: user=1.11 sys=0.01, real=1.11 secs] 
8526.492: [CMS-concurrent-mark-start]
8527.044: [GC 8527.044: [ParNew: 424733K->35596K(440896K), 0.0557600 secs] 5517280K->5137256K(8339648K), 0.0560470 secs] [Times: user=0.93 sys=0.00, real=0.06 secs] 
8530.537: [GC 8530.537: [ParNew: 427532K->34960K(440896K), 0.0752440 secs] 5529192K->5140153K(8339648K), 0.0755100 secs] [Times: user=1.53 sys=0.00, real=0.08 secs] 
8531.563: [CMS-concurrent-mark: 4.932/5.071 secs] [Times: user=81.21 sys=0.12, real=5.07 secs] 
8531.564: [CMS-concurrent-preclean-start]
8532.178: [CMS-concurrent-preclean: 0.584/0.615 secs] [Times: user=10.43 sys=0.01, real=0.62 secs] 
8532.178: [CMS-concurrent-abortable-preclean-start]
8532.296: [GC 8532.296: [ParNew: 426896K->41669K(440896K), 0.0600180 secs] 5532089K->5152467K(8339648K), 0.0602470 secs] [Times: user=1.13 sys=0.00, real=0.06 secs] 
8533.258: [CMS-concurrent-abortable-preclean: 0.991/1.080 secs] [Times: user=18.46 sys=0.00, real=1.08 secs] 
8533.262: [GC[YG occupancy: 254674 K (440896 K)]8533.262: [Rescan (parallel) , 0.0876560 secs]8533.349: [weak refs processing, 0.0015720 secs]8533.351: [class unloading, 0.0222350 secs]8533.373: [scrub symbol & string tables, 0.0190510 secs] [1 CMS-remark: 5110798K(7898752K)] 5365472K(8339648K), 0.1416420 secs] [Times: user=1.83 sys=0.00, real=0.14 secs] 
8533.404: [CMS-concurrent-sweep-start]
8534.131: [GC 8534.139: [ParNew: 433605K->39874K(440896K), 0.0584940 secs] 5544325K->5153456K(8339648K), 0.0587650 secs] [Times: user=1.15 sys=0.00, real=0.07 secs] 
8537.030: [GC 8537.030: [ParNew: 431810K->40607K(440896K), 0.0631430 secs] 5544285K->5160841K(8339648K), 0.0633740 secs] [Times: user=0.99 sys=0.01, real=0.06 secs] 
8538.710: [GC 8538.710: [ParNew: 432543K->25298K(440896K), 0.1497360 secs] 5551997K->5155934K(8339648K), 0.1499670 secs] [Times: user=2.99 sys=0.01, real=0.15 secs] 
8541.819: [CMS-concurrent-sweep: 8.126/8.415 secs] [Times: user=102.21 sys=0.17, real=8.42 secs] 
8541.819: [CMS-concurrent-reset-start]
8541.869: [CMS-concurrent-reset: 0.050/0.050 secs] [Times: user=0.85 sys=0.00, real=0.05 secs] 
8542.111: [GC 8542.111: [ParNew: 417234K->24974K(440896K), 0.0404210 secs] 5547486K->5160488K(8339648K), 0.0406640 secs] [Times: user=0.70 sys=0.00, real=0.04 secs] 
8542.153: [GC [1 CMS-initial-mark: 5135514K(7898752K)] 5162309K(8339648K), 0.0349500 secs] [Times: user=0.03 sys=0.00, real=0.04 secs] 
8542.188: [CMS-concurrent-mark-start]
8546.241: [CMS-concurrent-mark: 4.053/4.053 secs] [Times: user=40.48 sys=0.01, real=4.05 secs] 
8546.241: [CMS-concurrent-preclean-start]
8546.323: [CMS-concurrent-preclean: 0.080/0.082 secs] [Times: user=1.27 sys=0.00, real=0.08 secs] 
8546.324: [CMS-concurrent-abortable-preclean-start]
8547.009: [GC 8547.009: [ParNew: 416910K->32382K(440896K), 0.0359570 secs] 5552424K->5170862K(8339648K), 0.0361920 secs] [Times: user=0.46 sys=0.00, real=0.03 secs] 
8547.864: [CMS-concurrent-abortable-preclean: 1.492/1.541 secs] [Times: user=26.08 sys=0.03, real=1.54 secs] 
8547.867: [GC[YG occupancy: 237000 K (440896 K)]8547.867: [Rescan (parallel) , 0.0625960 secs]8547.930: [weak refs processing, 0.0013750 secs]8547.931: [class unloading, 0.0222780 secs]8547.953: [scrub symbol & string tables, 0.0190360 secs] [1 CMS-remark: 5138479K(7898752K)] 5375480K(8339648K), 0.1162720 secs] [Times: user=1.34 sys=0.00, real=0.12 secs] 
8547.984: [CMS-concurrent-sweep-start]
8548.762: [GC 8548.762: [ParNew: 424318K->32184K(440896K), 0.0375200 secs] 5562571K->5175351K(8339648K), 0.0377490 secs] [Times: user=0.69 sys=0.00, real=0.04 secs] 
8552.010: [GC 8552.011: [ParNew: 424120K->35619K(440896K), 0.0335040 secs] 5563912K->5178221K(8339648K), 0.0337380 secs] [Times: user=0.47 sys=0.00, real=0.03 secs] 
8553.699: [GC 8553.699: [ParNew: 427555K->34750K(440896K), 0.0370600 secs] 5568341K->5180885K(8339648K), 0.0604790 secs] [Times: user=0.59 sys=0.00, real=0.06 secs] 
8555.631: [CMS-concurrent-sweep: 7.504/7.648 secs] [Times: user=78.77 sys=0.03, real=7.65 secs] 
8555.631: [CMS-concurrent-reset-start]
8555.686: [CMS-concurrent-reset: 0.055/0.055 secs] [Times: user=0.85 sys=0.00, real=0.05 secs] 
8557.235: [GC 8557.236: [ParNew: 426686K->30799K(440896K), 0.0444330 secs] 5572309K->5184345K(8339648K), 0.0446670 secs] [Times: user=0.63 sys=0.00, real=0.05 secs] 
8557.282: [GC [1 CMS-initial-mark: 5153546K(7898752K)] 5184944K(8339648K), 0.0401860 secs] [Times: user=0.04 sys=0.00, real=0.04 secs] 
8557.322: [CMS-concurrent-mark-start]
8561.209: [CMS-concurrent-mark: 3.887/3.887 secs] [Times: user=35.43 sys=0.02, real=3.89 secs] 
8561.209: [CMS-concurrent-preclean-start]
8561.295: [CMS-concurrent-preclean: 0.083/0.085 secs] [Times: user=1.38 sys=0.00, real=0.08 secs] 
8561.295: [CMS-concurrent-abortable-preclean-start]
8562.114: [GC 8562.115: [ParNew: 422735K->33614K(440896K), 0.0389010 secs] 5576281K->5192271K(8339648K), 0.0391320 secs] [Times: user=0.70 sys=0.00, real=0.04 secs] 
8563.116: [CMS-concurrent-abortable-preclean: 1.763/1.821 secs] [Times: user=30.94 sys=0.02, real=1.82 secs] 
8563.119: [GC[YG occupancy: 231242 K (440896 K)]8563.119: [Rescan (parallel) , 0.0554820 secs]8563.175: [weak refs processing, 0.0014630 secs]8563.176: [class unloading, 0.0219450 secs]8563.198: [scrub symbol & string tables, 0.0190480 secs] [1 CMS-remark: 5158656K(7898752K)] 5389898K(8339648K), 0.1087900 secs] [Times: user=1.20 sys=0.00, real=0.11 secs] 
8563.228: [CMS-concurrent-sweep-start]
8564.028: [GC 8564.028: [ParNew: 425550K->34578K(440896K), 0.0362150 secs] 5583943K->5198040K(8339648K), 0.0364470 secs] [Times: user=0.49 sys=0.01, real=0.03 secs] 
8566.769: [GC 8566.769: [ParNew: 426514K->34100K(440896K), 0.0348900 secs] 5589368K->5200060K(8339648K), 0.0351220 secs] [Times: user=0.45 sys=0.00, real=0.03 secs] 
8568.401: [GC 8568.401: [ParNew: 426036K->33225K(440896K), 0.0331270 secs] 5591951K->5204420K(8339648K), 0.0333620 secs] [Times: user=0.47 sys=0.00, real=0.03 secs] 
8570.140: [CMS-concurrent-sweep: 6.793/6.912 secs] [Times: user=76.79 sys=0.14, real=6.91 secs] 
8570.141: [CMS-concurrent-reset-start]
8570.188: [CMS-concurrent-reset: 0.048/0.048 secs] [Times: user=0.09 sys=0.00, real=0.05 secs] 
8572.036: [GC 8572.036: [ParNew: 425161K->33814K(440896K), 0.0421530 secs] 5596215K->5212686K(8339648K), 0.0423910 secs] [Times: user=0.63 sys=0.00, real=0.05 secs] 
8572.090: [GC [1 CMS-initial-mark: 5178872K(7898752K)] 5220235K(8339648K), 0.0456990 secs] [Times: user=0.04 sys=0.00, real=0.04 secs] 
8572.136: [CMS-concurrent-mark-start]
8575.807: [CMS-concurrent-mark: 3.667/3.672 secs] [Times: user=31.70 sys=0.02, real=3.68 secs] 
8575.807: [CMS-concurrent-preclean-start]
8575.932: [CMS-concurrent-preclean: 0.121/0.125 secs] [Times: user=2.21 sys=0.00, real=0.12 secs] 
8575.932: [CMS-concurrent-abortable-preclean-start]
8576.862: [GC 8576.862: [ParNew: 425750K->28330K(440896K), 0.0422200 secs] 5604622K->5212346K(8339648K), 0.0424620 secs] [Times: user=0.70 sys=0.00, real=0.04 secs] 
8577.811: [CMS-concurrent-abortable-preclean: 1.799/1.878 secs] [Times: user=31.81 sys=0.07, real=1.88 secs] 
8577.812: [GC[YG occupancy: 249142 K (440896 K)]8577.813: [Rescan (parallel) , 0.0823150 secs]8577.895: [weak refs processing, 0.0014150 secs]8577.896: [class unloading, 0.0214200 secs]8577.918: [scrub symbol & string tables, 0.0190310 secs] [1 CMS-remark: 5184015K(7898752K)] 5433157K(8339648K), 0.1350440 secs] [Times: user=1.84 sys=0.00, real=0.14 secs] 
8577.948: [CMS-concurrent-sweep-start]
8578.714: [GC 8578.714: [ParNew: 420266K->31489K(440896K), 0.0322240 secs] 5604138K->5218199K(8339648K), 0.0324540 secs] [Times: user=0.60 sys=0.00, real=0.03 secs] 
8582.043: [GC 8582.044: [ParNew: 423425K->37579K(440896K), 0.0396710 secs] 5609459K->5228819K(8339648K), 0.0399070 secs] [Times: user=0.70 sys=0.00, real=0.04 secs] 
8583.821: [GC 8583.822: [ParNew: 429515K->35808K(440896K), 0.0500460 secs] 5620599K->5231989K(8339648K), 0.0502760 secs] [Times: user=0.92 sys=0.00, real=0.05 secs] 
8586.377: [CMS-concurrent-sweep: 8.294/8.429 secs] [Times: user=98.24 sys=0.08, real=8.42 secs] 
8586.377: [CMS-concurrent-reset-start]
8586.440: [CMS-concurrent-reset: 0.063/0.063 secs] [Times: user=1.19 sys=0.00, real=0.07 secs] 
8587.082: [GC 8587.082: [ParNew: 427744K->35133K(440896K), 0.0428900 secs] 5623610K->5238851K(8339648K), 0.0431270 secs] [Times: user=0.64 sys=0.01, real=0.04 secs] 
8587.126: [GC [1 CMS-initial-mark: 5203717K(7898752K)] 5239265K(8339648K), 0.0420860 secs] [Times: user=0.04 sys=0.00, real=0.05 secs] 
8587.169: [CMS-concurrent-mark-start]
8591.500: [CMS-concurrent-mark: 4.325/4.331 secs] [Times: user=46.91 sys=0.07, real=4.33 secs] 
8591.500: [CMS-concurrent-preclean-start]
8591.635: [CMS-concurrent-preclean: 0.130/0.135 secs] [Times: user=2.24 sys=0.00, real=0.13 secs] 
8591.635: [CMS-concurrent-abortable-preclean-start]
8591.985: [GC 8591.985: [ParNew: 427069K->32681K(440896K), 0.0376890 secs] 5630787K->5239131K(8339648K), 0.0379280 secs] [Times: user=0.70 sys=0.00, real=0.04 secs] 
8592.939: [CMS-concurrent-abortable-preclean: 1.245/1.303 secs] [Times: user=22.35 sys=0.01, real=1.30 secs] 
8592.942: [GC[YG occupancy: 240606 K (440896 K)]8592.942: [Rescan (parallel) , 0.0730720 secs]8593.015: [weak refs processing, 0.0014880 secs]8593.016: [class unloading, 0.0222750 secs]8593.039: [scrub symbol & string tables, 0.0190470 secs] [1 CMS-remark: 5206450K(7898752K)] 5447057K(8339648K), 0.1270480 secs] [Times: user=1.49 sys=0.01, real=0.13 secs] 
8593.069: [CMS-concurrent-sweep-start]
8593.891: [GC 8593.891: [ParNew: 424617K->35138K(440896K), 0.0440310 secs] 5630853K->5249114K(8339648K), 0.0442610 secs] [Times: user=0.66 sys=0.00, real=0.04 secs] 
8596.894: [GC 8596.895: [ParNew: 427074K->36274K(440896K), 0.0350020 secs] 5640375K->5252613K(8339648K), 0.0352370 secs] [Times: user=0.68 sys=0.00, real=0.04 secs] 
8598.713: [GC 8598.713: [ParNew: 428210K->34039K(440896K), 0.0384240 secs] 5644481K->5255690K(8339648K), 0.0386530 secs] [Times: user=0.70 sys=0.00, real=0.04 secs] 
8601.162: [CMS-concurrent-sweep: 7.964/8.093 secs] [Times: user=98.08 sys=-0.05, real=8.09 secs] 
8601.163: [CMS-concurrent-reset-start]
8601.213: [CMS-concurrent-reset: 0.051/0.051 secs] [Times: user=0.85 sys=0.00, real=0.05 secs] 
8601.850: [GC 8601.850: [ParNew: 425975K->34693K(440896K), 0.0421930 secs] 5647461K->5264119K(8339648K), 0.0424260 secs] [Times: user=0.67 sys=0.00, real=0.04 secs] 
8601.894: [GC [1 CMS-initial-mark: 5229425K(7898752K)] 5264607K(8339648K), 0.0393470 secs] [Times: user=0.04 sys=0.00, real=0.04 secs] 
8601.934: [CMS-concurrent-mark-start]
8605.733: [CMS-concurrent-mark: 3.800/3.800 secs] [Times: user=34.06 sys=0.04, real=3.80 secs] 
8605.733: [CMS-concurrent-preclean-start]
8605.845: [CMS-concurrent-preclean: 0.108/0.111 secs] [Times: user=1.89 sys=0.01, real=0.11 secs] 
8605.845: [CMS-concurrent-abortable-preclean-start]
8606.763: [GC 8606.763: [ParNew: 426629K->28926K(440896K), 0.0381480 secs] 5656055K->5263487K(8339648K), 0.0383780 secs] [Times: user=0.68 sys=0.01, real=0.04 secs] 
8607.704: [CMS-concurrent-abortable-preclean: 1.805/1.859 secs] [Times: user=31.55 sys=0.03, real=1.86 secs] 
8607.707: [GC[YG occupancy: 239002 K (440896 K)]8607.707: [Rescan (parallel) , 0.0640770 secs]8607.771: [weak refs processing, 0.0013560 secs]8607.773: [class unloading, 0.0214330 secs]8607.794: [scrub symbol & string tables, 0.0190700 secs] [1 CMS-remark: 5234560K(7898752K)] 5473563K(8339648K), 0.1170590 secs] [Times: user=1.38 sys=0.03, real=0.12 secs] 
8607.825: [CMS-concurrent-sweep-start]
8608.629: [GC 8608.629: [ParNew: 420862K->32064K(440896K), 0.0326740 secs] 5655191K->5271537K(8339648K), 0.0328950 secs] [Times: user=0.45 sys=0.00, real=0.03 secs] 
8614.429: [CMS-concurrent-sweep: 6.567/6.605 secs] [Times: user=42.64 sys=0.05, real=6.61 secs] 
8614.429: [CMS-concurrent-reset-start]
8614.473: [CMS-concurrent-reset: 0.044/0.044 secs] [Times: user=0.04 sys=0.00, real=0.04 secs] 
8616.475: [GC [1 CMS-initial-mark: 5238545K(7898752K)] 5603721K(8339648K), 1.1249050 secs] [Times: user=1.13 sys=0.00, real=1.13 secs] 
8617.600: [CMS-concurrent-mark-start]
8621.230: [CMS-concurrent-mark: 3.631/3.631 secs] [Times: user=22.03 sys=0.02, real=3.63 secs] 
8621.231: [CMS-concurrent-preclean-start]
8621.340: [CMS-concurrent-preclean: 0.105/0.109 secs] [Times: user=0.12 sys=0.00, real=0.11 secs] 
8621.340: [CMS-concurrent-abortable-preclean-start]
 CMS: abort preclean due to time 8626.376: [CMS-concurrent-abortable-preclean: 2.928/5.036 secs] [Times: user=3.23 sys=0.03, real=5.03 secs] 
8626.377: [GC[YG occupancy: 407725 K (440896 K)]8626.378: [Rescan (parallel) , 1.0513340 secs]8627.429: [weak refs processing, 0.0013570 secs]8627.430: [class unloading, 0.0262710 secs]8627.457: [scrub symbol & string tables, 0.0226040 secs] [1 CMS-remark: 5238545K(7898752K)] 5646270K(8339648K), 1.1169890 secs] [Times: user=22.53 sys=0.10, real=1.12 secs] 
8627.495: [CMS-concurrent-sweep-start]
8629.783: [GC 8629.783: [ParNew: 424000K->48960K(440896K), 0.0722880 secs] 5662091K->5294270K(8339648K), 0.0725670 secs] [Times: user=1.39 sys=0.00, real=0.07 secs] 
8634.420: [CMS-concurrent-sweep: 6.851/6.925 secs] [Times: user=8.81 sys=0.03, real=6.93 secs] 
8634.420: [CMS-concurrent-reset-start]
8634.463: [CMS-concurrent-reset: 0.044/0.044 secs] [Times: user=0.04 sys=0.00, real=0.04 secs] 
8635.165: [GC [1 CMS-initial-mark: 5245188K(7898752K)] 5321003K(8339648K), 0.2368360 secs] [Times: user=0.24 sys=0.00, real=0.24 secs] 
8635.402: [CMS-concurrent-mark-start]
8637.332: [GC 8637.332: [ParNew: 440896K->48960K(440896K), 0.2200700 secs] 5686084K->5343770K(8339648K), 0.2203050 secs] [Times: user=2.27 sys=0.04, real=0.22 secs] 
8639.351: [GC 8639.351: [ParNew: 440896K->23886K(440896K), 0.0380590 secs] 5735706K->5318696K(8339648K), 0.0382900 secs] [Times: user=0.70 sys=0.00, real=0.04 secs] 
8641.040: [GC 8641.040: [ParNew: 415822K->29423K(440896K), 0.0388840 secs] 5710632K->5324234K(8339648K), 0.0391070 secs] [Times: user=0.70 sys=0.00, real=0.04 secs] 
8641.495: [CMS-concurrent-mark: 5.780/6.093 secs] [Times: user=128.93 sys=0.11, real=6.09 secs] 
8641.495: [CMS-concurrent-preclean-start]
8641.932: [CMS-concurrent-preclean: 0.424/0.436 secs] [Times: user=7.53 sys=0.02, real=0.44 secs] 
8641.932: [CMS-concurrent-abortable-preclean-start]
8642.679: [GC 8642.679: [ParNew: 421359K->34777K(440896K), 0.0282670 secs] 5716170K->5329587K(8339648K), 0.0285020 secs] [Times: user=0.47 sys=0.00, real=0.03 secs] 
8643.579: [CMS-concurrent-abortable-preclean: 1.607/1.647 secs] [Times: user=27.98 sys=0.01, real=1.65 secs] 
8643.581: [GC[YG occupancy: 244227 K (440896 K)]8643.581: [Rescan (parallel) , 0.0605260 secs]8643.642: [weak refs processing, 0.0028200 secs]8643.645: [class unloading, 0.0218940 secs]8643.667: [scrub symbol & string tables, 0.0190530 secs] [1 CMS-remark: 5294810K(7898752K)] 5539037K(8339648K), 0.1156790 secs] [Times: user=1.30 sys=0.00, real=0.11 secs] 
8643.697: [CMS-concurrent-sweep-start]
8644.493: [GC 8644.493: [ParNew: 426713K->27950K(440896K), 0.0499720 secs] 5721506K->5335797K(8339648K), 0.0501980 secs] [Times: user=0.76 sys=0.01, real=0.05 secs] 
8646.198: [GC 8646.198: [ParNew: 419886K->17492K(440896K), 0.0306030 secs] 5727704K->5328443K(8339648K), 0.0356350 secs] [Times: user=0.46 sys=0.00, real=0.03 secs] 
8647.896: [GC 8647.896: [ParNew: 409428K->18717K(440896K), 0.0328970 secs] 5720179K->5333245K(8339648K), 0.0331140 secs] [Times: user=0.62 sys=0.00, real=0.04 secs] 
8649.572: [GC 8649.573: [ParNew: 410653K->21674K(440896K), 0.0276260 secs] 5725153K->5339069K(8339648K), 0.0278280 secs] [Times: user=0.47 sys=0.00, real=0.03 secs] 
8651.182: [CMS-concurrent-sweep: 7.325/7.485 secs] [Times: user=127.40 sys=0.11, real=7.48 secs] 
8651.182: [CMS-concurrent-reset-start]
8651.233: [CMS-concurrent-reset: 0.051/0.051 secs] [Times: user=0.90 sys=0.00, real=0.05 secs] 
8651.254: [GC 8651.255: [ParNew: 413610K->23090K(440896K), 0.0280020 secs] 5730831K->5343189K(8339648K), 0.0282260 secs] [Times: user=0.46 sys=0.00, real=0.03 secs] 
8651.284: [GC [1 CMS-initial-mark: 5320099K(7898752K)] 5343662K(8339648K), 0.0377270 secs] [Times: user=0.04 sys=0.00, real=0.04 secs] 
8651.322: [CMS-concurrent-mark-start]
8652.985: [GC 8652.985: [ParNew: 415026K->25253K(440896K), 0.0411480 secs] 5735125K->5348728K(8339648K), 0.0413730 secs] [Times: user=0.75 sys=0.00, real=0.04 secs] 
8654.713: [GC 8654.714: [ParNew: 417189K->24780K(440896K), 0.0398800 secs] 5740664K->5351149K(8339648K), 0.0400980 secs] [Times: user=0.69 sys=0.01, real=0.04 secs] 
8656.358: [GC 8656.358: [ParNew: 416716K->23865K(440896K), 0.0523200 secs] 5743085K->5355629K(8339648K), 0.0525470 secs] [Times: user=0.79 sys=0.02, real=0.05 secs] 
8657.228: [CMS-concurrent-mark: 5.760/5.906 secs] [Times: user=128.46 sys=0.10, real=5.91 secs] 
8657.228: [CMS-concurrent-preclean-start]
8657.577: [CMS-concurrent-preclean: 0.345/0.350 secs] [Times: user=5.91 sys=0.00, real=0.35 secs] 
8657.577: [CMS-concurrent-abortable-preclean-start]
8658.026: [GC 8658.027: [ParNew: 415801K->23920K(440896K), 0.0653170 secs] 5747565K->5359576K(8339648K), 0.0655380 secs] [Times: user=1.35 sys=0.00, real=0.07 secs] 
8658.920: [CMS-concurrent-abortable-preclean: 1.264/1.343 secs] [Times: user=23.06 sys=0.04, real=1.34 secs] 
8658.923: [GC[YG occupancy: 229102 K (440896 K)]8658.923: [Rescan (parallel) , 0.0620780 secs]8658.985: [weak refs processing, 0.0016240 secs]8658.987: [class unloading, 0.0221950 secs]8659.009: [scrub symbol & string tables, 0.0190640 secs] [1 CMS-remark: 5335655K(7898752K)] 5564758K(8339648K), 0.1162640 secs] [Times: user=1.39 sys=0.00, real=0.12 secs] 
8659.040: [CMS-concurrent-sweep-start]
8659.835: [GC 8659.835: [ParNew: 415856K->17302K(440896K), 0.0497160 secs] 5711145K->5317504K(8339648K), 0.0499410 secs] [Times: user=0.80 sys=0.00, real=0.05 secs] 
8661.418: [GC 8661.418: [ParNew: 409238K->22343K(440896K), 0.0803400 secs] 5654855K->5270886K(8339648K), 0.0855310 secs] [Times: user=1.62 sys=0.01, real=0.08 secs] 
8663.048: [GC 8663.048: [ParNew: 414279K->22755K(440896K), 0.0383660 secs] 5610597K->5222109K(8339648K), 0.0385850 secs] [Times: user=0.56 sys=0.00, real=0.03 secs] 
8664.678: [GC 8664.678: [ParNew: 414691K->23536K(440896K), 0.0268110 secs] 5522209K->5134026K(8339648K), 0.0270340 secs] [Times: user=0.38 sys=0.00, real=0.02 secs] 
8666.284: [GC 8666.284: [ParNew: 415472K->22801K(440896K), 0.0311920 secs] 5521583K->5132109K(8339648K), 0.0314140 secs] [Times: user=0.48 sys=0.00, real=0.03 secs] 
8666.899: [CMS-concurrent-sweep: 7.613/7.859 secs] [Times: user=133.56 sys=0.10, real=7.86 secs] 
8666.899: [CMS-concurrent-reset-start]
8666.951: [CMS-concurrent-reset: 0.052/0.052 secs] [Times: user=0.90 sys=0.00, real=0.05 secs] 
8667.956: [GC 8667.956: [ParNew: 414737K->20212K(440896K), 0.0578350 secs] 5523412K->5134685K(8339648K), 0.0580500 secs] [Times: user=1.15 sys=0.00, real=0.06 secs] 
8668.016: [GC [1 CMS-initial-mark: 5114473K(7898752K)] 5136134K(8339648K), 0.0261490 secs] [Times: user=0.03 sys=0.00, real=0.03 secs] 
8668.042: [CMS-concurrent-mark-start]
8671.339: [GC 8671.339: [ParNew: 412148K->19330K(440896K), 0.0280710 secs] 5526621K->5136790K(8339648K), 0.0283010 secs] [Times: user=0.37 sys=0.01, real=0.02 secs] 
8672.758: [CMS-concurrent-mark: 4.684/4.715 secs] [Times: user=77.56 sys=0.06, real=4.72 secs] 
8672.758: [CMS-concurrent-preclean-start]
8673.081: [CMS-concurrent-preclean: 0.310/0.323 secs] [Times: user=5.59 sys=0.00, real=0.32 secs] 
8673.081: [CMS-concurrent-abortable-preclean-start]
8673.090: [GC 8673.090: [ParNew: 411266K->21476K(440896K), 0.0289450 secs] 5528726K->5141745K(8339648K), 0.0291920 secs] [Times: user=0.47 sys=0.00, real=0.03 secs] 
8673.939: [CMS-concurrent-abortable-preclean: 0.810/0.858 secs] [Times: user=14.37 sys=0.00, real=0.85 secs] 
8673.942: [GC[YG occupancy: 223755 K (440896 K)]8673.942: [Rescan (parallel) , 0.0551600 secs]8673.997: [weak refs processing, 0.0013020 secs]8673.999: [class unloading, 0.0218510 secs]8674.021: [scrub symbol & string tables, 0.0190820 secs] [1 CMS-remark: 5120269K(7898752K)] 5344025K(8339648K), 0.1090960 secs] [Times: user=1.16 sys=0.00, real=0.11 secs] 
8674.052: [CMS-concurrent-sweep-start]
8676.424: [GC 8676.424: [ParNew: 413412K->27195K(440896K), 0.0338090 secs] 5517130K->5133941K(8339648K), 0.0340370 secs] [Times: user=0.45 sys=0.00, real=0.04 secs] 
8681.225: [CMS-concurrent-sweep: 7.137/7.174 secs] [Times: user=45.99 sys=0.00, real=7.17 secs] 
8681.225: [CMS-concurrent-reset-start]
8681.288: [CMS-concurrent-reset: 0.063/0.063 secs] [Times: user=1.13 sys=0.00, real=0.06 secs] 
8681.372: [GC 8681.372: [ParNew: 419131K->33018K(440896K), 0.0394370 secs] 5520356K->5137199K(8339648K), 0.0396710 secs] [Times: user=0.70 sys=0.00, real=0.04 secs] 
8681.429: [GC [1 CMS-initial-mark: 5104180K(7898752K)] 5144901K(8339648K), 0.0666560 secs] [Times: user=0.06 sys=0.00, real=0.06 secs] 
8681.496: [CMS-concurrent-mark-start]
8683.183: [GC 8683.183: [ParNew: 424954K->38368K(440896K), 0.0457330 secs] 5529135K->5147998K(8339648K), 0.0459740 secs] [Times: user=0.71 sys=0.00, real=0.05 secs] 
8685.967: [GC 8685.967: [ParNew: 430304K->38047K(440896K), 0.0373430 secs] 5539934K->5150598K(8339648K), 0.0376040 secs] [Times: user=0.63 sys=0.00, real=0.04 secs] 
8686.219: [CMS-concurrent-mark: 4.634/4.723 secs] [Times: user=85.22 sys=0.08, real=4.73 secs] 
8686.219: [CMS-concurrent-preclean-start]
8686.609: [CMS-concurrent-preclean: 0.381/0.390 secs] [Times: user=6.63 sys=0.00, real=0.39 secs] 
8686.609: [CMS-concurrent-abortable-preclean-start]
8687.586: [GC 8687.586: [ParNew: 429983K->36814K(440896K), 0.0449770 secs] 5542534K->5156733K(8339648K), 0.0452060 secs] [Times: user=0.70 sys=0.00, real=0.05 secs] 
8688.532: [CMS-concurrent-abortable-preclean: 1.862/1.924 secs] [Times: user=32.35 sys=0.03, real=1.92 secs] 
8688.535: [GC[YG occupancy: 233740 K (440896 K)]8688.535: [Rescan (parallel) , 0.0879390 secs]8688.623: [weak refs processing, 0.0015020 secs]8688.625: [class unloading, 0.0213310 secs]8688.646: [scrub symbol & string tables, 0.0187650 secs] [1 CMS-remark: 5119918K(7898752K)] 5353659K(8339648K), 0.1406850 secs] [Times: user=2.05 sys=0.01, real=0.14 secs] 
8688.676: [CMS-concurrent-sweep-start]
8691.257: [GC 8691.257: [ParNew: 428750K->27140K(440896K), 0.0592850 secs] 5515099K->5121785K(8339648K), 0.0595260 secs] [Times: user=0.82 sys=0.00, real=0.06 secs] 
8695.551: [CMS-concurrent-sweep: 6.813/6.875 secs] [Times: user=42.07 sys=0.01, real=6.88 secs] 
8695.551: [CMS-concurrent-reset-start]
8695.596: [CMS-concurrent-reset: 0.045/0.045 secs] [Times: user=0.04 sys=0.00, real=0.04 secs] 
8696.169: [GC 8696.170: [ParNew: 419076K->34397K(440896K), 0.0643590 secs] 5301778K->4921642K(8339648K), 0.0646290 secs] [Times: user=0.85 sys=0.01, real=0.06 secs] 
8696.236: [GC [1 CMS-initial-mark: 4887245K(7898752K)] 4923142K(8339648K), 0.0732190 secs] [Times: user=0.08 sys=0.00, real=0.08 secs] 
8696.309: [CMS-concurrent-mark-start]
8698.085: [GC 8698.085: [ParNew: 426333K->34674K(440896K), 0.0364760 secs] 5313578K->4927172K(8339648K), 0.0367030 secs] [Times: user=0.65 sys=0.01, real=0.04 secs] 
8700.787: [CMS-concurrent-mark: 4.438/4.477 secs] [Times: user=75.06 sys=0.05, real=4.47 secs] 
8700.787: [CMS-concurrent-preclean-start]
8701.067: [CMS-concurrent-preclean: 0.270/0.281 secs] [Times: user=4.78 sys=0.00, real=0.29 secs] 
8701.068: [CMS-concurrent-abortable-preclean-start]
8701.170: [GC 8701.170: [ParNew: 426610K->35652K(440896K), 0.0430970 secs] 5319108K->4930989K(8339648K), 0.0433300 secs] [Times: user=0.70 sys=0.00, real=0.04 secs] 
8702.019: [CMS-concurrent-abortable-preclean: 0.896/0.952 secs] [Times: user=16.10 sys=0.00, real=0.95 secs] 
8702.022: [GC[YG occupancy: 236105 K (440896 K)]8702.022: [Rescan (parallel) , 0.0627180 secs]8702.085: [weak refs processing, 0.0014250 secs]8702.086: [class unloading, 0.0209440 secs]8702.107: [scrub symbol & string tables, 0.0191630 secs] [1 CMS-remark: 4895337K(7898752K)] 5131442K(8339648K), 0.1156290 secs] [Times: user=1.35 sys=0.01, real=0.12 secs] 
8702.138: [CMS-concurrent-sweep-start]
8703.102: [GC 8703.102: [ParNew: 427588K->34426K(440896K), 0.0378750 secs] 5322727K->4935229K(8339648K), 0.0381070 secs] [Times: user=0.46 sys=0.01, real=0.04 secs] 
8706.344: [GC 8706.345: [ParNew: 426362K->34852K(440896K), 0.0541850 secs] 5324969K->4943101K(8339648K), 0.0544170 secs] [Times: user=0.81 sys=0.00, real=0.06 secs] 
8708.657: [CMS-concurrent-sweep: 6.421/6.519 secs] [Times: user=68.49 sys=0.04, real=6.51 secs] 
8708.657: [CMS-concurrent-reset-start]
8708.702: [CMS-concurrent-reset: 0.045/0.045 secs] [Times: user=0.06 sys=0.00, real=0.05 secs] 
8710.704: [GC [1 CMS-initial-mark: 4907375K(7898752K)] 5227058K(8339648K), 1.1145680 secs] [Times: user=1.12 sys=0.01, real=1.12 secs] 
8711.819: [CMS-concurrent-mark-start]
8712.272: [GC 8712.272: [ParNew: 426788K->33466K(440896K), 0.0408730 secs] 5334163K->4943864K(8339648K), 0.0411420 secs] [Times: user=0.69 sys=0.00, real=0.04 secs] 
8714.034: [GC 8714.035: [ParNew: 425402K->36046K(440896K), 0.0376450 secs] 5335800K->4951923K(8339648K), 0.0378740 secs] [Times: user=0.66 sys=0.00, real=0.04 secs] 
8716.051: [GC 8716.051: [ParNew: 427982K->38267K(440896K), 0.0390680 secs] 5343859K->4957120K(8339648K), 0.0393110 secs] [Times: user=0.70 sys=0.00, real=0.04 secs] 
8716.815: [CMS-concurrent-mark: 4.869/4.996 secs] [Times: user=103.64 sys=0.06, real=4.99 secs] 
8716.816: [CMS-concurrent-preclean-start]
8717.186: [CMS-concurrent-preclean: 0.356/0.370 secs] [Times: user=6.24 sys=0.00, real=0.37 secs] 
8717.186: [CMS-concurrent-abortable-preclean-start]
8717.748: [GC 8717.749: [ParNew: 430203K->36556K(440896K), 0.0556400 secs] 5349056K->4963283K(8339648K), 0.0558690 secs] [Times: user=0.62 sys=0.01, real=0.05 secs] 
8718.658: [CMS-concurrent-abortable-preclean: 1.391/1.472 secs] [Times: user=24.58 sys=0.01, real=1.47 secs] 
8718.660: [GC[YG occupancy: 247939 K (440896 K)]8718.660: [Rescan (parallel) , 0.0555510 secs]8718.716: [weak refs processing, 0.0013690 secs]8718.717: [class unloading, 0.0209950 secs]8718.738: [scrub symbol & string tables, 0.0188390 secs] [1 CMS-remark: 4926727K(7898752K)] 5174666K(8339648K), 0.1082300 secs] [Times: user=1.19 sys=0.00, real=0.11 secs] 
8718.769: [CMS-concurrent-sweep-start]
8721.021: [GC 8721.021: [ParNew: 428492K->24248K(440896K), 0.0621370 secs] 5354639K->4959532K(8339648K), 0.0623790 secs] [Times: user=0.71 sys=0.01, real=0.07 secs] 
8725.095: [CMS-concurrent-sweep: 6.257/6.326 secs] [Times: user=44.97 sys=0.08, real=6.32 secs] 
8725.095: [CMS-concurrent-reset-start]
8725.140: [CMS-concurrent-reset: 0.045/0.045 secs] [Times: user=0.10 sys=0.00, real=0.05 secs] 
8725.996: [GC 8725.996: [ParNew: 416184K->31897K(440896K), 0.0665740 secs] 5351036K->4970991K(8339648K), 0.0668470 secs] [Times: user=1.11 sys=0.00, real=0.07 secs] 
8726.065: [GC [1 CMS-initial-mark: 4939094K(7898752K)] 4973209K(8339648K), 0.0988830 secs] [Times: user=0.10 sys=0.00, real=0.10 secs] 
8726.164: [CMS-concurrent-mark-start]
8727.969: [GC 8727.970: [ParNew: 423833K->36636K(440896K), 0.0389500 secs] 5362927K->4978395K(8339648K), 0.0391750 secs] [Times: user=0.61 sys=0.00, real=0.04 secs] 
8729.747: [GC 8729.747: [ParNew: 428572K->35675K(440896K), 0.0398400 secs] 5370331K->4980423K(8339648K), 0.0400720 secs] [Times: user=0.61 sys=0.00, real=0.04 secs] 
8730.976: [CMS-concurrent-mark: 4.729/4.812 secs] [Times: user=87.07 sys=0.05, real=4.81 secs] 
8730.976: [CMS-concurrent-preclean-start]
8731.810: [CMS-concurrent-preclean: 0.798/0.834 secs] [Times: user=14.14 sys=0.00, real=0.84 secs] 
8731.810: [CMS-concurrent-abortable-preclean-start]
8731.950: [CMS-concurrent-abortable-preclean: 0.139/0.140 secs] [Times: user=2.40 sys=0.00, real=0.14 secs] 
8731.954: [GC[YG occupancy: 278443 K (440896 K)]8731.954: [Rescan (parallel) , 0.1468820 secs]8732.101: [weak refs processing, 0.0014670 secs]8732.102: [class unloading, 0.0210580 secs]8732.123: [scrub symbol & string tables, 0.0188510 secs] [1 CMS-remark: 4944747K(7898752K)] 5223190K(8339648K), 0.1999880 secs] [Times: user=3.02 sys=0.03, real=0.20 secs] 
8732.154: [CMS-concurrent-sweep-start]
8732.865: [GC 8732.865: [ParNew: 427611K->35909K(440896K), 0.0518340 secs] 5333005K->4946599K(8339648K), 0.0520700 secs] [Times: user=0.93 sys=0.00, real=0.05 secs] 
8734.843: [GC 8734.843: [ParNew: 427845K->33130K(440896K), 0.0834330 secs] 5305856K->4923033K(8339648K), 0.0836640 secs] [Times: user=0.77 sys=0.02, real=0.08 secs] 
8739.558: [CMS-concurrent-sweep: 7.265/7.404 secs] [Times: user=73.42 sys=0.05, real=7.41 secs] 
8739.559: [CMS-concurrent-reset-start]
8739.604: [CMS-concurrent-reset: 0.045/0.045 secs] [Times: user=0.10 sys=0.00, real=0.04 secs] 
8739.640: [GC 8739.641: [ParNew: 425066K->27381K(440896K), 0.0517020 secs] 5138042K->4743598K(8339648K), 0.0519300 secs] [Times: user=0.93 sys=0.00, real=0.05 secs] 
8742.659: [GC 8742.660: [ParNew: 419317K->37664K(440896K), 0.0441420 secs] 5135534K->4756776K(8339648K), 0.0444130 secs] [Times: user=0.70 sys=0.00, real=0.04 secs] 
8744.329: [GC 8744.330: [ParNew: 429600K->35419K(440896K), 0.0491980 secs] 5148712K->4759566K(8339648K), 0.0494240 secs] [Times: user=0.70 sys=0.00, real=0.05 secs] 
8747.378: [GC 8747.378: [ParNew: 427355K->41029K(440896K), 0.0423670 secs] 5151502K->4768671K(8339648K), 0.0425970 secs] [Times: user=0.60 sys=0.01, real=0.04 secs] 
8749.031: [GC 8749.031: [ParNew: 432965K->35685K(440896K), 0.0695960 secs] 5160607K->4773737K(8339648K), 0.0698250 secs] [Times: user=0.49 sys=0.00, real=0.07 secs] 
8752.474: [GC 8752.474: [ParNew: 427621K->24797K(440896K), 0.0598810 secs] 5165673K->4769499K(8339648K), 0.0763850 secs] [Times: user=0.60 sys=0.00, real=0.08 secs] 
8752.552: [GC [1 CMS-initial-mark: 4744702K(7898752K)] 4771094K(8339648K), 0.0354890 secs] [Times: user=0.03 sys=0.00, real=0.04 secs] 
8752.588: [CMS-concurrent-mark-start]
8755.769: [CMS-concurrent-mark: 3.182/3.182 secs] [Times: user=24.47 sys=0.02, real=3.18 secs] 
8755.770: [CMS-concurrent-preclean-start]
8755.836: [CMS-concurrent-preclean: 0.065/0.067 secs] [Times: user=0.09 sys=0.00, real=0.06 secs] 
8755.836: [CMS-concurrent-abortable-preclean-start]
8757.368: [GC 8757.368: [ParNew: 416733K->32835K(440896K), 0.0423990 secs] 5161435K->4780469K(8339648K), 0.0426300 secs] [Times: user=0.73 sys=0.00, real=0.04 secs] 
8758.262: [CMS-concurrent-abortable-preclean: 2.354/2.426 secs] [Times: user=39.39 sys=0.01, real=2.43 secs] 
8758.265: [GC[YG occupancy: 232918 K (440896 K)]8758.265: [Rescan (parallel) , 0.0740490 secs]8758.339: [weak refs processing, 0.0014540 secs]8758.340: [class unloading, 0.0202900 secs]8758.361: [scrub symbol & string tables, 0.0188540 secs] [1 CMS-remark: 4747633K(7898752K)] 4980552K(8339648K), 0.1264610 secs] [Times: user=1.64 sys=0.00, real=0.13 secs] 
8758.392: [CMS-concurrent-sweep-start]
8759.198: [GC 8759.198: [ParNew: 424771K->32901K(440896K), 0.0432990 secs] 5130338K->4743873K(8339648K), 0.0435130 secs] [Times: user=0.68 sys=0.00, real=0.04 secs] 
8762.416: [GC 8762.416: [ParNew: 424837K->36991K(440896K), 0.0362990 secs] 5071462K->4686327K(8339648K), 0.0365310 secs] [Times: user=0.70 sys=0.00, real=0.04 secs] 
8764.120: [GC 8764.138: [ParNew: 428927K->35226K(440896K), 0.0373260 secs] 4964510K->4576244K(8339648K), 0.0375840 secs] [Times: user=0.52 sys=0.01, real=0.05 secs] 
8765.973: [CMS-concurrent-sweep: 7.436/7.582 secs] [Times: user=82.38 sys=0.14, real=7.58 secs] 
8765.973: [CMS-concurrent-reset-start]
8766.026: [CMS-concurrent-reset: 0.052/0.052 secs] [Times: user=0.85 sys=0.00, real=0.05 secs] 
8767.526: [GC 8767.527: [ParNew: 427162K->34255K(440896K), 0.0551540 secs] 4958751K->4575976K(8339648K), 0.0553890 secs] [Times: user=0.84 sys=0.01, real=0.06 secs] 
8772.423: [GC 8772.423: [ParNew: 426191K->30160K(440896K), 0.0371660 secs] 4967912K->4574787K(8339648K), 0.0374040 secs] [Times: user=0.69 sys=0.00, real=0.04 secs] 
8774.116: [GC 8774.116: [ParNew: 422096K->35174K(440896K), 0.0378520 secs] 4966723K->4584964K(8339648K), 0.0380830 secs] [Times: user=0.64 sys=0.00, real=0.04 secs] 
8777.126: [GC 8777.126: [ParNew: 427110K->34108K(440896K), 0.0357520 secs] 4976900K->4587127K(8339648K), 0.0359850 secs] [Times: user=0.67 sys=0.00, real=0.04 secs] 
8778.831: [GC 8778.831: [ParNew: 426044K->34756K(440896K), 0.0414620 secs] 4979063K->4592653K(8339648K), 0.0416950 secs] [Times: user=0.47 sys=0.00, real=0.04 secs] 
8782.124: [GC 8782.124: [ParNew: 426692K->30873K(440896K), 0.0587960 secs] 4984589K->4599165K(8339648K), 0.0590550 secs] [Times: user=0.67 sys=0.01, real=0.06 secs] 
8787.136: [GC 8787.136: [ParNew: 422809K->28179K(440896K), 0.0396570 secs] 4991101K->4599426K(8339648K), 0.0399800 secs] [Times: user=0.67 sys=0.00, real=0.04 secs] 
8788.908: [GC 8788.909: [ParNew: 420115K->30429K(440896K), 0.0406700 secs] 4991362K->4606803K(8339648K), 0.0408960 secs] [Times: user=0.49 sys=0.01, real=0.04 secs] 
8792.177: [GC 8792.177: [ParNew: 422365K->33303K(440896K), 0.0434950 secs] 4998739K->4612452K(8339648K), 0.0438170 secs] [Times: user=0.77 sys=0.01, real=0.05 secs] 
8793.887: [GC 8793.887: [ParNew: 425239K->34828K(440896K), 0.0428630 secs] 5004388K->4619031K(8339648K), 0.0431000 secs] [Times: user=0.55 sys=0.00, real=0.05 secs] 
8797.362: [GC 8797.363: [ParNew: 426764K->31554K(440896K), 0.0469440 secs] 5010967K->4623172K(8339648K), 0.0471850 secs] [Times: user=0.70 sys=0.01, real=0.05 secs] 
8802.409: [GC 8802.409: [ParNew: 423490K->32550K(440896K), 0.0500720 secs] 5015108K->4626797K(8339648K), 0.0503130 secs] [Times: user=0.94 sys=0.00, real=0.05 secs] 
8804.128: [GC 8804.128: [ParNew: 424486K->35821K(440896K), 0.0573370 secs] 5018733K->4637692K(8339648K), 0.0575960 secs] [Times: user=0.95 sys=0.00, real=0.05 secs] 
8807.203: [GC 8807.203: [ParNew: 427757K->30556K(440896K), 0.0369040 secs] 5029628K->4635287K(8339648K), 0.0371330 secs] [Times: user=0.70 sys=0.00, real=0.04 secs] 
8808.904: [GC 8808.904: [ParNew: 422492K->31633K(440896K), 0.0358440 secs] 5027223K->4641229K(8339648K), 0.0360790 secs] [Times: user=0.60 sys=0.00, real=0.04 secs] 
8812.528: [GC 8812.528: [ParNew: 423569K->31064K(440896K), 0.0514650 secs] 5033165K->4650972K(8339648K), 0.0517000 secs] [Times: user=0.72 sys=0.00, real=0.05 secs] 
8817.475: [GC 8817.476: [ParNew: 423000K->27895K(440896K), 0.0342420 secs] 5042908K->4650673K(8339648K), 0.0344780 secs] [Times: user=0.68 sys=0.00, real=0.04 secs] 
8819.210: [GC 8819.210: [ParNew: 419831K->34346K(440896K), 0.0376500 secs] 5042609K->4662252K(8339648K), 0.0378800 secs] [Times: user=0.44 sys=0.01, real=0.04 secs] 
8822.540: [GC 8822.540: [ParNew: 426282K->33226K(440896K), 0.0379130 secs] 5054188K->4664024K(8339648K), 0.0381560 secs] [Times: user=0.66 sys=0.00, real=0.04 secs] 
8824.280: [GC 8824.280: [ParNew: 425162K->34656K(440896K), 0.0394380 secs] 5055960K->4670691K(8339648K), 0.0396640 secs] [Times: user=0.53 sys=0.02, real=0.04 secs] 
8827.664: [GC 8827.664: [ParNew: 426592K->28351K(440896K), 0.0475630 secs] 5062627K->4674262K(8339648K), 0.0478060 secs] [Times: user=0.58 sys=0.00, real=0.05 secs] 
8832.557: [GC 8832.557: [ParNew: 420287K->30178K(440896K), 0.0372180 secs] 5066198K->4678943K(8339648K), 0.0374530 secs] [Times: user=0.62 sys=0.00, real=0.04 secs] 
8834.306: [GC 8834.307: [ParNew: 422114K->34479K(440896K), 0.0368920 secs] 5070879K->4688577K(8339648K), 0.0371200 secs] [Times: user=0.64 sys=0.00, real=0.04 secs] 
8837.459: [GC 8837.460: [ParNew: 426415K->34083K(440896K), 0.0359880 secs] 5080513K->4690648K(8339648K), 0.0362180 secs] [Times: user=0.55 sys=0.00, real=0.03 secs] 
8839.169: [GC 8839.169: [ParNew: 426019K->36938K(440896K), 0.0357480 secs] 5082584K->4699039K(8339648K), 0.0359730 secs] [Times: user=0.46 sys=0.01, real=0.03 secs] 
8842.507: [GC 8842.507: [ParNew: 428874K->26288K(440896K), 0.0478530 secs] 5090975K->4698284K(8339648K), 0.0480890 secs] [Times: user=0.59 sys=0.01, real=0.05 secs] 
8847.428: [GC 8847.428: [ParNew: 418224K->34271K(440896K), 0.0372300 secs] 5090220K->4709174K(8339648K), 0.0374780 secs] [Times: user=0.52 sys=0.00, real=0.03 secs] 
8849.198: [GC 8849.198: [ParNew: 426207K->34699K(440896K), 0.0396730 secs] 5101110K->4714995K(8339648K), 0.0399040 secs] [Times: user=0.47 sys=0.02, real=0.04 secs] 
8852.555: [GC 8852.555: [ParNew: 426635K->35962K(440896K), 0.0419050 secs] 5106931K->4719368K(8339648K), 0.0421820 secs] [Times: user=0.69 sys=0.00, real=0.04 secs] 
8854.334: [GC 8854.334: [ParNew: 427898K->33580K(440896K), 0.0429410 secs] 5111304K->4722547K(8339648K), 0.0431700 secs] [Times: user=0.70 sys=0.00, real=0.04 secs] 
8857.480: [GC 8857.480: [ParNew: 425516K->33177K(440896K), 0.0595570 secs] 5114483K->4732023K(8339648K), 0.0597920 secs] [Times: user=0.90 sys=0.00, real=0.06 secs] 
8862.360: [GC 8862.360: [ParNew: 425113K->33436K(440896K), 0.0372260 secs] 5123959K->4735259K(8339648K), 0.0374640 secs] [Times: user=0.53 sys=0.00, real=0.03 secs] 
8864.130: [GC 8864.130: [ParNew: 425372K->36914K(440896K), 0.0404700 secs] 5127195K->4744372K(8339648K), 0.0406960 secs] [Times: user=0.51 sys=0.00, real=0.04 secs] 
8867.053: [GC 8867.053: [ParNew: 428850K->38693K(440896K), 0.0344060 secs] 5136308K->4749038K(8339648K), 0.0346390 secs] [Times: user=0.58 sys=0.00, real=0.04 secs] 
8868.756: [GC 8868.757: [ParNew: 430629K->37604K(440896K), 0.0389470 secs] 5140974K->4753510K(8339648K), 0.0391740 secs] [Times: user=0.62 sys=0.01, real=0.04 secs] 
8872.021: [GC 8872.021: [ParNew: 429540K->33295K(440896K), 0.0512500 secs] 5145446K->4760886K(8339648K), 0.0514850 secs] [Times: user=0.65 sys=0.00, real=0.05 secs] 
8876.944: [GC 8876.944: [ParNew: 425231K->27873K(440896K), 0.0514040 secs] 5152822K->4758417K(8339648K), 0.0516360 secs] [Times: user=0.94 sys=0.00, real=0.05 secs] 
8878.703: [GC 8878.703: [ParNew: 419809K->29119K(440896K), 0.0417470 secs] 5150353K->4764800K(8339648K), 0.0419650 secs] [Times: user=0.69 sys=0.00, real=0.04 secs] 
8882.191: [GC 8882.192: [ParNew: 421055K->39244K(440896K), 0.0343360 secs] 5156736K->4777804K(8339648K), 0.0345730 secs] [Times: user=0.49 sys=0.00, real=0.03 secs] 
8883.963: [GC 8883.963: [ParNew: 431180K->35485K(440896K), 0.0498380 secs] 5169740K->4779311K(8339648K), 0.0500630 secs] [Times: user=0.93 sys=0.00, real=0.05 secs] 
8884.015: [GC [1 CMS-initial-mark: 4743826K(7898752K)] 4779744K(8339648K), 0.0462980 secs] [Times: user=0.05 sys=0.00, real=0.05 secs] 
8884.061: [CMS-concurrent-mark-start]
8887.087: [GC 8887.087: [ParNew: 427421K->34160K(440896K), 0.0406850 secs] 5171247K->4785922K(8339648K), 0.0409190 secs] [Times: user=0.63 sys=0.00, real=0.04 secs] 
8888.528: [CMS-concurrent-mark: 4.424/4.467 secs] [Times: user=66.62 sys=0.04, real=4.47 secs] 
8888.528: [CMS-concurrent-preclean-start]
8888.736: [CMS-concurrent-preclean: 0.200/0.207 secs] [Times: user=0.23 sys=0.00, real=0.20 secs] 
8888.736: [CMS-concurrent-abortable-preclean-start]
8892.157: [GC 8892.157: [ParNew: 426096K->32190K(440896K), 0.0376620 secs] 5177858K->4786725K(8339648K), 0.0378930 secs] [Times: user=0.61 sys=0.01, real=0.04 secs] 
8893.077: [CMS-concurrent-abortable-preclean: 3.374/4.342 secs] [Times: user=36.62 sys=0.03, real=4.35 secs] 
8893.080: [GC[YG occupancy: 232468 K (440896 K)]8893.080: [Rescan (parallel) , 0.0701890 secs]8893.151: [weak refs processing, 0.0014730 secs]8893.152: [class unloading, 0.0209240 secs]8893.173: [scrub symbol & string tables, 0.0188530 secs] [1 CMS-remark: 4754535K(7898752K)] 4987003K(8339648K), 0.1228820 secs] [Times: user=1.40 sys=0.00, real=0.12 secs] 
8893.204: [CMS-concurrent-sweep-start]
8894.066: [GC 8894.067: [ParNew: 424126K->32966K(440896K), 0.0443050 secs] 5178207K->4795609K(8339648K), 0.0445350 secs] [Times: user=0.59 sys=0.01, real=0.05 secs] 
8896.840: [GC 8896.840: [ParNew: 424902K->31909K(440896K), 0.0354750 secs] 5181116K->4790959K(8339648K), 0.0357020 secs] [Times: user=0.46 sys=0.00, real=0.03 secs] 
8898.460: [GC 8898.460: [ParNew: 423845K->38651K(440896K), 0.0357970 secs] 5177402K->4797151K(8339648K), 0.0360290 secs] [Times: user=0.47 sys=0.00, real=0.03 secs] 
8900.201: [CMS-concurrent-sweep: 6.869/6.998 secs] [Times: user=90.81 sys=0.24, real=7.00 secs] 
8900.201: [CMS-concurrent-reset-start]
8900.247: [CMS-concurrent-reset: 0.045/0.045 secs] [Times: user=0.05 sys=0.00, real=0.04 secs] 
8901.849: [GC 8901.849: [ParNew: 430587K->37899K(440896K), 0.0453140 secs] 5188627K->4803320K(8339648K), 0.0455550 secs] [Times: user=0.47 sys=0.00, real=0.04 secs] 
8901.896: [GC [1 CMS-initial-mark: 4765420K(7898752K)] 4803778K(8339648K), 0.0394770 secs] [Times: user=0.04 sys=0.00, real=0.04 secs] 
8901.936: [CMS-concurrent-mark-start]
8905.695: [CMS-concurrent-mark: 3.758/3.759 secs] [Times: user=39.93 sys=0.02, real=3.76 secs] 
8905.695: [CMS-concurrent-preclean-start]
8905.760: [CMS-concurrent-preclean: 0.064/0.066 secs] [Times: user=0.07 sys=0.00, real=0.07 secs] 
8905.761: [CMS-concurrent-abortable-preclean-start]
8906.769: [GC 8906.769: [ParNew: 429835K->30733K(440896K), 0.0415720 secs] 5195256K->4801182K(8339648K), 0.0418080 secs] [Times: user=0.53 sys=0.00, real=0.04 secs] 
8907.704: [CMS-concurrent-abortable-preclean: 1.783/1.943 secs] [Times: user=28.63 sys=0.02, real=1.94 secs] 
8907.706: [GC[YG occupancy: 242932 K (440896 K)]8907.706: [Rescan (parallel) , 0.0582430 secs]8907.765: [weak refs processing, 0.0014240 secs]8907.766: [class unloading, 0.0209530 secs]8907.787: [scrub symbol & string tables, 0.0188510 secs] [1 CMS-remark: 4770448K(7898752K)] 5013380K(8339648K), 0.1105670 secs] [Times: user=1.38 sys=0.01, real=0.11 secs] 
8907.817: [CMS-concurrent-sweep-start]
8908.603: [GC 8908.603: [ParNew: 422669K->32842K(440896K), 0.0407750 secs] 5192451K->4806411K(8339648K), 0.0409800 secs] [Times: user=0.70 sys=0.00, real=0.04 secs] 
8912.064: [GC 8912.064: [ParNew: 424778K->37802K(440896K), 0.0370280 secs] 5197591K->4814963K(8339648K), 0.0372690 secs] [Times: user=0.70 sys=0.00, real=0.04 secs] 
8913.852: [GC 8913.852: [ParNew: 429738K->35545K(440896K), 0.0382380 secs] 5206838K->4818051K(8339648K), 0.0384700 secs] [Times: user=0.55 sys=0.00, real=0.04 secs] 
8914.498: [CMS-concurrent-sweep: 6.556/6.681 secs] [Times: user=87.24 sys=0.07, real=6.68 secs] 
8914.498: [CMS-concurrent-reset-start]
8914.549: [CMS-concurrent-reset: 0.051/0.051 secs] [Times: user=0.77 sys=0.00, real=0.05 secs] 
8916.552: [GC [1 CMS-initial-mark: 4782506K(7898752K)] 5071258K(8339648K), 0.8434670 secs] [Times: user=0.84 sys=0.01, real=0.84 secs] 
8917.396: [CMS-concurrent-mark-start]
8918.166: [GC 8918.166: [ParNew: 427481K->35556K(440896K), 0.0449730 secs] 5209987K->4826179K(8339648K), 0.0452120 secs] [Times: user=0.66 sys=0.01, real=0.05 secs] 
8921.607: [CMS-concurrent-mark: 4.164/4.211 secs] [Times: user=54.32 sys=0.04, real=4.22 secs] 
8921.607: [CMS-concurrent-preclean-start]
8921.901: [CMS-concurrent-preclean: 0.283/0.294 secs] [Times: user=5.07 sys=0.00, real=0.29 secs] 
8921.901: [CMS-concurrent-abortable-preclean-start]
8922.264: [GC 8922.264: [ParNew: 427492K->35329K(440896K), 0.0376130 secs] 5218115K->4828823K(8339648K), 0.0378480 secs] [Times: user=0.70 sys=0.00, real=0.04 secs] 
8923.174: [CMS-concurrent-abortable-preclean: 1.223/1.273 secs] [Times: user=21.66 sys=0.02, real=1.27 secs] 
8923.177: [GC[YG occupancy: 240830 K (440896 K)]8923.177: [Rescan (parallel) , 0.0615400 secs]8923.239: [weak refs processing, 0.0014780 secs]8923.240: [class unloading, 0.0210510 secs]8923.261: [scrub symbol & string tables, 0.0189050 secs] [1 CMS-remark: 4793493K(7898752K)] 5034324K(8339648K), 0.1146180 secs] [Times: user=1.34 sys=0.03, real=0.12 secs] 
8923.292: [CMS-concurrent-sweep-start]
8924.088: [GC 8924.088: [ParNew: 427265K->35133K(440896K), 0.0446990 secs] 5220614K->4836337K(8339648K), 0.0449340 secs] [Times: user=0.53 sys=0.01, real=0.04 secs] 
8926.968: [GC 8926.969: [ParNew: 427069K->37092K(440896K), 0.0440730 secs] 5227309K->4840231K(8339648K), 0.0443090 secs] [Times: user=0.71 sys=0.00, real=0.04 secs] 
8928.786: [GC 8928.787: [ParNew: 429028K->34907K(440896K), 0.0450160 secs] 5232076K->4845496K(8339648K), 0.0452520 secs] [Times: user=0.64 sys=0.01, real=0.05 secs] 
8930.095: [CMS-concurrent-sweep: 6.661/6.804 secs] [Times: user=96.00 sys=0.10, real=6.80 secs] 
8930.096: [CMS-concurrent-reset-start]
8930.141: [CMS-concurrent-reset: 0.045/0.045 secs] [Times: user=0.05 sys=0.00, real=0.05 secs] 
8932.089: [GC 8932.090: [ParNew: 426843K->25185K(440896K), 0.0425530 secs] 5237422K->4841922K(8339648K), 0.0428170 secs] [Times: user=0.70 sys=0.00, real=0.04 secs] 
8932.133: [GC [1 CMS-initial-mark: 4816737K(7898752K)] 4843344K(8339648K), 0.0379540 secs] [Times: user=0.04 sys=0.00, real=0.04 secs] 
8932.172: [CMS-concurrent-mark-start]
8935.890: [CMS-concurrent-mark: 3.718/3.718 secs] [Times: user=40.81 sys=0.03, real=3.72 secs] 
8935.890: [CMS-concurrent-preclean-start]
8935.958: [CMS-concurrent-preclean: 0.066/0.068 secs] [Times: user=0.07 sys=0.00, real=0.07 secs] 
8935.958: [CMS-concurrent-abortable-preclean-start]
8937.091: [GC 8937.091: [ParNew: 417121K->31592K(440896K), 0.0368940 secs] 5233858K->4852838K(8339648K), 0.0371670 secs] [Times: user=0.44 sys=0.01, real=0.04 secs] 
8938.024: [CMS-concurrent-abortable-preclean: 1.815/2.066 secs] [Times: user=27.67 sys=0.02, real=2.06 secs] 
8938.027: [GC[YG occupancy: 243921 K (440896 K)]8938.027: [Rescan (parallel) , 0.0630430 secs]8938.090: [weak refs processing, 0.0014410 secs]8938.091: [class unloading, 0.0210200 secs]8938.112: [scrub symbol & string tables, 0.0188460 secs] [1 CMS-remark: 4821245K(7898752K)] 5065166K(8339648K), 0.1157370 secs] [Times: user=1.35 sys=0.00, real=0.12 secs] 
8938.143: [CMS-concurrent-sweep-start]
8938.910: [GC 8938.910: [ParNew: 423528K->34170K(440896K), 0.0365720 secs] 5244505K->4860080K(8339648K), 0.0367980 secs] [Times: user=0.46 sys=0.00, real=0.03 secs] 
8942.145: [GC 8942.145: [ParNew: 426106K->35809K(440896K), 0.0423840 secs] 5251458K->4864265K(8339648K), 0.0426160 secs] [Times: user=0.78 sys=0.00, real=0.05 secs] 
8943.884: [GC 8943.884: [ParNew: 427745K->34363K(440896K), 0.0382160 secs] 5255847K->4868003K(8339648K), 0.0384510 secs] [Times: user=0.69 sys=0.01, real=0.04 secs] 
8944.931: [CMS-concurrent-sweep: 6.663/6.789 secs] [Times: user=93.19 sys=0.09, real=6.79 secs] 
8944.932: [CMS-concurrent-reset-start]
8944.983: [CMS-concurrent-reset: 0.052/0.052 secs] [Times: user=0.87 sys=0.00, real=0.05 secs] 
8946.986: [GC [1 CMS-initial-mark: 4833491K(7898752K)] 5225721K(8339648K), 1.1609570 secs] [Times: user=1.16 sys=0.00, real=1.16 secs] 
8948.148: [CMS-concurrent-mark-start]
8948.320: [GC 8948.321: [ParNew: 426299K->35783K(440896K), 0.0588510 secs] 5259790K->4876700K(8339648K), 0.0590890 secs] [Times: user=0.93 sys=0.01, real=0.06 secs] 
8951.764: [GC 8951.764: [ParNew: 427719K->33355K(440896K), 0.0438700 secs] 5268636K->4879606K(8339648K), 0.0441410 secs] [Times: user=0.70 sys=0.00, real=0.05 secs] 
8952.875: [CMS-concurrent-mark: 4.617/4.727 secs] [Times: user=78.16 sys=0.10, real=4.72 secs] 
8952.875: [CMS-concurrent-preclean-start]
8953.502: [CMS-concurrent-preclean: 0.596/0.627 secs] [Times: user=10.71 sys=0.01, real=0.63 secs] 
8953.502: [CMS-concurrent-abortable-preclean-start]
8953.576: [GC 8953.576: [ParNew: 425291K->32164K(440896K), 0.0395510 secs] 5271542K->4883835K(8339648K), 0.0398050 secs] [Times: user=0.70 sys=0.00, real=0.04 secs] 
8954.511: [CMS-concurrent-abortable-preclean: 0.944/1.009 secs] [Times: user=17.16 sys=0.00, real=1.01 secs] 
8954.514: [GC[YG occupancy: 233601 K (440896 K)]8954.514: [Rescan (parallel) , 0.0622270 secs]8954.576: [weak refs processing, 0.0015470 secs]8954.578: [class unloading, 0.0216110 secs]8954.600: [scrub symbol & string tables, 0.0188660 secs] [1 CMS-remark: 4851671K(7898752K)] 5085272K(8339648K), 0.1156860 secs] [Times: user=1.39 sys=0.00, real=0.12 secs] 
8954.630: [CMS-concurrent-sweep-start]
8956.745: [GC 8956.745: [ParNew: 424100K->29542K(440896K), 0.0475510 secs] 5274931K->4883085K(8339648K), 0.0477850 secs] [Times: user=0.93 sys=0.00, real=0.05 secs] 
8958.671: [GC 8958.671: [ParNew: 421478K->29512K(440896K), 0.0438040 secs] 5274787K->4890398K(8339648K), 0.0565250 secs] [Times: user=0.68 sys=0.01, real=0.05 secs] 
8961.659: [GC 8961.659: [ParNew: 421448K->32403K(440896K), 0.0449800 secs] 5282324K->4898460K(8339648K), 0.0452190 secs] [Times: user=0.70 sys=0.00, real=0.04 secs] 
8962.845: [CMS-concurrent-sweep: 8.055/8.215 secs] [Times: user=103.27 sys=0.06, real=8.21 secs] 
8962.846: [CMS-concurrent-reset-start]
8962.911: [CMS-concurrent-reset: 0.066/0.066 secs] [Times: user=1.26 sys=0.00, real=0.07 secs] 
8964.913: [GC [1 CMS-initial-mark: 4866056K(7898752K)] 5201685K(8339648K), 1.0513240 secs] [Times: user=1.05 sys=0.00, real=1.05 secs] 
8965.965: [CMS-concurrent-mark-start]
8966.423: [GC 8966.424: [ParNew: 424339K->33669K(440896K), 0.0431210 secs] 5290396K->4902695K(8339648K), 0.0433560 secs] [Times: user=0.76 sys=0.00, real=0.04 secs] 
8968.281: [GC 8968.281: [ParNew: 425605K->35885K(440896K), 0.0464620 secs] 5294631K->4910786K(8339648K), 0.0466900 secs] [Times: user=0.68 sys=0.00, real=0.04 secs] 
8970.867: [CMS-concurrent-mark: 4.807/4.902 secs] [Times: user=84.41 sys=0.07, real=4.90 secs] 
8970.867: [CMS-concurrent-preclean-start]
8971.470: [CMS-concurrent-preclean: 0.574/0.603 secs] [Times: user=8.59 sys=0.01, real=0.61 secs] 
8971.470: [CMS-concurrent-abortable-preclean-start]
8971.585: [GC 8971.586: [ParNew: 427821K->27878K(440896K), 0.0416890 secs] 5302722K->4907645K(8339648K), 0.0419260 secs] [Times: user=0.69 sys=0.00, real=0.05 secs] 
8972.553: [CMS-concurrent-abortable-preclean: 1.017/1.083 secs] [Times: user=18.37 sys=0.00, real=1.08 secs] 
8972.556: [GC[YG occupancy: 249937 K (440896 K)]8972.556: [Rescan (parallel) , 0.0713550 secs]8972.627: [weak refs processing, 0.0012240 secs]8972.628: [class unloading, 0.0199980 secs]8972.648: [scrub symbol & string tables, 0.0189340 secs] [1 CMS-remark: 4879766K(7898752K)] 5129704K(8339648K), 0.1238100 secs] [Times: user=1.61 sys=0.01, real=0.13 secs] 
8972.680: [CMS-concurrent-sweep-start]
8973.424: [GC 8973.424: [ParNew: 419814K->32379K(440896K), 0.0384930 secs] 5299460K->4917436K(8339648K), 0.0387220 secs] [Times: user=0.69 sys=0.01, real=0.04 secs] 
8976.569: [GC 8976.569: [ParNew: 424315K->34180K(440896K), 0.0534390 secs] 5308641K->4926204K(8339648K), 0.0536750 secs] [Times: user=0.71 sys=0.01, real=0.05 secs] 
8978.380: [GC 8978.381: [ParNew: 426116K->25768K(440896K), 0.0306570 secs] 5317813K->4920154K(8339648K), 0.0308810 secs] [Times: user=0.47 sys=0.00, real=0.03 secs] 
8980.197: [CMS-concurrent-sweep: 7.387/7.517 secs] [Times: user=98.00 sys=0.09, real=7.52 secs] 
8980.197: [CMS-concurrent-reset-start]
8980.242: [CMS-concurrent-reset: 0.045/0.045 secs] [Times: user=0.06 sys=0.00, real=0.04 secs] 
8981.445: [GC 8981.445: [ParNew: 417704K->28646K(440896K), 0.0481950 secs] 5311768K->4928316K(8339648K), 0.0484670 secs] [Times: user=0.81 sys=0.00, real=0.05 secs] 
8981.495: [GC [1 CMS-initial-mark: 4899670K(7898752K)] 4928849K(8339648K), 0.0649010 secs] [Times: user=0.07 sys=0.00, real=0.07 secs] 
8981.560: [CMS-concurrent-mark-start]
8985.732: [CMS-concurrent-mark: 4.171/4.171 secs] [Times: user=52.03 sys=0.00, real=4.17 secs] 
8985.732: [CMS-concurrent-preclean-start]
8985.834: [CMS-concurrent-preclean: 0.099/0.103 secs] [Times: user=0.10 sys=0.00, real=0.10 secs] 
8985.834: [CMS-concurrent-abortable-preclean-start]
8986.044: [GC 8986.044: [ParNew: 420582K->38096K(440896K), 0.0495760 secs] 5320252K->4942802K(8339648K), 0.0498450 secs] [Times: user=0.93 sys=0.00, real=0.05 secs] 
8987.057: [CMS-concurrent-abortable-preclean: 1.143/1.222 secs] [Times: user=19.63 sys=0.09, real=1.22 secs] 
8987.059: [GC[YG occupancy: 244691 K (440896 K)]8987.059: [Rescan (parallel) , 0.0770970 secs]8987.136: [weak refs processing, 0.0014070 secs]8987.138: [class unloading, 0.0205790 secs]8987.158: [scrub symbol & string tables, 0.0187480 secs] [1 CMS-remark: 4904706K(7898752K)] 5149397K(8339648K), 0.1290320 secs] [Times: user=1.58 sys=0.01, real=0.13 secs] 
8987.189: [CMS-concurrent-sweep-start]
8987.953: [GC 8987.953: [ParNew: 430032K->41973K(440896K), 0.0437360 secs] 5334498K->4951755K(8339648K), 0.0439620 secs] [Times: user=0.69 sys=0.00, real=0.05 secs] 
8989.639: [GC 8989.639: [ParNew: 433909K->39963K(440896K), 0.0360130 secs] 5342883K->4951926K(8339648K), 0.0362430 secs] [Times: user=0.46 sys=0.00, real=0.03 secs] 
8992.724: [GC 8992.725: [ParNew: 431899K->41870K(440896K), 0.0405080 secs] 5343609K->4959007K(8339648K), 0.0407430 secs] [Times: user=0.70 sys=0.00, real=0.04 secs] 
8994.957: [CMS-concurrent-sweep: 7.638/7.769 secs] [Times: user=101.62 sys=0.12, real=7.76 secs] 
8994.959: [CMS-concurrent-reset-start]
8995.004: [CMS-concurrent-reset: 0.045/0.045 secs] [Times: user=0.10 sys=0.00, real=0.05 secs] 
8996.096: [GC 8996.096: [ParNew: 433806K->38651K(440896K), 0.0651230 secs] 5350936K->4963272K(8339648K), 0.0653970 secs] [Times: user=1.16 sys=0.00, real=0.07 secs] 
8996.162: [GC [1 CMS-initial-mark: 4924620K(7898752K)] 4963667K(8339648K), 0.1116920 secs] [Times: user=0.11 sys=0.00, real=0.11 secs] 
8996.274: [CMS-concurrent-mark-start]
8998.297: [GC 8998.297: [ParNew: 430587K->41057K(440896K), 0.0920890 secs] 5355208K->4975894K(8339648K), 0.0923160 secs] [Times: user=1.72 sys=0.00, real=0.10 secs] 
9000.733: [CMS-concurrent-mark: 4.364/4.459 secs] [Times: user=60.55 sys=0.02, real=4.46 secs] 
9000.733: [CMS-concurrent-preclean-start]
9001.335: [CMS-concurrent-preclean: 0.576/0.602 secs] [Times: user=5.80 sys=0.00, real=0.60 secs] 
9001.335: [CMS-concurrent-abortable-preclean-start]
9001.970: [CMS-concurrent-abortable-preclean: 0.631/0.635 secs] [Times: user=10.89 sys=0.00, real=0.64 secs] 
9001.972: [GC[YG occupancy: 267374 K (440896 K)]9001.972: [Rescan (parallel) , 0.0890010 secs]9002.062: [weak refs processing, 0.0015760 secs]9002.063: [class unloading, 0.0214330 secs]9002.085: [scrub symbol & string tables, 0.0187320 secs] [1 CMS-remark: 4934836K(7898752K)] 5202211K(8339648K), 0.1419790 secs] [Times: user=1.96 sys=0.00, real=0.14 secs] 
9002.115: [CMS-concurrent-sweep-start]
9002.830: [GC 9002.830: [ParNew: 432993K->34550K(440896K), 0.0389020 secs] 5365622K->4969992K(8339648K), 0.0391400 secs] [Times: user=0.69 sys=0.00, real=0.04 secs] 
9004.516: [GC 9004.516: [ParNew: 426486K->37248K(440896K), 0.0419480 secs] 5326833K->4943115K(8339648K), 0.0421780 secs] [Times: user=0.70 sys=0.00, real=0.05 secs] 
9007.788: [GC 9007.788: [ParNew: 429184K->34047K(440896K), 0.0650050 secs] 5221183K->4835679K(8339648K), 0.0652390 secs] [Times: user=0.75 sys=0.00, real=0.06 secs] 
9009.529: [GC 9009.530: [ParNew: 425983K->36046K(440896K), 0.0383790 secs] 5136751K->4749819K(8339648K), 0.0386030 secs] [Times: user=0.64 sys=0.00, real=0.04 secs] 
9010.890: [CMS-concurrent-sweep: 8.574/8.775 secs] [Times: user=109.20 sys=0.07, real=8.78 secs] 
9010.890: [CMS-concurrent-reset-start]
9010.929: [CMS-concurrent-reset: 0.039/0.039 secs] [Times: user=0.04 sys=0.00, real=0.04 secs] 
9012.806: [GC 9012.806: [ParNew: 427982K->33431K(440896K), 0.0460300 secs] 5140490K->4753768K(8339648K), 0.0463040 secs] [Times: user=0.70 sys=0.01, real=0.05 secs] 
9017.497: [GC 9017.497: [ParNew: 425367K->32101K(440896K), 0.0364960 secs] 5145704K->4755154K(8339648K), 0.0367290 secs] [Times: user=0.54 sys=0.00, real=0.04 secs] 
9019.194: [GC 9019.194: [ParNew: 424037K->32143K(440896K), 0.0403580 secs] 5147090K->4762857K(8339648K), 0.0405750 secs] [Times: user=0.61 sys=0.00, real=0.04 secs] 
9022.690: [GC 9022.690: [ParNew: 424079K->31703K(440896K), 0.0328150 secs] 5154793K->4765490K(8339648K), 0.0330190 secs] [Times: user=0.46 sys=0.01, real=0.03 secs] 
9024.416: [GC 9024.416: [ParNew: 423639K->33118K(440896K), 0.0398220 secs] 5157426K->4772035K(8339648K), 0.0400850 secs] [Times: user=0.64 sys=0.00, real=0.04 secs] 
9027.739: [GC 9027.740: [ParNew: 425054K->34471K(440896K), 0.0503730 secs] 5163971K->4781370K(8339648K), 0.0506060 secs] [Times: user=0.71 sys=0.00, real=0.05 secs] 
9027.791: [GC [1 CMS-initial-mark: 4746898K(7898752K)] 4781370K(8339648K), 0.0426220 secs] [Times: user=0.04 sys=0.00, real=0.04 secs] 
9027.834: [CMS-concurrent-mark-start]
9031.584: [CMS-concurrent-mark: 3.750/3.750 secs] [Times: user=37.88 sys=0.02, real=3.75 secs] 
9031.584: [CMS-concurrent-preclean-start]
9031.763: [CMS-concurrent-preclean: 0.173/0.179 secs] [Times: user=3.02 sys=0.00, real=0.18 secs] 
9031.763: [CMS-concurrent-abortable-preclean-start]
9032.373: [GC 9032.373: [ParNew: 426407K->29402K(440896K), 0.0385000 secs] 5173306K->4779166K(8339648K), 0.0387360 secs] [Times: user=0.70 sys=0.00, real=0.04 secs] 
9033.276: [CMS-concurrent-abortable-preclean: 1.444/1.513 secs] [Times: user=25.66 sys=0.00, real=1.51 secs] 
9033.278: [GC[YG occupancy: 233842 K (440896 K)]9033.278: [Rescan (parallel) , 0.0708510 secs]9033.349: [weak refs processing, 0.0012870 secs]9033.350: [class unloading, 0.0211650 secs]9033.372: [scrub symbol & string tables, 0.0187270 secs] [1 CMS-remark: 4749764K(7898752K)] 4983606K(8339648K), 0.1235880 secs] [Times: user=1.38 sys=0.00, real=0.12 secs] 
9033.402: [CMS-concurrent-sweep-start]
9034.245: [GC 9034.245: [ParNew: 421338K->33350K(440896K), 0.0422210 secs] 5170580K->4787369K(8339648K), 0.0424650 secs] [Times: user=0.69 sys=0.01, real=0.05 secs] 
9037.616: [GC 9037.617: [ParNew: 425286K->36036K(440896K), 0.0396100 secs] 5175781K->4791928K(8339648K), 0.0398470 secs] [Times: user=0.67 sys=0.00, real=0.04 secs] 
9039.332: [GC 9039.333: [ParNew: 427972K->35037K(440896K), 0.0401080 secs] 5179978K->4792679K(8339648K), 0.0403390 secs] [Times: user=0.69 sys=0.01, real=0.04 secs] 
9041.179: [CMS-concurrent-sweep: 7.645/7.777 secs] [Times: user=88.91 sys=0.10, real=7.78 secs] 
9041.179: [CMS-concurrent-reset-start]
9041.245: [CMS-concurrent-reset: 0.066/0.066 secs] [Times: user=1.04 sys=0.00, real=0.06 secs] 
9042.074: [GC [1 CMS-initial-mark: 4756894K(7898752K)] 5089751K(8339648K), 0.7737250 secs] [Times: user=0.78 sys=0.00, real=0.78 secs] 
9042.848: [CMS-concurrent-mark-start]
9043.389: [GC 9043.390: [ParNew: 426973K->30544K(440896K), 0.0517820 secs] 5183868K->4795100K(8339648K), 0.0520600 secs] [Times: user=0.71 sys=0.00, real=0.05 secs] 
9047.236: [CMS-concurrent-mark: 4.332/4.388 secs] [Times: user=55.50 sys=0.07, real=4.38 secs] 
9047.236: [CMS-concurrent-preclean-start]
9047.825: [CMS-concurrent-preclean: 0.561/0.589 secs] [Times: user=10.03 sys=0.00, real=0.59 secs] 
9047.825: [CMS-concurrent-abortable-preclean-start]
9047.882: [GC 9047.882: [ParNew: 422480K->32210K(440896K), 0.0330170 secs] 5187036K->4799468K(8339648K), 0.0332750 secs] [Times: user=0.46 sys=0.00, real=0.03 secs] 
9048.839: [CMS-concurrent-abortable-preclean: 0.959/1.014 secs] [Times: user=17.31 sys=0.03, real=1.02 secs] 
9048.842: [GC[YG occupancy: 250569 K (440896 K)]9048.842: [Rescan (parallel) , 0.0768460 secs]9048.919: [weak refs processing, 0.0014540 secs]9048.921: [class unloading, 0.0212070 secs]9048.942: [scrub symbol & string tables, 0.0187250 secs] [1 CMS-remark: 4767258K(7898752K)] 5017827K(8339648K), 0.1296930 secs] [Times: user=1.62 sys=0.00, real=0.13 secs] 
9048.973: [CMS-concurrent-sweep-start]
9049.775: [GC 9049.775: [ParNew: 424146K->36009K(440896K), 0.0367870 secs] 5191216K->4808030K(8339648K), 0.0370150 secs] [Times: user=0.68 sys=0.00, real=0.04 secs] 
9052.189: [GC 9052.189: [ParNew: 427945K->37270K(440896K), 0.0458000 secs] 5199497K->4814034K(8339648K), 0.0460310 secs] [Times: user=0.60 sys=0.00, real=0.04 secs] 
9053.912: [GC 9053.913: [ParNew: 429206K->27840K(440896K), 0.0527890 secs] 5205539K->4809476K(8339648K), 0.0530200 secs] [Times: user=0.85 sys=0.00, real=0.05 secs] 
9055.779: [CMS-concurrent-sweep: 6.662/6.806 secs] [Times: user=82.02 sys=0.08, real=6.81 secs] 
9055.779: [CMS-concurrent-reset-start]
9055.824: [CMS-concurrent-reset: 0.045/0.045 secs] [Times: user=0.09 sys=0.00, real=0.04 secs] 
9057.488: [GC 9057.489: [ParNew: 419776K->30684K(440896K), 0.0415480 secs] 5201383K->4820080K(8339648K), 0.0417830 secs] [Times: user=0.53 sys=0.00, real=0.04 secs] 
9057.532: [GC [1 CMS-initial-mark: 4789395K(7898752K)] 4821924K(8339648K), 0.0402290 secs] [Times: user=0.04 sys=0.00, real=0.04 secs] 
9057.572: [CMS-concurrent-mark-start]
9061.688: [CMS-concurrent-mark: 4.116/4.116 secs] [Times: user=44.80 sys=0.04, real=4.12 secs] 
9061.688: [CMS-concurrent-preclean-start]
9061.868: [CMS-concurrent-preclean: 0.172/0.180 secs] [Times: user=3.09 sys=0.00, real=0.17 secs] 
9061.868: [CMS-concurrent-abortable-preclean-start]
9062.299: [GC 9062.299: [ParNew: 422620K->33458K(440896K), 0.0348810 secs] 5212016K->4826286K(8339648K), 0.0351180 secs] [Times: user=0.46 sys=0.00, real=0.03 secs] 
9063.252: [CMS-concurrent-abortable-preclean: 1.334/1.384 secs] [Times: user=23.38 sys=0.03, real=1.39 secs] 
9063.260: [GC[YG occupancy: 247657 K (440896 K)]9063.260: [Rescan (parallel) , 0.0579580 secs]9063.318: [weak refs processing, 0.0015420 secs]9063.320: [class unloading, 0.0213750 secs]9063.341: [scrub symbol & string tables, 0.0187150 secs] [1 CMS-remark: 4792828K(7898752K)] 5040485K(8339648K), 0.1109510 secs] [Times: user=1.16 sys=0.00, real=0.11 secs] 
9063.371: [CMS-concurrent-sweep-start]
9064.138: [GC 9064.138: [ParNew: 425394K->35221K(440896K), 0.0420110 secs] 5218222K->4832709K(8339648K), 0.0422410 secs] [Times: user=0.65 sys=0.01, real=0.04 secs] 
9067.312: [GC 9067.312: [ParNew: 427157K->36029K(440896K), 0.0425270 secs] 5223575K->4835367K(8339648K), 0.0427730 secs] [Times: user=0.69 sys=0.00, real=0.04 secs] 
9069.010: [GC 9069.010: [ParNew: 427965K->33712K(440896K), 0.0444810 secs] 5227099K->4840697K(8339648K), 0.0447120 secs] [Times: user=0.59 sys=0.00, real=0.04 secs] 
9069.864: [CMS-concurrent-sweep: 6.344/6.493 secs] [Times: user=83.62 sys=0.08, real=6.49 secs] 
9069.864: [CMS-concurrent-reset-start]
9069.909: [CMS-concurrent-reset: 0.045/0.045 secs] [Times: user=0.09 sys=0.00, real=0.05 secs] 
9071.912: [GC [1 CMS-initial-mark: 4806983K(7898752K)] 5228520K(8339648K), 0.9965350 secs] [Times: user=1.00 sys=0.00, real=1.00 secs] 
9072.909: [CMS-concurrent-mark-start]
9072.934: [GC 9072.934: [ParNew: 425648K->30943K(440896K), 0.0564990 secs] 5232632K->4845346K(8339648K), 0.0567380 secs] [Times: user=0.99 sys=0.00, real=0.06 secs] 
9076.768: [CMS-concurrent-mark: 3.800/3.859 secs] [Times: user=41.38 sys=0.04, real=3.86 secs] 
9076.769: [CMS-concurrent-preclean-start]
9076.980: [CMS-concurrent-preclean: 0.203/0.211 secs] [Times: user=1.34 sys=0.00, real=0.21 secs] 
9076.980: [CMS-concurrent-abortable-preclean-start]
9077.652: [GC 9077.652: [ParNew: 422879K->43294K(440896K), 0.0436660 secs] 5237282K->4860551K(8339648K), 0.0439000 secs] [Times: user=0.77 sys=0.00, real=0.04 secs] 
9078.611: [CMS-concurrent-abortable-preclean: 1.568/1.631 secs] [Times: user=27.73 sys=0.02, real=1.63 secs] 
9078.613: [GC[YG occupancy: 240897 K (440896 K)]9078.613: [Rescan (parallel) , 0.0693790 secs]9078.683: [weak refs processing, 0.0014570 secs]9078.684: [class unloading, 0.0213830 secs]9078.706: [scrub symbol & string tables, 0.0187180 secs] [1 CMS-remark: 4817256K(7898752K)] 5058154K(8339648K), 0.1222500 secs] [Times: user=1.57 sys=0.00, real=0.12 secs] 
9078.736: [CMS-concurrent-sweep-start]
9079.651: [GC 9079.651: [ParNew: 435230K->42382K(440896K), 0.0435380 secs] 5252078K->4867284K(8339648K), 0.0437810 secs] [Times: user=0.62 sys=0.02, real=0.04 secs] 
9082.838: [GC 9082.839: [ParNew: 434318K->35709K(440896K), 0.0780990 secs] 5258361K->4872679K(8339648K), 0.0889340 secs] [Times: user=1.35 sys=0.00, real=0.09 secs] 
9084.538: [GC 9084.538: [ParNew: 427645K->30506K(440896K), 0.0262630 secs] 5263782K->4866642K(8339648K), 0.0264930 secs] [Times: user=0.55 sys=0.00, real=0.02 secs] 
9085.520: [CMS-concurrent-sweep: 6.617/6.784 secs] [Times: user=90.35 sys=0.11, real=6.79 secs] 
9085.521: [CMS-concurrent-reset-start]
9085.566: [CMS-concurrent-reset: 0.045/0.045 secs] [Times: user=0.04 sys=0.00, real=0.04 secs] 
9085.834: [GC [1 CMS-initial-mark: 4835993K(7898752K)] 5045775K(8339648K), 0.6852900 secs] [Times: user=0.69 sys=0.00, real=0.69 secs] 
9086.521: [CMS-concurrent-mark-start]
9087.562: [GC 9087.562: [ParNew: 422442K->33300K(440896K), 0.0507040 secs] 5258435K->4879183K(8339648K), 0.0509420 secs] [Times: user=0.70 sys=0.01, real=0.05 secs] 
9090.833: [CMS-concurrent-mark: 4.257/4.311 secs] [Times: user=58.08 sys=0.03, real=4.31 secs] 
9090.833: [CMS-concurrent-preclean-start]
9091.056: [CMS-concurrent-preclean: 0.215/0.223 secs] [Times: user=0.22 sys=0.00, real=0.22 secs] 
9091.056: [CMS-concurrent-abortable-preclean-start]
9092.368: [GC 9092.368: [ParNew: 425236K->29906K(440896K), 0.0368200 secs] 5271119K->4878597K(8339648K), 0.0370550 secs] [Times: user=0.59 sys=0.00, real=0.03 secs] 
9093.280: [CMS-concurrent-abortable-preclean: 1.961/2.224 secs] [Times: user=30.27 sys=0.02, real=2.23 secs] 
9093.283: [GC[YG occupancy: 229857 K (440896 K)]9093.283: [Rescan (parallel) , 0.0666030 secs]9093.350: [weak refs processing, 0.0015520 secs]9093.352: [class unloading, 0.0212560 secs]9093.373: [scrub symbol & string tables, 0.0188960 secs] [1 CMS-remark: 4848690K(7898752K)] 5078548K(8339648K), 0.1195010 secs] [Times: user=1.41 sys=0.00, real=0.12 secs] 
9093.403: [CMS-concurrent-sweep-start]
9094.265: [GC 9094.265: [ParNew: 421842K->32154K(440896K), 0.0421900 secs] 5269934K->4885540K(8339648K), 0.0424220 secs] [Times: user=0.61 sys=0.00, real=0.05 secs] 
9097.553: [GC 9097.553: [ParNew: 424090K->32438K(440896K), 0.0360000 secs] 5274915K->4888319K(8339648K), 0.0362350 secs] [Times: user=0.68 sys=0.00, real=0.04 secs] 
9099.306: [GC 9099.306: [ParNew: 424374K->34436K(440896K), 0.0355850 secs] 5276099K->4891407K(8339648K), 0.0358150 secs] [Times: user=0.70 sys=0.00, real=0.04 secs] 
9101.354: [CMS-concurrent-sweep: 7.829/7.951 secs] [Times: user=92.89 sys=0.05, real=7.95 secs] 
9101.355: [CMS-concurrent-reset-start]
9101.402: [CMS-concurrent-reset: 0.048/0.048 secs] [Times: user=0.05 sys=0.00, real=0.05 secs] 
9102.515: [GC 9102.515: [ParNew: 426372K->32997K(440896K), 0.0455490 secs] 5283329K->4897628K(8339648K), 0.0457840 secs] [Times: user=0.75 sys=0.00, real=0.05 secs] 
9102.562: [GC [1 CMS-initial-mark: 4864630K(7898752K)] 4898099K(8339648K), 0.0412160 secs] [Times: user=0.04 sys=0.00, real=0.04 secs] 
9102.604: [CMS-concurrent-mark-start]
9104.371: [GC 9104.371: [ParNew: 424933K->26236K(440896K), 0.0287850 secs] 5289564K->4893744K(8339648K), 0.0290090 secs] [Times: user=0.47 sys=0.00, real=0.03 secs] 
9107.177: [GC 9107.177: [ParNew: 418172K->29863K(440896K), 0.0419380 secs] 5285680K->4902251K(8339648K), 0.0421730 secs] [Times: user=0.86 sys=0.00, real=0.05 secs] 
9107.728: [CMS-concurrent-mark: 5.048/5.125 secs] [Times: user=95.87 sys=0.12, real=5.13 secs] 
9107.729: [CMS-concurrent-preclean-start]
9107.944: [CMS-concurrent-preclean: 0.209/0.215 secs] [Times: user=3.62 sys=0.00, real=0.21 secs] 
9107.944: [CMS-concurrent-abortable-preclean-start]
9112.619: [GC 9112.620: [ParNew: 421799K->34038K(440896K), 0.0430120 secs] 5294187K->4911429K(8339648K), 0.0573490 secs] [Times: user=0.71 sys=0.00, real=0.05 secs] 
 CMS: abort preclean due to time 9113.024: [CMS-concurrent-abortable-preclean: 3.505/5.080 secs] [Times: user=28.64 sys=0.04, real=5.08 secs] 
9113.027: [GC[YG occupancy: 115494 K (440896 K)]9113.027: [Rescan (parallel) , 0.0497990 secs]9113.077: [weak refs processing, 0.0012340 secs]9113.078: [class unloading, 0.0207840 secs]9113.099: [scrub symbol & string tables, 0.0188810 secs] [1 CMS-remark: 4877391K(7898752K)] 4992885K(8339648K), 0.1024280 secs] [Times: user=1.16 sys=0.00, real=0.11 secs] 
9113.129: [CMS-concurrent-sweep-start]
9114.529: [GC 9114.529: [ParNew: 425974K->33062K(440896K), 0.0398750 secs] 5302742K->4915525K(8339648K), 0.0401070 secs] [Times: user=0.63 sys=0.00, real=0.04 secs] 
9117.930: [GC 9117.930: [ParNew: 424998K->36133K(440896K), 0.0365320 secs] 5307056K->4921105K(8339648K), 0.0368570 secs] [Times: user=0.66 sys=0.01, real=0.03 secs] 
9119.734: [GC 9119.734: [ParNew: 428069K->33217K(440896K), 0.0341490 secs] 5312784K->4923144K(8339648K), 0.0343750 secs] [Times: user=0.70 sys=0.00, real=0.04 secs] 
9120.892: [CMS-concurrent-sweep: 7.641/7.763 secs] [Times: user=108.87 sys=0.09, real=7.76 secs] 
9120.893: [CMS-concurrent-reset-start]
9120.951: [CMS-concurrent-reset: 0.058/0.058 secs] [Times: user=1.02 sys=0.00, real=0.06 secs] 
9121.057: [GC [1 CMS-initial-mark: 4889816K(7898752K)] 5206140K(8339648K), 1.0383320 secs] [Times: user=1.04 sys=0.00, real=1.04 secs] 
9122.096: [CMS-concurrent-mark-start]
9122.673: [GC 9122.673: [ParNew: 425153K->35317K(440896K), 0.0547060 secs] 5314970K->4933092K(8339648K), 0.0549890 secs] [Times: user=0.83 sys=0.01, real=0.06 secs] 
9126.446: [CMS-concurrent-mark: 4.285/4.351 secs] [Times: user=57.43 sys=0.08, real=4.35 secs] 
9126.446: [CMS-concurrent-preclean-start]
9126.649: [CMS-concurrent-preclean: 0.194/0.203 secs] [Times: user=0.21 sys=0.00, real=0.21 secs] 
9126.649: [CMS-concurrent-abortable-preclean-start]
9127.700: [GC 9127.700: [ParNew: 427253K->29153K(440896K), 0.0525330 secs] 5325028K->4932166K(8339648K), 0.0527880 secs] [Times: user=0.93 sys=0.00, real=0.05 secs] 
9128.801: [CMS-concurrent-abortable-preclean: 1.847/2.151 secs] [Times: user=29.05 sys=0.03, real=2.15 secs] 
9128.803: [GC[YG occupancy: 235927 K (440896 K)]9128.803: [Rescan (parallel) , 0.0592490 secs]9128.862: [weak refs processing, 0.0014610 secs]9128.864: [class unloading, 0.0212800 secs]9128.885: [scrub symbol & string tables, 0.0188470 secs] [1 CMS-remark: 4903012K(7898752K)] 5138940K(8339648K), 0.1120540 secs] [Times: user=1.42 sys=0.00, real=0.11 secs] 
9128.915: [CMS-concurrent-sweep-start]
9129.706: [GC 9129.706: [ParNew: 421089K->32682K(440896K), 0.0327450 secs] 5323824K->4940664K(8339648K), 0.0329780 secs] [Times: user=0.69 sys=0.00, real=0.04 secs] 
9133.019: [GC 9133.019: [ParNew: 424618K->35998K(440896K), 0.0345910 secs] 5331730K->4946098K(8339648K), 0.0348340 secs] [Times: user=0.46 sys=0.00, real=0.03 secs] 
9134.735: [GC 9134.735: [ParNew: 427934K->33887K(440896K), 0.0400980 secs] 5337827K->4948808K(8339648K), 0.0403290 secs] [Times: user=0.68 sys=0.00, real=0.04 secs] 
9135.601: [CMS-concurrent-sweep: 6.568/6.685 secs] [Times: user=90.96 sys=0.16, real=6.69 secs] 
9135.601: [CMS-concurrent-reset-start]
9135.653: [CMS-concurrent-reset: 0.052/0.052 secs] [Times: user=0.85 sys=0.00, real=0.05 secs] 
9135.830: [GC [1 CMS-initial-mark: 4914914K(7898752K)] 5198002K(8339648K), 0.8658940 secs] [Times: user=0.86 sys=0.00, real=0.86 secs] 
9136.696: [CMS-concurrent-mark-start]
9138.219: [GC 9138.219: [ParNew: 425823K->32326K(440896K), 0.0396910 secs] 5340738K->4955049K(8339648K), 0.0399320 secs] [Times: user=0.38 sys=0.00, real=0.04 secs] 
9139.910: [GC 9139.910: [ParNew: 424262K->31259K(440896K), 0.0318400 secs] 5346985K->4959097K(8339648K), 0.0320730 secs] [Times: user=0.44 sys=0.00, real=0.03 secs] 
9141.473: [CMS-concurrent-mark: 4.696/4.777 secs] [Times: user=75.86 sys=0.06, real=4.78 secs] 
9141.473: [CMS-concurrent-preclean-start]
9141.685: [CMS-concurrent-preclean: 0.204/0.212 secs] [Times: user=0.21 sys=0.00, real=0.21 secs] 
9141.685: [CMS-concurrent-abortable-preclean-start]
9143.779: [GC 9143.779: [ParNew: 423195K->30728K(440896K), 0.0366980 secs] 5351033K->4964136K(8339648K), 0.0369410 secs] [Times: user=0.46 sys=0.00, real=0.03 secs] 
9144.607: [CMS-concurrent-abortable-preclean: 2.366/2.922 secs] [Times: user=32.59 sys=0.03, real=2.92 secs] 
9144.610: [GC[YG occupancy: 234246 K (440896 K)]9144.611: [Rescan (parallel) , 0.0551140 secs]9144.666: [weak refs processing, 0.0012270 secs]9144.667: [class unloading, 0.0201170 secs]9144.687: [scrub symbol & string tables, 0.0189130 secs] [1 CMS-remark: 4933408K(7898752K)] 5167654K(8339648K), 0.1069820 secs] [Times: user=1.16 sys=0.00, real=0.10 secs] 
9144.718: [CMS-concurrent-sweep-start]
9148.319: [GC 9148.319: [ParNew: 422664K->33513K(440896K), 0.0458980 secs] 5355260K->4969089K(8339648K), 0.0461340 secs] [Times: user=0.79 sys=0.01, real=0.04 secs] 
9150.044: [GC 9150.044: [ParNew: 425449K->34842K(440896K), 0.0329470 secs] 5360706K->4975477K(8339648K), 0.0331860 secs] [Times: user=0.45 sys=0.00, real=0.03 secs] 
9150.938: [CMS-concurrent-sweep: 6.135/6.220 secs] [Times: user=61.43 sys=0.04, real=6.22 secs] 
9150.938: [CMS-concurrent-reset-start]
9150.986: [CMS-concurrent-reset: 0.048/0.048 secs] [Times: user=0.79 sys=0.00, real=0.04 secs] 
9152.990: [GC [1 CMS-initial-mark: 4940499K(7898752K)] 5349743K(8339648K), 1.1836850 secs] [Times: user=1.18 sys=0.01, real=1.18 secs] 
9154.174: [CMS-concurrent-mark-start]
9154.258: [GC 9154.258: [ParNew: 426778K->37000K(440896K), 0.0382110 secs] 5367277K->4982284K(8339648K), 0.0384560 secs] [Times: user=0.58 sys=0.02, real=0.03 secs] 
9157.488: [GC 9157.488: [ParNew: 428936K->35698K(440896K), 0.0371940 secs] 5374220K->4986370K(8339648K), 0.0374340 secs] [Times: user=0.47 sys=0.00, real=0.03 secs] 
9159.026: [CMS-concurrent-mark: 4.770/4.853 secs] [Times: user=84.31 sys=0.05, real=4.85 secs] 
9159.027: [CMS-concurrent-preclean-start]
9159.230: [GC 9159.230: [ParNew: 427634K->34980K(440896K), 0.0401610 secs] 5378306K->4993352K(8339648K), 0.0403910 secs] [Times: user=0.52 sys=0.00, real=0.04 secs] 
9159.298: [CMS-concurrent-preclean: 0.221/0.272 secs] [Times: user=4.42 sys=0.02, real=0.28 secs] 
9159.298: [CMS-concurrent-abortable-preclean-start]
9160.143: [CMS-concurrent-abortable-preclean: 0.836/0.845 secs] [Times: user=14.33 sys=0.01, real=0.84 secs] 
9160.146: [GC[YG occupancy: 248051 K (440896 K)]9160.146: [Rescan (parallel) , 0.0575120 secs]9160.203: [weak refs processing, 0.0012800 secs]9160.205: [class unloading, 0.0210410 secs]9160.226: [scrub symbol & string tables, 0.0188480 secs] [1 CMS-remark: 4958372K(7898752K)] 5206423K(8339648K), 0.1102770 secs] [Times: user=1.39 sys=0.00, real=0.11 secs] 
9160.256: [CMS-concurrent-sweep-start]
9162.936: [GC 9162.936: [ParNew: 426916K->32251K(440896K), 0.0424490 secs] 5384658K->4992957K(8339648K), 0.0426860 secs] [Times: user=0.92 sys=0.00, real=0.05 secs] 
9164.655: [GC 9164.656: [ParNew: 424187K->32022K(440896K), 0.0496310 secs] 5384236K->4999248K(8339648K), 0.0498590 secs] [Times: user=0.85 sys=0.00, real=0.05 secs] 
9166.682: [CMS-concurrent-sweep: 6.328/6.426 secs] [Times: user=68.49 sys=0.01, real=6.43 secs] 
9166.682: [CMS-concurrent-reset-start]
9166.728: [CMS-concurrent-reset: 0.045/0.045 secs] [Times: user=0.05 sys=0.00, real=0.05 secs] 
9167.655: [GC 9167.656: [ParNew: 423958K->30807K(440896K), 0.0452710 secs] 5391153K->5003883K(8339648K), 0.0455500 secs] [Times: user=0.93 sys=0.00, real=0.05 secs] 
9167.702: [GC [1 CMS-initial-mark: 4973076K(7898752K)] 5005192K(8339648K), 0.0647580 secs] [Times: user=0.06 sys=0.00, real=0.06 secs] 
9167.773: [CMS-concurrent-mark-start]
9169.632: [GC 9169.632: [ParNew: 422743K->28242K(440896K), 0.0272130 secs] 5395819K->5004881K(8339648K), 0.0274400 secs] [Times: user=0.45 sys=0.01, real=0.03 secs] 
9172.566: [CMS-concurrent-mark: 4.763/4.793 secs] [Times: user=79.01 sys=0.06, real=4.79 secs] 
9172.566: [CMS-concurrent-preclean-start]
9172.756: [CMS-concurrent-preclean: 0.184/0.190 secs] [Times: user=3.23 sys=0.00, real=0.19 secs] 
9172.756: [CMS-concurrent-abortable-preclean-start]
9172.946: [GC 9172.946: [ParNew: 420178K->27881K(440896K), 0.0367130 secs] 5396817K->5011353K(8339648K), 0.0369530 secs] [Times: user=0.69 sys=0.00, real=0.04 secs] 
9173.780: [CMS-concurrent-abortable-preclean: 0.976/1.024 secs] [Times: user=17.53 sys=0.00, real=1.03 secs] 
9173.783: [GC[YG occupancy: 224721 K (440896 K)]9173.783: [Rescan (parallel) , 0.0500690 secs]9173.833: [weak refs processing, 0.0014360 secs]9173.835: [class unloading, 0.0214180 secs]9173.856: [scrub symbol & string tables, 0.0188750 secs] [1 CMS-remark: 4983472K(7898752K)] 5208193K(8339648K), 0.1031250 secs] [Times: user=1.20 sys=0.00, real=0.10 secs] 
9173.886: [CMS-concurrent-sweep-start]
9177.718: [GC 9177.719: [ParNew: 419817K->34394K(440896K), 0.0357760 secs] 5402367K->5019801K(8339648K), 0.0359890 secs] [Times: user=0.57 sys=0.00, real=0.03 secs] 
9179.581: [GC 9179.581: [ParNew: 426330K->32926K(440896K), 0.0415360 secs] 5411574K->5023583K(8339648K), 0.0417700 secs] [Times: user=0.69 sys=0.00, real=0.04 secs] 
9180.788: [CMS-concurrent-sweep: 6.815/6.902 secs] [Times: user=70.37 sys=0.07, real=6.91 secs] 
9180.788: [CMS-concurrent-reset-start]
9180.840: [CMS-concurrent-reset: 0.052/0.052 secs] [Times: user=0.91 sys=0.00, real=0.05 secs] 
9182.647: [GC 9182.647: [ParNew: 424862K->32612K(440896K), 0.0406360 secs] 5415307K->5025232K(8339648K), 0.0409140 secs] [Times: user=0.81 sys=0.00, real=0.05 secs] 
9182.689: [GC [1 CMS-initial-mark: 4992620K(7898752K)] 5026360K(8339648K), 0.0777040 secs] [Times: user=0.08 sys=0.00, real=0.08 secs] 
9182.768: [CMS-concurrent-mark-start]
9186.896: [CMS-concurrent-mark: 4.129/4.129 secs] [Times: user=47.59 sys=0.04, real=4.12 secs] 
9186.896: [CMS-concurrent-preclean-start]
9186.965: [CMS-concurrent-preclean: 0.066/0.068 secs] [Times: user=0.08 sys=0.00, real=0.07 secs] 
9186.965: [CMS-concurrent-abortable-preclean-start]
9187.718: [GC 9187.718: [ParNew: 424548K->39713K(440896K), 0.0475840 secs] 5417168K->5038294K(8339648K), 0.0478420 secs] [Times: user=0.77 sys=0.01, real=0.04 secs] 
9188.806: [CMS-concurrent-abortable-preclean: 1.570/1.841 secs] [Times: user=26.37 sys=0.04, real=1.84 secs] 
9188.810: [GC[YG occupancy: 238288 K (440896 K)]9188.810: [Rescan (parallel) , 0.0766670 secs]9188.887: [weak refs processing, 0.0012140 secs]9188.888: [class unloading, 0.0221330 secs]9188.910: [scrub symbol & string tables, 0.0191650 secs] [1 CMS-remark: 4998580K(7898752K)] 5236869K(8339648K), 0.1308790 secs] [Times: user=1.61 sys=0.01, real=0.13 secs] 
9188.941: [CMS-concurrent-sweep-start]
9189.774: [GC 9189.774: [ParNew: 431649K->39394K(440896K), 0.0573580 secs] 5429971K->5046793K(8339648K), 0.0575910 secs] [Times: user=0.97 sys=0.01, real=0.06 secs] 
9193.195: [GC 9193.196: [ParNew: 431330K->31151K(440896K), 0.0339640 secs] 5438104K->5040854K(8339648K), 0.0665630 secs] [Times: user=0.55 sys=0.00, real=0.07 secs] 
9194.926: [GC 9194.926: [ParNew: 423087K->33901K(440896K), 0.0478440 secs] 5432592K->5048563K(8339648K), 0.0480670 secs] [Times: user=0.88 sys=0.01, real=0.05 secs] 
9195.724: [CMS-concurrent-sweep: 6.602/6.783 secs] [Times: user=89.76 sys=0.08, real=6.78 secs] 
9195.724: [CMS-concurrent-reset-start]
9195.770: [CMS-concurrent-reset: 0.045/0.045 secs] [Times: user=0.84 sys=0.00, real=0.05 secs] 
9197.773: [GC [1 CMS-initial-mark: 5014661K(7898752K)] 5429221K(8339648K), 1.2991430 secs] [Times: user=1.30 sys=0.00, real=1.30 secs] 
9199.072: [CMS-concurrent-mark-start]
9199.126: [GC 9199.126: [ParNew: 425837K->33012K(440896K), 0.0584310 secs] 5440499K->5055273K(8339648K), 0.0586510 secs] [Times: user=1.06 sys=0.00, real=0.06 secs] 
9200.825: [GC 9200.825: [ParNew: 424948K->31424K(440896K), 0.0322750 secs] 5447209K->5058711K(8339648K), 0.0325030 secs] [Times: user=0.52 sys=0.00, real=0.04 secs] 
9203.187: [CMS-concurrent-mark: 4.014/4.115 secs] [Times: user=64.75 sys=0.05, real=4.12 secs] 
9203.187: [CMS-concurrent-preclean-start]
9203.435: [CMS-concurrent-preclean: 0.239/0.247 secs] [Times: user=4.22 sys=0.00, real=0.24 secs] 
9203.435: [CMS-concurrent-abortable-preclean-start]
9204.001: [GC 9204.001: [ParNew: 423360K->30828K(440896K), 0.0378460 secs] 5450647K->5063426K(8339648K), 0.0476810 secs] [Times: user=0.61 sys=0.00, real=0.05 secs] 
9205.037: [CMS-concurrent-abortable-preclean: 1.537/1.602 secs] [Times: user=26.93 sys=0.01, real=1.60 secs] 
9205.041: [GC[YG occupancy: 229385 K (440896 K)]9205.041: [Rescan (parallel) , 0.0612610 secs]9205.102: [weak refs processing, 0.0009850 secs]9205.103: [class unloading, 0.0206180 secs]9205.124: [scrub symbol & string tables, 0.0187780 secs] [1 CMS-remark: 5032598K(7898752K)] 5261983K(8339648K), 0.1126490 secs] [Times: user=1.32 sys=0.00, real=0.11 secs] 
9205.154: [CMS-concurrent-sweep-start]
9207.830: [GC 9207.830: [ParNew: 422764K->35302K(440896K), 0.0386650 secs] 5454795K->5070309K(8339648K), 0.0389250 secs] [Times: user=0.70 sys=0.00, real=0.04 secs] 
9209.586: [GC 9209.586: [ParNew: 427238K->33712K(440896K), 0.0336160 secs] 5462157K->5074612K(8339648K), 0.0338420 secs] [Times: user=0.62 sys=0.00, real=0.04 secs] 
9211.745: [CMS-concurrent-sweep: 6.508/6.591 secs] [Times: user=69.34 sys=0.05, real=6.59 secs] 
9211.746: [CMS-concurrent-reset-start]
9211.785: [CMS-concurrent-reset: 0.039/0.039 secs] [Times: user=0.04 sys=0.00, real=0.04 secs] 
9212.690: [GC 9212.690: [ParNew: 425648K->30428K(440896K), 0.0422120 secs] 5466363K->5075717K(8339648K), 0.0424740 secs] [Times: user=0.70 sys=0.00, real=0.04 secs] 
9212.734: [GC [1 CMS-initial-mark: 5045289K(7898752K)] 5076981K(8339648K), 0.0706770 secs] [Times: user=0.07 sys=0.00, real=0.07 secs] 
9212.805: [CMS-concurrent-mark-start]
9217.127: [CMS-concurrent-mark: 4.323/4.323 secs] [Times: user=51.21 sys=0.06, real=4.33 secs] 
9217.128: [CMS-concurrent-preclean-start]
9217.219: [CMS-concurrent-preclean: 0.088/0.091 secs] [Times: user=1.21 sys=0.00, real=0.09 secs] 
9217.219: [CMS-concurrent-abortable-preclean-start]
9217.528: [GC 9217.528: [ParNew: 422364K->35437K(440896K), 0.0731050 secs] 5467653K->5085823K(8339648K), 0.0733330 secs] [Times: user=1.41 sys=0.01, real=0.07 secs] 
9218.633: [CMS-concurrent-abortable-preclean: 1.328/1.414 secs] [Times: user=24.13 sys=0.02, real=1.41 secs] 
9218.636: [GC[YG occupancy: 252658 K (440896 K)]9218.636: [Rescan (parallel) , 0.0621130 secs]9218.698: [weak refs processing, 0.0013160 secs]9218.700: [class unloading, 0.0218330 secs]9218.721: [scrub symbol & string tables, 0.0188000 secs] [1 CMS-remark: 5050385K(7898752K)] 5303044K(8339648K), 0.1152880 secs] [Times: user=1.35 sys=0.02, real=0.12 secs] 
9218.752: [CMS-concurrent-sweep-start]
9219.492: [GC 9219.493: [ParNew: 427373K->33786K(440896K), 0.0424610 secs] 5477554K->5091491K(8339648K), 0.0426850 secs] [Times: user=0.70 sys=0.00, real=0.04 secs] 
9223.062: [GC 9223.062: [ParNew: 425722K->35051K(440896K), 0.0344680 secs] 5482591K->5094787K(8339648K), 0.0509410 secs] [Times: user=0.55 sys=0.00, real=0.05 secs] 
9224.788: [GC 9224.788: [ParNew: 426987K->35696K(440896K), 0.0350280 secs] 5486578K->5100525K(8339648K), 0.0352520 secs] [Times: user=0.52 sys=0.00, real=0.04 secs] 
9225.632: [CMS-concurrent-sweep: 6.743/6.880 secs] [Times: user=90.17 sys=0.05, real=6.88 secs] 
9225.632: [CMS-concurrent-reset-start]
9225.683: [CMS-concurrent-reset: 0.051/0.051 secs] [Times: user=0.85 sys=0.00, real=0.05 secs] 
9227.686: [GC [1 CMS-initial-mark: 5064735K(7898752K)] 5471033K(8339648K), 1.3066470 secs] [Times: user=1.31 sys=0.00, real=1.31 secs] 
9228.993: [CMS-concurrent-mark-start]
9229.092: [GC 9229.092: [ParNew: 427632K->34437K(440896K), 0.0487080 secs] 5492368K->5106843K(8339648K), 0.0489370 secs] [Times: user=0.93 sys=0.00, real=0.05 secs] 
9231.148: [GC 9231.148: [ParNew: 426373K->33130K(440896K), 0.0327100 secs] 5498779K->5111030K(8339648K), 0.0329370 secs] [Times: user=0.53 sys=0.00, real=0.03 secs] 
9233.896: [GC 9233.896: [ParNew: 425066K->33142K(440896K), 0.0330230 secs] 5502966K->5116457K(8339648K), 0.0332490 secs] [Times: user=0.69 sys=0.00, real=0.04 secs] 
9235.396: [CMS-concurrent-mark: 6.277/6.403 secs] [Times: user=123.25 sys=0.03, real=6.40 secs] 
9235.396: [CMS-concurrent-preclean-start]
9235.715: [CMS-concurrent-preclean: 0.305/0.319 secs] [Times: user=0.32 sys=0.00, real=0.32 secs] 
9235.715: [CMS-concurrent-abortable-preclean-start]
9238.554: [GC 9238.555: [ParNew: 425078K->33222K(440896K), 0.0333030 secs] 5508393K->5119375K(8339648K), 0.0335380 secs] [Times: user=0.70 sys=0.00, real=0.04 secs] 
9239.458: [CMS-concurrent-abortable-preclean: 2.794/3.743 secs] [Times: user=26.60 sys=0.02, real=3.74 secs] 
9239.461: [GC[YG occupancy: 245050 K (440896 K)]9239.461: [Rescan (parallel) , 0.0617780 secs]9239.523: [weak refs processing, 0.0014070 secs]9239.524: [class unloading, 0.0215690 secs]9239.546: [scrub symbol & string tables, 0.0187970 secs] [1 CMS-remark: 5086152K(7898752K)] 5331202K(8339648K), 0.1146280 secs] [Times: user=1.33 sys=0.00, real=0.11 secs] 
9239.576: [CMS-concurrent-sweep-start]
9240.338: [GC 9240.338: [ParNew: 425158K->34444K(440896K), 0.0445060 secs] 5511102K->5127256K(8339648K), 0.0447300 secs] [Times: user=0.72 sys=0.02, real=0.04 secs] 
9243.085: [GC 9243.085: [ParNew: 426380K->32617K(440896K), 0.0386700 secs] 5518642K->5130095K(8339648K), 0.0389010 secs] [Times: user=0.70 sys=0.00, real=0.04 secs] 
9246.215: [GC 9246.216: [ParNew: 424553K->35976K(440896K), 0.0385970 secs] 5521828K->5137507K(8339648K), 0.0388330 secs] [Times: user=0.69 sys=0.00, real=0.04 secs] 
9246.439: [CMS-concurrent-sweep: 6.734/6.863 secs] [Times: user=77.41 sys=0.07, real=6.87 secs] 
9246.439: [CMS-concurrent-reset-start]
9246.484: [CMS-concurrent-reset: 0.045/0.045 secs] [Times: user=0.04 sys=0.00, real=0.04 secs] 
9248.487: [GC [1 CMS-initial-mark: 5101530K(7898752K)] 5229462K(8339648K), 0.4021670 secs] [Times: user=0.41 sys=0.00, real=0.41 secs] 
9248.890: [CMS-concurrent-mark-start]
9250.318: [GC 9250.318: [ParNew: 427912K->34551K(440896K), 0.0407880 secs] 5529443K->5143918K(8339648K), 0.0410100 secs] [Times: user=0.49 sys=0.00, real=0.04 secs] 
9253.437: [GC 9253.437: [ParNew: 426487K->33164K(440896K), 0.0337010 secs] 5535854K->5147510K(8339648K), 0.0339320 secs] [Times: user=0.59 sys=0.00, real=0.04 secs] 
9253.827: [CMS-concurrent-mark: 4.857/4.938 secs] [Times: user=85.28 sys=0.06, real=4.94 secs] 
9253.827: [CMS-concurrent-preclean-start]
9254.057: [CMS-concurrent-preclean: 0.222/0.230 secs] [Times: user=3.92 sys=0.00, real=0.22 secs] 
9254.057: [CMS-concurrent-abortable-preclean-start]
9255.109: [GC 9255.109: [ParNew: 425100K->32689K(440896K), 0.0279500 secs] 5539446K->5149897K(8339648K), 0.0281750 secs] [Times: user=0.46 sys=0.00, real=0.03 secs] 
9255.920: [CMS-concurrent-abortable-preclean: 1.822/1.863 secs] [Times: user=31.78 sys=0.02, real=1.87 secs] 
9255.922: [GC[YG occupancy: 229602 K (440896 K)]9255.923: [Rescan (parallel) , 0.0503560 secs]9255.973: [weak refs processing, 0.0013090 secs]9255.974: [class unloading, 0.0220530 secs]9255.996: [scrub symbol & string tables, 0.0190870 secs] [1 CMS-remark: 5117207K(7898752K)] 5346810K(8339648K), 0.1038350 secs] [Times: user=1.20 sys=0.00, real=0.10 secs] 
9256.027: [CMS-concurrent-sweep-start]
9258.191: [GC 9258.191: [ParNew: 424625K->35472K(440896K), 0.0421230 secs] 5541086K->5159001K(8339648K), 0.0423510 secs] [Times: user=0.70 sys=0.00, real=0.04 secs] 
9260.015: [GC 9260.015: [ParNew: 427408K->26339K(440896K), 0.0382430 secs] 5550409K->5155541K(8339648K), 0.0384660 secs] [Times: user=0.69 sys=0.00, real=0.04 secs] 
9262.612: [CMS-concurrent-sweep: 6.498/6.585 secs] [Times: user=70.02 sys=0.05, real=6.59 secs] 
9262.612: [CMS-concurrent-reset-start]
9262.660: [CMS-concurrent-reset: 0.048/0.048 secs] [Times: user=0.05 sys=0.00, real=0.05 secs] 
9263.785: [GC 9263.785: [ParNew: 418275K->29375K(440896K), 0.0468060 secs] 5547060K->5163723K(8339648K), 0.0470750 secs] [Times: user=0.90 sys=0.00, real=0.05 secs] 
9263.834: [GC [1 CMS-initial-mark: 5134347K(7898752K)] 5164602K(8339648K), 0.0646900 secs] [Times: user=0.07 sys=0.00, real=0.07 secs] 
9263.899: [CMS-concurrent-mark-start]
9268.092: [GC 9268.092: [ParNew: 421311K->33785K(440896K), 0.0311680 secs] 5555659K->5171001K(8339648K), 0.0313890 secs] [Times: user=0.51 sys=0.02, real=0.03 secs] 
9268.436: [CMS-concurrent-mark: 4.503/4.537 secs] [Times: user=61.09 sys=0.07, real=4.53 secs] 
9268.436: [CMS-concurrent-preclean-start]
9268.747: [CMS-concurrent-preclean: 0.298/0.311 secs] [Times: user=5.24 sys=0.02, real=0.31 secs] 
9268.747: [CMS-concurrent-abortable-preclean-start]
9269.843: [GC 9269.843: [ParNew: 425721K->34133K(440896K), 0.0382170 secs] 5562937K->5176629K(8339648K), 0.0384410 secs] [Times: user=0.69 sys=0.00, real=0.04 secs] 
9270.704: [CMS-concurrent-abortable-preclean: 1.900/1.956 secs] [Times: user=33.82 sys=0.00, real=1.96 secs] 
9270.706: [GC[YG occupancy: 240958 K (440896 K)]9270.707: [Rescan (parallel) , 0.0635280 secs]9270.770: [weak refs processing, 0.0015370 secs]9270.772: [class unloading, 0.0222860 secs]9270.794: [scrub symbol & string tables, 0.0191080 secs] [1 CMS-remark: 5142496K(7898752K)] 5383454K(8339648K), 0.1178230 secs] [Times: user=1.42 sys=0.00, real=0.12 secs] 
9270.825: [CMS-concurrent-sweep-start]
9271.603: [GC 9271.603: [ParNew: 426069K->31687K(440896K), 0.0349080 secs] 5568346K->5179280K(8339648K), 0.0351350 secs] [Times: user=0.60 sys=0.00, real=0.04 secs] 
9274.814: [GC 9274.815: [ParNew: 423623K->30389K(440896K), 0.0439580 secs] 5570356K->5182189K(8339648K), 0.0441970 secs] [Times: user=0.89 sys=0.00, real=0.05 secs] 
9278.013: [CMS-concurrent-sweep: 7.104/7.188 secs] [Times: user=52.16 sys=0.06, real=7.19 secs] 
9278.013: [CMS-concurrent-reset-start]
9278.052: [CMS-concurrent-reset: 0.039/0.039 secs] [Times: user=0.04 sys=0.00, real=0.04 secs] 
9279.747: [GC 9279.748: [ParNew: 422325K->32264K(440896K), 0.0441370 secs] 5573544K->5191208K(8339648K), 0.0443570 secs] [Times: user=0.70 sys=0.00, real=0.04 secs] 
9279.793: [GC [1 CMS-initial-mark: 5158944K(7898752K)] 5192592K(8339648K), 0.0436300 secs] [Times: user=0.04 sys=0.00, real=0.04 secs] 
9279.837: [CMS-concurrent-mark-start]
9283.354: [GC 9283.354: [ParNew: 424200K->37330K(440896K), 0.0342900 secs] 5583144K->5199103K(8339648K), 0.0345190 secs] [Times: user=0.70 sys=0.00, real=0.04 secs] 
9285.272: [GC 9285.272: [ParNew: 429266K->36647K(440896K), 0.0339600 secs] 5591039K->5201391K(8339648K), 0.0342190 secs] [Times: user=0.69 sys=0.00, real=0.03 secs] 
9285.459: [CMS-concurrent-mark: 5.546/5.622 secs] [Times: user=96.77 sys=0.06, real=5.63 secs] 
9285.459: [CMS-concurrent-preclean-start]
9285.808: [CMS-concurrent-preclean: 0.334/0.349 secs] [Times: user=5.89 sys=0.00, real=0.35 secs] 
9285.808: [CMS-concurrent-abortable-preclean-start]
9286.162: [CMS-concurrent-abortable-preclean: 0.352/0.354 secs] [Times: user=6.08 sys=0.00, real=0.35 secs] 
9286.165: [GC[YG occupancy: 233513 K (440896 K)]9286.165: [Rescan (parallel) , 0.0869000 secs]9286.252: [weak refs processing, 0.0012860 secs]9286.253: [class unloading, 0.0220500 secs]9286.275: [scrub symbol & string tables, 0.0190570 secs] [1 CMS-remark: 5164744K(7898752K)] 5398258K(8339648K), 0.1403340 secs] [Times: user=1.87 sys=0.01, real=0.14 secs] 
9286.306: [CMS-concurrent-sweep-start]
9287.142: [GC 9287.142: [ParNew: 428583K->38087K(440896K), 0.0353020 secs] 5593219K->5207915K(8339648K), 0.0355240 secs] [Times: user=0.58 sys=0.00, real=0.04 secs] 
9289.824: [GC 9289.824: [ParNew: 430023K->34642K(440896K), 0.0474440 secs] 5599573K->5213714K(8339648K), 0.0476690 secs] [Times: user=0.67 sys=0.00, real=0.05 secs] 
9293.285: [GC 9293.285: [ParNew: 426578K->31743K(440896K), 0.0470100 secs] 5605062K->5215732K(8339648K), 0.0472790 secs] [Times: user=0.92 sys=0.00, real=0.05 secs] 
9294.679: [CMS-concurrent-sweep: 8.233/8.373 secs] [Times: user=101.37 sys=0.14, real=8.38 secs] 
9294.679: [CMS-concurrent-reset-start]
9294.737: [CMS-concurrent-reset: 0.058/0.058 secs] [Times: user=0.91 sys=0.00, real=0.05 secs] 
9295.141: [GC 9295.142: [ParNew: 423679K->34787K(440896K), 0.0516630 secs] 5607538K->5223235K(8339648K), 0.0518930 secs] [Times: user=0.92 sys=0.00, real=0.05 secs] 
9295.209: [GC [1 CMS-initial-mark: 5188447K(7898752K)] 5230577K(8339648K), 0.0596920 secs] [Times: user=0.06 sys=0.00, real=0.06 secs] 
9295.269: [CMS-concurrent-mark-start]
9299.487: [CMS-concurrent-mark: 4.218/4.218 secs] [Times: user=49.91 sys=0.08, real=4.21 secs] 
9299.487: [CMS-concurrent-preclean-start]
9299.568: [CMS-concurrent-preclean: 0.079/0.081 secs] [Times: user=1.45 sys=0.00, real=0.09 secs] 
9299.568: [CMS-concurrent-abortable-preclean-start]
9299.671: [GC 9299.671: [ParNew: 426723K->41105K(440896K), 0.0571590 secs] 5615171K->5233277K(8339648K), 0.0574040 secs] [Times: user=1.14 sys=0.00, real=0.06 secs] 
9300.603: [CMS-concurrent-abortable-preclean: 0.968/1.035 secs] [Times: user=18.01 sys=0.02, real=1.03 secs] 
9300.606: [GC[YG occupancy: 252602 K (440896 K)]9300.606: [Rescan (parallel) , 0.0675200 secs]9300.674: [weak refs processing, 0.0016550 secs]9300.675: [class unloading, 0.0214810 secs]9300.697: [scrub symbol & string tables, 0.0188410 secs] [1 CMS-remark: 5192171K(7898752K)] 5444774K(8339648K), 0.1207150 secs] [Times: user=1.56 sys=0.01, real=0.12 secs] 
9300.727: [CMS-concurrent-sweep-start]
9301.543: [GC 9301.543: [ParNew: 433041K->33038K(440896K), 0.0677860 secs] 5624983K->5238346K(8339648K), 0.0680190 secs] [Times: user=0.69 sys=0.01, real=0.07 secs] 
9304.510: [GC 9304.517: [ParNew: 424974K->30550K(440896K), 0.0366710 secs] 5628432K->5234008K(8339648K), 0.0369070 secs] [Times: user=0.81 sys=0.00, real=0.04 secs] 
9307.449: [CMS-concurrent-sweep: 6.605/6.722 secs] [Times: user=58.73 sys=0.07, real=6.73 secs] 
9307.450: [CMS-concurrent-reset-start]
9307.489: [CMS-concurrent-reset: 0.040/0.040 secs] [Times: user=0.04 sys=0.00, real=0.04 secs] 
9309.492: [GC [1 CMS-initial-mark: 5201690K(7898752K)] 5612938K(8339648K), 0.9798440 secs] [Times: user=0.98 sys=0.00, real=0.98 secs] 
9310.472: [CMS-concurrent-mark-start]
9310.523: [GC 9310.523: [ParNew: 422486K->37341K(440896K), 0.0728180 secs] 5624177K->5246109K(8339648K), 0.0730560 secs] [Times: user=1.39 sys=0.00, real=0.07 secs] 
9312.478: [GC 9312.478: [ParNew: 429277K->38783K(440896K), 0.0419720 secs] 5638045K->5255223K(8339648K), 0.0422040 secs] [Times: user=0.48 sys=0.02, real=0.04 secs] 
9314.286: [GC 9314.287: [ParNew: 430719K->36183K(440896K), 0.0277230 secs] 5647159K->5255482K(8339648K), 0.0279500 secs] [Times: user=0.44 sys=0.00, real=0.03 secs] 
9315.888: [GC 9315.889: [ParNew: 428119K->35094K(440896K), 0.0413360 secs] 5647418K->5259278K(8339648K), 0.0415580 secs] [Times: user=0.72 sys=0.00, real=0.04 secs] 
9316.370: [CMS-concurrent-mark: 5.698/5.897 secs] [Times: user=125.63 sys=0.10, real=5.90 secs] 
9316.370: [CMS-concurrent-preclean-start]
9316.647: [CMS-concurrent-preclean: 0.268/0.278 secs] [Times: user=0.28 sys=0.00, real=0.27 secs] 
9316.647: [CMS-concurrent-abortable-preclean-start]
9318.878: [GC 9318.879: [ParNew: 427030K->31694K(440896K), 0.0437260 secs] 5651214K->5265987K(8339648K), 0.0439560 secs] [Times: user=0.62 sys=0.00, real=0.04 secs] 
9319.740: [CMS-concurrent-abortable-preclean: 2.624/3.093 secs] [Times: user=39.00 sys=0.03, real=3.10 secs] 
9319.743: [GC[YG occupancy: 227849 K (440896 K)]9319.743: [Rescan (parallel) , 0.0523500 secs]9319.795: [weak refs processing, 0.0013700 secs]9319.797: [class unloading, 0.0214660 secs]9319.818: [scrub symbol & string tables, 0.0187600 secs] [1 CMS-remark: 5234293K(7898752K)] 5462143K(8339648K), 0.1055420 secs] [Times: user=1.21 sys=0.00, real=0.11 secs] 
9319.849: [CMS-concurrent-sweep-start]
9322.856: [GC 9322.856: [ParNew: 423630K->23666K(440896K), 0.0390720 secs] 5657067K->5262246K(8339648K), 0.0393080 secs] [Times: user=0.67 sys=0.01, real=0.04 secs] 
9324.653: [GC 9324.653: [ParNew: 415602K->28421K(440896K), 0.0294480 secs] 5652952K->5268752K(8339648K), 0.0296720 secs] [Times: user=0.46 sys=0.00, real=0.03 secs] 
9326.440: [CMS-concurrent-sweep: 6.517/6.591 secs] [Times: user=49.61 sys=0.02, real=6.59 secs] 
9326.440: [CMS-concurrent-reset-start]
9326.486: [CMS-concurrent-reset: 0.046/0.046 secs] [Times: user=0.05 sys=0.00, real=0.04 secs] 
9328.489: [GC [1 CMS-initial-mark: 5240233K(7898752K)] 5491530K(8339648K), 0.5790890 secs] [Times: user=0.57 sys=0.00, real=0.58 secs] 
9329.068: [CMS-concurrent-mark-start]
9330.010: [GC 9330.010: [ParNew: 420357K->32989K(440896K), 0.0326280 secs] 5660591K->5276125K(8339648K), 0.0328600 secs] [Times: user=0.47 sys=0.00, real=0.03 secs] 
9331.829: [GC 9331.829: [ParNew: 424925K->35924K(440896K), 0.0333050 secs] 5668061K->5284316K(8339648K), 0.0335360 secs] [Times: user=0.46 sys=0.00, real=0.03 secs] 
9333.912: [GC 9333.912: [ParNew: 427860K->35364K(440896K), 0.0326870 secs] 5676252K->5289191K(8339648K), 0.0329520 secs] [Times: user=0.46 sys=0.00, real=0.03 secs] 
9334.902: [CMS-concurrent-mark: 5.727/5.834 secs] [Times: user=112.28 sys=0.15, real=5.83 secs] 
9334.902: [CMS-concurrent-preclean-start]
9335.121: [CMS-concurrent-preclean: 0.211/0.219 secs] [Times: user=0.22 sys=0.00, real=0.22 secs] 
9335.121: [CMS-concurrent-abortable-preclean-start]
9338.904: [GC 9338.904: [ParNew: 427300K->31880K(440896K), 0.0416950 secs] 5681127K->5290376K(8339648K), 0.0419280 secs] [Times: user=0.67 sys=0.00, real=0.09 secs] 
 CMS: abort preclean due to time 9340.127: [CMS-concurrent-abortable-preclean: 3.895/5.006 secs] [Times: user=45.97 sys=0.01, real=5.01 secs] 
9340.130: [GC[YG occupancy: 241494 K (440896 K)]9340.130: [Rescan (parallel) , 0.0641120 secs]9340.194: [weak refs processing, 0.0012310 secs]9340.196: [class unloading, 0.0209940 secs]9340.217: [scrub symbol & string tables, 0.0189280 secs] [1 CMS-remark: 5258495K(7898752K)] 5499990K(8339648K), 0.1170270 secs] [Times: user=1.41 sys=0.00, real=0.11 secs] 
9340.248: [CMS-concurrent-sweep-start]
9342.644: [GC 9342.644: [ParNew: 423816K->35068K(440896K), 0.0480780 secs] 5680998K->5299889K(8339648K), 0.0483170 secs] [Times: user=0.91 sys=0.00, real=0.05 secs] 
9344.582: [GC 9344.582: [ParNew: 427004K->36271K(440896K), 0.0390170 secs] 5688959K->5302442K(8339648K), 0.0392470 secs] [Times: user=0.70 sys=0.00, real=0.04 secs] 
9346.462: [GC 9346.462: [ParNew: 428207K->35342K(440896K), 0.0355450 secs] 5691883K->5302917K(8339648K), 0.0357710 secs] [Times: user=0.64 sys=0.00, real=0.04 secs] 
9347.050: [CMS-concurrent-sweep: 6.671/6.802 secs] [Times: user=82.31 sys=0.03, real=6.80 secs] 
9347.050: [CMS-concurrent-reset-start]
9347.095: [CMS-concurrent-reset: 0.045/0.045 secs] [Times: user=0.04 sys=0.00, real=0.04 secs] 
9349.097: [GC [1 CMS-initial-mark: 5267496K(7898752K)] 5643379K(8339648K), 0.9567810 secs] [Times: user=0.96 sys=0.00, real=0.96 secs] 
9350.054: [CMS-concurrent-mark-start]
9350.323: [GC 9350.323: [ParNew: 427278K->34615K(440896K), 0.0532790 secs] 5694774K->5310002K(8339648K), 0.0535150 secs] [Times: user=0.92 sys=0.01, real=0.05 secs] 
9353.218: [GC 9353.218: [ParNew: 426551K->32788K(440896K), 0.0435470 secs] 5701938K->5315683K(8339648K), 0.0437730 secs] [Times: user=0.79 sys=0.00, real=0.04 secs] 
9354.938: [GC 9354.938: [ParNew: 424724K->26353K(440896K), 0.0284970 secs] 5707619K->5312196K(8339648K), 0.0287540 secs] [Times: user=0.52 sys=0.00, real=0.02 secs] 
9355.370: [CMS-concurrent-mark: 5.182/5.315 secs] [Times: user=96.09 sys=0.11, real=5.32 secs] 
9355.370: [CMS-concurrent-preclean-start]
9355.611: [CMS-concurrent-preclean: 0.232/0.242 secs] [Times: user=0.24 sys=0.00, real=0.24 secs] 
9355.611: [CMS-concurrent-abortable-preclean-start]
9359.765: [GC 9359.765: [ParNew: 418289K->32843K(440896K), 0.0386800 secs] 5704132K->5321558K(8339648K), 0.0388780 secs] [Times: user=0.69 sys=0.00, real=0.04 secs] 
 CMS: abort preclean due to time 9360.656: [CMS-concurrent-abortable-preclean: 3.885/5.045 secs] [Times: user=45.82 sys=0.04, real=5.04 secs] 
9360.659: [GC[YG occupancy: 235665 K (440896 K)]9360.659: [Rescan (parallel) , 0.0627670 secs]9360.722: [weak refs processing, 0.0014410 secs]9360.724: [class unloading, 0.0214420 secs]9360.745: [scrub symbol & string tables, 0.0189090 secs] [1 CMS-remark: 5288715K(7898752K)] 5524380K(8339648K), 0.1160990 secs] [Times: user=1.31 sys=0.01, real=0.11 secs] 
9360.776: [CMS-concurrent-sweep-start]
9361.620: [GC 9361.620: [ParNew: 424779K->33317K(440896K), 0.0406080 secs] 5713255K->5329120K(8339648K), 0.0408380 secs] [Times: user=0.68 sys=0.00, real=0.04 secs] 
9364.692: [GC 9364.692: [ParNew: 425253K->26519K(440896K), 0.0348210 secs] 5720273K->5326802K(8339648K), 0.0350450 secs] [Times: user=0.50 sys=0.00, real=0.03 secs] 
9367.632: [CMS-concurrent-sweep: 6.775/6.856 secs] [Times: user=54.90 sys=0.03, real=6.86 secs] 
9367.632: [CMS-concurrent-reset-start]
9367.677: [CMS-concurrent-reset: 0.045/0.045 secs] [Times: user=0.04 sys=0.00, real=0.04 secs] 
9369.679: [GC [1 CMS-initial-mark: 5299929K(7898752K)] 5700032K(8339648K), 1.1692390 secs] [Times: user=1.17 sys=0.00, real=1.17 secs] 
9370.849: [CMS-concurrent-mark-start]
9370.933: [GC 9370.933: [ParNew: 418455K->39162K(440896K), 0.0393950 secs] 5718385K->5342149K(8339648K), 0.0396280 secs] [Times: user=0.69 sys=0.00, real=0.04 secs] 
9372.967: [GC 9372.967: [ParNew: 431098K->36846K(440896K), 0.0543470 secs] 5734085K->5347470K(8339648K), 0.0723930 secs] [Times: user=0.83 sys=0.01, real=0.08 secs] 
9374.891: [GC 9374.891: [ParNew: 428782K->39076K(440896K), 0.0298540 secs] 5739406K->5352659K(8339648K), 0.0300760 secs] [Times: user=0.46 sys=0.00, real=0.03 secs] 
9376.591: [GC 9376.591: [ParNew: 431012K->37409K(440896K), 0.0405490 secs] 5744595K->5356380K(8339648K), 0.0407720 secs] [Times: user=0.68 sys=0.00, real=0.04 secs] 
9377.204: [CMS-concurrent-mark: 6.160/6.355 secs] [Times: user=131.19 sys=0.15, real=6.35 secs] 
9377.204: [CMS-concurrent-preclean-start]
9377.446: [CMS-concurrent-preclean: 0.233/0.242 secs] [Times: user=0.24 sys=0.00, real=0.24 secs] 
9377.446: [CMS-concurrent-abortable-preclean-start]
9379.330: [GC 9379.330: [ParNew: 429345K->24316K(440896K), 0.0478620 secs] 5748316K->5354993K(8339648K), 0.0480920 secs] [Times: user=0.59 sys=0.00, real=0.04 secs] 
9380.287: [CMS-concurrent-abortable-preclean: 2.554/2.841 secs] [Times: user=40.98 sys=0.06, real=2.84 secs] 
9380.289: [GC[YG occupancy: 235706 K (440896 K)]9380.290: [Rescan (parallel) , 0.0639670 secs]9380.354: [weak refs processing, 0.0015080 secs]9380.355: [class unloading, 0.0213820 secs]9380.377: [scrub symbol & string tables, 0.0189020 secs] [1 CMS-remark: 5330677K(7898752K)] 5566383K(8339648K), 0.1174850 secs] [Times: user=1.40 sys=0.00, real=0.11 secs] 
9380.407: [CMS-concurrent-sweep-start]
9382.943: [GC 9382.943: [ParNew: 416252K->28815K(440896K), 0.0403620 secs] 5746177K->5362606K(8339648K), 0.0405970 secs] [Times: user=0.70 sys=0.00, real=0.04 secs] 
9384.895: [GC 9384.895: [ParNew: 420751K->28360K(440896K), 0.0276390 secs] 5754305K->5364840K(8339648K), 0.0315890 secs] [Times: user=0.46 sys=0.00, real=0.03 secs] 
9387.930: [CMS-concurrent-sweep: 7.445/7.522 secs] [Times: user=56.49 sys=0.03, real=7.52 secs] 
9387.930: [CMS-concurrent-reset-start]
9387.996: [CMS-concurrent-reset: 0.066/0.066 secs] [Times: user=1.02 sys=0.00, real=0.06 secs] 
9389.409: [GC 9389.409: [ParNew: 420296K->37209K(440896K), 0.0410140 secs] 5756235K->5376138K(8339648K), 0.0411760 secs] [Times: user=0.64 sys=0.01, real=0.04 secs] 
9389.451: [GC [1 CMS-initial-mark: 5338929K(7898752K)] 5376724K(8339648K), 0.0491250 secs] [Times: user=0.05 sys=0.00, real=0.05 secs] 
9389.501: [CMS-concurrent-mark-start]
9391.346: [GC 9391.346: [ParNew: 429145K->35421K(440896K), 0.0359360 secs] 5768074K->5379823K(8339648K), 0.0361460 secs] [Times: user=0.70 sys=0.00, real=0.04 secs] 
9394.091: [GC 9394.092: [ParNew: 427357K->33887K(440896K), 0.0355630 secs] 5771759K->5385898K(8339648K), 0.0357750 secs] [Times: user=0.46 sys=0.01, real=0.03 secs] 
9394.962: [CMS-concurrent-mark: 5.384/5.461 secs] [Times: user=99.81 sys=0.10, real=5.46 secs] 
9394.962: [CMS-concurrent-preclean-start]
9395.172: [CMS-concurrent-preclean: 0.202/0.210 secs] [Times: user=0.21 sys=0.00, real=0.21 secs] 
9395.172: [CMS-concurrent-abortable-preclean-start]
9399.008: [GC 9399.008: [ParNew: 425823K->33297K(440896K), 0.0376770 secs] 5777834K->5388486K(8339648K), 0.0378890 secs] [Times: user=0.65 sys=0.01, real=0.03 secs] 
9399.908: [CMS-concurrent-abortable-preclean: 3.480/4.736 secs] [Times: user=36.80 sys=0.04, real=4.74 secs] 
9399.912: [GC[YG occupancy: 242073 K (440896 K)]9399.912: [Rescan (parallel) , 0.0592580 secs]9399.971: [weak refs processing, 0.0016650 secs]9399.973: [class unloading, 0.0291670 secs]9400.002: [scrub symbol & string tables, 0.0235610 secs] [1 CMS-remark: 5355188K(7898752K)] 5597262K(8339648K), 0.1305010 secs] [Times: user=1.28 sys=0.01, real=0.13 secs] 
9400.043: [CMS-concurrent-sweep-start]
9400.958: [GC 9400.958: [ParNew: 425233K->35292K(440896K), 0.0442910 secs] 5780237K->5397872K(8339648K), 0.0445560 secs] [Times: user=0.71 sys=0.01, real=0.04 secs] 
9404.260: [GC 9404.260: [ParNew: 427228K->32265K(440896K), 0.0367350 secs] 5788971K->5397018K(8339648K), 0.0369480 secs] [Times: user=0.63 sys=0.01, real=0.03 secs] 
9406.023: [GC 9406.023: [ParNew: 424201K->35498K(440896K), 0.0465600 secs] 5788357K->5405082K(8339648K), 0.0467700 secs] [Times: user=0.92 sys=0.01, real=0.05 secs] 
9408.313: [CMS-concurrent-sweep: 8.126/8.270 secs] [Times: user=99.92 sys=0.06, real=8.27 secs] 
9408.313: [CMS-concurrent-reset-start]
9408.365: [CMS-concurrent-reset: 0.052/0.052 secs] [Times: user=0.85 sys=0.00, real=0.05 secs] 
9409.003: [GC 9409.003: [ParNew: 427434K->32662K(440896K), 0.0406520 secs] 5796628K->5409997K(8339648K), 0.0408770 secs] [Times: user=0.70 sys=0.00, real=0.04 secs] 
9409.045: [GC [1 CMS-initial-mark: 5377335K(7898752K)] 5411466K(8339648K), 0.0394820 secs] [Times: user=0.04 sys=0.00, real=0.04 secs] 
9409.085: [CMS-concurrent-mark-start]
9410.757: [GC 9410.757: [ParNew: 424598K->25482K(440896K), 0.0310180 secs] 5801933K->5406678K(8339648K), 0.0312340 secs] [Times: user=0.64 sys=0.00, real=0.04 secs] 
9413.902: [CMS-concurrent-mark: 4.783/4.817 secs] [Times: user=77.80 sys=0.06, real=4.82 secs] 
9413.902: [CMS-concurrent-preclean-start]
9414.211: [GC 9414.211: [ParNew: 417418K->27646K(440896K), 0.0383490 secs] 5798614K->5415894K(8339648K), 0.0385710 secs] [Times: user=0.66 sys=0.01, real=0.04 secs] 
9414.265: [CMS-concurrent-preclean: 0.309/0.363 secs] [Times: user=6.07 sys=0.01, real=0.36 secs] 
9414.265: [CMS-concurrent-abortable-preclean-start]
9418.062: [CMS-concurrent-abortable-preclean: 2.476/3.797 secs] [Times: user=17.42 sys=0.05, real=3.80 secs] 
9418.065: [GC[YG occupancy: 238288 K (440896 K)]9418.065: [Rescan (parallel) , 0.1453630 secs]9418.210: [weak refs processing, 0.0017720 secs]9418.212: [class unloading, 0.0290900 secs]9418.241: [scrub symbol & string tables, 0.0235280 secs] [1 CMS-remark: 5388248K(7898752K)] 5626536K(8339648K), 0.2162680 secs] [Times: user=3.22 sys=0.01, real=0.22 secs] 
9418.281: [CMS-concurrent-sweep-start]
9419.277: [GC 9419.278: [ParNew: 419582K->32763K(440896K), 0.0354060 secs] 5807712K->5423671K(8339648K), 0.0355990 secs] [Times: user=0.57 sys=0.01, real=0.04 secs] 
9421.079: [GC 9421.079: [ParNew: 424699K->35903K(440896K), 0.0344610 secs] 5815163K->5431408K(8339648K), 0.0346690 secs] [Times: user=0.44 sys=0.01, real=0.03 secs] 
9423.779: [GC 9423.779: [ParNew: 427839K->29587K(440896K), 0.0332300 secs] 5822653K->5427315K(8339648K), 0.0334210 secs] [Times: user=0.46 sys=0.01, real=0.03 secs] 
9426.688: [CMS-concurrent-sweep: 8.295/8.406 secs] [Times: user=99.31 sys=0.13, real=8.41 secs] 
9426.688: [CMS-concurrent-reset-start]
9426.733: [CMS-concurrent-reset: 0.045/0.045 secs] [Times: user=0.05 sys=0.00, real=0.04 secs] 
9428.736: [GC [1 CMS-initial-mark: 5397219K(7898752K)] 5805438K(8339648K), 1.1867230 secs] [Times: user=1.19 sys=0.00, real=1.19 secs] 
9429.923: [CMS-concurrent-mark-start]
9429.985: [GC 9429.985: [ParNew: 421523K->37752K(440896K), 0.0478200 secs] 5818742K->5440898K(8339648K), 0.0480480 secs] [Times: user=0.93 sys=0.00, real=0.05 secs] 
9431.894: [GC 9431.894: [ParNew: 429688K->34650K(440896K), 0.0411270 secs] 5832834K->5447139K(8339648K), 0.0413480 secs] [Times: user=0.69 sys=0.01, real=0.04 secs] 
9434.113: [GC 9434.113: [ParNew: 426586K->34479K(440896K), 0.0313220 secs] 5839075K->5449503K(8339648K), 0.0315250 secs] [Times: user=0.48 sys=0.00, real=0.03 secs] 
9435.855: [GC 9435.855: [ParNew: 426415K->34056K(440896K), 0.0324160 secs] 5841439K->5454175K(8339648K), 0.0326430 secs] [Times: user=0.58 sys=0.01, real=0.04 secs] 
9436.423: [CMS-concurrent-mark: 6.336/6.500 secs] [Times: user=134.77 sys=0.15, real=6.50 secs] 
9436.423: [CMS-concurrent-preclean-start]
9436.747: [CMS-concurrent-preclean: 0.313/0.325 secs] [Times: user=2.87 sys=0.00, real=0.33 secs] 
9436.747: [CMS-concurrent-abortable-preclean-start]
9439.015: [GC 9439.015: [ParNew: 425992K->32739K(440896K), 0.0406780 secs] 5846111K->5461124K(8339648K), 0.0408940 secs] [Times: user=0.66 sys=0.00, real=0.04 secs] 
9440.009: [CMS-concurrent-abortable-preclean: 2.590/3.262 secs] [Times: user=36.00 sys=0.05, real=3.26 secs] 
9440.013: [GC[YG occupancy: 247922 K (440896 K)]9440.013: [Rescan (parallel) , 0.0693980 secs]9440.083: [weak refs processing, 0.0014220 secs]9440.084: [class unloading, 0.0208980 secs]9440.105: [scrub symbol & string tables, 0.0188460 secs] [1 CMS-remark: 5428385K(7898752K)] 5676308K(8339648K), 0.1222670 secs] [Times: user=1.46 sys=0.01, real=0.12 secs] 
9440.136: [CMS-concurrent-sweep-start]
9440.933: [GC 9440.933: [ParNew: 424675K->23312K(440896K), 0.0368000 secs] 5853038K->5456500K(8339648K), 0.0370080 secs] [Times: user=0.70 sys=0.00, real=0.04 secs] 
9444.495: [GC 9444.495: [ParNew: 415248K->26875K(440896K), 0.0353350 secs] 5847372K->5464509K(8339648K), 0.0355420 secs] [Times: user=0.70 sys=0.00, real=0.04 secs] 
9446.640: [CMS-concurrent-sweep: 6.426/6.504 secs] [Times: user=60.60 sys=0.06, real=6.51 secs] 
9446.640: [CMS-concurrent-reset-start]
9446.685: [CMS-concurrent-reset: 0.045/0.045 secs] [Times: user=0.04 sys=0.00, real=0.04 secs] 
9448.687: [GC [1 CMS-initial-mark: 5437227K(7898752K)] 5755057K(8339648K), 1.0511670 secs] [Times: user=1.05 sys=0.01, real=1.05 secs] 
9449.739: [CMS-concurrent-mark-start]
9450.249: [GC 9450.249: [ParNew: 418811K->34897K(440896K), 0.0488120 secs] 5856039K->5474726K(8339648K), 0.0490750 secs] [Times: user=0.88 sys=0.00, real=0.05 secs] 
9452.196: [GC 9452.196: [ParNew: 426833K->41104K(440896K), 0.0418800 secs] 5866662K->5485913K(8339648K), 0.0421020 secs] [Times: user=0.88 sys=0.01, real=0.05 secs] 
9453.936: [GC 9453.936: [ParNew: 433040K->30587K(440896K), 0.0431970 secs] 5877849K->5478378K(8339648K), 0.0728920 secs] [Times: user=0.93 sys=0.00, real=0.08 secs] 
9455.656: [CMS-concurrent-mark: 5.745/5.917 secs] [Times: user=118.41 sys=0.17, real=5.91 secs] 
9455.656: [CMS-concurrent-preclean-start]
9455.872: [CMS-concurrent-preclean: 0.208/0.216 secs] [Times: user=0.23 sys=0.00, real=0.22 secs] 
9455.872: [CMS-concurrent-abortable-preclean-start]
9458.610: [GC 9458.610: [ParNew: 422523K->35166K(440896K), 0.0482620 secs] 5870314K->5490767K(8339648K), 0.0484880 secs] [Times: user=0.75 sys=0.00, real=0.05 secs] 
9459.477: [CMS-concurrent-abortable-preclean: 2.840/3.605 secs] [Times: user=30.61 sys=0.01, real=3.61 secs] 
9459.480: [GC[YG occupancy: 235062 K (440896 K)]9459.492: [Rescan (parallel) , 0.0619650 secs]9459.554: [weak refs processing, 0.0012720 secs]9459.555: [class unloading, 0.0200680 secs]9459.575: [scrub symbol & string tables, 0.0188750 secs] [1 CMS-remark: 5455600K(7898752K)] 5690662K(8339648K), 0.1140240 secs] [Times: user=1.40 sys=0.00, real=0.12 secs] 
9459.606: [CMS-concurrent-sweep-start]
9460.459: [GC 9460.459: [ParNew: 427102K->31502K(440896K), 0.0694810 secs] 5882454K->5496318K(8339648K), 0.0696910 secs] [Times: user=1.13 sys=0.00, real=0.07 secs] 
9464.034: [GC 9464.035: [ParNew: 423438K->28254K(440896K), 0.0392930 secs] 5887104K->5495700K(8339648K), 0.0395130 secs] [Times: user=0.69 sys=0.00, real=0.04 secs] 
9465.727: [GC 9465.727: [ParNew: 420190K->31319K(440896K), 0.0350960 secs] 5887331K->5500844K(8339648K), 0.0352820 secs] [Times: user=0.62 sys=0.00, real=0.04 secs] 
9466.461: [CMS-concurrent-sweep: 6.703/6.854 secs] [Times: user=88.74 sys=0.06, real=6.86 secs] 
9466.461: [CMS-concurrent-reset-start]
9466.512: [CMS-concurrent-reset: 0.051/0.051 secs] [Times: user=0.85 sys=0.00, real=0.05 secs] 
9468.515: [GC [1 CMS-initial-mark: 5469303K(7898752K)] 5827622K(8339648K), 0.8506870 secs] [Times: user=0.85 sys=0.00, real=0.85 secs] 
9469.366: [CMS-concurrent-mark-start]
9469.707: [GC 9469.707: [ParNew: 423255K->31108K(440896K), 0.0492100 secs] 5892558K->5507964K(8339648K), 0.0494300 secs] [Times: user=0.79 sys=0.00, real=0.05 secs] 
9471.432: [GC 9471.432: [ParNew: 423044K->31382K(440896K), 0.0354410 secs] 5899900K->5511125K(8339648K), 0.0355850 secs] [Times: user=0.64 sys=0.00, real=0.03 secs] 
9473.675: [GC 9473.676: [ParNew: 423318K->31476K(440896K), 0.0434150 secs] 5903061K->5518603K(8339648K), 0.0435890 secs] [Times: user=0.80 sys=0.00, real=0.05 secs] 
9474.580: [CMS-concurrent-mark: 5.078/5.214 secs] [Times: user=99.85 sys=0.05, real=5.22 secs] 
9474.580: [CMS-concurrent-preclean-start]
9474.813: [CMS-concurrent-preclean: 0.224/0.233 secs] [Times: user=0.23 sys=0.00, real=0.23 secs] 
9474.813: [CMS-concurrent-abortable-preclean-start]
9478.520: [GC 9478.520: [ParNew: 423412K->29220K(440896K), 0.0350030 secs] 5910539K->5519517K(8339648K), 0.0351490 secs] [Times: user=0.48 sys=0.00, real=0.03 secs] 
9479.383: [CMS-concurrent-abortable-preclean: 3.511/4.570 secs] [Times: user=35.88 sys=0.03, real=4.57 secs] 
9479.389: [GC[YG occupancy: 235310 K (440896 K)]9479.389: [Rescan (parallel) , 0.0555000 secs]9479.444: [weak refs processing, 0.0013880 secs]9479.446: [class unloading, 0.0219290 secs]9479.468: [scrub symbol & string tables, 0.0189200 secs] [1 CMS-remark: 5490296K(7898752K)] 5725606K(8339648K), 0.1093630 secs] [Times: user=1.17 sys=0.00, real=0.11 secs] 
9479.498: [CMS-concurrent-sweep-start]
9480.469: [GC 9480.469: [ParNew: 421156K->35977K(440896K), 0.0397140 secs] 5911185K->5531380K(8339648K), 0.0398690 secs] [Times: user=0.60 sys=0.00, real=0.04 secs] 
9483.227: [GC 9483.227: [ParNew: 427913K->34764K(440896K), 0.0398020 secs] 5922666K->5534761K(8339648K), 0.0399620 secs] [Times: user=0.58 sys=0.00, real=0.04 secs] 
9485.976: [CMS-concurrent-sweep: 6.393/6.477 secs] [Times: user=63.30 sys=0.02, real=6.47 secs] 
9485.976: [CMS-concurrent-reset-start]
9486.021: [CMS-concurrent-reset: 0.045/0.045 secs] [Times: user=0.05 sys=0.00, real=0.05 secs] 
9488.025: [GC [1 CMS-initial-mark: 5499496K(7898752K)] 5874469K(8339648K), 0.8736850 secs] [Times: user=0.88 sys=0.00, real=0.88 secs] 
9488.899: [CMS-concurrent-mark-start]
9489.155: [GC 9489.155: [ParNew: 426700K->38136K(440896K), 0.0528910 secs] 5926197K->5540510K(8339648K), 0.0531010 secs] [Times: user=1.16 sys=0.00, real=0.06 secs] 
9490.849: [GC 9490.849: [ParNew: 430072K->41954K(440896K), 0.0432270 secs] 5932446K->5552301K(8339648K), 0.0434340 secs] [Times: user=0.68 sys=0.00, real=0.04 secs] 
9493.830: [GC 9493.830: [ParNew: 433890K->31659K(440896K), 0.0360200 secs] 5944237K->5547526K(8339648K), 0.0362110 secs] [Times: user=0.46 sys=0.00, real=0.03 secs] 
9493.902: [CMS-concurrent-mark: 4.863/5.003 secs] [Times: user=86.19 sys=0.05, real=5.00 secs] 
9493.902: [CMS-concurrent-preclean-start]
9494.142: [CMS-concurrent-preclean: 0.233/0.240 secs] [Times: user=4.14 sys=0.00, real=0.24 secs] 
9494.142: [CMS-concurrent-abortable-preclean-start]
9494.677: [CMS-concurrent-abortable-preclean: 0.533/0.535 secs] [Times: user=9.03 sys=0.00, real=0.54 secs] 
9494.681: [GC[YG occupancy: 236055 K (440896 K)]9494.681: [Rescan (parallel) , 0.0628800 secs]9494.744: [weak refs processing, 0.0012240 secs]9494.745: [class unloading, 0.0212830 secs]9494.767: [scrub symbol & string tables, 0.0187280 secs] [1 CMS-remark: 5515867K(7898752K)] 5751923K(8339648K), 0.1154240 secs] [Times: user=1.41 sys=0.00, real=0.11 secs] 
9494.797: [CMS-concurrent-sweep-start]
9495.571: [GC 9495.571: [ParNew: 423595K->32461K(440896K), 0.0473130 secs] 5939342K->5552367K(8339648K), 0.0474670 secs] [Times: user=0.91 sys=0.01, real=0.05 secs] 
9498.624: [GC 9498.624: [ParNew: 424397K->32368K(440896K), 0.0426570 secs] 5943409K->5560427K(8339648K), 0.0428580 secs] [Times: user=0.68 sys=0.01, real=0.04 secs] 
9500.370: [GC 9500.370: [ParNew: 424304K->28603K(440896K), 0.0340420 secs] 5952099K->5561784K(8339648K), 0.0342150 secs] [Times: user=0.47 sys=0.00, real=0.03 secs] 
9501.499: [CMS-concurrent-sweep: 6.568/6.702 secs] [Times: user=86.84 sys=0.05, real=6.71 secs] 
9501.499: [CMS-concurrent-reset-start]
9501.544: [CMS-concurrent-reset: 0.045/0.045 secs] [Times: user=0.04 sys=0.00, real=0.04 secs] 
9503.547: [GC [1 CMS-initial-mark: 5533019K(7898752K)] 5848846K(8339648K), 0.7655780 secs] [Times: user=0.77 sys=0.00, real=0.77 secs] 
9504.313: [CMS-concurrent-mark-start]
9504.926: [GC 9504.926: [ParNew: 420539K->30867K(440896K), 0.0484990 secs] 5953559K->5566850K(8339648K), 0.0486590 secs] [Times: user=0.90 sys=0.01, real=0.05 secs] 
9507.945: [GC 9507.945: [ParNew: 422803K->35177K(440896K), 0.0366810 secs] 5958786K->5576312K(8339648K), 0.0368550 secs] [Times: user=0.70 sys=0.00, real=0.04 secs] 
9509.776: [GC 9509.776: [ParNew: 427113K->31398K(440896K), 0.0359090 secs] 5968248K->5578129K(8339648K), 0.0360530 secs] [Times: user=0.69 sys=0.00, real=0.04 secs] 
9509.934: [CMS-concurrent-mark: 5.486/5.621 secs] [Times: user=102.65 sys=0.09, real=5.62 secs] 
9509.934: [CMS-concurrent-preclean-start]
9510.150: [CMS-concurrent-preclean: 0.209/0.216 secs] [Times: user=3.73 sys=0.00, real=0.22 secs] 
9510.150: [CMS-concurrent-abortable-preclean-start]
9510.655: [CMS-concurrent-abortable-preclean: 0.503/0.505 secs] [Times: user=8.59 sys=0.01, real=0.50 secs] 
9510.658: [GC[YG occupancy: 233808 K (440896 K)]9510.658: [Rescan (parallel) , 0.1038560 secs]9510.762: [weak refs processing, 0.0011850 secs]9510.763: [class unloading, 0.0211710 secs]9510.784: [scrub symbol & string tables, 0.0187560 secs] [1 CMS-remark: 5546731K(7898752K)] 5780539K(8339648K), 0.1565540 secs] [Times: user=2.22 sys=0.01, real=0.15 secs] 
9510.815: [CMS-concurrent-sweep-start]
9512.686: [GC 9512.686: [ParNew: 423334K->31251K(440896K), 0.0417060 secs] 5969492K->5580501K(8339648K), 0.0418910 secs] [Times: user=0.89 sys=0.01, real=0.05 secs] 
9517.633: [GC 9517.633: [ParNew: 423187K->35669K(440896K), 0.0513290 secs] 5971607K->5591149K(8339648K), 0.0515430 secs] [Times: user=0.93 sys=0.00, real=0.05 secs] 
9517.787: [CMS-concurrent-sweep: 6.873/6.972 secs] [Times: user=53.96 sys=0.05, real=6.97 secs] 
9517.787: [CMS-concurrent-reset-start]
9517.837: [CMS-concurrent-reset: 0.050/0.050 secs] [Times: user=0.85 sys=0.00, real=0.05 secs] 
9519.441: [GC 9519.441: [ParNew: 427605K->34273K(440896K), 0.0388220 secs] 5983084K->5595286K(8339648K), 0.0389790 secs] [Times: user=0.70 sys=0.00, real=0.04 secs] 
9519.481: [GC [1 CMS-initial-mark: 5561012K(7898752K)] 5596572K(8339648K), 0.0436370 secs] [Times: user=0.04 sys=0.00, real=0.04 secs] 
9519.525: [CMS-concurrent-mark-start]
9523.044: [GC 9523.044: [ParNew: 426209K->34187K(440896K), 0.0403060 secs] 5987222K->5598065K(8339648K), 0.0404480 secs] [Times: user=0.88 sys=0.00, real=0.04 secs] 
9524.560: [CMS-concurrent-mark: 4.988/5.035 secs] [Times: user=81.56 sys=0.05, real=5.04 secs] 
9524.560: [CMS-concurrent-preclean-start]
9524.750: [CMS-concurrent-preclean: 0.184/0.190 secs] [Times: user=3.20 sys=0.00, real=0.19 secs] 
9524.750: [CMS-concurrent-abortable-preclean-start]
9524.792: [GC 9524.792: [ParNew: 426123K->35860K(440896K), 0.0370820 secs] 5990001K->5604856K(8339648K), 0.0372350 secs] [Times: user=0.70 sys=0.00, real=0.04 secs] 
9525.658: [CMS-concurrent-abortable-preclean: 0.859/0.908 secs] [Times: user=15.42 sys=0.02, real=0.91 secs] 
9525.660: [GC[YG occupancy: 235653 K (440896 K)]9525.660: [Rescan (parallel) , 0.0615360 secs]9525.722: [weak refs processing, 0.0013910 secs]9525.723: [class unloading, 0.0213000 secs]9525.744: [scrub symbol & string tables, 0.0187190 secs] [1 CMS-remark: 5568995K(7898752K)] 5804648K(8339648K), 0.1143000 secs] [Times: user=1.27 sys=0.00, real=0.11 secs] 
9525.775: [CMS-concurrent-sweep-start]
9527.751: [GC 9527.751: [ParNew: 427796K->29941K(440896K), 0.0505540 secs] 5996342K->5607005K(8339648K), 0.0507560 secs] [Times: user=0.70 sys=0.00, real=0.05 secs] 
9529.603: [GC 9529.603: [ParNew: 421877K->27780K(440896K), 0.0304590 secs] 5998474K->5608728K(8339648K), 0.0306040 secs] [Times: user=0.47 sys=0.00, real=0.03 secs] 
9532.575: [CMS-concurrent-sweep: 6.713/6.800 secs] [Times: user=68.27 sys=0.04, real=6.80 secs] 
9532.575: [CMS-concurrent-reset-start]
9532.625: [CMS-concurrent-reset: 0.050/0.050 secs] [Times: user=0.86 sys=0.00, real=0.05 secs] 
9533.260: [GC 9533.260: [ParNew: 419716K->28656K(440896K), 0.0351080 secs] 6000152K->5614413K(8339648K), 0.0352740 secs] [Times: user=0.46 sys=0.01, real=0.03 secs] 
9533.296: [GC [1 CMS-initial-mark: 5585757K(7898752K)] 5615917K(8339648K), 0.0394790 secs] [Times: user=0.04 sys=0.00, real=0.04 secs] 
9533.336: [CMS-concurrent-mark-start]
9537.858: [CMS-concurrent-mark: 4.522/4.522 secs] [Times: user=54.79 sys=0.04, real=4.53 secs] 
9537.858: [CMS-concurrent-preclean-start]
9537.869: [GC 9537.869: [ParNew: 420592K->34424K(440896K), 0.0340940 secs] 6006349K->5623158K(8339648K), 0.0342320 secs] [Times: user=0.50 sys=0.00, real=0.03 secs] 
9537.938: [CMS-concurrent-preclean: 0.041/0.079 secs] [Times: user=1.14 sys=0.00, real=0.08 secs] 
9537.938: [CMS-concurrent-abortable-preclean-start]
9538.831: [CMS-concurrent-abortable-preclean: 0.886/0.893 secs] [Times: user=15.29 sys=0.01, real=0.89 secs] 
9538.836: [GC[YG occupancy: 252495 K (440896 K)]9538.836: [Rescan (parallel) , 0.0603370 secs]9538.897: [weak refs processing, 0.0013860 secs]9538.898: [class unloading, 0.0214630 secs]9538.919: [scrub symbol & string tables, 0.0187570 secs] [1 CMS-remark: 5588733K(7898752K)] 5841228K(8339648K), 0.1139060 secs] [Times: user=1.34 sys=0.00, real=0.12 secs] 
9538.950: [CMS-concurrent-sweep-start]
9539.846: [GC 9539.846: [ParNew: 426360K->33871K(440896K), 0.0383960 secs] 6014948K->5627448K(8339648K), 0.0386150 secs] [Times: user=0.65 sys=0.00, real=0.04 secs] 
9542.719: [GC 9542.719: [ParNew: 425807K->34695K(440896K), 0.0385420 secs] 6018731K->5631069K(8339648K), 0.0387910 secs] [Times: user=0.56 sys=0.00, real=0.04 secs] 
9546.200: [CMS-concurrent-sweep: 7.167/7.249 secs] [Times: user=76.97 sys=0.04, real=7.25 secs] 
9546.200: [CMS-concurrent-reset-start]
9546.243: [CMS-concurrent-reset: 0.043/0.043 secs] [Times: user=0.04 sys=0.00, real=0.04 secs] 
9547.660: [GC 9547.660: [ParNew: 426631K->37482K(440896K), 0.0517740 secs] 6022703K->5640454K(8339648K), 0.0520400 secs] [Times: user=0.84 sys=0.00, real=0.05 secs] 
9547.729: [GC [1 CMS-initial-mark: 5602972K(7898752K)] 5647958K(8339648K), 0.0924160 secs] [Times: user=0.09 sys=0.00, real=0.09 secs] 
9547.822: [CMS-concurrent-mark-start]
9549.600: [GC 9549.600: [ParNew: 429418K->35144K(440896K), 0.0464280 secs] 6032390K->5645986K(8339648K), 0.0466460 secs] [Times: user=0.67 sys=0.02, real=0.04 secs] 
9552.912: [CMS-concurrent-mark: 5.040/5.090 secs] [Times: user=83.26 sys=0.06, real=5.09 secs] 
9552.912: [CMS-concurrent-preclean-start]
9553.048: [GC 9553.048: [ParNew: 427080K->36305K(440896K), 0.0329680 secs] 6037922K->5650001K(8339648K), 0.0331780 secs] [Times: user=0.59 sys=0.00, real=0.03 secs] 
9553.259: [CMS-concurrent-preclean: 0.301/0.347 secs] [Times: user=5.68 sys=0.00, real=0.35 secs] 
9553.259: [CMS-concurrent-abortable-preclean-start]
9553.962: [CMS-concurrent-abortable-preclean: 0.701/0.703 secs] [Times: user=11.99 sys=0.01, real=0.70 secs] 
9553.965: [GC[YG occupancy: 252925 K (440896 K)]9553.965: [Rescan (parallel) , 0.0665860 secs]9554.032: [weak refs processing, 0.0014470 secs]9554.033: [class unloading, 0.0209640 secs]9554.054: [scrub symbol & string tables, 0.0187230 secs] [1 CMS-remark: 5613696K(7898752K)] 5866622K(8339648K), 0.1193650 secs] [Times: user=1.49 sys=0.00, real=0.12 secs] 
9554.085: [CMS-concurrent-sweep-start]
9554.836: [GC 9554.836: [ParNew: 428241K->36477K(440896K), 0.0372930 secs] 6041879K->5655311K(8339648K), 0.0374960 secs] [Times: user=0.69 sys=0.00, real=0.04 secs] 
9557.761: [GC 9557.762: [ParNew: 428413K->35073K(440896K), 0.0557460 secs] 6046697K->5661371K(8339648K), 0.0559930 secs] [Times: user=0.86 sys=0.00, real=0.06 secs] 
9559.556: [GC 9559.556: [ParNew: 427009K->24115K(440896K), 0.0319490 secs] 6053168K->5655375K(8339648K), 0.0321650 secs] [Times: user=0.58 sys=0.00, real=0.04 secs] 
9561.197: [CMS-concurrent-sweep: 6.976/7.112 secs] [Times: user=92.18 sys=0.06, real=7.11 secs] 
9561.197: [CMS-concurrent-reset-start]
9561.241: [CMS-concurrent-reset: 0.043/0.043 secs] [Times: user=0.05 sys=0.00, real=0.05 secs] 
9563.109: [GC 9563.109: [ParNew: 416051K->27875K(440896K), 0.0353840 secs] 6047204K->5664355K(8339648K), 0.0355870 secs] [Times: user=0.45 sys=0.02, real=0.03 secs] 
9563.146: [GC [1 CMS-initial-mark: 5636479K(7898752K)] 5664959K(8339648K), 0.0400460 secs] [Times: user=0.04 sys=0.00, real=0.04 secs] 
9563.186: [CMS-concurrent-mark-start]
9567.644: [GC 9567.645: [ParNew: 419811K->33811K(440896K), 0.0423610 secs] 6056291K->5673134K(8339648K), 0.0425850 secs] [Times: user=0.92 sys=0.00, real=0.04 secs] 
9567.733: [CMS-concurrent-mark: 4.502/4.547 secs] [Times: user=55.59 sys=0.05, real=4.55 secs] 
9567.733: [CMS-concurrent-preclean-start]
9568.027: [CMS-concurrent-preclean: 0.282/0.295 secs] [Times: user=4.90 sys=0.00, real=0.29 secs] 
9568.028: [CMS-concurrent-abortable-preclean-start]
9568.710: [CMS-concurrent-abortable-preclean: 0.679/0.683 secs] [Times: user=11.71 sys=0.01, real=0.69 secs] 
9568.713: [GC[YG occupancy: 250934 K (440896 K)]9568.713: [Rescan (parallel) , 0.0678060 secs]9568.781: [weak refs processing, 0.0014070 secs]9568.783: [class unloading, 0.0215160 secs]9568.804: [scrub symbol & string tables, 0.0188930 secs] [1 CMS-remark: 5639322K(7898752K)] 5890256K(8339648K), 0.1210890 secs] [Times: user=1.43 sys=0.00, real=0.12 secs] 
9568.835: [CMS-concurrent-sweep-start]
9569.634: [GC 9569.634: [ParNew: 425747K->34373K(440896K), 0.0372980 secs] 6064859K->5678843K(8339648K), 0.0375090 secs] [Times: user=0.68 sys=0.02, real=0.04 secs] 
9572.556: [GC 9572.556: [ParNew: 426309K->33856K(440896K), 0.0371430 secs] 6069958K->5679935K(8339648K), 0.0373860 secs] [Times: user=0.70 sys=0.00, real=0.04 secs] 
9575.751: [CMS-concurrent-sweep: 6.836/6.917 secs] [Times: user=75.32 sys=0.08, real=6.92 secs] 
9575.752: [CMS-concurrent-reset-start]
9575.796: [CMS-concurrent-reset: 0.044/0.044 secs] [Times: user=0.08 sys=0.00, real=0.04 secs] 
9577.450: [GC 9577.450: [ParNew: 425792K->38671K(440896K), 0.0639480 secs] 6071550K->5692387K(8339648K), 0.0642150 secs] [Times: user=1.16 sys=0.00, real=0.06 secs] 
9577.516: [GC [1 CMS-initial-mark: 5653716K(7898752K)] 5692871K(8339648K), 0.1110290 secs] [Times: user=0.11 sys=0.00, real=0.11 secs] 
9577.627: [CMS-concurrent-mark-start]
9579.613: [GC 9579.613: [ParNew: 430607K->36683K(440896K), 0.0682510 secs] 6084323K->5697481K(8339648K), 0.0684690 secs] [Times: user=1.37 sys=0.00, real=0.07 secs] 
9582.859: [GC 9582.859: [ParNew: 428619K->37462K(440896K), 0.0497890 secs] 6089417K->5701191K(8339648K), 0.0500100 secs] [Times: user=0.94 sys=0.00, real=0.05 secs] 
9584.510: [CMS-concurrent-mark: 6.760/6.883 secs] [Times: user=129.42 sys=0.09, real=6.89 secs] 
9584.510: [CMS-concurrent-preclean-start]
9584.767: [GC 9584.767: [ParNew: 429398K->38620K(440896K), 0.0428650 secs] 6093127K->5707463K(8339648K), 0.0430810 secs] [Times: user=0.75 sys=0.00, real=0.05 secs] 
9585.322: [CMS-concurrent-preclean: 0.742/0.812 secs] [Times: user=13.67 sys=0.00, real=0.81 secs] 
9585.322: [CMS-concurrent-abortable-preclean-start]
9585.768: [CMS-concurrent-abortable-preclean: 0.444/0.446 secs] [Times: user=7.48 sys=0.00, real=0.45 secs] 
9585.771: [GC[YG occupancy: 252752 K (440896 K)]9585.771: [Rescan (parallel) , 0.0995550 secs]9585.871: [weak refs processing, 0.0013340 secs]9585.872: [class unloading, 0.0477430 secs]9585.920: [scrub symbol & string tables, 0.0194810 secs] [1 CMS-remark: 5668842K(7898752K)] 5921595K(8339648K), 0.1805990 secs] [Times: user=2.27 sys=0.01, real=0.18 secs] 
9585.952: [CMS-concurrent-sweep-start]
9587.847: [GC 9587.847: [ParNew: 430556K->31050K(440896K), 0.0846820 secs] 6042593K->5653255K(8339648K), 0.0849520 secs] [Times: user=1.03 sys=0.02, real=0.09 secs] 
9589.798: [GC 9589.798: [ParNew: 422986K->29694K(440896K), 0.0356330 secs] 5992681K->5604680K(8339648K), 0.0358210 secs] [Times: user=0.53 sys=0.02, real=0.03 secs] 
9593.280: [GC 9593.280: [ParNew: 421630K->24754K(440896K), 0.0434380 secs] 5828812K->5437168K(8339648K), 0.0436550 secs] [Times: user=0.70 sys=0.00, real=0.04 secs] 
9594.338: [CMS-concurrent-sweep: 8.213/8.385 secs] [Times: user=100.01 sys=0.14, real=8.39 secs] 
9594.338: [CMS-concurrent-reset-start]
9594.386: [CMS-concurrent-reset: 0.048/0.048 secs] [Times: user=0.80 sys=0.00, real=0.04 secs] 
9596.387: [GC [1 CMS-initial-mark: 5410320K(7898752K)] 5724498K(8339648K), 0.9712670 secs] [Times: user=0.98 sys=0.01, real=0.97 secs] 
9597.359: [CMS-concurrent-mark-start]
9597.867: [GC 9597.867: [ParNew: 416690K->30784K(440896K), 0.0469240 secs] 5827011K->5443959K(8339648K), 0.0471450 secs] [Times: user=0.82 sys=0.00, real=0.05 secs] 
9599.575: [GC 9599.575: [ParNew: 422720K->33028K(440896K), 0.0383890 secs] 5835895K->5451430K(8339648K), 0.0386070 secs] [Times: user=0.70 sys=0.00, real=0.04 secs] 
9602.168: [CMS-concurrent-mark: 4.718/4.809 secs] [Times: user=83.66 sys=0.04, real=4.81 secs] 
9602.168: [CMS-concurrent-preclean-start]
9602.473: [CMS-concurrent-preclean: 0.292/0.305 secs] [Times: user=2.09 sys=0.01, real=0.30 secs] 
9602.473: [CMS-concurrent-abortable-preclean-start]
9602.760: [GC 9602.760: [ParNew: 424964K->33960K(440896K), 0.0423840 secs] 5843366K->5455101K(8339648K), 0.0426200 secs] [Times: user=0.70 sys=0.00, real=0.04 secs] 
9603.715: [CMS-concurrent-abortable-preclean: 1.186/1.242 secs] [Times: user=21.12 sys=0.02, real=1.24 secs] 
9603.718: [GC[YG occupancy: 231513 K (440896 K)]9603.718: [Rescan (parallel) , 0.0598070 secs]9603.778: [weak refs processing, 0.0013280 secs]9603.779: [class unloading, 0.0212880 secs]9603.800: [scrub symbol & string tables, 0.0188510 secs] [1 CMS-remark: 5421141K(7898752K)] 5652654K(8339648K), 0.1125990 secs] [Times: user=1.27 sys=0.01, real=0.11 secs] 
9603.831: [CMS-concurrent-sweep-start]
9604.671: [GC 9604.672: [ParNew: 425896K->33848K(440896K), 0.0495850 secs] 5846774K->5462246K(8339648K), 0.0498530 secs] [Times: user=0.71 sys=0.00, real=0.05 secs] 
9607.652: [GC 9607.652: [ParNew: 425784K->27357K(440896K), 0.0597890 secs] 5853435K->5462447K(8339648K), 0.0600560 secs] [Times: user=0.83 sys=0.01, real=0.06 secs] 
9610.933: [CMS-concurrent-sweep: 6.986/7.102 secs] [Times: user=67.98 sys=0.09, real=7.10 secs] 
9610.933: [CMS-concurrent-reset-start]
9610.977: [CMS-concurrent-reset: 0.044/0.044 secs] [Times: user=0.08 sys=0.00, real=0.04 secs] 
9612.980: [GC [1 CMS-initial-mark: 5434792K(7898752K)] 5827181K(8339648K), 0.9349950 secs] [Times: user=0.93 sys=0.01, real=0.93 secs] 
9613.915: [CMS-concurrent-mark-start]
9614.042: [GC 9614.042: [ParNew: 419293K->38908K(440896K), 0.0473560 secs] 5854085K->5476584K(8339648K), 0.0475880 secs] [Times: user=0.91 sys=0.00, real=0.05 secs] 
9615.985: [GC 9615.986: [ParNew: 430844K->38333K(440896K), 0.0427190 secs] 5868520K->5481305K(8339648K), 0.0429800 secs] [Times: user=0.70 sys=0.00, real=0.05 secs] 
9618.221: [GC 9618.221: [ParNew: 430269K->37743K(440896K), 0.0326640 secs] 5873241K->5483550K(8339648K), 0.0328820 secs] [Times: user=0.46 sys=0.02, real=0.03 secs] 
9619.832: [GC 9619.832: [ParNew: 429679K->38220K(440896K), 0.0446510 secs] 5875486K->5491223K(8339648K), 0.0448590 secs] [Times: user=0.70 sys=0.00, real=0.04 secs] 
9620.041: [CMS-concurrent-mark: 5.944/6.126 secs] [Times: user=124.93 sys=0.14, real=6.13 secs] 
9620.041: [CMS-concurrent-preclean-start]
9620.547: [CMS-concurrent-preclean: 0.487/0.506 secs] [Times: user=8.56 sys=0.00, real=0.51 secs] 
9620.548: [CMS-concurrent-abortable-preclean-start]
9623.967: [GC 9623.967: [ParNew: 430156K->24913K(440896K), 0.0500200 secs] 5883159K->5488413K(8339648K), 0.0502570 secs] [Times: user=0.51 sys=0.00, real=0.05 secs] 
9624.867: [CMS-concurrent-abortable-preclean: 3.244/4.319 secs] [Times: user=35.67 sys=0.02, real=4.31 secs] 
9624.870: [GC[YG occupancy: 226932 K (440896 K)]9624.870: [Rescan (parallel) , 0.0503700 secs]9624.920: [weak refs processing, 0.0013810 secs]9624.921: [class unloading, 0.0216410 secs]9624.943: [scrub symbol & string tables, 0.0188620 secs] [1 CMS-remark: 5463500K(7898752K)] 5690432K(8339648K), 0.1040420 secs] [Times: user=1.01 sys=0.00, real=0.10 secs] 
9624.974: [CMS-concurrent-sweep-start]
9628.586: [GC 9628.586: [ParNew: 416849K->29126K(440896K), 0.0493420 secs] 5879489K->5494439K(8339648K), 0.0495810 secs] [Times: user=0.89 sys=0.00, real=0.05 secs] 
9630.443: [GC 9630.443: [ParNew: 421062K->35748K(440896K), 0.0431010 secs] 5886199K->5505043K(8339648K), 0.0433150 secs] [Times: user=0.69 sys=0.00, real=0.04 secs] 
9632.417: [CMS-concurrent-sweep: 7.344/7.443 secs] [Times: user=76.83 sys=0.07, real=7.44 secs] 
9632.417: [CMS-concurrent-reset-start]
9632.461: [CMS-concurrent-reset: 0.044/0.044 secs] [Times: user=0.05 sys=0.00, real=0.05 secs] 
9633.309: [GC 9633.309: [ParNew: 427684K->33894K(440896K), 0.0522970 secs] 5896860K->5506583K(8339648K), 0.0524820 secs] [Times: user=0.94 sys=0.00, real=0.05 secs] 
9633.362: [GC [1 CMS-initial-mark: 5472688K(7898752K)] 5507177K(8339648K), 0.0833380 secs] [Times: user=0.08 sys=0.00, real=0.08 secs] 
9633.446: [CMS-concurrent-mark-start]
9635.590: [GC 9635.590: [ParNew: 425830K->32802K(440896K), 0.0385230 secs] 5898519K->5511511K(8339648K), 0.0386900 secs] [Times: user=0.46 sys=0.00, real=0.04 secs] 
9638.204: [GC 9638.205: [ParNew: 424738K->33024K(440896K), 0.0436570 secs] 5903447K->5519149K(8339648K), 0.0438160 secs] [Times: user=0.71 sys=0.00, real=0.05 secs] 
9639.654: [CMS-concurrent-mark: 6.120/6.208 secs] [Times: user=113.32 sys=0.11, real=6.21 secs] 
9639.654: [CMS-concurrent-preclean-start]
9639.891: [CMS-concurrent-preclean: 0.228/0.237 secs] [Times: user=0.24 sys=0.00, real=0.24 secs] 
9639.891: [CMS-concurrent-abortable-preclean-start]
9643.922: [GC 9643.922: [ParNew: 424960K->30373K(440896K), 0.0422880 secs] 5911085K->5521771K(8339648K), 0.0424530 secs] [Times: user=0.70 sys=0.00, real=0.04 secs] 
9644.869: [CMS-concurrent-abortable-preclean: 3.506/4.977 secs] [Times: user=34.04 sys=0.05, real=4.98 secs] 
9644.871: [GC[YG occupancy: 232095 K (440896 K)]9644.872: [Rescan (parallel) , 0.0734890 secs]9644.945: [weak refs processing, 0.0015550 secs]9644.947: [class unloading, 0.0214040 secs]9644.968: [scrub symbol & string tables, 0.0187100 secs] [1 CMS-remark: 5491397K(7898752K)] 5723492K(8339648K), 0.1268490 secs] [Times: user=1.58 sys=0.00, real=0.13 secs] 
9644.999: [CMS-concurrent-sweep-start]
9645.853: [GC 9645.854: [ParNew: 422309K->30819K(440896K), 0.0375660 secs] 5913552K->5527330K(8339648K), 0.0377480 secs] [Times: user=0.69 sys=0.01, real=0.04 secs] 
9648.527: [GC 9648.527: [ParNew: 422755K->35216K(440896K), 0.0480660 secs] 5918598K->5533948K(8339648K), 0.0482310 secs] [Times: user=0.87 sys=0.01, real=0.05 secs] 
9650.530: [GC 9650.530: [ParNew: 427152K->35442K(440896K), 0.0382730 secs] 5925526K->5539207K(8339648K), 0.0384080 secs] [Times: user=0.63 sys=0.00, real=0.04 secs] 
9653.421: [CMS-concurrent-sweep: 8.281/8.423 secs] [Times: user=105.85 sys=0.12, real=8.42 secs] 
9653.422: [CMS-concurrent-reset-start]
9653.474: [CMS-concurrent-reset: 0.053/0.053 secs] [Times: user=0.85 sys=0.00, real=0.05 secs] 
9653.992: [GC 9653.992: [ParNew: 427378K->29354K(440896K), 0.0481170 secs] 5930659K->5541746K(8339648K), 0.0482840 secs] [Times: user=0.65 sys=0.01, real=0.05 secs] 
9654.041: [GC [1 CMS-initial-mark: 5512392K(7898752K)] 5542230K(8339648K), 0.0373110 secs] [Times: user=0.04 sys=0.00, real=0.04 secs] 
9654.079: [CMS-concurrent-mark-start]
9658.536: [GC 9658.536: [ParNew: 421290K->32646K(440896K), 0.0359190 secs] 5933682K->5548516K(8339648K), 0.0360700 secs] [Times: user=0.70 sys=0.00, real=0.04 secs] 
9658.866: [CMS-concurrent-mark: 4.749/4.787 secs] [Times: user=61.67 sys=0.06, real=4.78 secs] 
9658.866: [CMS-concurrent-preclean-start]
9659.077: [CMS-concurrent-preclean: 0.204/0.211 secs] [Times: user=3.60 sys=0.00, real=0.22 secs] 
9659.077: [CMS-concurrent-abortable-preclean-start]
9660.238: [GC 9660.239: [ParNew: 424582K->33671K(440896K), 0.0380160 secs] 5940452K->5554753K(8339648K), 0.0381870 secs] [Times: user=0.49 sys=0.01, real=0.03 secs] 
9661.160: [CMS-concurrent-abortable-preclean: 2.031/2.083 secs] [Times: user=35.70 sys=0.03, real=2.08 secs] 
9661.163: [GC[YG occupancy: 243163 K (440896 K)]9661.163: [Rescan (parallel) , 0.0631820 secs]9661.226: [weak refs processing, 0.0014640 secs]9661.228: [class unloading, 0.0222820 secs]9661.250: [scrub symbol & string tables, 0.0195290 secs] [1 CMS-remark: 5521082K(7898752K)] 5764246K(8339648K), 0.1179270 secs] [Times: user=1.37 sys=0.00, real=0.12 secs] 
9661.281: [CMS-concurrent-sweep-start]
9663.404: [GC 9663.405: [ParNew: 425607K->36728K(440896K), 0.0419980 secs] 5945973K->5560022K(8339648K), 0.0421800 secs] [Times: user=0.74 sys=0.00, real=0.04 secs] 
9665.319: [GC 9665.319: [ParNew: 428664K->37206K(440896K), 0.0400930 secs] 5951506K->5565391K(8339648K), 0.0402650 secs] [Times: user=0.65 sys=0.00, real=0.04 secs] 
9668.235: [GC 9668.236: [ParNew: 429142K->28241K(440896K), 0.0495950 secs] 5957008K->5564006K(8339648K), 0.0498090 secs] [Times: user=0.92 sys=0.00, real=0.05 secs] 
9668.963: [CMS-concurrent-sweep: 7.542/7.682 secs] [Times: user=89.98 sys=0.08, real=7.68 secs] 
9668.963: [CMS-concurrent-reset-start]
9669.015: [CMS-concurrent-reset: 0.052/0.052 secs] [Times: user=0.85 sys=0.00, real=0.05 secs] 
9671.017: [GC [1 CMS-initial-mark: 5535734K(7898752K)] 5822732K(8339648K), 1.0449650 secs] [Times: user=1.05 sys=0.00, real=1.05 secs] 
9672.062: [CMS-concurrent-mark-start]
9673.675: [GC 9673.675: [ParNew: 420177K->33970K(440896K), 0.0378390 secs] 5955911K->5574408K(8339648K), 0.0380160 secs] [Times: user=0.70 sys=0.00, real=0.04 secs] 
9675.480: [GC 9675.480: [ParNew: 425906K->34766K(440896K), 0.0378940 secs] 5966344K->5580800K(8339648K), 0.0380950 secs] [Times: user=0.56 sys=0.00, real=0.04 secs] 
9677.836: [CMS-concurrent-mark: 5.692/5.774 secs] [Times: user=96.24 sys=0.08, real=5.77 secs] 
9677.836: [CMS-concurrent-preclean-start]
9678.050: [CMS-concurrent-preclean: 0.205/0.214 secs] [Times: user=0.22 sys=0.00, real=0.22 secs] 
9678.050: [CMS-concurrent-abortable-preclean-start]
9678.370: [GC 9678.370: [ParNew: 426702K->36071K(440896K), 0.0482140 secs] 5972736K->5584972K(8339648K), 0.0484240 secs] [Times: user=0.93 sys=0.00, real=0.05 secs] 
9679.533: [CMS-concurrent-abortable-preclean: 1.424/1.483 secs] [Times: user=24.93 sys=0.03, real=1.48 secs] 
9679.536: [GC[YG occupancy: 252183 K (440896 K)]9679.536: [Rescan (parallel) , 0.0639350 secs]9679.600: [weak refs processing, 0.0015350 secs]9679.602: [class unloading, 0.0215150 secs]9679.623: [scrub symbol & string tables, 0.0187560 secs] [1 CMS-remark: 5548900K(7898752K)] 5801083K(8339648K), 0.1170930 secs] [Times: user=1.40 sys=0.00, real=0.12 secs] 
9679.653: [CMS-concurrent-sweep-start]
9680.407: [GC 9680.408: [ParNew: 428007K->38355K(440896K), 0.0372780 secs] 5976701K->5592734K(8339648K), 0.0375020 secs] [Times: user=0.55 sys=0.01, real=0.03 secs] 
9683.782: [GC 9683.782: [ParNew: 430291K->26867K(440896K), 0.0451080 secs] 5984077K->5588391K(8339648K), 0.0454250 secs] [Times: user=0.68 sys=0.00, real=0.05 secs] 
9686.688: [CMS-concurrent-sweep: 6.947/7.035 secs] [Times: user=73.88 sys=0.12, real=7.04 secs] 
9686.688: [CMS-concurrent-reset-start]
9686.733: [CMS-concurrent-reset: 0.045/0.045 secs] [Times: user=0.07 sys=0.00, real=0.04 secs] 
9688.293: [GC 9688.294: [ParNew: 418803K->32691K(440896K), 0.0517140 secs] 5979929K->5598776K(8339648K), 0.0520360 secs] [Times: user=0.92 sys=0.00, real=0.05 secs] 
9688.348: [GC [1 CMS-initial-mark: 5566084K(7898752K)] 5599642K(8339648K), 0.0751160 secs] [Times: user=0.08 sys=0.00, real=0.07 secs] 
9688.423: [CMS-concurrent-mark-start]
9690.310: [GC 9690.310: [ParNew: 424627K->35904K(440896K), 0.0331240 secs] 5990712K->5607292K(8339648K), 0.0333490 secs] [Times: user=0.47 sys=0.00, real=0.03 secs] 
9693.127: [GC 9693.127: [ParNew: 427840K->30447K(440896K), 0.0323100 secs] 5999228K->5604795K(8339648K), 0.0325290 secs] [Times: user=0.64 sys=0.01, real=0.04 secs] 
9694.530: [CMS-concurrent-mark: 6.036/6.107 secs] [Times: user=116.61 sys=0.10, real=6.11 secs] 
9694.530: [CMS-concurrent-preclean-start]
9694.788: [CMS-concurrent-preclean: 0.249/0.258 secs] [Times: user=4.45 sys=0.02, real=0.26 secs] 
9694.788: [CMS-concurrent-abortable-preclean-start]
9694.859: [GC 9694.859: [ParNew: 422383K->32556K(440896K), 0.0419660 secs] 5996731K->5612027K(8339648K), 0.0855490 secs] [Times: user=0.70 sys=0.00, real=0.08 secs] 
9695.812: [CMS-concurrent-abortable-preclean: 0.929/1.024 secs] [Times: user=16.56 sys=0.01, real=1.02 secs] 
9695.815: [GC[YG occupancy: 243540 K (440896 K)]9695.815: [Rescan (parallel) , 0.0584760 secs]9695.874: [weak refs processing, 0.0015490 secs]9695.875: [class unloading, 0.0213820 secs]9695.897: [scrub symbol & string tables, 0.0190440 secs] [1 CMS-remark: 5579471K(7898752K)] 5823011K(8339648K), 0.1120570 secs] [Times: user=1.39 sys=0.01, real=0.11 secs] 
9695.927: [CMS-concurrent-sweep-start]
9697.667: [GC 9697.667: [ParNew: 424492K->32454K(440896K), 0.0523470 secs] 6003435K->5619185K(8339648K), 0.0525960 secs] [Times: user=0.82 sys=0.01, real=0.06 secs] 
9703.184: [CMS-concurrent-sweep: 7.202/7.257 secs] [Times: user=45.99 sys=0.08, real=7.25 secs] 
9703.184: [CMS-concurrent-reset-start]
9703.236: [CMS-concurrent-reset: 0.052/0.052 secs] [Times: user=0.85 sys=0.00, real=0.05 secs] 
9703.527: [GC 9703.527: [ParNew: 424390K->28540K(440896K), 0.0488550 secs] 6010223K->5619773K(8339648K), 0.0491290 secs] [Times: user=0.84 sys=0.01, real=0.05 secs] 
9703.578: [GC [1 CMS-initial-mark: 5591232K(7898752K)] 5621472K(8339648K), 0.0739540 secs] [Times: user=0.08 sys=0.00, real=0.07 secs] 
9703.652: [CMS-concurrent-mark-start]
9705.590: [GC 9705.590: [ParNew: 420476K->34954K(440896K), 0.0307160 secs] 6011709K->5629037K(8339648K), 0.0309390 secs] [Times: user=0.47 sys=0.00, real=0.03 secs] 
9708.159: [GC 9708.159: [ParNew: 426890K->33286K(440896K), 0.0367760 secs] 6020973K->5632586K(8339648K), 0.0370020 secs] [Times: user=0.58 sys=0.00, real=0.03 secs] 
9709.915: [GC 9709.915: [ParNew: 425222K->35553K(440896K), 0.0295230 secs] 6024522K->5638810K(8339648K), 0.0297490 secs] [Times: user=0.47 sys=0.00, real=0.03 secs] 
9710.151: [CMS-concurrent-mark: 6.394/6.499 secs] [Times: user=128.48 sys=0.16, real=6.50 secs] 
9710.151: [CMS-concurrent-preclean-start]
9710.392: [CMS-concurrent-preclean: 0.234/0.241 secs] [Times: user=4.09 sys=0.00, real=0.24 secs] 
9710.392: [CMS-concurrent-abortable-preclean-start]
9713.686: [GC 9713.687: [ParNew: 427489K->32504K(440896K), 0.0552120 secs] 6030746K->5644886K(8339648K), 0.0554840 secs] [Times: user=0.93 sys=0.01, real=0.06 secs] 
9714.771: [CMS-concurrent-abortable-preclean: 3.400/4.379 secs] [Times: user=42.79 sys=0.07, real=4.38 secs] 
9714.774: [GC[YG occupancy: 238963 K (440896 K)]9714.774: [Rescan (parallel) , 0.0641920 secs]9714.838: [weak refs processing, 0.0010790 secs]9714.839: [class unloading, 0.0205830 secs]9714.860: [scrub symbol & string tables, 0.0187250 secs] [1 CMS-remark: 5612381K(7898752K)] 5851345K(8339648K), 0.1158650 secs] [Times: user=1.37 sys=0.01, real=0.12 secs] 
9714.890: [CMS-concurrent-sweep-start]
9718.201: [GC 9718.201: [ParNew: 424440K->32808K(440896K), 0.0412010 secs] 6036245K->5650014K(8339648K), 0.0414300 secs] [Times: user=0.70 sys=0.00, real=0.04 secs] 
9720.038: [GC 9720.038: [ParNew: 424744K->30837K(440896K), 0.0339600 secs] 6041570K->5650849K(8339648K), 0.0341880 secs] [Times: user=0.52 sys=0.00, real=0.03 secs] 
9721.715: [GC 9721.715: [ParNew: 422773K->33535K(440896K), 0.0352310 secs] 6042623K->5657644K(8339648K), 0.0354490 secs] [Times: user=0.70 sys=0.00, real=0.04 secs] 
9721.827: [CMS-concurrent-sweep: 6.818/6.937 secs] [Times: user=77.62 sys=0.05, real=6.93 secs] 
9721.827: [CMS-concurrent-reset-start]
9721.879: [CMS-concurrent-reset: 0.052/0.052 secs] [Times: user=0.96 sys=0.00, real=0.06 secs] 
9723.882: [GC [1 CMS-initial-mark: 5624108K(7898752K)] 5853393K(8339648K), 0.6995620 secs] [Times: user=0.70 sys=0.00, real=0.70 secs] 
9724.582: [CMS-concurrent-mark-start]
9725.562: [GC 9725.562: [ParNew: 425471K->34916K(440896K), 0.0366110 secs] 6049579K->5664958K(8339648K), 0.0368330 secs] [Times: user=0.65 sys=0.00, real=0.04 secs] 
9727.187: [GC 9727.188: [ParNew: 426852K->30716K(440896K), 0.0357100 secs] 6056894K->5668130K(8339648K), 0.0359250 secs] [Times: user=0.54 sys=0.00, real=0.03 secs] 
9729.947: [CMS-concurrent-mark: 5.287/5.365 secs] [Times: user=94.98 sys=0.16, real=5.36 secs] 
9729.947: [CMS-concurrent-preclean-start]
9730.167: [CMS-concurrent-preclean: 0.212/0.219 secs] [Times: user=0.22 sys=0.00, real=0.22 secs] 
9730.167: [CMS-concurrent-abortable-preclean-start]
9732.963: [GC 9732.963: [ParNew: 422652K->30695K(440896K), 0.0546840 secs] 6060066K->5671066K(8339648K), 0.0549440 secs] [Times: user=1.09 sys=0.00, real=0.06 secs] 
9734.059: [CMS-concurrent-abortable-preclean: 2.713/3.892 secs] [Times: user=26.34 sys=0.02, real=3.90 secs] 
9734.061: [GC[YG occupancy: 227877 K (440896 K)]9734.062: [Rescan (parallel) , 0.0646380 secs]9734.126: [weak refs processing, 0.0012000 secs]9734.128: [class unloading, 0.0199920 secs]9734.148: [scrub symbol & string tables, 0.0187110 secs] [1 CMS-remark: 5640371K(7898752K)] 5868248K(8339648K), 0.1156070 secs] [Times: user=1.35 sys=0.00, real=0.11 secs] 
9734.177: [CMS-concurrent-sweep-start]
9735.021: [GC 9735.021: [ParNew: 422631K->32027K(440896K), 0.0342750 secs] 6062676K->5676257K(8339648K), 0.0344760 secs] [Times: user=0.51 sys=0.03, real=0.03 secs] 
9737.687: [GC 9737.687: [ParNew: 423963K->33043K(440896K), 0.0408770 secs] 6067185K->5682418K(8339648K), 0.0411070 secs] [Times: user=0.75 sys=0.00, real=0.05 secs] 
9739.534: [GC 9739.534: [ParNew: 424979K->33763K(440896K), 0.0282770 secs] 6074037K->5685484K(8339648K), 0.0284580 secs] [Times: user=0.46 sys=0.00, real=0.03 secs] 
9741.301: [CMS-concurrent-sweep: 7.008/7.124 secs] [Times: user=95.13 sys=0.16, real=7.12 secs] 
9741.301: [CMS-concurrent-reset-start]
9741.346: [CMS-concurrent-reset: 0.045/0.045 secs] [Times: user=0.04 sys=0.00, real=0.04 secs] 
9743.285: [GC 9743.285: [ParNew: 425699K->32691K(440896K), 0.0539760 secs] 6077308K->5694575K(8339648K), 0.0542350 secs] [Times: user=0.91 sys=0.00, real=0.06 secs] 
9743.341: [GC [1 CMS-initial-mark: 5661884K(7898752K)] 5695047K(8339648K), 0.0664270 secs] [Times: user=0.06 sys=0.00, real=0.06 secs] 
9743.407: [CMS-concurrent-mark-start]
9747.760: [GC 9747.760: [ParNew: 424627K->37280K(440896K), 0.0269740 secs] 6086511K->5702150K(8339648K), 0.0271900 secs] [Times: user=0.46 sys=0.00, real=0.03 secs] 
9748.035: [CMS-concurrent-mark: 4.599/4.628 secs] [Times: user=59.27 sys=0.19, real=4.62 secs] 
9748.035: [CMS-concurrent-preclean-start]
9748.208: [CMS-concurrent-preclean: 0.167/0.173 secs] [Times: user=2.94 sys=0.00, real=0.18 secs] 
9748.208: [CMS-concurrent-abortable-preclean-start]
9749.376: [GC 9749.376: [ParNew: 429216K->35802K(440896K), 0.0392750 secs] 6094086K->5706012K(8339648K), 0.0394820 secs] [Times: user=0.62 sys=0.00, real=0.04 secs] 
9750.279: [CMS-concurrent-abortable-preclean: 2.016/2.071 secs] [Times: user=35.23 sys=0.02, real=2.07 secs] 
9750.284: [GC[YG occupancy: 248852 K (440896 K)]9750.284: [Rescan (parallel) , 0.0768510 secs]9750.361: [weak refs processing, 0.0015420 secs]9750.362: [class unloading, 0.0211590 secs]9750.384: [scrub symbol & string tables, 0.0190290 secs] [1 CMS-remark: 5670210K(7898752K)] 5919062K(8339648K), 0.1297960 secs] [Times: user=1.71 sys=0.00, real=0.13 secs] 
9750.414: [CMS-concurrent-sweep-start]
9751.321: [GC 9751.321: [ParNew: 427738K->34902K(440896K), 0.0396770 secs] 6097609K->5707641K(8339648K), 0.0399210 secs] [Times: user=0.70 sys=0.00, real=0.04 secs] 
9754.133: [GC 9754.134: [ParNew: 426838K->32310K(440896K), 0.0409710 secs] 6098949K->5712211K(8339648K), 0.0411940 secs] [Times: user=0.69 sys=0.00, real=0.04 secs] 
9755.779: [GC 9755.780: [ParNew: 424246K->27849K(440896K), 0.0413480 secs] 6103811K->5714893K(8339648K), 0.0415630 secs] [Times: user=0.70 sys=0.00, real=0.04 secs] 
9757.529: [CMS-concurrent-sweep: 6.981/7.115 secs] [Times: user=81.12 sys=0.11, real=7.11 secs] 
9757.529: [CMS-concurrent-reset-start]
9757.574: [CMS-concurrent-reset: 0.045/0.045 secs] [Times: user=0.05 sys=0.00, real=0.05 secs] 
9759.576: [GC [1 CMS-initial-mark: 5686879K(7898752K)] 6059983K(8339648K), 1.2155180 secs] [Times: user=1.22 sys=0.00, real=1.22 secs] 
9760.791: [CMS-concurrent-mark-start]
9762.956: [GC 9762.956: [ParNew: 419785K->29653K(440896K), 0.0351800 secs] 6106664K->5719385K(8339648K), 0.0353970 secs] [Times: user=0.69 sys=0.00, real=0.04 secs] 
9764.832: [GC 9764.832: [ParNew: 421589K->33412K(440896K), 0.0277290 secs] 6111321K->5726037K(8339648K), 0.0279470 secs] [Times: user=0.47 sys=0.01, real=0.03 secs] 
9766.685: [GC 9766.685: [ParNew: 425348K->33236K(440896K), 0.0360510 secs] 6117973K->5731092K(8339648K), 0.0363690 secs] [Times: user=0.67 sys=0.00, real=0.04 secs] 
9767.017: [CMS-concurrent-mark: 6.118/6.226 secs] [Times: user=101.80 sys=0.18, real=6.22 secs] 
9767.017: [CMS-concurrent-preclean-start]
9767.316: [CMS-concurrent-preclean: 0.287/0.299 secs] [Times: user=0.30 sys=0.00, real=0.30 secs] 
9767.316: [CMS-concurrent-abortable-preclean-start]
9768.663: [CMS-concurrent-abortable-preclean: 1.142/1.346 secs] [Times: user=15.04 sys=0.02, real=1.35 secs] 
9768.665: [GC[YG occupancy: 244938 K (440896 K)]9768.666: [Rescan (parallel) , 0.0859250 secs]9768.752: [weak refs processing, 0.0013570 secs]9768.753: [class unloading, 0.0224410 secs]9768.775: [scrub symbol & string tables, 0.0193470 secs] [1 CMS-remark: 5697855K(7898752K)] 5942793K(8339648K), 0.1409550 secs] [Times: user=1.84 sys=0.00, real=0.14 secs] 
9768.807: [CMS-concurrent-sweep-start]
9769.569: [GC 9769.569: [ParNew: 425172K->36052K(440896K), 0.0424340 secs] 6122821K->5736612K(8339648K), 0.0426550 secs] [Times: user=0.71 sys=0.00, real=0.04 secs] 
9772.866: [GC 9772.866: [ParNew: 427795K->39984K(440896K), 0.0597210 secs] 6127579K->5751912K(8339648K), 0.0599870 secs] [Times: user=0.86 sys=0.00, real=0.06 secs] 
9774.703: [GC 9774.703: [ParNew: 431920K->39012K(440896K), 0.0379760 secs] 6143620K->5753593K(8339648K), 0.0382010 secs] [Times: user=0.70 sys=0.01, real=0.04 secs] 
9775.617: [CMS-concurrent-sweep: 6.658/6.810 secs] [Times: user=76.84 sys=0.12, real=6.81 secs] 
9775.617: [CMS-concurrent-reset-start]
9775.662: [CMS-concurrent-reset: 0.045/0.045 secs] [Times: user=0.05 sys=0.00, real=0.05 secs] 
9777.664: [GC [1 CMS-initial-mark: 5714538K(7898752K)] 5828716K(8339648K), 0.4040380 secs] [Times: user=0.41 sys=0.00, real=0.41 secs] 
9778.068: [CMS-concurrent-mark-start]
9779.574: [GC 9779.575: [ParNew: 430948K->44775K(440896K), 0.0891930 secs] 6145486K->5762980K(8339648K), 0.0894210 secs] [Times: user=1.84 sys=0.00, real=0.09 secs] 
9781.376: [GC 9781.376: [ParNew: 436711K->36239K(440896K), 0.0650230 secs] 6154916K->5768948K(8339648K), 0.0652520 secs] [Times: user=1.02 sys=0.00, real=0.07 secs] 
9783.854: [CMS-concurrent-mark: 5.626/5.786 secs] [Times: user=108.50 sys=0.15, real=5.78 secs] 
9783.854: [CMS-concurrent-preclean-start]
9784.122: [CMS-concurrent-preclean: 0.259/0.268 secs] [Times: user=4.59 sys=0.00, real=0.27 secs] 
9784.122: [CMS-concurrent-abortable-preclean-start]
9784.333: [GC 9784.333: [ParNew: 428175K->32151K(440896K), 0.0315530 secs] 6160884K->5764861K(8339648K), 0.0317790 secs] [Times: user=0.68 sys=0.01, real=0.03 secs] 
9785.208: [CMS-concurrent-abortable-preclean: 1.045/1.086 secs] [Times: user=18.70 sys=0.03, real=1.09 secs] 
9785.211: [GC[YG occupancy: 232188 K (440896 K)]9785.211: [Rescan (parallel) , 0.0643720 secs]9785.276: [weak refs processing, 0.0014800 secs]9785.277: [class unloading, 0.0227290 secs]9785.300: [scrub symbol & string tables, 0.0193520 secs] [1 CMS-remark: 5732709K(7898752K)] 5964897K(8339648K), 0.1192360 secs] [Times: user=1.38 sys=0.01, real=0.12 secs] 
9785.331: [CMS-concurrent-sweep-start]
9786.148: [GC 9786.149: [ParNew: 424087K->32563K(440896K), 0.0370190 secs] 6156506K->5771586K(8339648K), 0.0372370 secs] [Times: user=0.48 sys=0.00, real=0.03 secs] 
9789.304: [GC 9789.304: [ParNew: 424499K->32530K(440896K), 0.0525180 secs] 6162237K->5779626K(8339648K), 0.0527460 secs] [Times: user=0.92 sys=0.01, real=0.05 secs] 
9792.159: [CMS-concurrent-sweep: 6.733/6.828 secs] [Times: user=52.98 sys=0.03, real=6.83 secs] 
9792.159: [CMS-concurrent-reset-start]
9792.204: [CMS-concurrent-reset: 0.045/0.045 secs] [Times: user=0.04 sys=0.00, real=0.04 secs] 
9794.210: [GC [1 CMS-initial-mark: 5746162K(7898752K)] 6050779K(8339648K), 0.7343720 secs] [Times: user=0.73 sys=0.00, real=0.73 secs] 
9794.944: [CMS-concurrent-mark-start]
9795.537: [GC 9795.537: [ParNew: 424466K->35017K(440896K), 0.0372110 secs] 6170628K->5783912K(8339648K), 0.0374540 secs] [Times: user=0.70 sys=0.00, real=0.04 secs] 
9797.338: [GC 9797.338: [ParNew: 426953K->36360K(440896K), 0.0482970 secs] 6175848K->5790839K(8339648K), 0.0485280 secs] [Times: user=0.70 sys=0.00, real=0.04 secs] 
9799.150: [GC 9799.151: [ParNew: 428296K->34299K(440896K), 0.0489510 secs] 6182775K->5791829K(8339648K), 0.0491680 secs] [Times: user=0.92 sys=0.01, real=0.05 secs] 
9800.878: [GC 9800.878: [ParNew: 426235K->34687K(440896K), 0.0371460 secs] 6183765K->5799548K(8339648K), 0.0373710 secs] [Times: user=0.37 sys=0.00, real=0.03 secs] 
9801.309: [CMS-concurrent-mark: 6.173/6.364 secs] [Times: user=134.21 sys=0.20, real=6.37 secs] 
9801.309: [CMS-concurrent-preclean-start]
9801.573: [CMS-concurrent-preclean: 0.254/0.264 secs] [Times: user=0.26 sys=0.00, real=0.26 secs] 
9801.573: [CMS-concurrent-abortable-preclean-start]
9804.647: [GC 9804.647: [ParNew: 426623K->23835K(440896K), 0.0449140 secs] 6191484K->5798762K(8339648K), 0.0451460 secs] [Times: user=0.70 sys=0.01, real=0.05 secs] 
 CMS: abort preclean due to time 9806.603: [CMS-concurrent-abortable-preclean: 3.667/5.030 secs] [Times: user=36.97 sys=0.07, real=5.03 secs] 
9806.605: [GC[YG occupancy: 147081 K (440896 K)]9806.605: [Rescan (parallel) , 0.0781920 secs]9806.683: [weak refs processing, 0.0014890 secs]9806.685: [class unloading, 0.0299270 secs]9806.715: [scrub symbol & string tables, 0.0240860 secs] [1 CMS-remark: 5774927K(7898752K)] 5922009K(8339648K), 0.1508630 secs] [Times: user=1.86 sys=0.01, real=0.15 secs] 
9806.756: [CMS-concurrent-sweep-start]
9809.358: [GC 9809.359: [ParNew: 415771K->30312K(440896K), 0.0427730 secs] 6189881K->5807327K(8339648K), 0.0430020 secs] [Times: user=0.72 sys=0.01, real=0.04 secs] 
9811.092: [GC 9811.092: [ParNew: 422248K->33743K(440896K), 0.0341910 secs] 6198156K->5812641K(8339648K), 0.0344080 secs] [Times: user=0.63 sys=0.00, real=0.03 secs] 
9814.041: [GC 9814.041: [ParNew: 425679K->34871K(440896K), 0.0350620 secs] 6199711K->5811791K(8339648K), 0.0352910 secs] [Times: user=0.47 sys=0.01, real=0.03 secs] 
9814.963: [CMS-concurrent-sweep: 8.086/8.207 secs] [Times: user=101.17 sys=0.07, real=8.21 secs] 
9814.963: [CMS-concurrent-reset-start]
9815.010: [CMS-concurrent-reset: 0.047/0.047 secs] [Times: user=0.85 sys=0.00, real=0.05 secs] 
9815.692: [GC 9815.692: [ParNew: 426807K->30734K(440896K), 0.0435780 secs] 6203143K->5814424K(8339648K), 0.0438070 secs] [Times: user=0.70 sys=0.00, real=0.04 secs] 
9815.737: [GC [1 CMS-initial-mark: 5783689K(7898752K)] 5814886K(8339648K), 0.0397230 secs] [Times: user=0.04 sys=0.00, real=0.04 secs] 
9815.777: [CMS-concurrent-mark-start]
9818.976: [GC 9818.976: [ParNew: 422670K->28278K(440896K), 0.0434060 secs] 6206360K->5819584K(8339648K), 0.0436330 secs] [Times: user=0.87 sys=0.00, real=0.05 secs] 
9820.320: [CMS-concurrent-mark: 4.496/4.543 secs] [Times: user=58.64 sys=0.04, real=4.54 secs] 
9820.320: [CMS-concurrent-preclean-start]
9820.499: [CMS-concurrent-preclean: 0.172/0.179 secs] [Times: user=0.18 sys=0.00, real=0.18 secs] 
9820.499: [CMS-concurrent-abortable-preclean-start]
9824.481: [GC 9824.481: [ParNew: 420214K->28015K(440896K), 0.0356900 secs] 6211520K->5822014K(8339648K), 0.0359790 secs] [Times: user=0.66 sys=0.00, real=0.03 secs] 
9825.352: [CMS-concurrent-abortable-preclean: 3.594/4.853 secs] [Times: user=40.39 sys=0.10, real=4.85 secs] 
9825.355: [GC[YG occupancy: 232280 K (440896 K)]9825.355: [Rescan (parallel) , 0.0660230 secs]9825.421: [weak refs processing, 0.0013400 secs]9825.422: [class unloading, 0.0220280 secs]9825.444: [scrub symbol & string tables, 0.0196540 secs] [1 CMS-remark: 5793998K(7898752K)] 6026278K(8339648K), 0.1204930 secs] [Times: user=1.60 sys=0.00, real=0.12 secs] 
9825.476: [CMS-concurrent-sweep-start]
9826.271: [GC 9826.272: [ParNew: 419951K->33721K(440896K), 0.0346090 secs] 6213663K->5832184K(8339648K), 0.0348320 secs] [Times: user=0.46 sys=0.00, real=0.03 secs] 
9829.261: [GC 9829.261: [ParNew: 425657K->35826K(440896K), 0.0314060 secs] 6223156K->5836251K(8339648K), 0.0316310 secs] [Times: user=0.46 sys=0.00, real=0.03 secs] 
9830.948: [GC 9830.948: [ParNew: 427762K->34399K(440896K), 0.0352640 secs] 6227755K->5839765K(8339648K), 0.0354840 secs] [Times: user=0.48 sys=0.01, real=0.03 secs] 
9832.310: [CMS-concurrent-sweep: 6.725/6.834 secs] [Times: user=74.37 sys=0.11, real=6.84 secs] 
9832.310: [CMS-concurrent-reset-start]
9832.356: [CMS-concurrent-reset: 0.046/0.046 secs] [Times: user=0.04 sys=0.00, real=0.04 secs] 
9834.359: [GC [1 CMS-initial-mark: 5805119K(7898752K)] 6102774K(8339648K), 0.7161310 secs] [Times: user=0.71 sys=0.00, real=0.71 secs] 
9835.075: [CMS-concurrent-mark-start]
9835.800: [GC 9835.800: [ParNew: 426335K->34054K(440896K), 0.0536670 secs] 6231455K->5848730K(8339648K), 0.0539390 secs] [Times: user=0.87 sys=0.00, real=0.05 secs] 
9839.325: [GC 9839.325: [ParNew: 425990K->36510K(440896K), 0.0326890 secs] 6240666K->5854001K(8339648K), 0.0329190 secs] [Times: user=0.70 sys=0.00, real=0.04 secs] 
9840.821: [CMS-concurrent-mark: 5.653/5.746 secs] [Times: user=97.70 sys=0.20, real=5.75 secs] 
9840.821: [CMS-concurrent-preclean-start]
9840.974: [GC 9840.974: [ParNew: 428446K->36766K(440896K), 0.0335930 secs] 6245937K->5859678K(8339648K), 0.0338370 secs] [Times: user=0.66 sys=0.00, real=0.04 secs] 
9841.213: [CMS-concurrent-preclean: 0.343/0.392 secs] [Times: user=6.98 sys=0.01, real=0.39 secs] 
9841.213: [CMS-concurrent-abortable-preclean-start]
9843.431: [CMS-concurrent-abortable-preclean: 1.512/2.218 secs] [Times: user=12.81 sys=0.01, real=2.22 secs] 
9843.438: [GC[YG occupancy: 242483 K (440896 K)]9843.438: [Rescan (parallel) , 0.1022990 secs]9843.540: [weak refs processing, 0.0013090 secs]9843.541: [class unloading, 0.0287560 secs]9843.570: [scrub symbol & string tables, 0.0235010 secs] [1 CMS-remark: 5822911K(7898752K)] 6065395K(8339648K), 0.1727690 secs] [Times: user=2.20 sys=0.03, real=0.17 secs] 
9843.611: [CMS-concurrent-sweep-start]
9844.613: [GC 9844.613: [ParNew: 428702K->36375K(440896K), 0.0331810 secs] 6251367K->5862078K(8339648K), 0.0334180 secs] [Times: user=0.68 sys=0.00, real=0.03 secs] 
9846.328: [GC 9846.328: [ParNew: 428311K->34187K(440896K), 0.0445240 secs] 6253812K->5869905K(8339648K), 0.0447520 secs] [Times: user=0.72 sys=0.00, real=0.04 secs] 
9849.224: [GC 9849.225: [ParNew: 426123K->24956K(440896K), 0.0344080 secs] 6261385K->5865444K(8339648K), 0.0346400 secs] [Times: user=0.65 sys=0.00, real=0.04 secs] 
9850.888: [CMS-concurrent-sweep: 7.154/7.277 secs] [Times: user=86.14 sys=0.07, real=7.27 secs] 
9850.888: [CMS-concurrent-reset-start]
9850.933: [CMS-concurrent-reset: 0.045/0.045 secs] [Times: user=0.07 sys=0.01, real=0.05 secs] 
9852.935: [GC [1 CMS-initial-mark: 5840387K(7898752K)] 5955659K(8339648K), 0.4240250 secs] [Times: user=0.42 sys=0.00, real=0.43 secs] 
9853.359: [CMS-concurrent-mark-start]
9854.820: [GC 9854.820: [ParNew: 416892K->31772K(440896K), 0.0373240 secs] 6257280K->5875052K(8339648K), 0.0375980 secs] [Times: user=0.69 sys=0.00, real=0.03 secs] 
9856.500: [GC 9856.500: [ParNew: 423708K->32089K(440896K), 0.0407710 secs] 6266988K->5880245K(8339648K), 0.0410440 secs] [Times: user=0.70 sys=0.00, real=0.04 secs] 
9858.963: [CMS-concurrent-mark: 5.516/5.604 secs] [Times: user=100.68 sys=0.09, real=5.60 secs] 
9858.963: [CMS-concurrent-preclean-start]
9859.194: [CMS-concurrent-preclean: 0.222/0.231 secs] [Times: user=3.91 sys=0.00, real=0.23 secs] 
9859.194: [CMS-concurrent-abortable-preclean-start]
9859.419: [GC 9859.419: [ParNew: 424025K->35348K(440896K), 0.0413900 secs] 6272181K->5888665K(8339648K), 0.0416150 secs] [Times: user=0.70 sys=0.01, real=0.04 secs] 
9860.288: [CMS-concurrent-abortable-preclean: 1.042/1.094 secs] [Times: user=18.56 sys=0.04, real=1.10 secs] 
9860.290: [GC[YG occupancy: 243600 K (440896 K)]9860.291: [Rescan (parallel) , 0.0602290 secs]9860.351: [weak refs processing, 0.0014900 secs]9860.352: [class unloading, 0.0217760 secs]9860.374: [scrub symbol & string tables, 0.0191960 secs] [1 CMS-remark: 5853317K(7898752K)] 6096917K(8339648K), 0.1143620 secs] [Times: user=1.20 sys=0.00, real=0.11 secs] 
9860.405: [CMS-concurrent-sweep-start]
9861.331: [GC 9861.331: [ParNew: 427284K->35119K(440896K), 0.0516010 secs] 6280440K->5892955K(8339648K), 0.0518400 secs] [Times: user=0.90 sys=0.00, real=0.05 secs] 
9864.153: [GC 9864.153: [ParNew: 427055K->28845K(440896K), 0.0498230 secs] 6284178K->5894657K(8339648K), 0.0500390 secs] [Times: user=0.88 sys=0.01, real=0.05 secs] 
9867.500: [CMS-concurrent-sweep: 6.988/7.095 secs] [Times: user=60.02 sys=0.12, real=7.10 secs] 
9867.500: [CMS-concurrent-reset-start]
9867.548: [CMS-concurrent-reset: 0.048/0.048 secs] [Times: user=0.75 sys=0.00, real=0.05 secs] 
9868.759: [GC 9868.759: [ParNew: 420781K->28230K(440896K), 0.0344160 secs] 6286000K->5896217K(8339648K), 0.0346300 secs] [Times: user=0.47 sys=0.00, real=0.03 secs] 
9868.795: [GC [1 CMS-initial-mark: 5867986K(7898752K)] 5896956K(8339648K), 0.0483990 secs] [Times: user=0.05 sys=0.00, real=0.05 secs] 
9868.843: [CMS-concurrent-mark-start]
9870.406: [GC 9870.407: [ParNew: 420166K->34326K(440896K), 0.0478680 secs] 6288153K->5907268K(8339648K), 0.0480850 secs] [Times: user=0.83 sys=0.00, real=0.05 secs] 
9873.426: [GC 9873.426: [ParNew: 426262K->34089K(440896K), 0.0343000 secs] 6299204K->5912327K(8339648K), 0.0345160 secs] [Times: user=0.69 sys=0.00, real=0.04 secs] 
9874.400: [CMS-concurrent-mark: 5.469/5.556 secs] [Times: user=98.80 sys=0.22, real=5.56 secs] 
9874.400: [CMS-concurrent-preclean-start]
9874.603: [CMS-concurrent-preclean: 0.196/0.203 secs] [Times: user=3.42 sys=0.00, real=0.20 secs] 
9874.603: [CMS-concurrent-abortable-preclean-start]
9875.109: [GC 9875.109: [ParNew: 426025K->34058K(440896K), 0.0327190 secs] 6304263K->5915427K(8339648K), 0.0329040 secs] [Times: user=0.47 sys=0.00, real=0.03 secs] 
9877.681: [CMS-concurrent-abortable-preclean: 2.332/3.079 secs] [Times: user=24.88 sys=0.01, real=3.08 secs] 
9877.684: [GC[YG occupancy: 243290 K (440896 K)]9877.684: [Rescan (parallel) , 0.1040740 secs]9877.789: [weak refs processing, 0.0014360 secs]9877.790: [class unloading, 0.0292180 secs]9877.819: [scrub symbol & string tables, 0.0234830 secs] [1 CMS-remark: 5881368K(7898752K)] 6124659K(8339648K), 0.1756160 secs] [Times: user=2.32 sys=0.00, real=0.18 secs] 
9877.860: [CMS-concurrent-sweep-start]
9878.720: [GC 9878.720: [ParNew: 425994K->32861K(440896K), 0.0388420 secs] 6307123K->5922098K(8339648K), 0.0390690 secs] [Times: user=0.58 sys=0.01, real=0.04 secs] 
9883.902: [GC 9883.902: [ParNew: 424797K->31585K(440896K), 0.0385560 secs] 6313178K->5924429K(8339648K), 0.0387830 secs] [Times: user=0.69 sys=0.00, real=0.04 secs] 
9884.907: [CMS-concurrent-sweep: 6.964/7.047 secs] [Times: user=64.09 sys=0.03, real=7.04 secs] 
9884.907: [CMS-concurrent-reset-start]
9884.953: [CMS-concurrent-reset: 0.046/0.046 secs] [Times: user=0.82 sys=0.00, real=0.05 secs] 
9885.511: [GC 9885.512: [ParNew: 423521K->33015K(440896K), 0.0354400 secs] 6316316K->5931214K(8339648K), 0.0356590 secs] [Times: user=0.57 sys=0.00, real=0.04 secs] 
9885.549: [GC [1 CMS-initial-mark: 5898198K(7898752K)] 5932570K(8339648K), 0.0430080 secs] [Times: user=0.05 sys=0.00, real=0.04 secs] 
9885.592: [CMS-concurrent-mark-start]
9888.638: [GC 9888.639: [ParNew: 424951K->35108K(440896K), 0.0313330 secs] 6323150K->5936250K(8339648K), 0.0315580 secs] [Times: user=0.50 sys=0.00, real=0.03 secs] 
9890.299: [GC 9890.300: [ParNew: 427044K->34485K(440896K), 0.0347220 secs] 6328186K->5940683K(8339648K), 0.0349410 secs] [Times: user=0.46 sys=0.00, real=0.03 secs] 
9890.911: [CMS-concurrent-mark: 5.248/5.319 secs] [Times: user=86.09 sys=0.17, real=5.32 secs] 
9890.911: [CMS-concurrent-preclean-start]
9891.081: [CMS-concurrent-preclean: 0.164/0.170 secs] [Times: user=0.21 sys=0.00, real=0.17 secs] 
9891.081: [CMS-concurrent-abortable-preclean-start]
9893.444: [CMS-concurrent-abortable-preclean: 1.758/2.363 secs] [Times: user=17.42 sys=0.02, real=2.36 secs] 
9893.446: [GC[YG occupancy: 235483 K (440896 K)]9893.446: [Rescan (parallel) , 0.0761330 secs]9893.523: [weak refs processing, 0.0015900 secs]9893.524: [class unloading, 0.0215280 secs]9893.546: [scrub symbol & string tables, 0.0187720 secs] [1 CMS-remark: 5906197K(7898752K)] 6141681K(8339648K), 0.1294730 secs] [Times: user=1.79 sys=0.00, real=0.13 secs] 
9893.576: [CMS-concurrent-sweep-start]
9894.401: [GC 9894.401: [ParNew: 426421K->31638K(440896K), 0.0450940 secs] 6332469K->5947362K(8339648K), 0.0453190 secs] [Times: user=0.70 sys=0.00, real=0.04 secs] 
9898.995: [GC 9898.995: [ParNew: 423574K->33935K(440896K), 0.0324470 secs] 6338440K->5951739K(8339648K), 0.0326860 secs] [Times: user=0.66 sys=0.02, real=0.04 secs] 
9900.712: [GC 9900.712: [ParNew: 425871K->34408K(440896K), 0.0365530 secs] 6343379K->5957418K(8339648K), 0.0367750 secs] [Times: user=0.66 sys=0.00, real=0.04 secs] 
9900.749: [CMS-concurrent-sweep: 7.051/7.173 secs] [Times: user=78.32 sys=0.06, real=7.18 secs] 
9900.749: [CMS-concurrent-reset-start]
9900.801: [CMS-concurrent-reset: 0.051/0.051 secs] [Times: user=0.85 sys=0.01, real=0.05 secs] 
9902.804: [GC [1 CMS-initial-mark: 5923010K(7898752K)] 6144749K(8339648K), 0.7307990 secs] [Times: user=0.73 sys=0.00, real=0.73 secs] 
9903.535: [CMS-concurrent-mark-start]
9904.631: [GC 9904.631: [ParNew: 426344K->35266K(440896K), 0.0336090 secs] 6349354K->5961182K(8339648K), 0.0338550 secs] [Times: user=0.47 sys=0.00, real=0.03 secs] 
9906.357: [GC 9906.357: [ParNew: 427202K->33932K(440896K), 0.0429600 secs] 6353118K->5967258K(8339648K), 0.0431870 secs] [Times: user=0.72 sys=0.00, real=0.05 secs] 
9908.583: [GC 9908.583: [ParNew: 425868K->29948K(440896K), 0.0431570 secs] 6359194K->5971011K(8339648K), 0.0433840 secs] [Times: user=0.67 sys=0.00, real=0.04 secs] 
9909.591: [CMS-concurrent-mark: 5.928/6.056 secs] [Times: user=112.11 sys=0.14, real=6.06 secs] 
9909.591: [CMS-concurrent-preclean-start]
9909.825: [CMS-concurrent-preclean: 0.226/0.234 secs] [Times: user=0.23 sys=0.00, real=0.23 secs] 
9909.825: [CMS-concurrent-abortable-preclean-start]
9914.115: [GC 9914.115: [ParNew: 421884K->31544K(440896K), 0.0389350 secs] 6362947K->5975446K(8339648K), 0.0391600 secs] [Times: user=0.69 sys=0.01, real=0.04 secs] 
 CMS: abort preclean due to time 9914.900: [CMS-concurrent-abortable-preclean: 3.815/5.074 secs] [Times: user=41.36 sys=0.03, real=5.08 secs] 
9914.902: [GC[YG occupancy: 205331 K (440896 K)]9914.902: [Rescan (parallel) , 0.0588680 secs]9914.961: [weak refs processing, 0.0014000 secs]9914.963: [class unloading, 0.0207140 secs]9914.983: [scrub symbol & string tables, 0.0187130 secs] [1 CMS-remark: 5943901K(7898752K)] 6149233K(8339648K), 0.1112130 secs] [Times: user=1.27 sys=0.00, real=0.11 secs] 
9915.014: [CMS-concurrent-sweep-start]
9915.947: [GC 9915.947: [ParNew: 423480K->32255K(440896K), 0.0354370 secs] 6367101K->5981103K(8339648K), 0.0356810 secs] [Times: user=0.55 sys=0.00, real=0.04 secs] 
9918.913: [GC 9918.913: [ParNew: 424191K->32479K(440896K), 0.0390070 secs] 6372442K->5985946K(8339648K), 0.0392380 secs] [Times: user=0.69 sys=0.01, real=0.04 secs] 
9920.645: [GC 9920.645: [ParNew: 424415K->31286K(440896K), 0.0370740 secs] 6377646K->5987404K(8339648K), 0.0372900 secs] [Times: user=0.69 sys=0.00, real=0.04 secs] 
9922.410: [CMS-concurrent-sweep: 7.274/7.396 secs] [Times: user=82.81 sys=0.09, real=7.40 secs] 
9922.410: [CMS-concurrent-reset-start]
9922.455: [CMS-concurrent-reset: 0.045/0.045 secs] [Times: user=0.08 sys=0.00, real=0.04 secs] 
9923.984: [GC 9923.984: [ParNew: 423222K->39664K(440896K), 0.0610650 secs] 6379230K->6005896K(8339648K), 0.0612980 secs] [Times: user=1.10 sys=0.00, real=0.06 secs] 
9924.047: [GC [1 CMS-initial-mark: 5966232K(7898752K)] 6006353K(8339648K), 0.0492940 secs] [Times: user=0.05 sys=0.00, real=0.05 secs] 
9924.096: [CMS-concurrent-mark-start]
9928.563: [GC 9928.563: [ParNew: 431600K->38973K(440896K), 0.0338060 secs] 6397832K->6007719K(8339648K), 0.0340320 secs] [Times: user=0.69 sys=0.00, real=0.04 secs] 
9928.699: [CMS-concurrent-mark: 4.567/4.603 secs] [Times: user=56.40 sys=0.12, real=4.61 secs] 
9928.699: [CMS-concurrent-preclean-start]
9928.903: [CMS-concurrent-preclean: 0.197/0.203 secs] [Times: user=3.53 sys=0.01, real=0.20 secs] 
9928.903: [CMS-concurrent-abortable-preclean-start]
9929.402: [CMS-concurrent-abortable-preclean: 0.499/0.500 secs] [Times: user=8.53 sys=0.00, real=0.50 secs] 
9929.405: [GC[YG occupancy: 241037 K (440896 K)]9929.405: [Rescan (parallel) , 0.0725950 secs]9929.478: [weak refs processing, 0.0015430 secs]9929.479: [class unloading, 0.0215620 secs]9929.501: [scrub symbol & string tables, 0.0187150 secs] [1 CMS-remark: 5968746K(7898752K)] 6209783K(8339648K), 0.1259270 secs] [Times: user=1.55 sys=0.00, real=0.13 secs] 
9929.531: [CMS-concurrent-sweep-start]
9930.321: [GC 9930.321: [ParNew: 430909K->44948K(440896K), 0.0800420 secs] 6399375K->6019041K(8339648K), 0.0802680 secs] [Times: user=1.62 sys=0.00, real=0.08 secs] 
9933.386: [GC 9933.387: [ParNew: 436884K->38404K(440896K), 0.0873980 secs] 6409554K->6026341K(8339648K), 0.0876390 secs] [Times: user=1.46 sys=0.03, real=0.09 secs] 
9935.161: [GC 9935.162: [ParNew: 430340K->27758K(440896K), 0.0265820 secs] 6417844K->6015261K(8339648K), 0.0268230 secs] [Times: user=0.46 sys=0.01, real=0.03 secs] 
9937.179: [CMS-concurrent-sweep: 7.442/7.648 secs] [Times: user=97.36 sys=0.11, real=7.65 secs] 
9937.179: [CMS-concurrent-reset-start]
9937.224: [CMS-concurrent-reset: 0.045/0.045 secs] [Times: user=0.05 sys=0.00, real=0.04 secs] 
9938.365: [GC 9938.365: [ParNew: 419694K->32414K(440896K), 0.0398350 secs] 6406655K->6027018K(8339648K), 0.0400620 secs] [Times: user=0.69 sys=0.01, real=0.04 secs] 
9938.406: [GC [1 CMS-initial-mark: 5994604K(7898752K)] 6027569K(8339648K), 0.0405500 secs] [Times: user=0.04 sys=0.00, real=0.04 secs] 
9938.447: [CMS-concurrent-mark-start]
9942.914: [CMS-concurrent-mark: 4.466/4.466 secs] [Times: user=42.51 sys=0.12, real=4.46 secs] 
9942.914: [CMS-concurrent-preclean-start]
9942.995: [CMS-concurrent-preclean: 0.079/0.081 secs] [Times: user=1.36 sys=0.00, real=0.08 secs] 
9942.995: [CMS-concurrent-abortable-preclean-start]
9943.529: [GC 9943.529: [ParNew: 424350K->34368K(440896K), 0.0399530 secs] 6418954K->6034359K(8339648K), 0.0401810 secs] [Times: user=0.70 sys=0.00, real=0.04 secs] 
9944.405: [CMS-concurrent-abortable-preclean: 1.357/1.409 secs] [Times: user=23.93 sys=0.02, real=1.41 secs] 
9944.407: [GC[YG occupancy: 235396 K (440896 K)]9944.408: [Rescan (parallel) , 0.0610900 secs]9944.469: [weak refs processing, 0.0011800 secs]9944.470: [class unloading, 0.0208660 secs]9944.491: [scrub symbol & string tables, 0.0188830 secs] [1 CMS-remark: 5999991K(7898752K)] 6235387K(8339648K), 0.1135080 secs] [Times: user=1.27 sys=0.00, real=0.11 secs] 
9944.522: [CMS-concurrent-sweep-start]
9945.335: [GC 9945.335: [ParNew: 426304K->35444K(440896K), 0.0398530 secs] 6425356K->6039785K(8339648K), 0.0400810 secs] [Times: user=0.69 sys=0.00, real=0.04 secs] 
9948.332: [GC 9948.332: [ParNew: 427380K->38703K(440896K), 0.0500320 secs] 6429810K->6044120K(8339648K), 0.0502640 secs] [Times: user=0.93 sys=0.00, real=0.05 secs] 
9950.153: [GC 9950.153: [ParNew: 430639K->35105K(440896K), 0.0362040 secs] 6432791K->6042480K(8339648K), 0.0364300 secs] [Times: user=0.69 sys=0.00, real=0.04 secs] 
9952.025: [CMS-concurrent-sweep: 7.366/7.504 secs] [Times: user=89.48 sys=0.04, real=7.50 secs] 
9952.025: [CMS-concurrent-reset-start]
9952.070: [CMS-concurrent-reset: 0.045/0.045 secs] [Times: user=0.05 sys=0.00, real=0.05 secs] 
9953.855: [GC 9953.856: [ParNew: 427041K->31167K(440896K), 0.0428920 secs] 6433235K->6045095K(8339648K), 0.0431070 secs] [Times: user=0.69 sys=0.00, real=0.05 secs] 
9953.900: [GC [1 CMS-initial-mark: 6013928K(7898752K)] 6045504K(8339648K), 0.0404280 secs] [Times: user=0.04 sys=0.00, real=0.04 secs] 
9953.941: [CMS-concurrent-mark-start]
9958.412: [GC 9958.412: [ParNew: 423103K->30888K(440896K), 0.0406290 secs] 6437031K->6050106K(8339648K), 0.0408620 secs] [Times: user=0.70 sys=0.00, real=0.04 secs] 
9959.490: [CMS-concurrent-mark: 5.507/5.550 secs] [Times: user=79.07 sys=0.13, real=5.55 secs] 
9959.490: [CMS-concurrent-preclean-start]
9959.728: [CMS-concurrent-preclean: 0.224/0.238 secs] [Times: user=3.96 sys=0.01, real=0.24 secs] 
9959.728: [CMS-concurrent-abortable-preclean-start]
9960.167: [GC 9960.167: [ParNew: 422824K->31837K(440896K), 0.0364730 secs] 6442042K->6056517K(8339648K), 0.0367040 secs] [Times: user=0.62 sys=0.00, real=0.04 secs] 
9961.065: [CMS-concurrent-abortable-preclean: 1.289/1.337 secs] [Times: user=22.76 sys=0.01, real=1.33 secs] 
9961.068: [GC[YG occupancy: 236181 K (440896 K)]9961.068: [Rescan (parallel) , 0.0579350 secs]9961.126: [weak refs processing, 0.0012200 secs]9961.128: [class unloading, 0.0213330 secs]9961.149: [scrub symbol & string tables, 0.0188240 secs] [1 CMS-remark: 6024679K(7898752K)] 6260861K(8339648K), 0.1106830 secs] [Times: user=1.22 sys=0.01, real=0.11 secs] 
9961.179: [CMS-concurrent-sweep-start]
9963.052: [GC 9963.052: [ParNew: 423773K->34579K(440896K), 0.0490530 secs] 6448085K->6061849K(8339648K), 0.0493330 secs] [Times: user=0.91 sys=0.00, real=0.05 secs] 
9964.912: [GC 9964.912: [ParNew: 426515K->33666K(440896K), 0.0442550 secs] 6453552K->6065862K(8339648K), 0.0444950 secs] [Times: user=0.82 sys=0.00, real=0.04 secs] 
9967.895: [GC 9967.895: [ParNew: 425602K->31615K(440896K), 0.0480280 secs] 6457348K->6070686K(8339648K), 0.0482940 secs] [Times: user=0.91 sys=0.01, real=0.05 secs] 
9969.254: [CMS-concurrent-sweep: 7.924/8.075 secs] [Times: user=97.65 sys=0.14, real=8.07 secs] 
9969.254: [CMS-concurrent-reset-start]
9969.299: [CMS-concurrent-reset: 0.045/0.045 secs] [Times: user=0.03 sys=0.01, real=0.05 secs] 
9971.300: [GC [1 CMS-initial-mark: 6038947K(7898752K)] 6296012K(8339648K), 0.8132420 secs] [Times: user=0.81 sys=0.00, real=0.81 secs] 
9972.114: [CMS-concurrent-mark-start]
9973.891: [GC 9973.891: [ParNew: 423551K->38363K(440896K), 0.0468730 secs] 6462498K->6081056K(8339648K), 0.0470890 secs] [Times: user=0.91 sys=0.00, real=0.05 secs] 
9975.597: [GC 9975.598: [ParNew: 430299K->35074K(440896K), 0.0400860 secs] 6472992K->6083186K(8339648K), 0.0403070 secs] [Times: user=0.70 sys=0.00, real=0.04 secs] 
9977.703: [CMS-concurrent-mark: 5.496/5.589 secs] [Times: user=91.72 sys=0.06, real=5.59 secs] 
9977.703: [CMS-concurrent-preclean-start]
9977.923: [CMS-concurrent-preclean: 0.213/0.220 secs] [Times: user=0.28 sys=0.00, real=0.22 secs] 
9977.924: [CMS-concurrent-abortable-preclean-start]
9978.648: [GC 9978.648: [ParNew: 427010K->37796K(440896K), 0.0583270 secs] 6475122K->6088914K(8339648K), 0.0586290 secs] [Times: user=1.10 sys=0.01, real=0.05 secs] 
9979.670: [CMS-concurrent-abortable-preclean: 1.572/1.746 secs] [Times: user=26.81 sys=0.04, real=1.75 secs] 
9979.673: [GC[YG occupancy: 234709 K (440896 K)]9979.673: [Rescan (parallel) , 0.0633160 secs]9979.736: [weak refs processing, 0.0013880 secs]9979.738: [class unloading, 0.0214340 secs]9979.759: [scrub symbol & string tables, 0.0188290 secs] [1 CMS-remark: 6051117K(7898752K)] 6285827K(8339648K), 0.1167860 secs] [Times: user=1.40 sys=0.00, real=0.12 secs] 
9979.798: [CMS-concurrent-sweep-start]
9980.635: [GC 9980.635: [ParNew: 429732K->35940K(440896K), 0.0407150 secs] 6480718K->6093762K(8339648K), 0.0409450 secs] [Times: user=0.64 sys=0.01, real=0.04 secs] 
9984.054: [GC 9984.054: [ParNew: 427876K->25511K(440896K), 0.0435980 secs] 6484747K->6092195K(8339648K), 0.0439560 secs] [Times: user=0.63 sys=0.02, real=0.05 secs] 
9988.034: [CMS-concurrent-sweep: 8.146/8.236 secs] [Times: user=71.36 sys=0.07, real=8.23 secs] 
9988.034: [CMS-concurrent-reset-start]
9988.079: [CMS-concurrent-reset: 0.045/0.045 secs] [Times: user=0.05 sys=0.00, real=0.05 secs] 
9988.733: [GC 9988.733: [ParNew: 417447K->32921K(440896K), 0.0495170 secs] 6483907K->6102252K(8339648K), 0.0497810 secs] [Times: user=0.93 sys=0.00, real=0.05 secs] 
9988.784: [GC [1 CMS-initial-mark: 6069331K(7898752K)] 6102517K(8339648K), 0.0753110 secs] [Times: user=0.08 sys=0.00, real=0.08 secs] 
9988.860: [CMS-concurrent-mark-start]
9990.899: [GC 9990.899: [ParNew: 424857K->35757K(440896K), 0.0347300 secs] 6494188K->6110367K(8339648K), 0.0349500 secs] [Times: user=0.46 sys=0.00, real=0.03 secs] 
9993.408: [GC 9993.409: [ParNew: 427693K->37733K(440896K), 0.0339940 secs] 6502303K->6115295K(8339648K), 0.0342480 secs] [Times: user=0.50 sys=0.00, real=0.03 secs] 
9995.342: [GC 9995.342: [ParNew: 429669K->35178K(440896K), 0.0374570 secs] 6507231K->6118016K(8339648K), 0.0376980 secs] [Times: user=0.70 sys=0.00, real=0.04 secs] 
9997.220: [CMS-concurrent-mark: 8.246/8.360 secs] [Times: user=168.68 sys=0.13, real=8.36 secs] 
9997.220: [CMS-concurrent-preclean-start]
9997.452: [CMS-concurrent-preclean: 0.224/0.233 secs] [Times: user=0.23 sys=0.00, real=0.23 secs] 
9997.453: [CMS-concurrent-abortable-preclean-start]
9998.377: [GC 9998.377: [ParNew: 427114K->35023K(440896K), 0.0511730 secs] 6509952K->6125932K(8339648K), 0.0514850 secs] [Times: user=0.87 sys=0.00, real=0.06 secs] 
9999.539: [CMS-concurrent-abortable-preclean: 1.707/2.087 secs] [Times: user=24.45 sys=0.03, real=2.09 secs] 
9999.542: [GC[YG occupancy: 241551 K (440896 K)]9999.542: [Rescan (parallel) , 0.0853480 secs]9999.627: [weak refs processing, 0.0012420 secs]9999.629: [class unloading, 0.0210980 secs]9999.650: [scrub symbol & string tables, 0.0188730 secs] [1 CMS-remark: 6090908K(7898752K)] 6332460K(8339648K), 0.1378110 secs] [Times: user=1.86 sys=0.00, real=0.14 secs] 
9999.680: [CMS-concurrent-sweep-start]
10003.879: [GC 10003.879: [ParNew: 426959K->29182K(440896K), 0.0453630 secs] 6517006K->6124031K(8339648K), 0.0456050 secs] [Times: user=0.71 sys=0.02, real=0.04 secs] 
10005.845: [GC 10005.845: [ParNew: 421118K->32922K(440896K), 0.0371540 secs] 6515760K->6132874K(8339648K), 0.0373790 secs] [Times: user=0.70 sys=0.00, real=0.04 secs] 
10008.225: [CMS-concurrent-sweep: 8.453/8.545 secs] [Times: user=79.16 sys=0.06, real=8.54 secs] 
10008.225: [CMS-concurrent-reset-start]
10008.291: [CMS-concurrent-reset: 0.065/0.065 secs] [Times: user=1.24 sys=0.00, real=0.07 secs] 
10008.594: [GC 10008.594: [ParNew: 424858K->35879K(440896K), 0.0456350 secs] 6524584K->6138496K(8339648K), 0.0458900 secs] [Times: user=0.93 sys=0.00, real=0.05 secs] 
10008.641: [GC [1 CMS-initial-mark: 6102617K(7898752K)] 6139557K(8339648K), 0.0794320 secs] [Times: user=0.08 sys=0.00, real=0.08 secs] 
10008.721: [CMS-concurrent-mark-start]
10010.767: [GC 10010.767: [ParNew: 427815K->35521K(440896K), 0.0406070 secs] 6530432K->6143204K(8339648K), 0.0408450 secs] [Times: user=0.80 sys=0.01, real=0.05 secs] 
10014.002: [GC 10014.002: [ParNew: 427457K->29750K(440896K), 0.0590270 secs] 6535140K->6146420K(8339648K), 0.0592560 secs] [Times: user=1.09 sys=0.00, real=0.06 secs] 
10016.231: [CMS-concurrent-mark: 7.405/7.510 secs] [Times: user=129.71 sys=0.12, real=7.51 secs] 
10016.231: [CMS-concurrent-preclean-start]
10016.481: [CMS-concurrent-preclean: 0.241/0.250 secs] [Times: user=0.26 sys=0.01, real=0.25 secs] 
10016.481: [CMS-concurrent-abortable-preclean-start]
10018.730: [GC 10018.730: [ParNew: 421686K->34082K(440896K), 0.0533700 secs] 6538356K->6154616K(8339648K), 0.0536390 secs] [Times: user=0.93 sys=0.00, real=0.05 secs] 
10019.768: [CMS-concurrent-abortable-preclean: 2.505/3.286 secs] [Times: user=28.87 sys=0.02, real=3.29 secs] 
10019.772: [GC[YG occupancy: 230618 K (440896 K)]10019.772: [Rescan (parallel) , 0.0812780 secs]10019.854: [weak refs processing, 0.0015050 secs]10019.855: [class unloading, 0.0216360 secs]10019.877: [scrub symbol & string tables, 0.0188920 secs] [1 CMS-remark: 6120533K(7898752K)] 6351151K(8339648K), 0.1350810 secs] [Times: user=1.72 sys=0.00, real=0.14 secs] 
10019.908: [CMS-concurrent-sweep-start]
10020.764: [GC 10020.765: [ParNew: 426018K->34146K(440896K), 0.0349110 secs] 6546413K->6159835K(8339648K), 0.0351340 secs] [Times: user=0.70 sys=0.00, real=0.04 secs] 
10023.510: [GC 10023.510: [ParNew: 426082K->35757K(440896K), 0.0525910 secs] 6551025K->6163670K(8339648K), 0.0528520 secs] [Times: user=0.93 sys=0.00, real=0.05 secs] 
10025.486: [GC 10025.486: [ParNew: 427693K->34941K(440896K), 0.0381730 secs] 6555331K->6167773K(8339648K), 0.0383960 secs] [Times: user=0.65 sys=0.00, real=0.04 secs] 
10028.269: [GC 10028.269: [ParNew: 426877K->29765K(440896K), 0.0531880 secs] 6559424K->6172329K(8339648K), 0.0534530 secs] [Times: user=0.71 sys=0.00, real=0.05 secs] 
10029.561: [CMS-concurrent-sweep: 9.461/9.653 secs] [Times: user=130.23 sys=0.09, real=9.65 secs] 
10029.561: [CMS-concurrent-reset-start]
10029.605: [CMS-concurrent-reset: 0.044/0.044 secs] [Times: user=0.04 sys=0.00, real=0.04 secs] 
10031.607: [GC [1 CMS-initial-mark: 6142438K(7898752K)] 6414901K(8339648K), 0.9272950 secs] [Times: user=0.93 sys=0.00, real=0.93 secs] 
10032.534: [CMS-concurrent-mark-start]
10033.365: [GC 10033.365: [ParNew: 421701K->28283K(440896K), 0.0321420 secs] 6564139K->6173657K(8339648K), 0.0323720 secs] [Times: user=0.70 sys=0.00, real=0.04 secs] 
10034.925: [GC 10034.925: [ParNew: 420219K->32300K(440896K), 0.0346500 secs] 6565593K->6182765K(8339648K), 0.0348740 secs] [Times: user=0.70 sys=0.00, real=0.04 secs] 
10037.929: [GC 10037.929: [ParNew: 424236K->34351K(440896K), 0.0416650 secs] 6574701K->6187656K(8339648K), 0.0418850 secs] [Times: user=0.70 sys=0.00, real=0.04 secs] 
10038.031: [CMS-concurrent-mark: 5.377/5.496 secs] [Times: user=96.06 sys=0.10, real=5.50 secs] 
10038.031: [CMS-concurrent-preclean-start]
10038.589: [CMS-concurrent-preclean: 0.535/0.558 secs] [Times: user=9.57 sys=0.00, real=0.56 secs] 
10038.589: [CMS-concurrent-abortable-preclean-start]
10038.827: [CMS-concurrent-abortable-preclean: 0.237/0.238 secs] [Times: user=3.97 sys=0.00, real=0.23 secs] 
10038.830: [GC[YG occupancy: 238745 K (440896 K)]10038.830: [Rescan (parallel) , 0.0805160 secs]10038.911: [weak refs processing, 0.0013990 secs]10038.912: [class unloading, 0.0206120 secs]10038.933: [scrub symbol & string tables, 0.0188250 secs] [1 CMS-remark: 6153305K(7898752K)] 6392050K(8339648K), 0.1325630 secs] [Times: user=1.66 sys=0.01, real=0.13 secs] 
10038.963: [CMS-concurrent-sweep-start]
10039.734: [GC 10039.735: [ParNew: 426287K->36334K(440896K), 0.0389930 secs] 6579311K->6194717K(8339648K), 0.0392050 secs] [Times: user=0.70 sys=0.00, real=0.04 secs] 
10043.405: [GC 10043.405: [ParNew: 428270K->34468K(440896K), 0.0591190 secs] 6585608K->6199765K(8339648K), 0.0593320 secs] [Times: user=1.17 sys=0.00, real=0.06 secs] 
10046.987: [CMS-concurrent-sweep: 7.920/8.024 secs] [Times: user=70.65 sys=0.05, real=8.02 secs] 
10046.987: [CMS-concurrent-reset-start]
10047.031: [CMS-concurrent-reset: 0.044/0.044 secs] [Times: user=0.05 sys=0.00, real=0.05 secs] 
10048.149: [GC 10048.150: [ParNew: 426404K->30068K(440896K), 0.0435130 secs] 6591088K->6197734K(8339648K), 0.0437620 secs] [Times: user=0.70 sys=0.01, real=0.04 secs] 
10048.195: [GC [1 CMS-initial-mark: 6167666K(7898752K)] 6199228K(8339648K), 0.0805090 secs] [Times: user=0.08 sys=0.00, real=0.08 secs] 
10048.276: [CMS-concurrent-mark-start]
10050.215: [GC 10050.215: [ParNew: 422004K->37867K(440896K), 0.0372290 secs] 6589670K->6210740K(8339648K), 0.0374370 secs] [Times: user=0.69 sys=0.00, real=0.04 secs] 
10052.609: [GC 10052.610: [ParNew: 429803K->34935K(440896K), 0.0314350 secs] 6602676K->6213064K(8339648K), 0.0316610 secs] [Times: user=0.46 sys=0.01, real=0.03 secs] 
10054.508: [GC 10054.508: [ParNew: 426871K->31972K(440896K), 0.0326450 secs] 6605000K->6215503K(8339648K), 0.0328620 secs] [Times: user=0.51 sys=0.00, real=0.03 secs] 
10056.596: [CMS-concurrent-mark: 8.211/8.320 secs] [Times: user=169.38 sys=0.17, real=8.32 secs] 
10056.596: [CMS-concurrent-preclean-start]
10056.846: [CMS-concurrent-preclean: 0.241/0.250 secs] [Times: user=0.25 sys=0.00, real=0.25 secs] 
10056.846: [CMS-concurrent-abortable-preclean-start]
10057.642: [GC 10057.642: [ParNew: 423908K->24825K(440896K), 0.0445460 secs] 6607439K->6215665K(8339648K), 0.0448110 secs] [Times: user=0.70 sys=0.00, real=0.04 secs] 
10058.731: [CMS-concurrent-abortable-preclean: 1.523/1.885 secs] [Times: user=20.67 sys=0.01, real=1.89 secs] 
10058.734: [GC[YG occupancy: 232493 K (440896 K)]10058.735: [Rescan (parallel) , 0.0501770 secs]10058.785: [weak refs processing, 0.0015430 secs]10058.786: [class unloading, 0.0214730 secs]10058.808: [scrub symbol & string tables, 0.0188600 secs] [1 CMS-remark: 6190839K(7898752K)] 6423332K(8339648K), 0.1037510 secs] [Times: user=1.19 sys=0.00, real=0.11 secs] 
10058.839: [CMS-concurrent-sweep-start]
10063.087: [GC 10063.087: [ParNew: 416761K->30369K(440896K), 0.0500550 secs] 6606694K->6225229K(8339648K), 0.0550070 secs] [Times: user=0.92 sys=0.01, real=0.06 secs] 
10064.999: [GC 10065.000: [ParNew: 422305K->32843K(440896K), 0.0307300 secs] 6616971K->6230859K(8339648K), 0.0309500 secs] [Times: user=0.47 sys=0.00, real=0.03 secs] 
10066.823: [CMS-concurrent-sweep: 7.892/7.984 secs] [Times: user=74.09 sys=0.17, real=7.98 secs] 
10066.823: [CMS-concurrent-reset-start]
10066.867: [CMS-concurrent-reset: 0.045/0.045 secs] [Times: user=0.04 sys=0.00, real=0.05 secs] 
10068.029: [GC 10068.029: [ParNew: 424779K->33920K(440896K), 0.0428530 secs] 6622448K->6234109K(8339648K), 0.0431140 secs] [Times: user=0.71 sys=0.00, real=0.04 secs] 
10068.073: [GC [1 CMS-initial-mark: 6200189K(7898752K)] 6234595K(8339648K), 0.0795860 secs] [Times: user=0.08 sys=0.00, real=0.08 secs] 
10068.153: [CMS-concurrent-mark-start]
10070.146: [GC 10070.146: [ParNew: 425856K->38683K(440896K), 0.0369940 secs] 6626045K->6244053K(8339648K), 0.0372240 secs] [Times: user=0.69 sys=0.00, real=0.04 secs] 
10073.337: [GC 10073.337: [ParNew: 430619K->36140K(440896K), 0.0405090 secs] 6635989K->6251407K(8339648K), 0.0598720 secs] [Times: user=0.67 sys=0.02, real=0.06 secs] 
10075.078: [CMS-concurrent-mark: 6.823/6.925 secs] [Times: user=121.38 sys=0.20, real=6.93 secs] 
10075.078: [CMS-concurrent-preclean-start]
10075.295: [CMS-concurrent-preclean: 0.210/0.217 secs] [Times: user=0.24 sys=0.00, real=0.21 secs] 
10075.296: [CMS-concurrent-abortable-preclean-start]
10078.226: [GC 10078.226: [ParNew: 428076K->31646K(440896K), 0.0486190 secs] 6643343K->6249838K(8339648K), 0.0488840 secs] [Times: user=0.92 sys=0.00, real=0.05 secs] 
10079.346: [CMS-concurrent-abortable-preclean: 2.970/4.050 secs] [Times: user=32.18 sys=0.00, real=4.05 secs] 
10079.348: [GC[YG occupancy: 253692 K (440896 K)]10079.348: [Rescan (parallel) , 0.0789960 secs]10079.428: [weak refs processing, 0.0012800 secs]10079.429: [class unloading, 0.0214790 secs]10079.450: [scrub symbol & string tables, 0.0188210 secs] [1 CMS-remark: 6218191K(7898752K)] 6471884K(8339648K), 0.1319560 secs] [Times: user=1.61 sys=0.01, real=0.13 secs] 
10079.481: [CMS-concurrent-sweep-start]
10080.221: [GC 10080.221: [ParNew: 423582K->34787K(440896K), 0.0346830 secs] 6641640K->6258107K(8339648K), 0.0349120 secs] [Times: user=0.46 sys=0.00, real=0.03 secs] 
10082.717: [GC 10082.717: [ParNew: 426723K->34632K(440896K), 0.0387900 secs] 6649620K->6262701K(8339648K), 0.0390570 secs] [Times: user=0.48 sys=0.00, real=0.04 secs] 
10084.616: [GC 10084.616: [ParNew: 426568K->30094K(440896K), 0.0318940 secs] 6654226K->6263078K(8339648K), 0.0321750 secs] [Times: user=0.56 sys=0.01, real=0.03 secs] 
10087.833: [GC 10087.833: [ParNew: 422030K->28168K(440896K), 0.0421950 secs] 6654524K->6268271K(8339648K), 0.0424640 secs] [Times: user=0.70 sys=0.01, real=0.04 secs] 
10088.341: [CMS-concurrent-sweep: 8.700/8.860 secs] [Times: user=114.59 sys=0.11, real=8.86 secs] 
10088.341: [CMS-concurrent-reset-start]
10088.393: [CMS-concurrent-reset: 0.051/0.051 secs] [Times: user=0.85 sys=0.00, real=0.05 secs] 
10090.394: [GC [1 CMS-initial-mark: 6240078K(7898752K)] 6527698K(8339648K), 1.0559070 secs] [Times: user=1.06 sys=0.00, real=1.06 secs] 
10091.450: [CMS-concurrent-mark-start]
10093.998: [GC 10093.999: [ParNew: 420104K->34370K(440896K), 0.0367610 secs] 6660182K->6279544K(8339648K), 0.0370010 secs] [Times: user=0.50 sys=0.01, real=0.03 secs] 
10095.903: [GC 10095.903: [ParNew: 426306K->36447K(440896K), 0.0400710 secs] 6671480K->6284677K(8339648K), 0.0403750 secs] [Times: user=0.61 sys=0.00, real=0.04 secs] 
10097.971: [CMS-concurrent-mark: 6.437/6.521 secs] [Times: user=103.45 sys=0.14, real=6.52 secs] 
10097.972: [CMS-concurrent-preclean-start]
10098.193: [CMS-concurrent-preclean: 0.214/0.222 secs] [Times: user=0.24 sys=0.00, real=0.22 secs] 
10098.193: [CMS-concurrent-abortable-preclean-start]
10098.768: [GC 10098.768: [ParNew: 428383K->43585K(440896K), 0.0433840 secs] 6676613K->6294975K(8339648K), 0.0436420 secs] [Times: user=0.75 sys=0.00, real=0.04 secs] 
10099.806: [CMS-concurrent-abortable-preclean: 1.446/1.613 secs] [Times: user=22.81 sys=0.00, real=1.61 secs] 
10099.809: [GC[YG occupancy: 243070 K (440896 K)]10099.809: [Rescan (parallel) , 0.0671720 secs]10099.877: [weak refs processing, 0.0016030 secs]10099.878: [class unloading, 0.0226290 secs]10099.901: [scrub symbol & string tables, 0.0191310 secs] [1 CMS-remark: 6251390K(7898752K)] 6494460K(8339648K), 0.1218790 secs] [Times: user=1.39 sys=0.00, real=0.12 secs] 
10099.932: [CMS-concurrent-sweep-start]
10100.764: [GC 10100.764: [ParNew: 435521K->42551K(440896K), 0.0360460 secs] 6686562K->6298815K(8339648K), 0.0362730 secs] [Times: user=0.70 sys=0.00, real=0.04 secs] 
10104.219: [GC 10104.219: [ParNew: 434487K->30316K(440896K), 0.0606110 secs] 6689892K->6298421K(8339648K), 0.0608400 secs] [Times: user=0.91 sys=0.01, real=0.06 secs] 
10107.867: [CMS-concurrent-sweep: 7.832/7.935 secs] [Times: user=75.77 sys=0.08, real=7.93 secs] 
10107.867: [CMS-concurrent-reset-start]
10107.912: [CMS-concurrent-reset: 0.046/0.046 secs] [Times: user=0.05 sys=0.00, real=0.05 secs] 
10108.847: [GC 10108.847: [ParNew: 422252K->30672K(440896K), 0.0494580 secs] 6689954K->6301369K(8339648K), 0.0497460 secs] [Times: user=0.87 sys=0.00, real=0.05 secs] 
10108.898: [GC [1 CMS-initial-mark: 6270696K(7898752K)] 6301633K(8339648K), 0.0771940 secs] [Times: user=0.08 sys=0.00, real=0.07 secs] 
10108.975: [CMS-concurrent-mark-start]
10110.946: [GC 10110.947: [ParNew: 422608K->32703K(440896K), 0.0748520 secs] 6693305K->6308682K(8339648K), 0.0750940 secs] [Times: user=1.47 sys=0.00, real=0.08 secs] 
10112.772: [GC 10112.772: [ParNew: 424639K->34350K(440896K), 0.0493200 secs] 6700618K->6313301K(8339648K), 0.0495700 secs] [Times: user=0.92 sys=0.00, real=0.05 secs] 
10115.043: [GC 10115.043: [ParNew: 426286K->31778K(440896K), 0.0372910 secs] 6705237K->6318130K(8339648K), 0.0375350 secs] [Times: user=0.71 sys=0.00, real=0.04 secs] 
10116.299: [CMS-concurrent-mark: 7.154/7.324 secs] [Times: user=153.07 sys=0.19, real=7.33 secs] 
10116.299: [CMS-concurrent-preclean-start]
10116.570: [CMS-concurrent-preclean: 0.262/0.270 secs] [Times: user=4.58 sys=0.02, real=0.27 secs] 
10116.570: [CMS-concurrent-abortable-preclean-start]
10116.616: [GC 10116.616: [ParNew: 423714K->22588K(440896K), 0.0329420 secs] 6710066K->6315497K(8339648K), 0.0332230 secs] [Times: user=0.69 sys=0.01, real=0.04 secs] 
10119.223: [CMS-concurrent-abortable-preclean: 1.907/2.653 secs] [Times: user=18.75 sys=0.03, real=2.65 secs] 
10119.226: [GC[YG occupancy: 222141 K (440896 K)]10119.227: [Rescan (parallel) , 0.0687380 secs]10119.295: [weak refs processing, 0.0011770 secs]10119.297: [class unloading, 0.0297960 secs]10119.326: [scrub symbol & string tables, 0.0242150 secs] [1 CMS-remark: 6292909K(7898752K)] 6515050K(8339648K), 0.1412000 secs] [Times: user=1.65 sys=0.01, real=0.15 secs] 
10119.368: [CMS-concurrent-sweep-start]
10123.727: [GC 10123.727: [ParNew: 414524K->32121K(440896K), 0.0509590 secs] 6706540K->6327449K(8339648K), 0.0512490 secs] [Times: user=1.03 sys=0.00, real=0.06 secs] 
10125.541: [GC 10125.541: [ParNew: 424057K->33828K(440896K), 0.0352640 secs] 6718987K->6331594K(8339648K), 0.0355500 secs] [Times: user=0.69 sys=0.00, real=0.03 secs] 
10127.243: [CMS-concurrent-sweep: 7.783/7.875 secs] [Times: user=74.76 sys=0.03, real=7.87 secs] 
10127.243: [CMS-concurrent-reset-start]
10127.289: [CMS-concurrent-reset: 0.045/0.045 secs] [Times: user=0.05 sys=0.00, real=0.05 secs] 
10128.714: [GC 10128.714: [ParNew: 425764K->36559K(440896K), 0.0512480 secs] 6723346K->6339596K(8339648K), 0.0515320 secs] [Times: user=0.91 sys=0.02, real=0.05 secs] 
10128.767: [GC [1 CMS-initial-mark: 6303037K(7898752K)] 6340812K(8339648K), 0.0811960 secs] [Times: user=0.08 sys=0.00, real=0.09 secs] 
10128.848: [CMS-concurrent-mark-start]
10130.834: [GC 10130.834: [ParNew: 428495K->37667K(440896K), 0.0287970 secs] 6731532K->6343240K(8339648K), 0.0290420 secs] [Times: user=0.47 sys=0.00, real=0.03 secs] 
10134.073: [GC 10134.073: [ParNew: 429603K->35947K(440896K), 0.0471290 secs] 6735176K->6353879K(8339648K), 0.0473770 secs] [Times: user=0.64 sys=0.00, real=0.05 secs] 
10135.389: [CMS-concurrent-mark: 6.459/6.540 secs] [Times: user=117.06 sys=0.15, real=6.54 secs] 
10135.389: [CMS-concurrent-preclean-start]
10135.620: [CMS-concurrent-preclean: 0.224/0.232 secs] [Times: user=0.24 sys=0.00, real=0.23 secs] 
10135.620: [CMS-concurrent-abortable-preclean-start]
10138.980: [GC 10138.980: [ParNew: 427883K->33129K(440896K), 0.0441460 secs] 6745815K->6353975K(8339648K), 0.0444310 secs] [Times: user=0.70 sys=0.01, real=0.04 secs] 
10140.079: [CMS-concurrent-abortable-preclean: 3.193/4.459 secs] [Times: user=29.18 sys=0.08, real=4.46 secs] 
10140.082: [GC[YG occupancy: 240167 K (440896 K)]10140.082: [Rescan (parallel) , 0.0586300 secs]10140.141: [weak refs processing, 0.0012330 secs]10140.142: [class unloading, 0.0219030 secs]10140.164: [scrub symbol & string tables, 0.0194680 secs] [1 CMS-remark: 6320846K(7898752K)] 6561013K(8339648K), 0.1127270 secs] [Times: user=1.24 sys=0.00, real=0.11 secs] 
10140.195: [CMS-concurrent-sweep-start]
10140.953: [GC 10140.953: [ParNew: 425065K->35665K(440896K), 0.0360700 secs] 6745650K->6361913K(8339648K), 0.0363250 secs] [Times: user=0.69 sys=0.00, real=0.04 secs] 
10143.626: [GC 10143.626: [ParNew: 427601K->37574K(440896K), 0.0510310 secs] 6753191K->6366002K(8339648K), 0.0513150 secs] [Times: user=1.10 sys=0.00, real=0.06 secs] 
10145.532: [GC 10145.532: [ParNew: 429510K->34737K(440896K), 0.0360020 secs] 6757717K->6368385K(8339648K), 0.0362410 secs] [Times: user=0.58 sys=0.00, real=0.04 secs] 
10147.495: [GC 10147.495: [ParNew: 426673K->30549K(440896K), 0.0491630 secs] 6760103K->6374326K(8339648K), 0.0494340 secs] [Times: user=0.75 sys=0.00, real=0.05 secs] 
10148.015: [CMS-concurrent-sweep: 7.636/7.820 secs] [Times: user=106.30 sys=0.07, real=7.82 secs] 
10148.015: [CMS-concurrent-reset-start]
10148.060: [CMS-concurrent-reset: 0.044/0.044 secs] [Times: user=0.05 sys=0.00, real=0.05 secs] 
10150.061: [GC [1 CMS-initial-mark: 6343686K(7898752K)] 6684667K(8339648K), 1.0045630 secs] [Times: user=1.00 sys=0.01, real=1.00 secs] 
10151.066: [CMS-concurrent-mark-start]
10153.379: [GC 10153.379: [ParNew: 422485K->28957K(440896K), 0.0462080 secs] 6766172K->6375335K(8339648K), 0.0464650 secs] [Times: user=0.83 sys=0.00, real=0.04 secs] 
10155.133: [GC 10155.133: [ParNew: 420893K->33085K(440896K), 0.0322200 secs] 6767271K->6384985K(8339648K), 0.0324640 secs] [Times: user=0.46 sys=0.00, real=0.03 secs] 
10156.977: [CMS-concurrent-mark: 5.827/5.911 secs] [Times: user=92.11 sys=0.12, real=5.91 secs] 
10156.977: [CMS-concurrent-preclean-start]
10157.185: [CMS-concurrent-preclean: 0.201/0.208 secs] [Times: user=0.23 sys=0.00, real=0.21 secs] 
10157.185: [CMS-concurrent-abortable-preclean-start]
10158.235: [GC 10158.235: [ParNew: 425021K->35737K(440896K), 0.0398330 secs] 6776921K->6390543K(8339648K), 0.0401150 secs] [Times: user=0.69 sys=0.01, real=0.04 secs] 
10159.290: [CMS-concurrent-abortable-preclean: 1.648/2.105 secs] [Times: user=21.55 sys=0.02, real=2.11 secs] 
10159.293: [GC[YG occupancy: 244253 K (440896 K)]10159.293: [Rescan (parallel) , 0.0593790 secs]10159.352: [weak refs processing, 0.0012170 secs]10159.354: [class unloading, 0.0222660 secs]10159.376: [scrub symbol & string tables, 0.0194070 secs] [1 CMS-remark: 6354806K(7898752K)] 6599059K(8339648K), 0.1136050 secs] [Times: user=1.38 sys=0.01, real=0.11 secs] 
10159.407: [CMS-concurrent-sweep-start]
10160.170: [GC 10160.170: [ParNew: 427673K->38655K(440896K), 0.0317370 secs] 6782205K->6396184K(8339648K), 0.0319760 secs] [Times: user=0.47 sys=0.00, real=0.03 secs] 
10163.488: [GC 10163.488: [ParNew: 430591K->37556K(440896K), 0.0543170 secs] 6787174K->6404791K(8339648K), 0.0747110 secs] [Times: user=0.78 sys=0.00, real=0.07 secs] 
10165.735: [GC 10165.735: [ParNew: 429492K->29336K(440896K), 0.0312450 secs] 6796191K->6399449K(8339648K), 0.0314800 secs] [Times: user=0.54 sys=0.00, real=0.03 secs] 
10167.139: [CMS-concurrent-sweep: 7.586/7.732 secs] [Times: user=76.10 sys=0.03, real=7.74 secs] 
10167.139: [CMS-concurrent-reset-start]
10167.183: [CMS-concurrent-reset: 0.044/0.044 secs] [Times: user=0.04 sys=0.00, real=0.04 secs] 
10169.186: [GC [1 CMS-initial-mark: 6369895K(7898752K)] 6629049K(8339648K), 0.6748180 secs] [Times: user=0.68 sys=0.00, real=0.68 secs] 
10169.861: [CMS-concurrent-mark-start]
10170.754: [GC 10170.754: [ParNew: 421272K->32197K(440896K), 0.0673860 secs] 6791168K->6409339K(8339648K), 0.0676360 secs] [Times: user=1.39 sys=0.00, real=0.07 secs] 
10172.597: [GC 10172.597: [ParNew: 424133K->34308K(440896K), 0.0323690 secs] 6801275K->6414377K(8339648K), 0.0326150 secs] [Times: user=0.60 sys=0.00, real=0.03 secs] 
10174.506: [GC 10174.506: [ParNew: 426244K->30337K(440896K), 0.0321250 secs] 6806313K->6415657K(8339648K), 0.0600090 secs] [Times: user=0.57 sys=0.00, real=0.06 secs] 
10176.401: [GC 10176.402: [ParNew: 422273K->28544K(440896K), 0.0316040 secs] 6807593K->6418918K(8339648K), 0.0318470 secs] [Times: user=0.46 sys=0.00, real=0.03 secs] 
10177.911: [CMS-concurrent-mark: 7.846/8.050 secs] [Times: user=158.51 sys=0.21, real=8.05 secs] 
10177.912: [CMS-concurrent-preclean-start]
10178.191: [CMS-concurrent-preclean: 0.271/0.280 secs] [Times: user=2.22 sys=0.00, real=0.28 secs] 
10178.191: [CMS-concurrent-abortable-preclean-start]
10183.095: [GC 10183.095: [ParNew: 420480K->30514K(440896K), 0.0498810 secs] 6810854K->6428300K(8339648K), 0.0501650 secs] [Times: user=0.93 sys=0.00, real=0.05 secs] 
 CMS: abort preclean due to time 10183.496: [CMS-concurrent-abortable-preclean: 3.748/5.304 secs] [Times: user=30.06 sys=0.06, real=5.30 secs] 
10183.498: [GC[YG occupancy: 92971 K (440896 K)]10183.498: [Rescan (parallel) , 0.0608070 secs]10183.559: [weak refs processing, 0.0013200 secs]10183.560: [class unloading, 0.0292370 secs]10183.589: [scrub symbol & string tables, 0.0241940 secs] [1 CMS-remark: 6397785K(7898752K)] 6490757K(8339648K), 0.1327460 secs] [Times: user=1.26 sys=0.00, real=0.13 secs] 
10183.632: [CMS-concurrent-sweep-start]
10185.212: [GC 10185.212: [ParNew: 422450K->34491K(440896K), 0.0359860 secs] 6819685K->6434590K(8339648K), 0.0362270 secs] [Times: user=0.69 sys=0.00, real=0.04 secs] 
10186.916: [GC 10186.916: [ParNew: 426427K->37814K(440896K), 0.0310400 secs] 6826120K->6439960K(8339648K), 0.0313510 secs] [Times: user=0.66 sys=0.00, real=0.04 secs] 
10189.894: [GC 10189.894: [ParNew: 429750K->35049K(440896K), 0.0392930 secs] 6831464K->6442166K(8339648K), 0.0395400 secs] [Times: user=0.69 sys=0.01, real=0.04 secs] 
10191.775: [CMS-concurrent-sweep: 8.027/8.143 secs] [Times: user=111.46 sys=0.05, real=8.14 secs] 
10191.775: [CMS-concurrent-reset-start]
10191.821: [CMS-concurrent-reset: 0.046/0.046 secs] [Times: user=0.05 sys=0.00, real=0.05 secs] 
10193.679: [GC 10193.679: [ParNew: 426985K->34209K(440896K), 0.0564130 secs] 6833616K->6450853K(8339648K), 0.0567040 secs] [Times: user=0.74 sys=0.01, real=0.05 secs] 
10193.737: [GC [1 CMS-initial-mark: 6416644K(7898752K)] 6452206K(8339648K), 0.0665520 secs] [Times: user=0.07 sys=0.01, real=0.07 secs] 
10193.804: [CMS-concurrent-mark-start]
10198.204: [GC 10198.205: [ParNew: 426145K->31263K(440896K), 0.0440060 secs] 6842789K->6452904K(8339648K), 0.0442590 secs] [Times: user=0.92 sys=0.00, real=0.05 secs] 
10200.176: [GC 10200.176: [ParNew: 423199K->36037K(440896K), 0.0301350 secs] 6844840K->6460784K(8339648K), 0.0303770 secs] [Times: user=0.60 sys=0.02, real=0.03 secs] 
10201.705: [CMS-concurrent-mark: 7.823/7.901 secs] [Times: user=135.27 sys=0.17, real=7.90 secs] 
10201.705: [CMS-concurrent-preclean-start]
10202.085: [GC 10202.085: [ParNew: 427973K->34661K(440896K), 0.0354300 secs] 6852720K->6464592K(8339648K), 0.0356720 secs] [Times: user=0.70 sys=0.00, real=0.04 secs] 
10202.137: [CMS-concurrent-preclean: 0.378/0.431 secs] [Times: user=7.36 sys=0.00, real=0.43 secs] 
10202.137: [CMS-concurrent-abortable-preclean-start]
10203.867: [CMS-concurrent-abortable-preclean: 1.415/1.730 secs] [Times: user=17.85 sys=0.01, real=1.74 secs] 
10203.870: [GC[YG occupancy: 236381 K (440896 K)]10203.870: [Rescan (parallel) , 0.0811780 secs]10203.978: [weak refs processing, 0.0011670 secs]10203.979: [class unloading, 0.0224560 secs]10204.001: [scrub symbol & string tables, 0.0194110 secs] [1 CMS-remark: 6429931K(7898752K)] 6666313K(8339648K), 0.1616130 secs] [Times: user=1.73 sys=0.02, real=0.16 secs] 
10204.032: [CMS-concurrent-sweep-start]
10204.875: [GC 10204.875: [ParNew: 426597K->35078K(440896K), 0.0367400 secs] 6856375K->6470338K(8339648K), 0.0369880 secs] [Times: user=0.70 sys=0.00, real=0.04 secs] 
10206.591: [GC 10206.592: [ParNew: 427014K->30141K(440896K), 0.0459830 secs] 6861899K->6472663K(8339648K), 0.0462240 secs] [Times: user=0.68 sys=0.00, real=0.05 secs] 
10212.628: [CMS-concurrent-sweep: 8.507/8.596 secs] [Times: user=77.78 sys=0.07, real=8.60 secs] 
10212.628: [CMS-concurrent-reset-start]
10212.673: [CMS-concurrent-reset: 0.044/0.044 secs] [Times: user=0.09 sys=0.00, real=0.04 secs] 
10212.765: [GC 10212.766: [ParNew: 422077K->30232K(440896K), 0.0478890 secs] 6863241K->6476838K(8339648K), 0.0481790 secs] [Times: user=0.93 sys=0.00, real=0.05 secs] 
10212.815: [GC [1 CMS-initial-mark: 6446605K(7898752K)] 6476874K(8339648K), 0.0843020 secs] [Times: user=0.09 sys=0.00, real=0.09 secs] 
10212.899: [CMS-concurrent-mark-start]
10215.035: [GC 10215.035: [ParNew: 422168K->35947K(440896K), 0.0380360 secs] 6868774K->6485380K(8339648K), 0.0382840 secs] [Times: user=0.70 sys=0.01, real=0.04 secs] 
10216.887: [GC 10216.887: [ParNew: 427883K->36127K(440896K), 0.0495680 secs] 6877316K->6491096K(8339648K), 0.0498690 secs] [Times: user=0.78 sys=0.00, real=0.05 secs] 
10219.500: [GC 10219.500: [ParNew: 428063K->40300K(440896K), 0.0333640 secs] 6883032K->6497807K(8339648K), 0.0336120 secs] [Times: user=0.49 sys=0.01, real=0.03 secs] 
10220.151: [CMS-concurrent-mark: 7.120/7.251 secs] [Times: user=140.22 sys=0.12, real=7.25 secs] 
10220.151: [CMS-concurrent-preclean-start]
10220.490: [CMS-concurrent-preclean: 0.336/0.339 secs] [Times: user=5.75 sys=0.00, real=0.34 secs] 
10220.490: [CMS-concurrent-abortable-preclean-start]
10223.116: [GC 10223.116: [ParNew: 432236K->37920K(440896K), 0.0659290 secs] 6889743K->6507034K(8339648K), 0.0662140 secs] [Times: user=1.08 sys=0.04, real=0.07 secs] 
10224.279: [CMS-concurrent-abortable-preclean: 3.107/3.789 secs] [Times: user=30.81 sys=0.07, real=3.79 secs] 
10224.282: [GC[YG occupancy: 265734 K (440896 K)]10224.282: [Rescan (parallel) , 0.0854470 secs]10224.368: [weak refs processing, 0.0012790 secs]10224.369: [class unloading, 0.0225110 secs]10224.392: [scrub symbol & string tables, 0.0194150 secs] [1 CMS-remark: 6469114K(7898752K)] 6734848K(8339648K), 0.1399000 secs] [Times: user=1.86 sys=0.00, real=0.14 secs] 
10224.422: [CMS-concurrent-sweep-start]
10225.110: [GC 10225.110: [ParNew: 429856K->27479K(440896K), 0.0555440 secs] 6895991K->6499102K(8339648K), 0.0557770 secs] [Times: user=0.87 sys=0.00, real=0.05 secs] 
10229.572: [GC 10229.573: [ParNew: 419415K->32960K(440896K), 0.0423450 secs] 6597059K->6215740K(8339648K), 0.0425930 secs] [Times: user=0.70 sys=0.00, real=0.04 secs] 
10231.249: [GC 10231.249: [ParNew: 424896K->33800K(440896K), 0.0304120 secs] 6583457K->6195324K(8339648K), 0.0306430 secs] [Times: user=0.47 sys=0.00, real=0.03 secs] 
10233.515: [CMS-concurrent-sweep: 8.955/9.093 secs] [Times: user=90.04 sys=0.05, real=9.09 secs] 
10233.516: [CMS-concurrent-reset-start]
10233.561: [CMS-concurrent-reset: 0.046/0.046 secs] [Times: user=0.85 sys=0.00, real=0.05 secs] 
10234.382: [GC 10234.382: [ParNew: 425736K->33180K(440896K), 0.0414220 secs] 6583782K->6198955K(8339648K), 0.0416690 secs] [Times: user=0.69 sys=0.00, real=0.04 secs] 
10234.425: [GC [1 CMS-initial-mark: 6165774K(7898752K)] 6200766K(8339648K), 0.0404520 secs] [Times: user=0.04 sys=0.00, real=0.04 secs] 
10234.466: [CMS-concurrent-mark-start]
10236.211: [GC 10236.211: [ParNew: 425116K->27984K(440896K), 0.0321920 secs] 6590891K->6196582K(8339648K), 0.0324320 secs] [Times: user=0.47 sys=0.00, real=0.03 secs] 
10239.214: [GC 10239.214: [ParNew: 419920K->30807K(440896K), 0.0382500 secs] 6588518K->6207085K(8339648K), 0.0384950 secs] [Times: user=0.55 sys=0.00, real=0.04 secs] 
10240.219: [CMS-concurrent-mark: 5.677/5.753 secs] [Times: user=91.51 sys=0.11, real=5.76 secs] 
10240.219: [CMS-concurrent-preclean-start]
10240.471: [CMS-concurrent-preclean: 0.240/0.252 secs] [Times: user=0.25 sys=0.00, real=0.25 secs] 
10240.471: [CMS-concurrent-abortable-preclean-start]
10243.988: [CMS-concurrent-abortable-preclean: 2.407/3.517 secs] [Times: user=17.13 sys=0.03, real=3.52 secs] 
10243.990: [GC[YG occupancy: 232504 K (440896 K)]10243.991: [Rescan (parallel) , 0.0911250 secs]10244.082: [weak refs processing, 0.0012730 secs]10244.083: [class unloading, 0.0222330 secs]10244.105: [scrub symbol & string tables, 0.0194110 secs] [1 CMS-remark: 6176278K(7898752K)] 6408782K(8339648K), 0.1459210 secs] [Times: user=1.97 sys=0.02, real=0.14 secs] 
10244.137: [CMS-concurrent-sweep-start]
10245.071: [GC 10245.071: [ParNew: 422743K->33813K(440896K), 0.0377670 secs] 6598195K->6211702K(8339648K), 0.0380160 secs] [Times: user=0.55 sys=0.01, real=0.04 secs] 
10246.785: [GC 10246.785: [ParNew: 425749K->34053K(440896K), 0.0523780 secs] 6602188K->6216114K(8339648K), 0.0526190 secs] [Times: user=0.91 sys=0.00, real=0.05 secs] 
10249.670: [GC 10249.670: [ParNew: 425989K->33865K(440896K), 0.0470200 secs] 6607120K->6219853K(8339648K), 0.0472640 secs] [Times: user=0.69 sys=0.00, real=0.04 secs] 
10252.212: [CMS-concurrent-sweep: 7.930/8.076 secs] [Times: user=106.27 sys=0.12, real=8.08 secs] 
10252.213: [CMS-concurrent-reset-start]
10252.252: [CMS-concurrent-reset: 0.039/0.039 secs] [Times: user=0.04 sys=0.00, real=0.04 secs] 
10252.352: [GC 10252.352: [ParNew: 425801K->35248K(440896K), 0.0622690 secs] 6611171K->6225933K(8339648K), 0.0625640 secs] [Times: user=0.94 sys=0.00, real=0.06 secs] 
10252.416: [GC [1 CMS-initial-mark: 6190684K(7898752K)] 6225958K(8339648K), 0.0808210 secs] [Times: user=0.08 sys=0.00, real=0.08 secs] 
10252.497: [CMS-concurrent-mark-start]
10254.905: [GC 10254.905: [ParNew: 427184K->36009K(440896K), 0.0544510 secs] 6617869K->6234564K(8339648K), 0.0546970 secs] [Times: user=0.74 sys=0.00, real=0.06 secs] 
10257.811: [CMS-concurrent-mark: 5.256/5.314 secs] [Times: user=65.05 sys=0.07, real=5.32 secs] 
10257.811: [CMS-concurrent-preclean-start]
10258.192: [CMS-concurrent-preclean: 0.370/0.381 secs] [Times: user=1.30 sys=0.01, real=0.38 secs] 
10258.192: [CMS-concurrent-abortable-preclean-start]
10259.585: [GC 10259.586: [ParNew: 427945K->41276K(440896K), 0.0430400 secs] 6626500K->6242467K(8339648K), 0.0432950 secs] [Times: user=0.86 sys=0.00, real=0.05 secs] 
10260.474: [CMS-concurrent-abortable-preclean: 2.220/2.281 secs] [Times: user=39.10 sys=0.06, real=2.28 secs] 
10260.476: [GC[YG occupancy: 243391 K (440896 K)]10260.476: [Rescan (parallel) , 0.0903340 secs]10260.567: [weak refs processing, 0.0011600 secs]10260.568: [class unloading, 0.0221780 secs]10260.590: [scrub symbol & string tables, 0.0194030 secs] [1 CMS-remark: 6201190K(7898752K)] 6444582K(8339648K), 0.1444170 secs] [Times: user=2.05 sys=0.02, real=0.15 secs] 
10260.621: [CMS-concurrent-sweep-start]
10261.454: [GC 10261.454: [ParNew: 433212K->40364K(440896K), 0.0488950 secs] 6615047K->6228528K(8339648K), 0.0491350 secs] [Times: user=0.70 sys=0.00, real=0.05 secs] 
10264.336: [GC 10264.336: [ParNew: 432300K->37821K(440896K), 0.0508560 secs] 6420867K->6031427K(8339648K), 0.0511030 secs] [Times: user=0.92 sys=0.00, real=0.05 secs] 
10266.063: [GC 10266.063: [ParNew: 429757K->35510K(440896K), 0.0763560 secs] 6387212K->6001076K(8339648K), 0.0765960 secs] [Times: user=0.63 sys=0.01, real=0.08 secs] 
10269.282: [GC 10269.282: [ParNew: 427446K->26310K(440896K), 0.0434220 secs] 6344360K->5950802K(8339648K), 0.0436650 secs] [Times: user=0.69 sys=0.00, real=0.04 secs] 
10269.461: [CMS-concurrent-sweep: 8.609/8.840 secs] [Times: user=110.93 sys=0.10, real=8.84 secs] 
10269.461: [CMS-concurrent-reset-start]
10269.507: [CMS-concurrent-reset: 0.045/0.045 secs] [Times: user=0.68 sys=0.00, real=0.04 secs] 
10271.508: [GC [1 CMS-initial-mark: 5924447K(7898752K)] 6022062K(8339648K), 0.3424360 secs] [Times: user=0.35 sys=0.00, real=0.34 secs] 
10271.851: [CMS-concurrent-mark-start]
10274.493: [GC 10274.493: [ParNew: 418246K->31138K(440896K), 0.0339910 secs] 6342694K->5958588K(8339648K), 0.0342410 secs] [Times: user=0.65 sys=0.00, real=0.04 secs] 
10276.135: [GC 10276.135: [ParNew: 423074K->31737K(440896K), 0.0360880 secs] 6350524K->5964267K(8339648K), 0.0363560 secs] [Times: user=0.70 sys=0.00, real=0.04 secs] 
10277.363: [CMS-concurrent-mark: 5.436/5.512 secs] [Times: user=87.65 sys=0.04, real=5.51 secs] 
10277.363: [CMS-concurrent-preclean-start]
10277.633: [CMS-concurrent-preclean: 0.258/0.270 secs] [Times: user=0.27 sys=0.00, real=0.27 secs] 
10277.633: [CMS-concurrent-abortable-preclean-start]
10279.457: [GC 10279.457: [ParNew: 423673K->35441K(440896K), 0.0343970 secs] 6356203K->5970946K(8339648K), 0.0346390 secs] [Times: user=0.62 sys=0.01, real=0.04 secs] 
10280.296: [CMS-concurrent-abortable-preclean: 2.405/2.662 secs] [Times: user=36.51 sys=0.05, real=2.66 secs] 
10280.298: [GC[YG occupancy: 233170 K (440896 K)]10280.298: [Rescan (parallel) , 0.0609550 secs]10280.359: [weak refs processing, 0.0012700 secs]10280.361: [class unloading, 0.0218360 secs]10280.383: [scrub symbol & string tables, 0.0194090 secs] [1 CMS-remark: 5935504K(7898752K)] 6168674K(8339648K), 0.1146000 secs] [Times: user=1.22 sys=0.00, real=0.11 secs] 
10280.413: [CMS-concurrent-sweep-start]
10281.210: [GC 10281.210: [ParNew: 427377K->34346K(440896K), 0.0451800 secs] 6362479K->5976448K(8339648K), 0.0454510 secs] [Times: user=0.56 sys=0.00, real=0.04 secs] 
10284.772: [GC 10284.772: [ParNew: 426282K->35009K(440896K), 0.0496550 secs] 6365718K->5982203K(8339648K), 0.0499080 secs] [Times: user=0.69 sys=0.00, real=0.05 secs] 
10287.860: [CMS-concurrent-sweep: 7.346/7.447 secs] [Times: user=53.73 sys=0.05, real=7.45 secs] 
10287.860: [CMS-concurrent-reset-start]
10287.900: [CMS-concurrent-reset: 0.039/0.039 secs] [Times: user=0.04 sys=0.00, real=0.04 secs] 
10289.567: [GC 10289.567: [ParNew: 426945K->30917K(440896K), 0.0414900 secs] 6372894K->5979726K(8339648K), 0.0417760 secs] [Times: user=0.59 sys=0.01, real=0.05 secs] 
10289.610: [GC [1 CMS-initial-mark: 5948808K(7898752K)] 5980161K(8339648K), 0.0497090 secs] [Times: user=0.05 sys=0.00, real=0.05 secs] 
10289.660: [CMS-concurrent-mark-start]
10291.361: [GC 10291.361: [ParNew: 422853K->34743K(440896K), 0.0489080 secs] 6371662K->5988961K(8339648K), 0.0491530 secs] [Times: user=0.69 sys=0.00, real=0.05 secs] 
10294.260: [GC 10294.260: [ParNew: 426679K->36148K(440896K), 0.0418070 secs] 6380897K->5995904K(8339648K), 0.0420560 secs] [Times: user=0.48 sys=0.00, real=0.04 secs] 
10295.868: [CMS-concurrent-mark: 6.111/6.208 secs] [Times: user=116.95 sys=0.18, real=6.21 secs] 
10295.868: [CMS-concurrent-preclean-start]
10295.985: [GC 10295.985: [ParNew: 428084K->32690K(440896K), 0.0407280 secs] 6387840K->5997713K(8339648K), 0.0409730 secs] [Times: user=0.70 sys=0.00, real=0.04 secs] 
10296.478: [CMS-concurrent-preclean: 0.543/0.610 secs] [Times: user=10.37 sys=0.01, real=0.61 secs] 
10296.478: [CMS-concurrent-abortable-preclean-start]
10298.381: [CMS-concurrent-abortable-preclean: 1.199/1.902 secs] [Times: user=9.06 sys=0.00, real=1.90 secs] 
10298.384: [GC[YG occupancy: 254463 K (440896 K)]10298.384: [Rescan (parallel) , 0.1249000 secs]10298.509: [weak refs processing, 0.0012630 secs]10298.510: [class unloading, 0.0301040 secs]10298.540: [scrub symbol & string tables, 0.0241930 secs] [1 CMS-remark: 5965022K(7898752K)] 6219486K(8339648K), 0.1972860 secs] [Times: user=2.79 sys=0.00, real=0.20 secs] 
10298.581: [CMS-concurrent-sweep-start]
10299.455: [GC 10299.455: [ParNew: 424626K->31763K(440896K), 0.0472690 secs] 6389536K->6004215K(8339648K), 0.0475150 secs] [Times: user=0.70 sys=0.00, real=0.05 secs] 
10304.561: [GC 10304.561: [ParNew: 423699K->35082K(440896K), 0.0395950 secs] 6394840K->6009313K(8339648K), 0.0398360 secs] [Times: user=0.70 sys=0.00, real=0.04 secs] 
10306.217: [GC 10306.217: [ParNew: 427018K->34952K(440896K), 0.0390390 secs] 6401135K->6014407K(8339648K), 0.0392810 secs] [Times: user=0.60 sys=0.01, real=0.04 secs] 
10306.565: [CMS-concurrent-sweep: 7.849/7.984 secs] [Times: user=81.28 sys=0.07, real=7.98 secs] 
10306.565: [CMS-concurrent-reset-start]
10306.611: [CMS-concurrent-reset: 0.045/0.045 secs] [Times: user=0.88 sys=0.00, real=0.05 secs] 
10308.614: [GC [1 CMS-initial-mark: 5979447K(7898752K)] 6222583K(8339648K), 0.8269330 secs] [Times: user=0.83 sys=0.00, real=0.83 secs] 
10309.441: [CMS-concurrent-mark-start]
10310.473: [GC 10310.473: [ParNew: 426888K->36695K(440896K), 0.0343260 secs] 6406336K->6019122K(8339648K), 0.0345730 secs] [Times: user=0.59 sys=0.00, real=0.04 secs] 
10312.335: [GC 10312.335: [ParNew: 428631K->37153K(440896K), 0.0427930 secs] 6411058K->6026922K(8339648K), 0.0430340 secs] [Times: user=0.68 sys=0.00, real=0.05 secs] 
10314.964: [GC 10314.964: [ParNew: 429089K->26350K(440896K), 0.0378250 secs] 6418858K->6023753K(8339648K), 0.0380650 secs] [Times: user=0.60 sys=0.00, real=0.04 secs] 
10316.448: [CMS-concurrent-mark: 6.883/7.007 secs] [Times: user=127.25 sys=0.12, real=7.01 secs] 
10316.448: [CMS-concurrent-preclean-start]
10316.843: [CMS-concurrent-preclean: 0.379/0.395 secs] [Times: user=0.40 sys=0.00, real=0.39 secs] 
10316.843: [CMS-concurrent-abortable-preclean-start]
10319.770: [GC 10319.770: [ParNew: 418286K->33833K(440896K), 0.0360120 secs] 6415689K->6033923K(8339648K), 0.0362610 secs] [Times: user=0.50 sys=0.00, real=0.03 secs] 
10320.719: [CMS-concurrent-abortable-preclean: 3.109/3.876 secs] [Times: user=39.85 sys=0.04, real=3.88 secs] 
10320.722: [GC[YG occupancy: 248349 K (440896 K)]10320.722: [Rescan (parallel) , 0.0754100 secs]10320.798: [weak refs processing, 0.0012740 secs]10320.799: [class unloading, 0.0223060 secs]10320.821: [scrub symbol & string tables, 0.0194190 secs] [1 CMS-remark: 6000089K(7898752K)] 6248439K(8339648K), 0.1296830 secs] [Times: user=1.63 sys=0.00, real=0.13 secs] 
10320.852: [CMS-concurrent-sweep-start]
10321.642: [GC 10321.642: [ParNew: 425769K->33858K(440896K), 0.0465270 secs] 6425708K->6041717K(8339648K), 0.0467790 secs] [Times: user=0.70 sys=0.00, real=0.05 secs] 
10324.449: [GC 10324.449: [ParNew: 425794K->29121K(440896K), 0.0324150 secs] 6433309K->6039507K(8339648K), 0.0326590 secs] [Times: user=0.48 sys=0.01, real=0.03 secs] 
10326.177: [GC 10326.177: [ParNew: 421057K->33419K(440896K), 0.0367430 secs] 6431175K->6048734K(8339648K), 0.0369910 secs] [Times: user=0.63 sys=0.01, real=0.04 secs] 
10329.371: [GC 10329.371: [ParNew: 425355K->31437K(440896K), 0.0453850 secs] 6440091K->6053847K(8339648K), 0.0456270 secs] [Times: user=0.67 sys=0.01, real=0.04 secs] 
10330.628: [CMS-concurrent-sweep: 9.602/9.776 secs] [Times: user=118.75 sys=0.12, real=9.78 secs] 
10330.628: [CMS-concurrent-reset-start]
10330.668: [CMS-concurrent-reset: 0.039/0.039 secs] [Times: user=0.04 sys=0.00, real=0.04 secs] 
10332.669: [GC [1 CMS-initial-mark: 6022327K(7898752K)] 6179985K(8339648K), 0.5742010 secs] [Times: user=0.57 sys=0.00, real=0.57 secs] 
10333.244: [CMS-concurrent-mark-start]
10334.743: [GC 10334.743: [ParNew: 423373K->37325K(440896K), 0.0438720 secs] 6445701K->6063039K(8339648K), 0.0441260 secs] [Times: user=0.69 sys=0.00, real=0.04 secs] 
10336.564: [GC 10336.565: [ParNew: 429261K->35254K(440896K), 0.0344840 secs] 6454975K->6065710K(8339648K), 0.0597290 secs] [Times: user=0.47 sys=0.00, real=0.06 secs] 
10339.409: [GC 10339.409: [ParNew: 427190K->34599K(440896K), 0.0343780 secs] 6457646K->6069558K(8339648K), 0.0346230 secs] [Times: user=0.47 sys=0.01, real=0.03 secs] 
10340.036: [CMS-concurrent-mark: 6.632/6.793 secs] [Times: user=127.29 sys=0.16, real=6.79 secs] 
10340.037: [CMS-concurrent-preclean-start]
10340.374: [CMS-concurrent-preclean: 0.326/0.337 secs] [Times: user=5.77 sys=0.00, real=0.34 secs] 
10340.374: [CMS-concurrent-abortable-preclean-start]
10341.105: [GC 10341.105: [ParNew: 426535K->33355K(440896K), 0.0446600 secs] 6461494K->6074781K(8339648K), 0.0448980 secs] [Times: user=0.71 sys=0.00, real=0.05 secs] 
10343.970: [CMS-concurrent-abortable-preclean: 2.733/3.596 secs] [Times: user=29.99 sys=0.03, real=3.60 secs] 
10343.972: [GC[YG occupancy: 230171 K (440896 K)]10343.973: [Rescan (parallel) , 0.1271350 secs]10344.100: [weak refs processing, 0.0013440 secs]10344.101: [class unloading, 0.0295210 secs]10344.131: [scrub symbol & string tables, 0.0242030 secs] [1 CMS-remark: 6041426K(7898752K)] 6271597K(8339648K), 0.1991460 secs] [Times: user=2.77 sys=0.00, real=0.20 secs] 
10344.172: [CMS-concurrent-sweep-start]
10345.175: [GC 10345.175: [ParNew: 425291K->26689K(440896K), 0.0435930 secs] 6466387K->6075540K(8339648K), 0.0438530 secs] [Times: user=0.68 sys=0.02, real=0.05 secs] 
10349.518: [GC 10349.518: [ParNew: 418625K->35161K(440896K), 0.0333080 secs] 6466114K->6085114K(8339648K), 0.0335570 secs] [Times: user=0.51 sys=0.00, real=0.03 secs] 
10351.279: [GC 10351.279: [ParNew: 427097K->36070K(440896K), 0.0420600 secs] 6476873K->6091147K(8339648K), 0.0423410 secs] [Times: user=0.66 sys=0.00, real=0.04 secs] 
10352.394: [CMS-concurrent-sweep: 8.094/8.222 secs] [Times: user=97.71 sys=0.06, real=8.22 secs] 
10352.394: [CMS-concurrent-reset-start]
10352.434: [CMS-concurrent-reset: 0.039/0.039 secs] [Times: user=0.04 sys=0.00, real=0.04 secs] 
10354.401: [GC 10354.401: [ParNew: 428006K->30314K(440896K), 0.0377420 secs] 6483039K->6088367K(8339648K), 0.0380300 secs] [Times: user=0.69 sys=0.01, real=0.04 secs] 
10354.441: [GC [1 CMS-initial-mark: 6058052K(7898752K)] 6090176K(8339648K), 0.0495700 secs] [Times: user=0.05 sys=0.00, real=0.05 secs] 
10354.491: [CMS-concurrent-mark-start]
10356.297: [GC 10356.297: [ParNew: 422250K->34471K(440896K), 0.0431330 secs] 6480303K->6099653K(8339648K), 0.0433780 secs] [Times: user=0.65 sys=0.00, real=0.05 secs] 
10359.247: [GC 10359.247: [ParNew: 426407K->32778K(440896K), 0.0417260 secs] 6491589K->6105678K(8339648K), 0.0419650 secs] [Times: user=0.61 sys=0.00, real=0.05 secs] 
10360.719: [CMS-concurrent-mark: 6.138/6.228 secs] [Times: user=101.08 sys=0.14, real=6.23 secs] 
10360.719: [CMS-concurrent-preclean-start]
10361.070: [CMS-concurrent-preclean: 0.336/0.351 secs] [Times: user=0.35 sys=0.00, real=0.35 secs] 
10361.070: [CMS-concurrent-abortable-preclean-start]
10364.984: [GC 10364.985: [ParNew: 424714K->29776K(440896K), 0.0343840 secs] 6497614K->6105521K(8339648K), 0.0346600 secs] [Times: user=0.69 sys=0.01, real=0.04 secs] 
10365.962: [CMS-concurrent-abortable-preclean: 3.726/4.892 secs] [Times: user=43.83 sys=0.03, real=4.89 secs] 
10365.965: [GC[YG occupancy: 241269 K (440896 K)]10365.965: [Rescan (parallel) , 0.0708710 secs]10366.036: [weak refs processing, 0.0009670 secs]10366.037: [class unloading, 0.0216370 secs]10366.059: [scrub symbol & string tables, 0.0194020 secs] [1 CMS-remark: 6075744K(7898752K)] 6317014K(8339648K), 0.1244070 secs] [Times: user=1.60 sys=0.02, real=0.13 secs] 
10366.090: [CMS-concurrent-sweep-start]
10366.907: [GC 10366.907: [ParNew: 421712K->37513K(440896K), 0.0411400 secs] 6497270K->6118398K(8339648K), 0.0413820 secs] [Times: user=0.62 sys=0.01, real=0.04 secs] 
10369.663: [GC 10369.664: [ParNew: 429449K->35818K(440896K), 0.0393810 secs] 6509540K->6120854K(8339648K), 0.0396240 secs] [Times: user=0.70 sys=0.00, real=0.04 secs] 
10371.399: [GC 10371.399: [ParNew: 427754K->33444K(440896K), 0.0382600 secs] 6512610K->6123336K(8339648K), 0.0385040 secs] [Times: user=0.46 sys=0.01, real=0.04 secs] 
10374.997: [GC 10374.997: [ParNew: 425380K->32843K(440896K), 0.0431630 secs] 6514585K->6129923K(8339648K), 0.0434100 secs] [Times: user=0.63 sys=0.00, real=0.05 secs] 
10375.052: [CMS-concurrent-sweep: 8.784/8.962 secs] [Times: user=111.18 sys=0.09, real=8.96 secs] 
10375.052: [CMS-concurrent-reset-start]
10375.097: [CMS-concurrent-reset: 0.045/0.045 secs] [Times: user=0.68 sys=0.00, real=0.04 secs] 
10377.099: [GC [1 CMS-initial-mark: 6097080K(7898752K)] 6256688K(8339648K), 0.5889420 secs] [Times: user=0.59 sys=0.02, real=0.58 secs] 
10377.688: [CMS-concurrent-mark-start]
10378.905: [GC 10378.905: [ParNew: 424779K->28982K(440896K), 0.0351050 secs] 6521859K->6131190K(8339648K), 0.0353500 secs] [Times: user=0.65 sys=0.00, real=0.04 secs] 
10380.601: [GC 10380.601: [ParNew: 420918K->30367K(440896K), 0.0286950 secs] 6523126K->6135523K(8339648K), 0.0289600 secs] [Times: user=0.47 sys=0.00, real=0.03 secs] 
10383.444: [CMS-concurrent-mark: 5.686/5.756 secs] [Times: user=105.52 sys=0.07, real=5.75 secs] 
10383.444: [CMS-concurrent-preclean-start]
10383.488: [GC 10383.488: [ParNew: 422303K->30969K(440896K), 0.0336930 secs] 6527459K->6141154K(8339648K), 0.0339430 secs] [Times: user=0.56 sys=0.00, real=0.03 secs] 
10383.840: [CMS-concurrent-preclean: 0.347/0.396 secs] [Times: user=6.56 sys=0.00, real=0.40 secs] 
10383.840: [CMS-concurrent-abortable-preclean-start]
10384.403: [CMS-concurrent-abortable-preclean: 0.561/0.562 secs] [Times: user=9.52 sys=0.01, real=0.56 secs] 
10384.405: [GC[YG occupancy: 240260 K (440896 K)]10384.405: [Rescan (parallel) , 0.0592030 secs]10384.465: [weak refs processing, 0.0013040 secs]10384.466: [class unloading, 0.0223780 secs]10384.488: [scrub symbol & string tables, 0.0194190 secs] [1 CMS-remark: 6110185K(7898752K)] 6350446K(8339648K), 0.1137260 secs] [Times: user=1.43 sys=0.00, real=0.12 secs] 
10384.519: [CMS-concurrent-sweep-start]
10385.283: [GC 10385.283: [ParNew: 422905K->29934K(440896K), 0.0370570 secs] 6532790K->6145137K(8339648K), 0.0372990 secs] [Times: user=0.58 sys=0.00, real=0.04 secs] 
10388.594: [GC 10388.595: [ParNew: 421870K->30770K(440896K), 0.0426040 secs] 6535926K->6152263K(8339648K), 0.0428500 secs] [Times: user=0.70 sys=0.00, real=0.04 secs] 
10392.429: [CMS-concurrent-sweep: 7.824/7.909 secs] [Times: user=70.97 sys=0.03, real=7.91 secs] 
10392.429: [CMS-concurrent-reset-start]
10392.468: [CMS-concurrent-reset: 0.039/0.039 secs] [Times: user=0.03 sys=0.00, real=0.04 secs] 
10392.956: [GC 10392.956: [ParNew: 422706K->28336K(440896K), 0.0624710 secs] 6543827K->6152410K(8339648K), 0.0627430 secs] [Times: user=1.22 sys=0.00, real=0.07 secs] 
10393.020: [GC [1 CMS-initial-mark: 6124074K(7898752K)] 6154060K(8339648K), 0.0734030 secs] [Times: user=0.07 sys=0.00, real=0.07 secs] 
10393.094: [CMS-concurrent-mark-start]
10395.020: [GC 10395.020: [ParNew: 420272K->31846K(440896K), 0.0315120 secs] 6544346K->6161119K(8339648K), 0.0317600 secs] [Times: user=0.42 sys=0.00, real=0.03 secs] 
10398.768: [GC 10398.768: [ParNew: 423782K->33792K(440896K), 0.0327130 secs] 6553055K->6165933K(8339648K), 0.0329450 secs] [Times: user=0.57 sys=0.01, real=0.03 secs] 
10399.224: [CMS-concurrent-mark: 6.058/6.130 secs] [Times: user=101.91 sys=0.10, real=6.13 secs] 
10399.224: [CMS-concurrent-preclean-start]
10399.482: [CMS-concurrent-preclean: 0.249/0.258 secs] [Times: user=4.40 sys=0.00, real=0.26 secs] 
10399.482: [CMS-concurrent-abortable-preclean-start]
10400.507: [GC 10400.508: [ParNew: 425728K->34875K(440896K), 0.0356520 secs] 6557869K->6172123K(8339648K), 0.0358960 secs] [Times: user=0.49 sys=0.02, real=0.03 secs] 
10403.414: [CMS-concurrent-abortable-preclean: 3.178/3.933 secs] [Times: user=36.15 sys=0.05, real=3.93 secs] 
10403.417: [GC[YG occupancy: 247574 K (440896 K)]10403.417: [Rescan (parallel) , 0.0599960 secs]10403.477: [weak refs processing, 0.0012110 secs]10403.479: [class unloading, 0.0217170 secs]10403.500: [scrub symbol & string tables, 0.0194370 secs] [1 CMS-remark: 6137247K(7898752K)] 6384821K(8339648K), 0.1138560 secs] [Times: user=1.29 sys=0.03, real=0.12 secs] 
10403.531: [CMS-concurrent-sweep-start]
10404.305: [GC 10404.305: [ParNew: 426811K->35344K(440896K), 0.0460590 secs] 6563921K->6180316K(8339648K), 0.0463080 secs] [Times: user=0.70 sys=0.00, real=0.05 secs] 
10408.220: [GC 10408.220: [ParNew: 427280K->36481K(440896K), 0.0391390 secs] 6571788K->6183899K(8339648K), 0.0393830 secs] [Times: user=0.69 sys=0.01, real=0.04 secs] 
10409.993: [GC 10409.993: [ParNew: 428417K->35416K(440896K), 0.0422870 secs] 6575458K->6189775K(8339648K), 0.0425300 secs] [Times: user=0.68 sys=0.00, real=0.04 secs] 
10411.679: [CMS-concurrent-sweep: 8.011/8.147 secs] [Times: user=92.67 sys=0.10, real=8.15 secs] 
10411.679: [CMS-concurrent-reset-start]
10411.719: [CMS-concurrent-reset: 0.040/0.040 secs] [Times: user=0.05 sys=0.00, real=0.04 secs] 
10413.592: [GC 10413.593: [ParNew: 427352K->35463K(440896K), 0.0391240 secs] 6581644K->6192695K(8339648K), 0.0393760 secs] [Times: user=0.70 sys=0.00, real=0.04 secs] 
10413.633: [GC [1 CMS-initial-mark: 6157232K(7898752K)] 6193751K(8339648K), 0.0496210 secs] [Times: user=0.05 sys=0.00, real=0.05 secs] 
10413.683: [CMS-concurrent-mark-start]
10415.221: [GC 10415.237: [ParNew: 427399K->33334K(440896K), 0.0564910 secs] 6584631K->6198035K(8339648K), 0.0567620 secs] [Times: user=1.08 sys=0.00, real=0.07 secs] 
10418.429: [GC 10418.429: [ParNew: 425270K->26817K(440896K), 0.0402310 secs] 6589971K->6196760K(8339648K), 0.0404790 secs] [Times: user=0.65 sys=0.00, real=0.04 secs] 
10419.108: [CMS-concurrent-mark: 5.306/5.425 secs] [Times: user=93.22 sys=0.15, real=5.43 secs] 
10419.108: [CMS-concurrent-preclean-start]
10419.382: [CMS-concurrent-preclean: 0.264/0.275 secs] [Times: user=4.73 sys=0.00, real=0.27 secs] 
10419.382: [CMS-concurrent-abortable-preclean-start]
10422.893: [GC 10422.893: [ParNew: 418753K->30822K(440896K), 0.0506920 secs] 6588696K->6206131K(8339648K), 0.0509800 secs] [Times: user=0.93 sys=0.00, real=0.05 secs] 
10423.938: [CMS-concurrent-abortable-preclean: 3.379/4.555 secs] [Times: user=31.17 sys=0.03, real=4.55 secs] 
10423.940: [GC[YG occupancy: 226932 K (440896 K)]10423.941: [Rescan (parallel) , 0.0597690 secs]10424.000: [weak refs processing, 0.0012790 secs]10424.002: [class unloading, 0.0218780 secs]10424.024: [scrub symbol & string tables, 0.0194070 secs] [1 CMS-remark: 6175308K(7898752K)] 6402240K(8339648K), 0.1135040 secs] [Times: user=1.15 sys=0.01, real=0.11 secs] 
10424.054: [CMS-concurrent-sweep-start]
10424.909: [GC 10424.909: [ParNew: 422758K->30599K(440896K), 0.0379030 secs] 6597850K->6211195K(8339648K), 0.0381460 secs] [Times: user=0.44 sys=0.01, real=0.03 secs] 
10428.757: [GC 10428.757: [ParNew: 422535K->33454K(440896K), 0.0331900 secs] 6601939K->6215772K(8339648K), 0.0334340 secs] [Times: user=0.59 sys=0.00, real=0.04 secs] 
10430.468: [GC 10430.468: [ParNew: 425390K->34451K(440896K), 0.0392950 secs] 6607618K->6221807K(8339648K), 0.0395410 secs] [Times: user=0.51 sys=0.02, real=0.03 secs] 
10432.330: [CMS-concurrent-sweep: 8.156/8.276 secs] [Times: user=86.35 sys=0.07, real=8.28 secs] 
10432.330: [CMS-concurrent-reset-start]
10432.370: [CMS-concurrent-reset: 0.040/0.040 secs] [Times: user=0.04 sys=0.00, real=0.04 secs] 
10434.032: [GC 10434.032: [ParNew: 426387K->31950K(440896K), 0.0413340 secs] 6613699K->6226434K(8339648K), 0.0415860 secs] [Times: user=0.66 sys=0.00, real=0.04 secs] 
10434.075: [GC [1 CMS-initial-mark: 6194484K(7898752K)] 6227585K(8339648K), 0.0413470 secs] [Times: user=0.04 sys=0.00, real=0.04 secs] 
10434.116: [CMS-concurrent-mark-start]
10437.935: [GC 10437.935: [ParNew: 423886K->34976K(440896K), 0.0304600 secs] 6618370K->6232388K(8339648K), 0.0307060 secs] [Times: user=0.65 sys=0.00, real=0.03 secs] 
10439.458: [CMS-concurrent-mark: 5.309/5.342 secs] [Times: user=81.35 sys=0.17, real=5.35 secs] 
10439.458: [CMS-concurrent-preclean-start]
10439.609: [GC 10439.609: [ParNew: 426912K->30210K(440896K), 0.0468270 secs] 6624324K->6235353K(8339648K), 0.0471590 secs] [Times: user=0.67 sys=0.00, real=0.04 secs] 
10440.030: [CMS-concurrent-preclean: 0.501/0.572 secs] [Times: user=9.59 sys=0.00, real=0.57 secs] 
10440.030: [CMS-concurrent-abortable-preclean-start]
10440.568: [CMS-concurrent-abortable-preclean: 0.533/0.537 secs] [Times: user=9.03 sys=0.00, real=0.54 secs] 
10440.571: [GC[YG occupancy: 228677 K (440896 K)]10440.571: [Rescan (parallel) , 0.0679750 secs]10440.639: [weak refs processing, 0.0012150 secs]10440.640: [class unloading, 0.0217470 secs]10440.662: [scrub symbol & string tables, 0.0194070 secs] [1 CMS-remark: 6205142K(7898752K)] 6433819K(8339648K), 0.1217840 secs] [Times: user=1.40 sys=0.01, real=0.12 secs] 
10440.693: [CMS-concurrent-sweep-start]
10443.579: [GC 10443.579: [ParNew: 422146K->33212K(440896K), 0.0352700 secs] 6626717K->6240649K(8339648K), 0.0355180 secs] [Times: user=0.47 sys=0.01, real=0.03 secs] 
10445.395: [GC 10445.395: [ParNew: 425148K->35192K(440896K), 0.0394690 secs] 6632385K->6247591K(8339648K), 0.0397100 secs] [Times: user=0.70 sys=0.00, real=0.04 secs] 
10448.578: [GC 10448.578: [ParNew: 427128K->32548K(440896K), 0.0414440 secs] 6638941K->6251689K(8339648K), 0.0416850 secs] [Times: user=0.55 sys=0.00, real=0.04 secs] 
10450.362: [CMS-concurrent-sweep: 9.544/9.669 secs] [Times: user=109.02 sys=0.08, real=9.67 secs] 
10450.362: [CMS-concurrent-reset-start]
10450.402: [CMS-concurrent-reset: 0.039/0.039 secs] [Times: user=0.04 sys=0.00, real=0.04 secs] 
10452.403: [GC [1 CMS-initial-mark: 6219031K(7898752K)] 6602061K(8339648K), 1.2543250 secs] [Times: user=1.25 sys=0.01, real=1.25 secs] 
10453.658: [CMS-concurrent-mark-start]
10453.820: [GC 10453.820: [ParNew: 424484K->36585K(440896K), 0.0385990 secs] 6643515K->6258501K(8339648K), 0.0388480 secs] [Times: user=0.69 sys=0.00, real=0.04 secs] 
10455.502: [GC 10455.502: [ParNew: 428521K->35988K(440896K), 0.0378950 secs] 6650437K->6265757K(8339648K), 0.0381360 secs] [Times: user=0.61 sys=0.00, real=0.04 secs] 
10458.717: [GC 10458.717: [ParNew: 427924K->36454K(440896K), 0.0306760 secs] 6657693K->6269162K(8339648K), 0.0309060 secs] [Times: user=0.57 sys=0.00, real=0.03 secs] 
10459.102: [CMS-concurrent-mark: 5.326/5.444 secs] [Times: user=91.56 sys=0.03, real=5.44 secs] 
10459.102: [CMS-concurrent-preclean-start]
10459.537: [CMS-concurrent-preclean: 0.419/0.435 secs] [Times: user=7.26 sys=0.01, real=0.43 secs] 
10459.537: [CMS-concurrent-abortable-preclean-start]
10460.538: [GC 10460.538: [ParNew: 428390K->37317K(440896K), 0.0351190 secs] 6661098K->6275646K(8339648K), 0.0353650 secs] [Times: user=0.52 sys=0.00, real=0.03 secs] 
10464.126: [CMS-concurrent-abortable-preclean: 3.535/4.589 secs] [Times: user=36.10 sys=0.03, real=4.59 secs] 
10464.129: [GC[YG occupancy: 256173 K (440896 K)]10464.129: [Rescan (parallel) , 0.1945820 secs]10464.324: [weak refs processing, 0.0012150 secs]10464.325: [class unloading, 0.0217900 secs]10464.347: [scrub symbol & string tables, 0.0194070 secs] [1 CMS-remark: 6238328K(7898752K)] 6494501K(8339648K), 0.2483810 secs] [Times: user=4.20 sys=0.00, real=0.24 secs] 
10464.378: [CMS-concurrent-sweep-start]
10465.265: [GC 10465.265: [ParNew: 429253K->28084K(440896K), 0.0510680 secs] 6667445K->6276548K(8339648K), 0.0513150 secs] [Times: user=0.85 sys=0.00, real=0.05 secs] 
10467.024: [GC 10467.024: [ParNew: 420020K->27786K(440896K), 0.0389770 secs] 6668009K->6278651K(8339648K), 0.0392150 secs] [Times: user=0.71 sys=0.00, real=0.04 secs] 
10469.685: [GC 10469.685: [ParNew: 419722K->29987K(440896K), 0.0370900 secs] 6670117K->6285726K(8339648K), 0.0373260 secs] [Times: user=0.70 sys=0.00, real=0.04 secs] 
10473.101: [CMS-concurrent-sweep: 8.587/8.723 secs] [Times: user=102.44 sys=0.01, real=8.72 secs] 
10473.102: [CMS-concurrent-reset-start]
10473.141: [CMS-concurrent-reset: 0.039/0.039 secs] [Times: user=0.04 sys=0.00, real=0.04 secs] 
10474.069: [GC 10474.069: [ParNew: 421923K->33221K(440896K), 0.0432650 secs] 6677562K->6291725K(8339648K), 0.0435580 secs] [Times: user=0.70 sys=0.00, real=0.04 secs] 
10474.114: [GC [1 CMS-initial-mark: 6258504K(7898752K)] 6292313K(8339648K), 0.0800460 secs] [Times: user=0.08 sys=0.00, real=0.08 secs] 
10474.194: [CMS-concurrent-mark-start]
10476.063: [GC 10476.063: [ParNew: 425157K->30818K(440896K), 0.0394230 secs] 6683661K->6297014K(8339648K), 0.0396690 secs] [Times: user=0.66 sys=0.00, real=0.04 secs] 
10479.035: [GC 10479.035: [ParNew: 422754K->32336K(440896K), 0.0306370 secs] 6688950K->6301530K(8339648K), 0.0308840 secs] [Times: user=0.64 sys=0.00, real=0.03 secs] 
10480.762: [GC 10480.762: [ParNew: 424272K->34761K(440896K), 0.0339110 secs] 6693466K->6308855K(8339648K), 0.0341510 secs] [Times: user=0.44 sys=0.00, real=0.03 secs] 
10481.307: [CMS-concurrent-mark: 7.000/7.113 secs] [Times: user=135.69 sys=0.17, real=7.11 secs] 
10481.307: [CMS-concurrent-preclean-start]
10481.564: [CMS-concurrent-preclean: 0.249/0.257 secs] [Times: user=4.47 sys=0.00, real=0.26 secs] 
10481.564: [CMS-concurrent-abortable-preclean-start]
10484.289: [GC 10484.289: [ParNew: 426697K->32458K(440896K), 0.0410550 secs] 6700791K->6314192K(8339648K), 0.0413070 secs] [Times: user=0.60 sys=0.00, real=0.04 secs] 
10485.282: [CMS-concurrent-abortable-preclean: 2.959/3.718 secs] [Times: user=35.90 sys=0.02, real=3.72 secs] 
10485.285: [GC[YG occupancy: 243031 K (440896 K)]10485.285: [Rescan (parallel) , 0.0572010 secs]10485.342: [weak refs processing, 0.0012770 secs]10485.343: [class unloading, 0.0222600 secs]10485.366: [scrub symbol & string tables, 0.0194560 secs] [1 CMS-remark: 6281734K(7898752K)] 6524765K(8339648K), 0.1117410 secs] [Times: user=1.40 sys=0.00, real=0.11 secs] 
10485.397: [CMS-concurrent-sweep-start]
10486.196: [GC 10486.196: [ParNew: 424394K->26325K(440896K), 0.0344110 secs] 6705860K->6310745K(8339648K), 0.0346500 secs] [Times: user=0.68 sys=0.00, real=0.04 secs] 
10490.268: [GC 10490.268: [ParNew: 418261K->31651K(440896K), 0.0375810 secs] 6701765K->6320117K(8339648K), 0.0378300 secs] [Times: user=0.50 sys=0.00, real=0.03 secs] 
10493.519: [CMS-concurrent-sweep: 8.044/8.122 secs] [Times: user=61.60 sys=0.03, real=8.13 secs] 
10493.519: [CMS-concurrent-reset-start]
10493.558: [CMS-concurrent-reset: 0.039/0.039 secs] [Times: user=0.04 sys=0.00, real=0.04 secs] 
10494.734: [GC 10494.735: [ParNew: 423587K->35887K(440896K), 0.0403910 secs] 6711563K->6329085K(8339648K), 0.0406380 secs] [Times: user=0.69 sys=0.01, real=0.04 secs] 
10494.776: [GC [1 CMS-initial-mark: 6293198K(7898752K)] 6329557K(8339648K), 0.0497630 secs] [Times: user=0.05 sys=0.00, real=0.05 secs] 
10494.826: [CMS-concurrent-mark-start]
10496.720: [GC 10496.720: [ParNew: 427823K->36160K(440896K), 0.0330750 secs] 6721021K->6334737K(8339648K), 0.0333480 secs] [Times: user=0.45 sys=0.00, real=0.03 secs] 
10499.578: [GC 10499.579: [ParNew: 428096K->35101K(440896K), 0.0281400 secs] 6726673K->6336910K(8339648K), 0.0283850 secs] [Times: user=0.48 sys=0.00, real=0.02 secs] 
10501.717: [CMS-concurrent-mark: 6.820/6.891 secs] [Times: user=121.77 sys=0.11, real=6.90 secs] 
10501.718: [CMS-concurrent-preclean-start]
10501.921: [CMS-concurrent-preclean: 0.196/0.203 secs] [Times: user=0.21 sys=0.00, real=0.20 secs] 
10501.921: [CMS-concurrent-abortable-preclean-start]
10504.023: [GC 10504.023: [ParNew: 427037K->37181K(440896K), 0.0560040 secs] 6728846K->6346638K(8339648K), 0.0563060 secs] [Times: user=0.90 sys=0.01, real=0.06 secs] 
10505.166: [CMS-concurrent-abortable-preclean: 2.468/3.245 secs] [Times: user=26.62 sys=0.04, real=3.24 secs] 
10505.169: [GC[YG occupancy: 248377 K (440896 K)]10505.169: [Rescan (parallel) , 0.0589360 secs]10505.228: [weak refs processing, 0.0012930 secs]10505.229: [class unloading, 0.0222150 secs]10505.251: [scrub symbol & string tables, 0.0194210 secs] [1 CMS-remark: 6309456K(7898752K)] 6557834K(8339648K), 0.1133020 secs] [Times: user=1.20 sys=0.01, real=0.11 secs] 
10505.282: [CMS-concurrent-sweep-start]
10506.226: [GC 10506.226: [ParNew: 429117K->35811K(440896K), 0.0392000 secs] 6738174K->6352397K(8339648K), 0.0394490 secs] [Times: user=0.66 sys=0.00, real=0.04 secs] 
10509.101: [GC 10509.101: [ParNew: 427747K->36086K(440896K), 0.0373330 secs] 6743335K->6354612K(8339648K), 0.0376270 secs] [Times: user=0.69 sys=0.00, real=0.04 secs] 
10510.954: [GC 10510.954: [ParNew: 428022K->36571K(440896K), 0.0334200 secs] 6746346K->6360283K(8339648K), 0.0337030 secs] [Times: user=0.69 sys=0.00, real=0.04 secs] 
10513.639: [CMS-concurrent-sweep: 8.238/8.357 secs] [Times: user=104.39 sys=0.05, real=8.36 secs] 
10513.639: [CMS-concurrent-reset-start]
10513.681: [CMS-concurrent-reset: 0.041/0.041 secs] [Times: user=0.22 sys=0.00, real=0.04 secs] 
10514.129: [GC 10514.130: [ParNew: 428507K->26261K(440896K), 0.0627070 secs] 6752120K->6357519K(8339648K), 0.0629530 secs] [Times: user=1.14 sys=0.01, real=0.06 secs] 
10514.200: [GC [1 CMS-initial-mark: 6331258K(7898752K)] 6363663K(8339648K), 0.0429220 secs] [Times: user=0.04 sys=0.00, real=0.04 secs] 
10514.243: [CMS-concurrent-mark-start]
10516.178: [GC 10516.178: [ParNew: 418197K->27227K(440896K), 0.0489460 secs] 6749455K->6363685K(8339648K), 0.0491920 secs] [Times: user=0.74 sys=0.00, real=0.04 secs] 
10520.048: [GC 10520.048: [ParNew: 419163K->29324K(440896K), 0.0351990 secs] 6755621K->6369497K(8339648K), 0.0354470 secs] [Times: user=0.53 sys=0.01, real=0.03 secs] 
10520.967: [CMS-concurrent-mark: 6.632/6.723 secs] [Times: user=110.24 sys=0.18, real=6.72 secs] 
10520.967: [CMS-concurrent-preclean-start]
10521.167: [CMS-concurrent-preclean: 0.193/0.200 secs] [Times: user=0.22 sys=0.00, real=0.20 secs] 
10521.167: [CMS-concurrent-abortable-preclean-start]
10524.646: [GC 10524.646: [ParNew: 421260K->33286K(440896K), 0.0367940 secs] 6761433K->6377682K(8339648K), 0.0370410 secs] [Times: user=0.67 sys=0.00, real=0.04 secs] 
10525.563: [CMS-concurrent-abortable-preclean: 3.341/4.396 secs] [Times: user=33.93 sys=0.06, real=4.40 secs] 
10525.566: [GC[YG occupancy: 246158 K (440896 K)]10525.566: [Rescan (parallel) , 0.0803470 secs]10525.647: [weak refs processing, 0.0011690 secs]10525.648: [class unloading, 0.0215650 secs]10525.670: [scrub symbol & string tables, 0.0194090 secs] [1 CMS-remark: 6344396K(7898752K)] 6590554K(8339648K), 0.1341220 secs] [Times: user=1.85 sys=0.00, real=0.14 secs] 
10525.701: [CMS-concurrent-sweep-start]
10526.478: [GC 10526.478: [ParNew: 425222K->35559K(440896K), 0.0337960 secs] 6769340K->6384915K(8339648K), 0.0340450 secs] [Times: user=0.52 sys=0.00, real=0.03 secs] 
10529.608: [GC 10529.608: [ParNew: 427495K->30849K(440896K), 0.0325870 secs] 6776296K->6382277K(8339648K), 0.0328260 secs] [Times: user=0.48 sys=0.00, real=0.04 secs] 
10533.807: [CMS-concurrent-sweep: 8.034/8.106 secs] [Times: user=72.16 sys=0.05, real=8.10 secs] 
10533.807: [CMS-concurrent-reset-start]
10533.853: [CMS-concurrent-reset: 0.045/0.045 secs] [Times: user=0.85 sys=0.00, real=0.05 secs] 
10533.986: [GC 10533.986: [ParNew: 422785K->38904K(440896K), 0.0562700 secs] 6773434K->6397211K(8339648K), 0.0565040 secs] [Times: user=1.10 sys=0.02, real=0.06 secs] 
10534.048: [GC [1 CMS-initial-mark: 6358306K(7898752K)] 6402103K(8339648K), 0.1012040 secs] [Times: user=0.10 sys=0.00, real=0.10 secs] 
10534.150: [CMS-concurrent-mark-start]
10535.975: [GC 10535.976: [ParNew: 430840K->40346K(440896K), 0.0435350 secs] 6789147K->6405998K(8339648K), 0.0437420 secs] [Times: user=0.71 sys=0.00, real=0.05 secs] 
10538.980: [GC 10538.980: [ParNew: 432282K->32643K(440896K), 0.0573730 secs] 6797934K->6401230K(8339648K), 0.0575800 secs] [Times: user=1.14 sys=0.00, real=0.06 secs] 
10540.676: [GC 10540.676: [ParNew: 424579K->36797K(440896K), 0.0434680 secs] 6793166K->6410604K(8339648K), 0.0436950 secs] [Times: user=0.93 sys=0.00, real=0.05 secs] 
10541.256: [CMS-concurrent-mark: 6.953/7.106 secs] [Times: user=134.15 sys=0.15, real=7.10 secs] 
10541.256: [CMS-concurrent-preclean-start]
10541.579: [CMS-concurrent-preclean: 0.320/0.323 secs] [Times: user=5.58 sys=0.01, real=0.33 secs] 
10541.579: [CMS-concurrent-abortable-preclean-start]
10544.307: [GC 10544.307: [ParNew: 428733K->34538K(440896K), 0.0499360 secs] 6802540K->6417401K(8339648K), 0.0501710 secs] [Times: user=0.79 sys=0.03, real=0.05 secs] 
10545.241: [CMS-concurrent-abortable-preclean: 2.898/3.662 secs] [Times: user=32.84 sys=0.09, real=3.66 secs] 
10545.243: [GC[YG occupancy: 247366 K (440896 K)]10545.244: [Rescan (parallel) , 0.0733210 secs]10545.317: [weak refs processing, 0.0013490 secs]10545.318: [class unloading, 0.0206290 secs]10545.339: [scrub symbol & string tables, 0.0188340 secs] [1 CMS-remark: 6382862K(7898752K)] 6630228K(8339648K), 0.1257540 secs] [Times: user=1.64 sys=0.01, real=0.13 secs] 
10545.370: [CMS-concurrent-sweep-start]
10546.146: [GC 10546.146: [ParNew: 426474K->30634K(440896K), 0.0463170 secs] 6800888K->6410110K(8339648K), 0.0465480 secs] [Times: user=0.56 sys=0.00, real=0.05 secs] 
10550.126: [GC 10550.126: [ParNew: 422570K->33605K(440896K), 0.0398840 secs] 6692325K->6308752K(8339648K), 0.0401150 secs] [Times: user=0.64 sys=0.01, real=0.04 secs] 
10553.569: [CMS-concurrent-sweep: 8.108/8.200 secs] [Times: user=61.27 sys=0.05, real=8.20 secs] 
10553.569: [CMS-concurrent-reset-start]
10553.609: [CMS-concurrent-reset: 0.039/0.039 secs] [Times: user=0.03 sys=0.00, real=0.04 secs] 
10554.647: [GC 10554.647: [ParNew: 425541K->35688K(440896K), 0.0437930 secs] 6509962K->6125421K(8339648K), 0.0440280 secs] [Times: user=0.72 sys=0.00, real=0.05 secs] 
10554.692: [GC [1 CMS-initial-mark: 6089733K(7898752K)] 6126648K(8339648K), 0.0492450 secs] [Times: user=0.05 sys=0.00, real=0.05 secs] 
10554.742: [CMS-concurrent-mark-start]
10556.728: [GC 10556.728: [ParNew: 427624K->33782K(440896K), 0.0402200 secs] 6517357K->6128902K(8339648K), 0.0404470 secs] [Times: user=0.54 sys=0.00, real=0.05 secs] 
10559.469: [GC 10559.469: [ParNew: 425718K->37301K(440896K), 0.0301090 secs] 6520838K->6135177K(8339648K), 0.0303410 secs] [Times: user=0.46 sys=0.00, real=0.03 secs] 
10561.358: [CMS-concurrent-mark: 6.538/6.616 secs] [Times: user=118.93 sys=0.11, real=6.62 secs] 
10561.358: [CMS-concurrent-preclean-start]
10561.621: [CMS-concurrent-preclean: 0.253/0.263 secs] [Times: user=0.33 sys=0.00, real=0.26 secs] 
10561.621: [CMS-concurrent-abortable-preclean-start]
10564.078: [GC 10564.079: [ParNew: 429237K->37879K(440896K), 0.0670340 secs] 6527113K->6143498K(8339648K), 0.0673100 secs] [Times: user=0.94 sys=0.00, real=0.06 secs] 
10565.116: [CMS-concurrent-abortable-preclean: 2.484/3.495 secs] [Times: user=24.07 sys=0.01, real=3.49 secs] 
10565.119: [GC[YG occupancy: 243229 K (440896 K)]10565.119: [Rescan (parallel) , 0.0802400 secs]10565.199: [weak refs processing, 0.0011480 secs]10565.200: [class unloading, 0.0209820 secs]10565.221: [scrub symbol & string tables, 0.0191250 secs] [1 CMS-remark: 6105619K(7898752K)] 6348848K(8339648K), 0.1331700 secs] [Times: user=1.54 sys=0.01, real=0.13 secs] 
10565.252: [CMS-concurrent-sweep-start]
10566.178: [GC 10566.178: [ParNew: 429815K->38186K(440896K), 0.0546440 secs] 6535195K->6151014K(8339648K), 0.0548770 secs] [Times: user=0.73 sys=0.00, real=0.05 secs] 
10568.924: [GC 10568.924: [ParNew: 430122K->30244K(440896K), 0.0507230 secs] 6540835K->6143833K(8339648K), 0.0509910 secs] [Times: user=0.93 sys=0.00, real=0.05 secs] 
10570.781: [GC 10570.781: [ParNew: 422180K->33174K(440896K), 0.0518420 secs] 6535326K->6151635K(8339648K), 0.0520670 secs] [Times: user=0.68 sys=0.01, real=0.05 secs] 
10573.707: [CMS-concurrent-sweep: 8.289/8.455 secs] [Times: user=104.15 sys=0.07, real=8.46 secs] 
10573.708: [CMS-concurrent-reset-start]
10573.747: [CMS-concurrent-reset: 0.039/0.039 secs] [Times: user=0.04 sys=0.00, real=0.03 secs] 
10574.214: [GC 10574.214: [ParNew: 425110K->31975K(440896K), 0.0579280 secs] 6538401K->6153418K(8339648K), 0.0582000 secs] [Times: user=0.93 sys=0.00, real=0.06 secs] 
10574.274: [GC [1 CMS-initial-mark: 6121443K(7898752K)] 6154782K(8339648K), 0.0686630 secs] [Times: user=0.07 sys=0.00, real=0.07 secs] 
10574.343: [CMS-concurrent-mark-start]
10576.175: [GC 10576.175: [ParNew: 423911K->29718K(440896K), 0.0366750 secs] 6545354K->6156499K(8339648K), 0.0368990 secs] [Times: user=0.62 sys=0.00, real=0.04 secs] 
10579.856: [CMS-concurrent-mark: 5.473/5.514 secs] [Times: user=85.24 sys=0.12, real=5.51 secs] 
10579.856: [CMS-concurrent-preclean-start]
10579.885: [GC 10579.886: [ParNew: 421654K->27293K(440896K), 0.0338520 secs] 6548435K->6157032K(8339648K), 0.0340830 secs] [Times: user=0.70 sys=0.00, real=0.04 secs] 
10580.231: [CMS-concurrent-preclean: 0.325/0.375 secs] [Times: user=6.49 sys=0.01, real=0.38 secs] 
10580.231: [CMS-concurrent-abortable-preclean-start]
10580.805: [CMS-concurrent-abortable-preclean: 0.573/0.574 secs] [Times: user=9.57 sys=0.00, real=0.57 secs] 
10580.808: [GC[YG occupancy: 235164 K (440896 K)]10580.808: [Rescan (parallel) , 0.0619500 secs]10580.870: [weak refs processing, 0.0014190 secs]10580.872: [class unloading, 0.0212100 secs]10580.893: [scrub symbol & string tables, 0.0188280 secs] [1 CMS-remark: 6129738K(7898752K)] 6364903K(8339648K), 0.1147120 secs] [Times: user=1.19 sys=0.02, real=0.11 secs] 
10580.923: [CMS-concurrent-sweep-start]
10584.403: [GC 10584.403: [ParNew: 419229K->37096K(440896K), 0.0469320 secs] 6547573K->6168683K(8339648K), 0.0472060 secs] [Times: user=0.93 sys=0.00, real=0.05 secs] 
10586.249: [GC 10586.249: [ParNew: 429032K->35662K(440896K), 0.0497220 secs] 6560377K->6174546K(8339648K), 0.0499490 secs] [Times: user=0.69 sys=0.00, real=0.05 secs] 
10588.910: [CMS-concurrent-sweep: 7.883/7.986 secs] [Times: user=75.09 sys=0.08, real=7.99 secs] 
10588.910: [CMS-concurrent-reset-start]
10588.956: [CMS-concurrent-reset: 0.046/0.046 secs] [Times: user=0.68 sys=0.00, real=0.04 secs] 
10589.184: [GC 10589.184: [ParNew: 427598K->35314K(440896K), 0.0426670 secs] 6566290K->6176538K(8339648K), 0.0429320 secs] [Times: user=0.70 sys=0.00, real=0.04 secs] 
10589.229: [GC [1 CMS-initial-mark: 6141224K(7898752K)] 6178754K(8339648K), 0.0793130 secs] [Times: user=0.07 sys=0.00, real=0.07 secs] 
10589.308: [CMS-concurrent-mark-start]
10591.114: [GC 10591.114: [ParNew: 427250K->34247K(440896K), 0.0442800 secs] 6568474K->6183349K(8339648K), 0.0445210 secs] [Times: user=0.69 sys=0.01, real=0.05 secs] 
10594.643: [CMS-concurrent-mark: 5.287/5.335 secs] [Times: user=75.77 sys=0.15, real=5.33 secs] 
10594.643: [CMS-concurrent-preclean-start]
10595.212: [CMS-concurrent-preclean: 0.543/0.569 secs] [Times: user=9.66 sys=0.00, real=0.57 secs] 
10595.212: [CMS-concurrent-abortable-preclean-start]
10595.305: [GC 10595.305: [ParNew: 426183K->26005K(440896K), 0.0423000 secs] 6575285K->6182942K(8339648K), 0.0425370 secs] [Times: user=0.68 sys=0.01, real=0.04 secs] 
10596.255: [CMS-concurrent-abortable-preclean: 0.973/1.043 secs] [Times: user=17.64 sys=0.02, real=1.04 secs] 
10596.258: [GC[YG occupancy: 232293 K (440896 K)]10596.258: [Rescan (parallel) , 0.0681620 secs]10596.326: [weak refs processing, 0.0015300 secs]10596.328: [class unloading, 0.0214100 secs]10596.349: [scrub symbol & string tables, 0.0188300 secs] [1 CMS-remark: 6156936K(7898752K)] 6389229K(8339648K), 0.1216420 secs] [Times: user=1.41 sys=0.00, real=0.12 secs] 
10596.380: [CMS-concurrent-sweep-start]
10597.237: [GC 10597.237: [ParNew: 417941K->28599K(440896K), 0.0344620 secs] 6574747K->6188289K(8339648K), 0.0346860 secs] [Times: user=0.56 sys=0.00, real=0.04 secs] 
10600.604: [GC 10600.604: [ParNew: 420535K->31215K(440896K), 0.0417430 secs] 6579902K->6195606K(8339648K), 0.0621840 secs] [Times: user=0.69 sys=0.00, real=0.06 secs] 
10603.843: [GC 10603.843: [ParNew: 423151K->34875K(440896K), 0.0451680 secs] 6586944K->6201233K(8339648K), 0.0453920 secs] [Times: user=0.92 sys=0.00, real=0.05 secs] 
10605.844: [GC 10605.844: [ParNew: 426811K->35722K(440896K), 0.0424540 secs] 6593013K->6209905K(8339648K), 0.0427150 secs] [Times: user=0.70 sys=0.00, real=0.04 secs] 
10606.321: [CMS-concurrent-sweep: 9.746/9.941 secs] [Times: user=123.66 sys=0.13, real=9.94 secs] 
10606.321: [CMS-concurrent-reset-start]
10606.387: [CMS-concurrent-reset: 0.065/0.065 secs] [Times: user=1.02 sys=0.00, real=0.06 secs] 
10608.388: [GC [1 CMS-initial-mark: 6174178K(7898752K)] 6389265K(8339648K), 0.8231440 secs] [Times: user=0.83 sys=0.00, real=0.83 secs] 
10609.212: [CMS-concurrent-mark-start]
10610.224: [GC 10610.225: [ParNew: 427658K->30782K(440896K), 0.0337320 secs] 6601837K->6207933K(8339648K), 0.0339510 secs] [Times: user=0.66 sys=0.00, real=0.04 secs] 
10614.142: [CMS-concurrent-mark: 4.895/4.930 secs] [Times: user=64.65 sys=0.13, real=4.93 secs] 
10614.143: [CMS-concurrent-preclean-start]
10614.443: [CMS-concurrent-preclean: 0.288/0.301 secs] [Times: user=4.00 sys=0.01, real=0.30 secs] 
10614.443: [CMS-concurrent-abortable-preclean-start]
10614.567: [GC 10614.567: [ParNew: 422718K->36925K(440896K), 0.0539300 secs] 6599869K->6219426K(8339648K), 0.0542010 secs] [Times: user=0.97 sys=0.00, real=0.06 secs] 
10615.524: [CMS-concurrent-abortable-preclean: 1.001/1.081 secs] [Times: user=18.11 sys=0.01, real=1.08 secs] 
10615.527: [GC[YG occupancy: 239116 K (440896 K)]10615.527: [Rescan (parallel) , 0.1078410 secs]10615.635: [weak refs processing, 0.0015480 secs]10615.637: [class unloading, 0.0272170 secs]10615.664: [scrub symbol & string tables, 0.0223910 secs] [1 CMS-remark: 6182501K(7898752K)] 6421617K(8339648K), 0.1743780 secs] [Times: user=2.44 sys=0.01, real=0.18 secs] 
10615.702: [CMS-concurrent-sweep-start]
10616.572: [GC 10616.572: [ParNew: 428861K->35875K(440896K), 0.0624680 secs] 6611042K->6225504K(8339648K), 0.0627010 secs] [Times: user=0.99 sys=0.00, real=0.06 secs] 
10619.482: [GC 10619.482: [ParNew: 427811K->35107K(440896K), 0.0482370 secs] 6616383K->6226463K(8339648K), 0.0484610 secs] [Times: user=0.93 sys=0.00, real=0.05 secs] 
10621.248: [GC 10621.248: [ParNew: 427043K->34135K(440896K), 0.0493780 secs] 6618306K->6232987K(8339648K), 0.0496000 secs] [Times: user=0.73 sys=0.00, real=0.04 secs] 
10623.842: [CMS-concurrent-sweep: 7.972/8.140 secs] [Times: user=93.64 sys=0.12, real=8.14 secs] 
10623.842: [CMS-concurrent-reset-start]
10623.887: [CMS-concurrent-reset: 0.044/0.044 secs] [Times: user=0.04 sys=0.00, real=0.04 secs] 
10624.915: [GC 10624.915: [ParNew: 426071K->27356K(440896K), 0.0442770 secs] 6624857K->6233750K(8339648K), 0.0445050 secs] [Times: user=0.69 sys=0.02, real=0.05 secs] 
10624.961: [GC [1 CMS-initial-mark: 6206393K(7898752K)] 6234206K(8339648K), 0.0406250 secs] [Times: user=0.04 sys=0.00, real=0.04 secs] 
10625.001: [CMS-concurrent-mark-start]
10626.643: [GC 10626.643: [ParNew: 419292K->29567K(440896K), 0.0280800 secs] 6625686K->6238913K(8339648K), 0.0282990 secs] [Times: user=0.47 sys=0.00, real=0.03 secs] 
10630.102: [CMS-concurrent-mark: 5.070/5.100 secs] [Times: user=73.02 sys=0.15, real=5.10 secs] 
10630.102: [CMS-concurrent-preclean-start]
10630.317: [CMS-concurrent-preclean: 0.208/0.216 secs] [Times: user=3.63 sys=0.00, real=0.21 secs] 
10630.318: [CMS-concurrent-abortable-preclean-start]
10630.636: [GC 10630.637: [ParNew: 421503K->30288K(440896K), 0.0439490 secs] 6630849K->6244927K(8339648K), 0.0441770 secs] [Times: user=0.90 sys=0.00, real=0.05 secs] 
10631.505: [CMS-concurrent-abortable-preclean: 1.132/1.188 secs] [Times: user=20.23 sys=0.01, real=1.19 secs] 
10631.508: [GC[YG occupancy: 229418 K (440896 K)]10631.508: [Rescan (parallel) , 0.0553640 secs]10631.563: [weak refs processing, 0.0015040 secs]10631.565: [class unloading, 0.0220710 secs]10631.587: [scrub symbol & string tables, 0.0187830 secs] [1 CMS-remark: 6214638K(7898752K)] 6444056K(8339648K), 0.1086810 secs] [Times: user=1.26 sys=0.01, real=0.10 secs] 
10631.617: [CMS-concurrent-sweep-start]
10633.790: [GC 10633.790: [ParNew: 422224K->33565K(440896K), 0.0399040 secs] 6636555K->6250549K(8339648K), 0.0401410 secs] [Times: user=0.70 sys=0.00, real=0.04 secs] 
10636.103: [GC 10636.103: [ParNew: 425501K->32681K(440896K), 0.0468500 secs] 6642194K->6257046K(8339648K), 0.0470730 secs] [Times: user=0.68 sys=0.00, real=0.05 secs] 
10639.366: [GC 10639.367: [ParNew: 424617K->28327K(440896K), 0.0369470 secs] 6648377K->6254900K(8339648K), 0.0371760 secs] [Times: user=0.67 sys=0.00, real=0.04 secs] 
10639.838: [CMS-concurrent-sweep: 8.092/8.222 secs] [Times: user=86.57 sys=0.08, real=8.23 secs] 
10639.839: [CMS-concurrent-reset-start]
10639.890: [CMS-concurrent-reset: 0.051/0.051 secs] [Times: user=0.93 sys=0.00, real=0.05 secs] 
10641.891: [GC [1 CMS-initial-mark: 6226570K(7898752K)] 6555342K(8339648K), 1.1347430 secs] [Times: user=1.13 sys=0.00, real=1.13 secs] 
10643.026: [CMS-concurrent-mark-start]
10645.409: [GC 10645.410: [ParNew: 420263K->39590K(440896K), 0.0490180 secs] 6646834K->6271555K(8339648K), 0.0492350 secs] [Times: user=0.54 sys=0.00, real=0.05 secs] 
10647.075: [GC 10647.075: [ParNew: 431526K->38737K(440896K), 0.0423720 secs] 6663491K->6278193K(8339648K), 0.0425980 secs] [Times: user=0.70 sys=0.00, real=0.05 secs] 
10648.803: [CMS-concurrent-mark: 5.680/5.777 secs] [Times: user=90.55 sys=0.20, real=5.78 secs] 
10648.803: [CMS-concurrent-preclean-start]
10649.132: [CMS-concurrent-preclean: 0.316/0.329 secs] [Times: user=0.35 sys=0.00, real=0.33 secs] 
10649.132: [CMS-concurrent-abortable-preclean-start]
10650.175: [GC 10650.175: [ParNew: 430673K->40155K(440896K), 0.0482050 secs] 6670129K->6282570K(8339648K), 0.0484740 secs] [Times: user=0.93 sys=0.00, real=0.05 secs] 
10651.347: [CMS-concurrent-abortable-preclean: 1.746/2.215 secs] [Times: user=22.83 sys=0.01, real=2.21 secs] 
10651.350: [GC[YG occupancy: 254179 K (440896 K)]10651.350: [Rescan (parallel) , 0.0700580 secs]10651.420: [weak refs processing, 0.0013380 secs]10651.422: [class unloading, 0.0221040 secs]10651.444: [scrub symbol & string tables, 0.0187960 secs] [1 CMS-remark: 6242415K(7898752K)] 6496594K(8339648K), 0.1231380 secs] [Times: user=1.42 sys=0.00, real=0.12 secs] 
10651.474: [CMS-concurrent-sweep-start]
10652.193: [GC 10652.193: [ParNew: 432091K->38735K(440896K), 0.0380040 secs] 6674337K->6286355K(8339648K), 0.0382550 secs] [Times: user=0.66 sys=0.00, real=0.04 secs] 
10655.536: [GC 10655.536: [ParNew: 430671K->34509K(440896K), 0.0558730 secs] 6677457K->6291008K(8339648K), 0.0561470 secs] [Times: user=0.86 sys=0.00, real=0.06 secs] 
10657.528: [GC 10657.529: [ParNew: 426445K->24859K(440896K), 0.0363000 secs] 6682938K->6286802K(8339648K), 0.0365400 secs] [Times: user=0.47 sys=0.01, real=0.03 secs] 
10659.888: [CMS-concurrent-sweep: 8.275/8.414 secs] [Times: user=86.33 sys=0.03, real=8.41 secs] 
10659.888: [CMS-concurrent-reset-start]
10659.932: [CMS-concurrent-reset: 0.044/0.044 secs] [Times: user=0.05 sys=0.00, real=0.05 secs] 
10661.545: [GC 10661.545: [ParNew: 416795K->29954K(440896K), 0.0394280 secs] 6678674K->6297312K(8339648K), 0.0396550 secs] [Times: user=0.68 sys=0.00, real=0.04 secs] 
10661.586: [GC [1 CMS-initial-mark: 6267358K(7898752K)] 6297760K(8339648K), 0.0428000 secs] [Times: user=0.04 sys=0.00, real=0.05 secs] 
10661.629: [CMS-concurrent-mark-start]
10663.289: [GC 10663.289: [ParNew: 421890K->27414K(440896K), 0.0368690 secs] 6689248K->6297805K(8339648K), 0.0370880 secs] [Times: user=0.52 sys=0.02, real=0.03 secs] 
10666.352: [GC 10666.352: [ParNew: 419350K->30178K(440896K), 0.0332340 secs] 6689741K->6305588K(8339648K), 0.0334600 secs] [Times: user=0.43 sys=0.01, real=0.03 secs] 
10667.128: [CMS-concurrent-mark: 5.422/5.499 secs] [Times: user=95.78 sys=0.17, real=5.50 secs] 
10667.128: [CMS-concurrent-preclean-start]
10667.407: [CMS-concurrent-preclean: 0.269/0.279 secs] [Times: user=4.70 sys=0.00, real=0.27 secs] 
10667.407: [CMS-concurrent-abortable-preclean-start]
10667.953: [GC 10667.953: [ParNew: 422114K->29041K(440896K), 0.0366260 secs] 6697524K->6308768K(8339648K), 0.0368490 secs] [Times: user=0.69 sys=0.00, real=0.04 secs] 
10670.945: [CMS-concurrent-abortable-preclean: 2.584/3.538 secs] [Times: user=27.14 sys=0.04, real=3.54 secs] 
10670.947: [GC[YG occupancy: 225907 K (440896 K)]10670.947: [Rescan (parallel) , 0.0535730 secs]10671.001: [weak refs processing, 0.0013640 secs]10671.002: [class unloading, 0.0220180 secs]10671.024: [scrub symbol & string tables, 0.0188070 secs] [1 CMS-remark: 6279726K(7898752K)] 6505634K(8339648K), 0.1067670 secs] [Times: user=1.16 sys=0.01, real=0.11 secs] 
10671.055: [CMS-concurrent-sweep-start]
10674.104: [GC 10674.104: [ParNew: 420977K->34547K(440896K), 0.0485820 secs] 6700087K->6320268K(8339648K), 0.0488480 secs] [Times: user=0.75 sys=0.01, real=0.05 secs] 
10676.784: [GC 10676.785: [ParNew: 426483K->36082K(440896K), 0.0367370 secs] 6711543K->6324053K(8339648K), 0.0369630 secs] [Times: user=0.70 sys=0.00, real=0.04 secs] 
10678.426: [GC 10678.426: [ParNew: 428018K->36205K(440896K), 0.0374610 secs] 6715769K->6329181K(8339648K), 0.0376790 secs] [Times: user=0.68 sys=0.00, real=0.04 secs] 
10679.371: [CMS-concurrent-sweep: 8.184/8.316 secs] [Times: user=77.75 sys=0.04, real=8.32 secs] 
10679.371: [CMS-concurrent-reset-start]
10679.414: [CMS-concurrent-reset: 0.044/0.044 secs] [Times: user=0.04 sys=0.00, real=0.04 secs] 
10681.417: [GC [1 CMS-initial-mark: 6292935K(7898752K)] 6629494K(8339648K), 0.9997940 secs] [Times: user=1.00 sys=0.00, real=1.00 secs] 
10682.417: [CMS-concurrent-mark-start]
10682.927: [GC 10682.927: [ParNew: 428141K->34782K(440896K), 0.0357650 secs] 6721076K->6330597K(8339648K), 0.0359980 secs] [Times: user=0.58 sys=0.00, real=0.04 secs] 
10684.752: [GC 10684.752: [ParNew: 426718K->32658K(440896K), 0.0491880 secs] 6722533K->6340577K(8339648K), 0.0494120 secs] [Times: user=0.56 sys=0.00, real=0.05 secs] 
10686.306: [GC 10686.306: [ParNew: 424594K->24422K(440896K), 0.0280960 secs] 6732513K->6335424K(8339648K), 0.0283200 secs] [Times: user=0.53 sys=0.00, real=0.03 secs] 
10688.353: [CMS-concurrent-mark: 5.814/5.936 secs] [Times: user=105.76 sys=0.17, real=5.93 secs] 
10688.353: [CMS-concurrent-preclean-start]
10688.612: [CMS-concurrent-preclean: 0.250/0.258 secs] [Times: user=0.30 sys=0.00, real=0.26 secs] 
10688.612: [CMS-concurrent-abortable-preclean-start]
10690.722: [GC 10690.722: [ParNew: 416358K->31563K(440896K), 0.0323590 secs] 6727360K->6345347K(8339648K), 0.0325780 secs] [Times: user=0.46 sys=0.00, real=0.03 secs] 
10691.716: [CMS-concurrent-abortable-preclean: 2.748/3.104 secs] [Times: user=39.41 sys=0.03, real=3.10 secs] 
10691.718: [GC[YG occupancy: 249399 K (440896 K)]10691.718: [Rescan (parallel) , 0.0687950 secs]10691.787: [weak refs processing, 0.0012920 secs]10691.789: [class unloading, 0.0206750 secs]10691.809: [scrub symbol & string tables, 0.0187990 secs] [1 CMS-remark: 6313783K(7898752K)] 6563183K(8339648K), 0.1204790 secs] [Times: user=1.38 sys=0.01, real=0.12 secs] 
10691.839: [CMS-concurrent-sweep-start]
10692.606: [GC 10692.606: [ParNew: 423499K->33379K(440896K), 0.0478980 secs] 6737131K->6354995K(8339648K), 0.0481190 secs] [Times: user=0.78 sys=0.00, real=0.05 secs] 
10695.739: [GC 10695.739: [ParNew: 425315K->29158K(440896K), 0.0315970 secs] 6745777K->6352493K(8339648K), 0.0524770 secs] [Times: user=0.47 sys=0.00, real=0.05 secs] 
10697.449: [GC 10697.449: [ParNew: 421094K->30014K(440896K), 0.0378400 secs] 6744424K->6358559K(8339648K), 0.0380630 secs] [Times: user=0.42 sys=0.00, real=0.04 secs] 
10700.414: [CMS-concurrent-sweep: 8.423/8.575 secs] [Times: user=97.21 sys=0.14, real=8.57 secs] 
10700.415: [CMS-concurrent-reset-start]
10700.478: [CMS-concurrent-reset: 0.064/0.064 secs] [Times: user=1.13 sys=0.00, real=0.07 secs] 
10701.084: [GC 10701.084: [ParNew: 421950K->31387K(440896K), 0.0372800 secs] 6750335K->6364766K(8339648K), 0.0575370 secs] [Times: user=0.68 sys=0.02, real=0.06 secs] 
10701.143: [GC [1 CMS-initial-mark: 6333378K(7898752K)] 6364988K(8339648K), 0.0407640 secs] [Times: user=0.04 sys=0.00, real=0.04 secs] 
10701.184: [CMS-concurrent-mark-start]
10706.065: [GC 10706.065: [ParNew: 423323K->33711K(440896K), 0.0380350 secs] 6756702K->6372205K(8339648K), 0.0382650 secs] [Times: user=0.70 sys=0.00, real=0.06 secs] 
10706.716: [CMS-concurrent-mark: 5.472/5.531 secs] [Times: user=69.08 sys=0.07, real=5.53 secs] 
10706.716: [CMS-concurrent-preclean-start]
10706.922: [CMS-concurrent-preclean: 0.199/0.206 secs] [Times: user=3.57 sys=0.00, real=0.21 secs] 
10706.922: [CMS-concurrent-abortable-preclean-start]
10707.798: [GC 10707.798: [ParNew: 425647K->32255K(440896K), 0.0377210 secs] 6764141K->6375872K(8339648K), 0.0379390 secs] [Times: user=0.47 sys=0.00, real=0.03 secs] 
10710.118: [CMS-concurrent-abortable-preclean: 2.542/3.196 secs] [Times: user=31.10 sys=0.04, real=3.20 secs] 
10710.121: [GC[YG occupancy: 249545 K (440896 K)]10710.121: [Rescan (parallel) , 0.1039210 secs]10710.225: [weak refs processing, 0.0013790 secs]10710.227: [class unloading, 0.0221260 secs]10710.249: [scrub symbol & string tables, 0.0187730 secs] [1 CMS-remark: 6343617K(7898752K)] 6593162K(8339648K), 0.1578220 secs] [Times: user=2.32 sys=0.01, real=0.16 secs] 
10710.280: [CMS-concurrent-sweep-start]
10711.040: [GC 10711.040: [ParNew: 424191K->33151K(440896K), 0.0327260 secs] 6767659K->6379510K(8339648K), 0.0329490 secs] [Times: user=0.47 sys=0.00, real=0.03 secs] 
10712.768: [GC 10712.768: [ParNew: 425087K->32431K(440896K), 0.0383270 secs] 6771069K->6384936K(8339648K), 0.0385490 secs] [Times: user=0.39 sys=0.01, real=0.03 secs] 
10716.151: [GC 10716.151: [ParNew: 424367K->31749K(440896K), 0.0469560 secs] 6776388K->6392716K(8339648K), 0.0471840 secs] [Times: user=0.66 sys=0.00, real=0.05 secs] 
10719.291: [CMS-concurrent-sweep: 8.886/9.012 secs] [Times: user=95.94 sys=0.12, real=9.01 secs] 
10719.291: [CMS-concurrent-reset-start]
10719.336: [CMS-concurrent-reset: 0.044/0.044 secs] [Times: user=0.04 sys=0.00, real=0.04 secs] 
10720.343: [GC 10720.343: [ParNew: 423685K->28100K(440896K), 0.0426940 secs] 6783995K->6390790K(8339648K), 0.0429200 secs] [Times: user=0.92 sys=0.00, real=0.04 secs] 
10720.387: [GC [1 CMS-initial-mark: 6362690K(7898752K)] 6391239K(8339648K), 0.0446600 secs] [Times: user=0.05 sys=0.00, real=0.05 secs] 
10720.432: [CMS-concurrent-mark-start]
10722.135: [GC 10722.135: [ParNew: 420036K->30775K(440896K), 0.0424830 secs] 6782726K->6398670K(8339648K), 0.0427040 secs] [Times: user=0.72 sys=0.00, real=0.04 secs] 
10725.487: [GC 10725.487: [ParNew: 422711K->34306K(440896K), 0.0346770 secs] 6790606K->6405190K(8339648K), 0.0502160 secs] [Times: user=0.69 sys=0.00, real=0.06 secs] 
10726.906: [CMS-concurrent-mark: 6.377/6.474 secs] [Times: user=116.33 sys=0.13, real=6.47 secs] 
10726.906: [CMS-concurrent-preclean-start]
10727.207: [GC 10727.207: [ParNew: 426242K->29951K(440896K), 0.0401150 secs] 6797126K->6407560K(8339648K), 0.0403320 secs] [Times: user=0.53 sys=0.01, real=0.05 secs] 
10727.589: [CMS-concurrent-preclean: 0.615/0.683 secs] [Times: user=11.51 sys=0.01, real=0.69 secs] 
10727.589: [CMS-concurrent-abortable-preclean-start]
10730.184: [CMS-concurrent-abortable-preclean: 1.787/2.595 secs] [Times: user=14.78 sys=0.01, real=2.59 secs] 
10730.187: [GC[YG occupancy: 253245 K (440896 K)]10730.187: [Rescan (parallel) , 0.0758620 secs]10730.263: [weak refs processing, 0.0012420 secs]10730.264: [class unloading, 0.0220300 secs]10730.287: [scrub symbol & string tables, 0.0187540 secs] [1 CMS-remark: 6377608K(7898752K)] 6630853K(8339648K), 0.1288020 secs] [Times: user=1.72 sys=0.00, real=0.13 secs] 
10730.316: [CMS-concurrent-sweep-start]
10731.075: [GC 10731.075: [ParNew: 421887K->31331K(440896K), 0.0377960 secs] 6799215K->6414377K(8339648K), 0.0380240 secs] [Times: user=0.70 sys=0.00, real=0.04 secs] 
10736.095: [GC 10736.096: [ParNew: 423267K->34872K(440896K), 0.0428620 secs] 6805161K->6421260K(8339648K), 0.0811620 secs] [Times: user=0.74 sys=0.01, real=0.08 secs] 
10737.829: [GC 10737.829: [ParNew: 426808K->36242K(440896K), 0.0389200 secs] 6813126K->6428646K(8339648K), 0.0391470 secs] [Times: user=0.59 sys=0.03, real=0.04 secs] 
10738.401: [CMS-concurrent-sweep: 7.918/8.084 secs] [Times: user=80.35 sys=0.15, real=8.09 secs] 
10738.401: [CMS-concurrent-reset-start]
10738.447: [CMS-concurrent-reset: 0.046/0.046 secs] [Times: user=0.05 sys=0.00, real=0.04 secs] 
10740.450: [GC [1 CMS-initial-mark: 6392401K(7898752K)] 6671778K(8339648K), 0.8499130 secs] [Times: user=0.85 sys=0.00, real=0.85 secs] 
10741.300: [CMS-concurrent-mark-start]
10742.152: [GC 10742.152: [ParNew: 428178K->36976K(440896K), 0.0526670 secs] 6820580K->6432307K(8339648K), 0.0528970 secs] [Times: user=0.97 sys=0.00, real=0.05 secs] 
10744.160: [GC 10744.161: [ParNew: 428912K->36970K(440896K), 0.0324050 secs] 6824243K->6437416K(8339648K), 0.0326310 secs] [Times: user=0.46 sys=0.00, real=0.03 secs] 
10746.257: [GC 10746.257: [ParNew: 428906K->35151K(440896K), 0.0420500 secs] 6829352K->6445788K(8339648K), 0.0422820 secs] [Times: user=0.57 sys=0.01, real=0.05 secs] 
10748.763: [CMS-concurrent-mark: 7.327/7.463 secs] [Times: user=134.86 sys=0.15, real=7.46 secs] 
10748.763: [CMS-concurrent-preclean-start]
10749.020: [CMS-concurrent-preclean: 0.249/0.257 secs] [Times: user=0.26 sys=0.00, real=0.26 secs] 
10749.021: [CMS-concurrent-abortable-preclean-start]
10750.479: [GC 10750.479: [ParNew: 427087K->29058K(440896K), 0.0309720 secs] 6837724K->6442620K(8339648K), 0.0311950 secs] [Times: user=0.47 sys=0.00, real=0.03 secs] 
10751.502: [CMS-concurrent-abortable-preclean: 2.226/2.481 secs] [Times: user=35.15 sys=0.03, real=2.48 secs] 
10751.505: [GC[YG occupancy: 243610 K (440896 K)]10751.505: [Rescan (parallel) , 0.0653260 secs]10751.570: [weak refs processing, 0.0012200 secs]10751.571: [class unloading, 0.0221150 secs]10751.594: [scrub symbol & string tables, 0.0187540 secs] [1 CMS-remark: 6413561K(7898752K)] 6657171K(8339648K), 0.1182750 secs] [Times: user=1.40 sys=0.00, real=0.12 secs] 
10751.623: [CMS-concurrent-sweep-start]
10752.422: [GC 10752.422: [ParNew: 420994K->31491K(440896K), 0.0393380 secs] 6834366K->6452627K(8339648K), 0.0395560 secs] [Times: user=0.60 sys=0.02, real=0.04 secs] 
10755.759: [GC 10755.759: [ParNew: 423427K->28044K(440896K), 0.0344590 secs] 6844378K->6451616K(8339648K), 0.0346880 secs] [Times: user=0.46 sys=0.00, real=0.03 secs] 
10757.454: [GC 10757.454: [ParNew: 419980K->30092K(440896K), 0.0341580 secs] 6843184K->6458671K(8339648K), 0.0343840 secs] [Times: user=0.64 sys=0.00, real=0.04 secs] 
10760.731: [CMS-concurrent-sweep: 8.990/9.108 secs] [Times: user=107.09 sys=0.13, real=9.11 secs] 
10760.731: [CMS-concurrent-reset-start]
10760.796: [CMS-concurrent-reset: 0.065/0.065 secs] [Times: user=1.06 sys=0.00, real=0.06 secs] 
10760.875: [GC 10760.875: [ParNew: 422028K->31540K(440896K), 0.0333260 secs] 6850007K->6464612K(8339648K), 0.0335610 secs] [Times: user=0.58 sys=0.01, real=0.04 secs] 
10760.909: [GC [1 CMS-initial-mark: 6433071K(7898752K)] 6464632K(8339648K), 0.0474360 secs] [Times: user=0.04 sys=0.00, real=0.04 secs] 
10760.957: [CMS-concurrent-mark-start]
10766.015: [GC 10766.015: [ParNew: 423476K->37791K(440896K), 0.0441460 secs] 6856548K->6475972K(8339648K), 0.0818210 secs] [Times: user=0.71 sys=0.00, real=0.08 secs] 
10766.214: [CMS-concurrent-mark: 5.173/5.257 secs] [Times: user=61.75 sys=0.10, real=5.26 secs] 
10766.214: [CMS-concurrent-preclean-start]
10766.640: [CMS-concurrent-preclean: 0.422/0.426 secs] [Times: user=7.32 sys=0.00, real=0.43 secs] 
10766.640: [CMS-concurrent-abortable-preclean-start]
10767.019: [CMS-concurrent-abortable-preclean: 0.378/0.379 secs] [Times: user=6.36 sys=0.00, real=0.38 secs] 
10767.021: [GC[YG occupancy: 247420 K (440896 K)]10767.022: [Rescan (parallel) , 0.0907360 secs]10767.112: [weak refs processing, 0.0015080 secs]10767.114: [class unloading, 0.0213870 secs]10767.135: [scrub symbol & string tables, 0.0187670 secs] [1 CMS-remark: 6438180K(7898752K)] 6685601K(8339648K), 0.1437510 secs] [Times: user=1.93 sys=0.00, real=0.14 secs] 
10767.166: [CMS-concurrent-sweep-start]
10767.954: [GC 10767.954: [ParNew: 429727K->40477K(440896K), 0.0419040 secs] 6864000K->6480076K(8339648K), 0.0421240 secs] [Times: user=0.70 sys=0.00, real=0.04 secs] 
10771.163: [GC 10771.164: [ParNew: 432413K->41873K(440896K), 0.0513190 secs] 6812473K->6424908K(8339648K), 0.0907810 secs] [Times: user=0.93 sys=0.00, real=0.09 secs] 
10773.128: [GC 10773.129: [ParNew: 433809K->42516K(440896K), 0.0454610 secs] 6815422K->6430146K(8339648K), 0.0456850 secs] [Times: user=0.62 sys=0.01, real=0.04 secs] 
10776.211: [GC 10776.211: [ParNew: 434452K->37703K(440896K), 0.0979940 secs] 6586685K->6202528K(8339648K), 0.1165410 secs] [Times: user=0.55 sys=0.00, real=0.12 secs] 
10777.936: [CMS-concurrent-sweep: 10.465/10.770 secs] [Times: user=129.39 sys=0.15, real=10.77 secs] 
10777.936: [CMS-concurrent-reset-start]
10777.982: [CMS-concurrent-reset: 0.045/0.045 secs] [Times: user=0.05 sys=0.00, real=0.05 secs] 
10779.985: [GC [1 CMS-initial-mark: 6153796K(7898752K)] 6461088K(8339648K), 0.9928910 secs] [Times: user=0.99 sys=0.00, real=1.00 secs] 
10780.978: [CMS-concurrent-mark-start]
10781.661: [GC 10781.662: [ParNew: 429639K->30822K(440896K), 0.0400130 secs] 6583436K->6187462K(8339648K), 0.0402710 secs] [Times: user=0.70 sys=0.00, real=0.04 secs] 
10783.357: [GC 10783.358: [ParNew: 422758K->31370K(440896K), 0.0376450 secs] 6579398K->6193377K(8339648K), 0.0378980 secs] [Times: user=0.54 sys=0.00, real=0.03 secs] 
10786.094: [GC 10786.094: [ParNew: 423306K->35781K(440896K), 0.0380870 secs] 6585313K->6203371K(8339648K), 0.0383090 secs] [Times: user=0.70 sys=0.00, real=0.04 secs] 
10787.161: [CMS-concurrent-mark: 6.057/6.183 secs] [Times: user=117.49 sys=0.14, real=6.18 secs] 
10787.161: [CMS-concurrent-preclean-start]
10787.737: [GC 10787.737: [ParNew: 427717K->31937K(440896K), 0.0424360 secs] 6595307K->6204734K(8339648K), 0.0426540 secs] [Times: user=0.58 sys=0.02, real=0.05 secs] 
10788.331: [CMS-concurrent-preclean: 1.070/1.170 secs] [Times: user=17.74 sys=0.02, real=1.17 secs] 
10788.331: [CMS-concurrent-abortable-preclean-start]
10790.521: [CMS-concurrent-abortable-preclean: 1.485/2.190 secs] [Times: user=10.22 sys=0.00, real=2.19 secs] 
10790.524: [GC[YG occupancy: 246890 K (440896 K)]10790.524: [Rescan (parallel) , 0.0973510 secs]10790.622: [weak refs processing, 0.0015080 secs]10790.623: [class unloading, 0.0290540 secs]10790.652: [scrub symbol & string tables, 0.0235590 secs] [1 CMS-remark: 6172797K(7898752K)] 6419688K(8339648K), 0.1683280 secs] [Times: user=2.29 sys=0.00, real=0.17 secs] 
10790.693: [CMS-concurrent-sweep-start]
10791.640: [GC 10791.640: [ParNew: 423873K->26168K(440896K), 0.0713910 secs] 6596240K->6205905K(8339648K), 0.0716250 secs] [Times: user=0.99 sys=0.00, real=0.07 secs] 
10796.350: [GC 10796.350: [ParNew: 418104K->35286K(440896K), 0.0473840 secs] 6596824K->6216928K(8339648K), 0.0476120 secs] [Times: user=0.70 sys=0.00, real=0.05 secs] 
10797.988: [GC 10797.988: [ParNew: 427222K->34850K(440896K), 0.0422530 secs] 6607388K->6220408K(8339648K), 0.0424670 secs] [Times: user=0.50 sys=0.01, real=0.04 secs] 
10798.813: [CMS-concurrent-sweep: 7.950/8.120 secs] [Times: user=81.27 sys=0.06, real=8.12 secs] 
10798.813: [CMS-concurrent-reset-start]
10798.852: [CMS-concurrent-reset: 0.039/0.039 secs] [Times: user=0.05 sys=0.00, real=0.04 secs] 
10800.855: [GC [1 CMS-initial-mark: 6185515K(7898752K)] 6472802K(8339648K), 0.8744700 secs] [Times: user=0.88 sys=0.00, real=0.88 secs] 
10801.730: [CMS-concurrent-mark-start]
10802.484: [GC 10802.484: [ParNew: 426786K->39044K(440896K), 0.0510520 secs] 6612302K->6227405K(8339648K), 0.0512750 secs] [Times: user=0.96 sys=0.01, real=0.05 secs] 
10804.224: [GC 10804.224: [ParNew: 430980K->33906K(440896K), 0.0475360 secs] 6619341K->6229913K(8339648K), 0.0477590 secs] [Times: user=0.71 sys=0.00, real=0.05 secs] 
10806.240: [GC 10806.240: [ParNew: 425703K->32769K(440896K), 0.0471360 secs] 6621710K->6236631K(8339648K), 0.0473580 secs] [Times: user=0.70 sys=0.00, real=0.05 secs] 
10808.007: [CMS-concurrent-mark: 6.123/6.278 secs] [Times: user=116.64 sys=0.16, real=6.28 secs] 
10808.007: [CMS-concurrent-preclean-start]
10808.470: [CMS-concurrent-preclean: 0.442/0.463 secs] [Times: user=0.51 sys=0.02, real=0.46 secs] 
10808.470: [CMS-concurrent-abortable-preclean-start]
10810.727: [GC 10810.727: [ParNew: 424705K->30658K(440896K), 0.0416860 secs] 6628567K->6237025K(8339648K), 0.0419090 secs] [Times: user=0.82 sys=0.00, real=0.04 secs] 
10811.653: [CMS-concurrent-abortable-preclean: 2.523/3.182 secs] [Times: user=33.25 sys=0.03, real=3.18 secs] 
10811.655: [GC[YG occupancy: 236826 K (440896 K)]10811.655: [Rescan (parallel) , 0.0675230 secs]10811.723: [weak refs processing, 0.0013780 secs]10811.724: [class unloading, 0.0219200 secs]10811.746: [scrub symbol & string tables, 0.0187620 secs] [1 CMS-remark: 6206366K(7898752K)] 6443193K(8339648K), 0.1209240 secs] [Times: user=1.58 sys=0.00, real=0.12 secs] 
10811.777: [CMS-concurrent-sweep-start]
10812.560: [GC 10812.560: [ParNew: 422594K->31413K(440896K), 0.0480220 secs] 6628604K->6244896K(8339648K), 0.0482400 secs] [Times: user=0.67 sys=0.01, real=0.05 secs] 
10815.920: [GC 10815.920: [ParNew: 423349K->33466K(440896K), 0.0359020 secs] 6635704K->6248603K(8339648K), 0.0361210 secs] [Times: user=0.49 sys=0.00, real=0.03 secs] 
10817.613: [GC 10817.613: [ParNew: 425402K->31750K(440896K), 0.0413710 secs] 6640492K->6252234K(8339648K), 0.0415850 secs] [Times: user=0.69 sys=0.00, real=0.04 secs] 
10820.073: [CMS-concurrent-sweep: 8.160/8.296 secs] [Times: user=88.31 sys=0.07, real=8.30 secs] 
10820.073: [CMS-concurrent-reset-start]
10820.119: [CMS-concurrent-reset: 0.046/0.046 secs] [Times: user=0.84 sys=0.00, real=0.05 secs] 
10821.179: [GC 10821.179: [ParNew: 423686K->30207K(440896K), 0.0495640 secs] 6644064K->6258240K(8339648K), 0.0497870 secs] [Times: user=0.69 sys=0.01, real=0.05 secs] 
10821.242: [GC [1 CMS-initial-mark: 6228033K(7898752K)] 6265783K(8339648K), 0.0440560 secs] [Times: user=0.04 sys=0.00, real=0.04 secs] 
10821.286: [CMS-concurrent-mark-start]
10826.178: [GC 10826.178: [ParNew: 422143K->26660K(440896K), 0.0321100 secs] 6650176K->6257513K(8339648K), 0.0352670 secs] [Times: user=0.46 sys=0.00, real=0.03 secs] 
10826.218: [CMS-concurrent-mark: 4.893/4.932 secs] [Times: user=55.45 sys=0.11, real=4.94 secs] 
10826.218: [CMS-concurrent-preclean-start]
10826.398: [CMS-concurrent-preclean: 0.174/0.179 secs] [Times: user=2.94 sys=0.00, real=0.18 secs] 
10826.398: [CMS-concurrent-abortable-preclean-start]
10827.040: [CMS-concurrent-abortable-preclean: 0.640/0.642 secs] [Times: user=10.94 sys=0.00, real=0.64 secs] 
10827.042: [GC[YG occupancy: 227751 K (440896 K)]10827.042: [Rescan (parallel) , 0.0480910 secs]10827.091: [weak refs processing, 0.0015230 secs]10827.092: [class unloading, 0.0217860 secs]10827.114: [scrub symbol & string tables, 0.0187580 secs] [1 CMS-remark: 6230853K(7898752K)] 6458604K(8339648K), 0.1014370 secs] [Times: user=1.01 sys=0.00, real=0.10 secs] 
10827.144: [CMS-concurrent-sweep-start]
10827.896: [GC 10827.896: [ParNew: 418596K->23619K(440896K), 0.0345840 secs] 6649100K->6259497K(8339648K), 0.0347890 secs] [Times: user=0.68 sys=0.00, real=0.04 secs] 
10831.333: [GC 10831.333: [ParNew: 415555K->14972K(440896K), 0.0271290 secs] 6650991K->6253250K(8339648K), 0.0273500 secs] [Times: user=0.43 sys=0.00, real=0.03 secs] 
10833.016: [GC 10833.016: [ParNew: 406908K->11464K(440896K), 0.0379530 secs] 6644786K->6256578K(8339648K), 0.0381690 secs] [Times: user=0.63 sys=0.00, real=0.04 secs] 
10835.273: [CMS-concurrent-sweep: 8.018/8.129 secs] [Times: user=84.87 sys=0.02, real=8.13 secs] 
10835.273: [CMS-concurrent-reset-start]
10835.320: [CMS-concurrent-reset: 0.047/0.047 secs] [Times: user=0.85 sys=0.00, real=0.05 secs] 
10836.623: [GC 10836.624: [ParNew: 403400K->5546K(440896K), 0.0215360 secs] 6648110K->6250921K(8339648K), 0.0217090 secs] [Times: user=0.40 sys=0.00, real=0.02 secs] 
10836.646: [GC [1 CMS-initial-mark: 6245375K(7898752K)] 6251709K(8339648K), 0.0098340 secs] [Times: user=0.01 sys=0.00, real=0.01 secs] 
10836.656: [CMS-concurrent-mark-start]
10840.986: [CMS-concurrent-mark: 4.330/4.330 secs] [Times: user=29.99 sys=0.11, real=4.33 secs] 
10840.986: [CMS-concurrent-preclean-start]
10841.021: [CMS-concurrent-preclean: 0.035/0.035 secs] [Times: user=0.04 sys=0.00, real=0.04 secs] 
10841.021: [CMS-concurrent-abortable-preclean-start]
 CMS: abort preclean due to time 10846.145: [CMS-concurrent-abortable-preclean: 3.848/5.124 secs] [Times: user=8.80 sys=0.06, real=5.12 secs] 
10846.147: [GC[YG occupancy: 243137 K (440896 K)]10846.147: [Rescan (parallel) , 0.5931210 secs]10846.740: [weak refs processing, 0.0013710 secs]10846.741: [class unloading, 0.0295660 secs]10846.771: [scrub symbol & string tables, 0.0235860 secs] [1 CMS-remark: 6245375K(7898752K)] 6488513K(8339648K), 0.6645300 secs] [Times: user=12.52 sys=0.07, real=0.67 secs] 
10846.812: [CMS-concurrent-sweep-start]
10851.008: [GC 10851.008: [ParNew: 397482K->12782K(440896K), 0.0338520 secs] 6641906K->6258935K(8339648K), 0.0341260 secs] [Times: user=0.31 sys=0.00, real=0.03 secs] 
10854.469: [CMS-concurrent-sweep: 7.489/7.657 secs] [Times: user=13.01 sys=0.05, real=7.66 secs] 
10854.469: [CMS-concurrent-reset-start]
10854.509: [CMS-concurrent-reset: 0.039/0.039 secs] [Times: user=0.04 sys=0.00, real=0.04 secs] 
10855.818: [GC [1 CMS-initial-mark: 6246016K(7898752K)] 6279111K(8339648K), 0.1064270 secs] [Times: user=0.11 sys=0.00, real=0.10 secs] 
10855.925: [CMS-concurrent-mark-start]
10856.387: [CMS-concurrent-mark: 0.462/0.462 secs] [Times: user=2.75 sys=0.01, real=0.47 secs] 
10856.387: [CMS-concurrent-preclean-start]
10856.447: [CMS-concurrent-preclean: 0.059/0.060 secs] [Times: user=0.06 sys=0.00, real=0.05 secs] 
10856.447: [CMS-concurrent-abortable-preclean-start]
 CMS: abort preclean due to time 10861.482: [CMS-concurrent-abortable-preclean: 2.287/5.035 secs] [Times: user=2.35 sys=0.01, real=5.04 secs] 
10861.483: [GC[YG occupancy: 35481 K (440896 K)]10861.483: [Rescan (parallel) , 0.0889160 secs]10861.572: [weak refs processing, 0.0024230 secs]10861.575: [class unloading, 0.0289710 secs]10861.604: [scrub symbol & string tables, 0.0236050 secs] [1 CMS-remark: 6246016K(7898752K)] 6281497K(8339648K), 0.1613090 secs] [Times: user=1.99 sys=0.00, real=0.16 secs] 
10861.645: [CMS-concurrent-sweep-start]
10892.154: [CMS-concurrent-sweep: 30.504/30.509 secs] [Times: user=31.09 sys=0.07, real=30.51 secs] 
10892.154: [CMS-concurrent-reset-start]
10892.193: [CMS-concurrent-reset: 0.040/0.040 secs] [Times: user=0.04 sys=0.00, real=0.04 secs] 
11005.854: [GC 11005.855: [ParNew: 404718K->26949K(440896K), 0.0430370 secs] 822835K->445164K(8339648K), 0.0432840 secs] [Times: user=0.92 sys=0.01, real=0.05 secs] 